2026-10-10T01:28:44.7816595Z ok  	github.com/calebhabesh/orbit/cmd/orbit	7.606s
2026-10-10T01:28:44.7817216Z ok  	github.com/calebhabesh/orbit/cmd/orbit-net	1.250s
2026-10-10T01:28:44.7818224Z ok  	github.com/calebhabesh/orbit/internal/config	2.152s
2026-10-10T01:45:35.6267144Z ok  	github.com/calebhabesh/orbit/internal/control	1016.847s
2026-10-10T01:45:35.6268027Z ok  	github.com/calebhabesh/orbit/internal/control/terminalcontract	1.055s
2026-10-10T01:45:35.6268553Z ok  	github.com/calebhabesh/orbit/internal/controlclient	1.012s
2026-10-10T01:45:35.6269090Z ok  	github.com/calebhabesh/orbit/internal/history	1.014s
2026-10-10T01:45:35.6270074Z ok  	github.com/calebhabesh/orbit/internal/network	121.685s
2026-10-10T01:45:35.6270532Z ok  	github.com/calebhabesh/orbit/internal/pairing	1.027s
2026-10-10T01:45:35.6270965Z ok  	github.com/calebhabesh/orbit/internal/protocol	1.410s
2026-10-10T01:45:35.6271462Z ok  	github.com/calebhabesh/orbit/internal/rendezvous	101.907s
2026-10-10T01:45:35.6271942Z ok  	github.com/calebhabesh/orbit/internal/replication	276.867s
2026-10-10T01:45:35.6272415Z ok  	github.com/calebhabesh/orbit/internal/repository	108.054s
2026-10-10T01:45:35.6272882Z ok  	github.com/calebhabesh/orbit/internal/scheduler	23.767s
2026-10-10T01:45:35.6273651Z ok  	github.com/calebhabesh/orbit/internal/state	1.025s
2026-10-10T01:45:35.6274147Z ok  	github.com/calebhabesh/orbit/internal/terminal	27.658s
2026-10-10T01:45:35.6274582Z ok  	github.com/calebhabesh/orbit/internal/testkit	1.012s
2026-10-10T01:45:35.6275350Z ok  	github.com/calebhabesh/orbit/internal/workspace	37.025s
2026-10-10T01:45:35.6275788Z ok  	github.com/calebhabesh/orbit/model	4.394s
2026-10-10T01:45:35.6276202Z ok  	github.com/calebhabesh/orbit/tests/integration	217.843s
2026-10-10T01:45:35.6276673Z ok  	github.com/calebhabesh/orbit/tests/designgates	1.811s
2026-10-10T01:45:35.6277080Z ok  	github.com/calebhabesh/orbit/tests/faults	68.067s
