=== RUN   TestWANW14PackagedReleaseProfile
--- PASS: TestWANW14PackagedReleaseProfile (0.01s)
=== RUN   TestWANW14ReviewOperatorChange
--- PASS: TestWANW14ReviewOperatorChange (0.00s)
PASS
ok  	github.com/calebhabesh/file-sync/internal/network	1.016s
=== RUN   TestWANW14PackagedProfileAdoptionMatrix
=== RUN   TestWANW14PackagedProfileAdoptionMatrix/automatic_awaiting_adopts_once
=== RUN   TestWANW14PackagedProfileAdoptionMatrix/manual_local-only_and_legacy_installs_untouched
=== RUN   TestWANW14PackagedProfileAdoptionMatrix/same_text_newer_epoch_updates_and_rebinds_routes
=== RUN   TestWANW14PackagedProfileAdoptionMatrix/changed_privacy_text_waits_for_review
=== RUN   TestWANW14PackagedProfileAdoptionMatrix/expired_stored_profile_is_replaced_by_current_packaged_one
=== RUN   TestWANW14PackagedProfileAdoptionMatrix/interrupted_update_completes_on_next_start
=== RUN   TestWANW14PackagedProfileAdoptionMatrix/other_authority_and_expired_packaged_profile_untouched
--- PASS: TestWANW14PackagedProfileAdoptionMatrix (0.03s)
    --- PASS: TestWANW14PackagedProfileAdoptionMatrix/automatic_awaiting_adopts_once (0.00s)
    --- PASS: TestWANW14PackagedProfileAdoptionMatrix/manual_local-only_and_legacy_installs_untouched (0.00s)
    --- PASS: TestWANW14PackagedProfileAdoptionMatrix/same_text_newer_epoch_updates_and_rebinds_routes (0.01s)
    --- PASS: TestWANW14PackagedProfileAdoptionMatrix/changed_privacy_text_waits_for_review (0.00s)
    --- PASS: TestWANW14PackagedProfileAdoptionMatrix/expired_stored_profile_is_replaced_by_current_packaged_one (0.00s)
    --- PASS: TestWANW14PackagedProfileAdoptionMatrix/interrupted_update_completes_on_next_start (0.00s)
    --- PASS: TestWANW14PackagedProfileAdoptionMatrix/other_authority_and_expired_packaged_profile_untouched (0.00s)
=== RUN   TestWANW14OperatorSwitchKeepsRollbackFloors
--- PASS: TestWANW14OperatorSwitchKeepsRollbackFloors (0.01s)
PASS
ok  	github.com/calebhabesh/file-sync/internal/config	1.045s
=== RUN   TestWANW14ProfileMismatchIsPrecise
--- PASS: TestWANW14ProfileMismatchIsPrecise (0.00s)
=== RUN   TestWANW14PackagedOfferReviewAndOperatorReplacement
--- PASS: TestWANW14PackagedOfferReviewAndOperatorReplacement (0.33s)
=== RUN   TestWANW14PackagedUpdateNeedsReviewWhenTextChanges
--- PASS: TestWANW14PackagedUpdateNeedsReviewWhenTextChanges (0.30s)
=== RUN   TestWANW14CapabilityAdvertised
--- PASS: TestWANW14CapabilityAdvertised (0.32s)
PASS
ok  	github.com/calebhabesh/file-sync/internal/control	1.958s
=== RUN   TestWANW14CompactInvitationCode
    invitation_code_test.go:78: full v3 code 2336 chars; compact 1683 chars
--- PASS: TestWANW14CompactInvitationCode (0.01s)
=== RUN   TestWANW14FutureInvitationVersionIsPrecise
--- PASS: TestWANW14FutureInvitationVersionIsPrecise (0.00s)
PASS
ok  	github.com/calebhabesh/file-sync/internal/control/terminalcontract	1.012s
=== RUN   TestWANW14OneStepNetworkAndInvitationCode
    wan_w14_cli_test.go:123: one-step review transcript:
        n
        Connection: Manual -> Automatic
        Operator: "Caleb Habesh" (profile expires 2027-01-04T19:37:37Z)
        Privacy: Operated by Caleb Habesh on an Oracle Cloud server in Canada. Contact: calebhabesh@gmail.com. The service sees device IDs, device key fingerprints, public IP addresses and connection timing. It keeps them in memory only: directory entries expire within 10 minutes and relay sessions end when devices disconnect. It never sees file names, folder names or contents; relayed data stays encrypted end to end between your devices. The service writes no request logs. Oracle Cloud may keep its own network records under its policies.
        LAN advertising: true (signed device identity and listener addresses on this network)
        Orbit services see device addresses and connection metadata; file contents stay encrypted in transit.
        Identity, keys, approvals, history and files are unchanged.
        Apply? [Y/n] orbit: network change not applied
--- PASS: TestWANW14OneStepNetworkAndInvitationCode (18.66s)
=== RUN   TestWANW14MixedVersionUpgradeAndRollback
    wan_w14_mixed_test.go:197: legacy inviter -> new joiner over v2 manual invitation; both directions transferred
    wan_w14_mixed_test.go:245: in-place upgrade: identity and exact heads retained; manual policy kept; Automatic offered, not adopted
    wan_w14_mixed_test.go:259: rollback to pre-WAN binary: state opens and syncs
--- PASS: TestWANW14MixedVersionUpgradeAndRollback (45.68s)
PASS
ok  	github.com/calebhabesh/file-sync/tests/terminal	65.344s
