go vet ./...
go test ./internal/... ./model/...
?   	github.com/calebhabesh/file-sync/internal/app	[no test files]
ok  	github.com/calebhabesh/file-sync/internal/config	(cached)
ok  	github.com/calebhabesh/file-sync/internal/control	0.391s
ok  	github.com/calebhabesh/file-sync/internal/control/terminalcontract	(cached)
?   	github.com/calebhabesh/file-sync/internal/controlclient	[no test files]
ok  	github.com/calebhabesh/file-sync/internal/history	(cached)
?   	github.com/calebhabesh/file-sync/internal/launcher	[no test files]
ok  	github.com/calebhabesh/file-sync/internal/protocol	(cached)
ok  	github.com/calebhabesh/file-sync/internal/replication	32.506s
ok  	github.com/calebhabesh/file-sync/internal/repository	(cached)
ok  	github.com/calebhabesh/file-sync/internal/scheduler	7.476s
ok  	github.com/calebhabesh/file-sync/internal/state	(cached)
ok  	github.com/calebhabesh/file-sync/internal/testkit	(cached)
ok  	github.com/calebhabesh/file-sync/internal/workspace	0.485s
ok  	github.com/calebhabesh/file-sync/model	(cached)
CGO_ENABLED=0 go build  -trimpath -ldflags '-X main.version=1.0.0 -X main.commit=86ae552 -X main.date=2026-10-01' -o bin/filesync ./cmd/filesync
ln -sf filesync bin/orbit
go test ./tests/integration/...
--- FAIL: TestOrbitEndpoints_PersistenceAndValidation (0.01s)
    orbit_endpoints_test.go:96: expected error for empty certificate path
FAIL
FAIL	github.com/calebhabesh/file-sync/tests/integration	74.103s
FAIL
make: *** [Makefile:36: test-integration] Error 1
