=== RUN   TestTerminalT05ThreeProcessSharingOfflineRolloutAndEndpointRefresh
--- PASS: TestTerminalT05ThreeProcessSharingOfflineRolloutAndEndpointRefresh (85.70s)
=== RUN   TestTerminalT05ScopedKnownDeviceSharing
--- PASS: TestTerminalT05ScopedKnownDeviceSharing (13.09s)
=== RUN   TestTerminalT05MembershipPinAndSequentialGate
--- PASS: TestTerminalT05MembershipPinAndSequentialGate (0.06s)
=== RUN   TestTerminalT05ForkRecoveryPreservesOriginalGroup
--- PASS: TestTerminalT05ForkRecoveryPreservesOriginalGroup (0.01s)
=== RUN   TestTerminalT05CompetingReviewedApprovals
--- PASS: TestTerminalT05CompetingReviewedApprovals (0.04s)
=== RUN   TestTerminalT05TargetedShareRejectsRekey
--- PASS: TestTerminalT05TargetedShareRejectsRekey (0.03s)
=== RUN   TestTerminalT05ThreeProcessSharingOfflineRolloutAndEndpointRefresh
--- PASS: TestTerminalT05ThreeProcessSharingOfflineRolloutAndEndpointRefresh (85.71s)
=== RUN   TestTerminalT05ScopedKnownDeviceSharing
--- PASS: TestTerminalT05ScopedKnownDeviceSharing (13.08s)
=== RUN   TestTerminalT05MembershipPinAndSequentialGate
--- PASS: TestTerminalT05MembershipPinAndSequentialGate (0.10s)
=== RUN   TestTerminalT05ForkRecoveryPreservesOriginalGroup
--- PASS: TestTerminalT05ForkRecoveryPreservesOriginalGroup (0.03s)
=== RUN   TestTerminalT05CompetingReviewedApprovals
--- PASS: TestTerminalT05CompetingReviewedApprovals (0.07s)
=== RUN   TestTerminalT05TargetedShareRejectsRekey
--- PASS: TestTerminalT05TargetedShareRejectsRekey (0.07s)
PASS
ok  	github.com/calebhabesh/file-sync/tests/terminal	197.981s
