=== RUN   TestWANW04BrokerSeesOnlyInnerTLSCiphertext
    relay_test.go:589: inspected 2144 inner-TLS bytes at decrypted outer-WSS boundary
--- PASS: TestWANW04BrokerSeesOnlyInnerTLSCiphertext (0.01s)
=== RUN   TestWANW13RotationOverlapAndSanitizedMetrics
--- PASS: TestWANW13RotationOverlapAndSanitizedMetrics (0.00s)
PASS
ok  	github.com/calebhabesh/file-sync/internal/rendezvous	0.014s
exit=0
=== RUN   TestWANW01PinnedTransport
=== RUN   TestWANW01PinnedTransport/direct
=== RUN   TestWANW01PinnedTransport/relay
--- PASS: TestWANW01PinnedTransport (0.05s)
    --- PASS: TestWANW01PinnedTransport/direct (0.02s)
    --- PASS: TestWANW01PinnedTransport/relay (0.02s)
PASS
ok  	github.com/calebhabesh/file-sync/internal/replication	0.050s
exit=0
=== RUN   TestW13OperatorToolingRefusesUnsafeProfiles
--- PASS: TestW13OperatorToolingRefusesUnsafeProfiles (0.00s)
=== RUN   TestW13ServeCheckValidatesOperatorInputs
--- PASS: TestW13ServeCheckValidatesOperatorInputs (0.00s)
=== RUN   TestW13MetricsAreSanitized
--- PASS: TestW13MetricsAreSanitized (0.00s)
PASS
ok  	github.com/calebhabesh/file-sync/cmd/orbit-net	0.004s
exit=0
=== RUN   TestWANW13ServiceRootsValidationAndReplacement
--- PASS: TestWANW13ServiceRootsValidationAndReplacement (0.00s)
=== RUN   TestWANW13RotationRebindsDurableRoutes
--- PASS: TestWANW13RotationRebindsDurableRoutes (0.00s)
PASS
ok  	github.com/calebhabesh/file-sync/internal/config	0.003s
exit=0
