=== RUN   TestTerminalT10FormKeyboardReviewAndErrors
--- PASS: TestTerminalT10FormKeyboardReviewAndErrors (0.00s)
=== RUN   TestTerminalT10ExactApprovalAndScopedSharing
--- PASS: TestTerminalT10ExactApprovalAndScopedSharing (0.00s)
=== RUN   TestTerminalT10LateRepliesAndResumeReadiness
--- PASS: TestTerminalT10LateRepliesAndResumeReadiness (0.00s)
=== RUN   TestTerminalT10PrivateNarrowViewsAndErrorActions
--- PASS: TestTerminalT10PrivateNarrowViewsAndErrorActions (0.00s)
PASS
ok  	github.com/calebhabesh/file-sync/internal/terminal	1.147s
=== RUN   TestTerminalT10BlockedSetupPagesAndFolderManagement
--- PASS: TestTerminalT10BlockedSetupPagesAndFolderManagement (0.36s)
=== RUN   TestTerminalT10RealPTYOnboarding
    tui_onboarding_test.go:83: PTY onboarding: exit status 1
        Traceback (most recent call last):
          File "<repo>/tests/terminal/../../scripts/terminal_onboarding_pty_test.py", line 286, in <module>
            if __name__=="__main__":main()
                                    ~~~~^^
          File "<repo>/tests/terminal/../../scripts/terminal_onboarding_pty_test.py", line 284, in main
            args=parser.parse_args();run(Path(args.binary).resolve(strict=True),args.output)
                                     ~~~^^^^^^^^^^^^^^^^^^^^^^^^^^^^^^^^^^^^^^^^^^^^^^^^^^^^
          File "<repo>/tests/terminal/../../scripts/terminal_onboarding_pty_test.py", line 217, in run
            ua.send(b"p");ua.wait("Confirm local pause");ua.send(b"\r");ua.wait("Local pause=true")
                          ~~~~~~~^^^^^^^^^^^^^^^^^^^^^^^
          File "<repo>/tests/terminal/../../scripts/terminal_onboarding_pty_test.py", line 99, in wait
            raise AssertionError(f"{self.name}: visible {text!r} absent; frame={self.screen.text()!r}; rawtail={bytes(self.raw[-3500:])!r}")
        AssertionError: create-nonempty-back-edit: visible 'Confirm local pause' absent; frame='Orbit | Inspect folder and devices                                              \nRoot: /tmp/orbit-t10-pty-7e92iov6/Notes界                                       \nLocal pause=false; membership revision=2                                        \nShares with: Laptop                                                             \nShares with: Device a8ddb7e8                                                    \nLast contact: 2026-10-04T18:47:41Z | available                                  \nReported stored=true applied=false direct=true; observed=2026-10-04T18:47:41Z   \nLast contact: 2026-10-04T18:47:41Z | available                                  \nReported stored=true applied=false direct=true; observed=2026-10-04T18:47:41Z   \np pause/resume  l relocate  a add  s share  x unregister preview  t retire      \npreview                                                                         \n                                                                                \n                                                                                \n                                                                                \n                                                                                \n                                                                                \n                                                                                \n                                                                                \n                                                                                \n                                                                                \n                                                                                \n                                                                                \n                                                                                \n                                                                                '; rawtail=b'ation\r\nCapability hidden. Reveal only for deliberate transfer.\r\ns save private file  v reveal  arrows scroll  Esc back  q quit\x1b[1;7H\x1b[K\r\nDaemon: running   Startup: manual (not enabled)\x1b[K\r\n[Overview]  Folders  Attention  Devices\x1b[K\r\nSearch page:\x1b[K\r\nDevices: Laptop | d: inspect\x1b[K\r\nNeeds attention, then synced folders (first pages)\x1b[K\r\n\x1b[K> Notes  /tmp/orbit-t10-pty-7e92iov6/Notes\xe7\x95\x8c\x1b[45G\r\nj/k Enter / ? q | c create J join a add s share w requests u setup | Refreshing\r\x1bM\x1b[K> Notes  /tmp/orbit-t10-pty-7e92iov6/Notes\xe7\x95\x8c\x1b[45G\x1b[8;68H\x1b[K\r\x1bM\x1b[K> Notes  /tmp/orbit-t10-pty-7e92iov6/Notes\xe7\x95\x8c\x1b[45G\x1b[8;68H| Refreshing\r\x1bM\x1b[L\x1b[5GAWAITING_APPROVAL\r\n\x1b[K> Notes  /tmp/orbit-t10-pty-7e92iov6/Notes\xe7\x95\x8c\x1b[45G\x1b[9;68H\x1b[K\r\x1b[3d\x1b[J\x1b[1;7H| Enrollment requests\r\n> Pi | pending_approval | code 0de1e-0a0a3-0e395-3c81e\r\nj/k select  Enter exact review  r refresh  ] next  [ first  Esc back\x1b[1;10Hxact request approval\r\nDevice: Pi\x1b[K\r\nFolder: 502686dd9cdd367cbb104326badcc1b9f016b85578411b3c7d54e9f5471b5371\r\nRequest: 84ca00be72fc4131e6cf7f3d2eb104fead6217deb3080774860dea8e91b46919\r\nRequester: a8ddb7e81ff15962e9daf1655505aaacdee569699ffae63ffe6fc8056cb4cb8f\r\nKey pin: 5b21f8d71252449839b934e9a84538c7b43306ff4e1943316f16205e81813eda\r\nVerification code: 0de1e-0a0a3-0e395-3c81e\r\nState: pending_approval\r\nCompare with the joining device. Approval grants this folder only.\r\nOffline devices may still need membership updates.\r\na approve exact request  x decline  Esc back  q quit\r\x1b[5d\x1b[J\x1b[1;9HRequest decision\x1b[K\r\nExact request approve completed. Other devices may still need membership\r\nupdates.\x1b[K\r\nDecision durably recorded; receiver still observes its own readiness.\x1b[K\r\nEsc back  q quit (daemon continues)\x1b[1;7H\x1b[K\r\nDaemon: running   Startup: manual (not enabled)\x1b[K\r\n[Overview]  Folders  Attention  Devices\r\nSearch page:\x1b[K\r\nDevices: Laptop | d: inspect\x1b[K\r\nNeeds attention, then synced folders (first pages)\n\x1b[5GAWAITING_APPROVAL\r\n\x1b[K> Notes  /tmp/orbit-t10-pty-7e92iov6/Notes\xe7\x95\x8c\x1b[45G\r\nj/k Enter / ? q | c create J join a add s share w requests u setup | Refreshing\x1b[5;16H, device-a8ddb7e8 | d: inspect\x1b[7;5HEXHAUSTED_WORK\x1b[K\r\n\x1b[K    EXHAUSTED_WORK\r\n    EXHAUSTED_WORK\x1b[K\n\x1b[5GEXHAUSTED_WORK\n\x1b[5GEXHAUSTED_WORK\n\x1b[5GEXHAUSTED_WORK\n\x1b[5GEXHAUSTED_WORK\n\x1b[5GEXHAUSTED_WORK\n\x1b[5GEXHAUSTED_WORK\n\x1b[5GEXHAUSTED_WORK\n\x1b[5GEXHAUSTED_WORK\n\x1b[5GEXHAUSTED_WORK\n\x1b[5GEXHAUSTED_WORK\n\x1b[5GEXHAUSTED_WORK\r\n\x1b[K> Notes  /tmp/orbit-t10-pty-7e92iov6/Notes\xe7\x95\x8c\x1b[45G\r\nj/k Enter / ? q | c create J join a add s share w requests u setup\r\x1b[6d\x1b[J\x1b[2;9Hunknown   Startup: unknown\x1b[K\r\nOverview  [Folders]\r\n\n\x1b[K> Notes  /tmp/orbit-t10-pty-7e92iov6/Notes\xe7\x95\x8c\x1b[45G\r\nj/k Enter / ? q | c create J join a add s share w requests u setup\r\x1b[4d\x1b[J\x1b[1;7H| Inspect folder and devices\r\nLoading folder state\xe2\x80\xa6\x1b[K\r\np pause/resume  l relocate  a add  s share  x unregister preview  t retire\r\npreview\x1b[H\n\x1b[7L\x1b[KRoot: /tmp/orbit-t10-pty-7e92iov6/Notes\xe7\x95\x8c\x1b[42G\r\nLocal pause=false; membership revision=2\r\nShares with: Laptop\r\nShares with: Device a8ddb7e8\r\nLast contact: 2026-10-04T18:47:32Z | available\r\nReported stored=true applied=false direct=true; observed=2026-10-04T18:47:32Z\r\nLast contact: 2026-10-04T18:47:32Z | available\r\nReported stored=true applied=false direct=true; observed=2026-10-04T18:47:32Z\x1b[H\n\x1b[KRoot: /tmp/orbit-t10-pty-7e92iov6/Notes\xe7\x95\x8c\x1b[42G\x1b[6;33H5Z\n\x1b[76G5Z\x1b[8;33H5Z\n\x1b[76G5Z\x1b[H\n\x1b[KRoot: /tmp/orbit-t10-pty-7e92iov6/Notes\xe7\x95\x8c\x1b[42G\x1b[6;33H8Z\n\x1b[76G8Z\x1b[8;33H8Z\n\x1b[76G8Z\x1b[H\n\x1b[KRoot: /tmp/orbit-t10-pty-7e92iov6/Notes\xe7\x95\x8c\x1b[42G\x1b[6;32H41Z\n\x1b[75G41Z\x1b[8;32H41Z\n\x1b[75G41Z'
--- FAIL: TestTerminalT10RealPTYOnboarding (50.23s)
=== RUN   TestTerminalT10FolderForkLagAndConservativePreview
--- PASS: TestTerminalT10FolderForkLagAndConservativePreview (0.83s)
=== RUN   TestTerminalT10SetupRetryRetainsNetworkRestartAndExactIntent
--- PASS: TestTerminalT10SetupRetryRetainsNetworkRestartAndExactIntent (0.66s)
FAIL
FAIL	github.com/calebhabesh/file-sync/tests/terminal	52.083s
FAIL
env GOFLAGS=-race go test -race -count=1 -v ./internal/terminal  -run   15.43s user 0.90s system 29% cpu 55.301 total
