=== RUN   TestTerminalT10FormKeyboardReviewAndErrors
--- PASS: TestTerminalT10FormKeyboardReviewAndErrors (0.00s)
=== RUN   TestTerminalT10ExactApprovalAndScopedSharing
--- PASS: TestTerminalT10ExactApprovalAndScopedSharing (0.00s)
=== RUN   TestTerminalT10LateRepliesAndResumeReadiness
--- PASS: TestTerminalT10LateRepliesAndResumeReadiness (0.00s)
=== RUN   TestTerminalT10WrappedInvitationPaste
--- PASS: TestTerminalT10WrappedInvitationPaste (0.00s)
=== RUN   TestTerminalT10PrivateNarrowViewsAndErrorActions
--- PASS: TestTerminalT10PrivateNarrowViewsAndErrorActions (0.00s)
=== RUN   TestTerminalT10FormKeyboardReviewAndErrors
--- PASS: TestTerminalT10FormKeyboardReviewAndErrors (0.00s)
=== RUN   TestTerminalT10ExactApprovalAndScopedSharing
--- PASS: TestTerminalT10ExactApprovalAndScopedSharing (0.00s)
=== RUN   TestTerminalT10LateRepliesAndResumeReadiness
--- PASS: TestTerminalT10LateRepliesAndResumeReadiness (0.00s)
=== RUN   TestTerminalT10WrappedInvitationPaste
--- PASS: TestTerminalT10WrappedInvitationPaste (0.00s)
=== RUN   TestTerminalT10PrivateNarrowViewsAndErrorActions
--- PASS: TestTerminalT10PrivateNarrowViewsAndErrorActions (0.00s)
PASS
ok  	github.com/calebhabesh/file-sync/internal/terminal	0.030s
=== RUN   TestTerminalT10BlockedSetupPagesAndFolderManagement
--- PASS: TestTerminalT10BlockedSetupPagesAndFolderManagement (0.02s)
=== RUN   TestTerminalT10RealPTYOnboarding
    tui_onboarding_test.go:88: [
          {
            "scenario": "two-process-onboarding",
            "result": "passed",
            "assertions": [
              "nonempty measured review; validation/back/edit",
              "private expired and wrong-pin refusal",
              "exact transcript code and approval",
              "pending client exit/reopen/daemon restart",
              "actual verified bidirectional file bytes",
              "local pause/resume, actual relocation and unregister preview",
              "second folder distinct consent and attempt; device identities retained",
              "actual startup failure under missing-system-tool fixture",
              "terminal restoration"
            ]
          }
        ]
        
--- PASS: TestTerminalT10RealPTYOnboarding (63.55s)
=== RUN   TestTerminalT10FolderForkLagAndConservativePreview
--- PASS: TestTerminalT10FolderForkLagAndConservativePreview (0.07s)
=== RUN   TestTerminalT10SetupRetryRetainsNetworkRestartAndExactIntent
--- PASS: TestTerminalT10SetupRetryRetainsNetworkRestartAndExactIntent (0.03s)
=== RUN   TestTerminalT10BlockedSetupPagesAndFolderManagement
--- PASS: TestTerminalT10BlockedSetupPagesAndFolderManagement (0.02s)
=== RUN   TestTerminalT10RealPTYOnboarding
    tui_onboarding_test.go:88: [
          {
            "scenario": "two-process-onboarding",
            "result": "passed",
            "assertions": [
              "nonempty measured review; validation/back/edit",
              "private expired and wrong-pin refusal",
              "exact transcript code and approval",
              "pending client exit/reopen/daemon restart",
              "actual verified bidirectional file bytes",
              "local pause/resume, actual relocation and unregister preview",
              "second folder distinct consent and attempt; device identities retained",
              "actual startup failure under missing-system-tool fixture",
              "terminal restoration"
            ]
          }
        ]
        
--- PASS: TestTerminalT10RealPTYOnboarding (63.51s)
=== RUN   TestTerminalT10FolderForkLagAndConservativePreview
--- PASS: TestTerminalT10FolderForkLagAndConservativePreview (0.08s)
=== RUN   TestTerminalT10SetupRetryRetainsNetworkRestartAndExactIntent
--- PASS: TestTerminalT10SetupRetryRetainsNetworkRestartAndExactIntent (0.02s)
PASS
ok  	github.com/calebhabesh/file-sync/tests/terminal	127.308s
go test -count=2 -v ./internal/terminal ./tests/terminal -run   5.37s user 0.89s system 4% cpu 2:07.75 total
