testing: warning: no tests to run
PASS
ok  	github.com/calebhabesh/file-sync/cmd/filesync	0.024s [no tests to run]
testing: warning: no tests to run
PASS
ok  	github.com/calebhabesh/file-sync/internal/control	0.003s [no tests to run]
testing: warning: no tests to run
PASS
ok  	github.com/calebhabesh/file-sync/internal/control/terminalcontract	0.002s [no tests to run]
?   	github.com/calebhabesh/file-sync/internal/controlclient	[no test files]
testing: warning: no tests to run
PASS
ok  	github.com/calebhabesh/file-sync/internal/repository	0.003s [no tests to run]
testing: warning: no tests to run
PASS
ok  	github.com/calebhabesh/file-sync/internal/workspace	0.002s [no tests to run]
=== RUN   TestTerminalT04TwoDeviceCLIInterruptedJoinAndEdits
=== PAUSE TestTerminalT04TwoDeviceCLIInterruptedJoinAndEdits
=== RUN   TestTerminalT04InteractiveReviewRetainsInputs
--- PASS: TestTerminalT04InteractiveReviewRetainsInputs (0.62s)
=== RUN   TestTerminalT04RecursiveReviewedAdoption
--- PASS: TestTerminalT04RecursiveReviewedAdoption (0.02s)
=== RUN   TestTerminalT04StaleRootAndPlan
=== RUN   TestTerminalT04StaleRootAndPlan/bytes
=== RUN   TestTerminalT04StaleRootAndPlan/swap
=== RUN   TestTerminalT04StaleRootAndPlan/symlink
=== RUN   TestTerminalT04StaleRootAndPlan/name
=== RUN   TestTerminalT04StaleRootAndPlan/settings
--- PASS: TestTerminalT04StaleRootAndPlan (0.05s)
    --- PASS: TestTerminalT04StaleRootAndPlan/bytes (0.01s)
    --- PASS: TestTerminalT04StaleRootAndPlan/swap (0.01s)
    --- PASS: TestTerminalT04StaleRootAndPlan/symlink (0.01s)
    --- PASS: TestTerminalT04StaleRootAndPlan/name (0.01s)
    --- PASS: TestTerminalT04StaleRootAndPlan/settings (0.01s)
=== RUN   TestTerminalT04UnsupportedAndOverlap
--- PASS: TestTerminalT04UnsupportedAndOverlap (0.01s)
=== RUN   TestTerminalT04BoundedPreviewContinuation
--- PASS: TestTerminalT04BoundedPreviewContinuation (0.16s)
=== RUN   TestTerminalT04CapacityAndExpiredReview
--- PASS: TestTerminalT04CapacityAndExpiredReview (0.01s)
=== RUN   TestTerminalT04ResumeAtDurablePhases
=== RUN   TestTerminalT04ResumeAtDurablePhases/reviewed
=== RUN   TestTerminalT04ResumeAtDurablePhases/bootstrap_capture
=== RUN   TestTerminalT04ResumeAtDurablePhases/content_pending
=== RUN   TestTerminalT04ResumeAtDurablePhases/ready
--- PASS: TestTerminalT04ResumeAtDurablePhases (0.05s)
    --- PASS: TestTerminalT04ResumeAtDurablePhases/reviewed (0.01s)
    --- PASS: TestTerminalT04ResumeAtDurablePhases/bootstrap_capture (0.01s)
    --- PASS: TestTerminalT04ResumeAtDurablePhases/content_pending (0.01s)
    --- PASS: TestTerminalT04ResumeAtDurablePhases/ready (0.01s)
=== RUN   TestTerminalT04InitialCaptureFailureBlocksBootstrap
--- PASS: TestTerminalT04InitialCaptureFailureBlocksBootstrap (0.01s)
=== RUN   TestTerminalT04FatalScanFailurePreservesCapture
--- PASS: TestTerminalT04FatalScanFailurePreservesCapture (0.01s)
=== RUN   TestTerminalT04NoBootstrapTombstone
--- PASS: TestTerminalT04NoBootstrapTombstone (0.01s)
=== RUN   TestTerminalT04DelayedJoinRestartAndTransfer
=== PAUSE TestTerminalT04DelayedJoinRestartAndTransfer
=== RUN   TestTerminalT04DivergentBootstrapRemainsConflict
=== PAUSE TestTerminalT04DivergentBootstrapRemainsConflict
=== RUN   TestTerminalT04ExpiredAttemptDoesNotRenew
--- PASS: TestTerminalT04ExpiredAttemptDoesNotRenew (0.02s)
=== RUN   TestTerminalT04UnreadablePreviewAndCaptureFault
--- PASS: TestTerminalT04UnreadablePreviewAndCaptureFault (0.01s)
=== RUN   TestTerminalT04JoinPhaseRecovery
=== PAUSE TestTerminalT04JoinPhaseRecovery
=== RUN   TestTerminalT04StartupFailureAndConsumedReview
--- PASS: TestTerminalT04StartupFailureAndConsumedReview (0.01s)
=== RUN   TestTerminalT04IssuePagesAndPreviewFamily
--- PASS: TestTerminalT04IssuePagesAndPreviewFamily (0.01s)
=== RUN   TestTerminalT04ExpiredPreparedRequestRecovery
=== RUN   TestTerminalT04ExpiredPreparedRequestRecovery/false
=== RUN   TestTerminalT04ExpiredPreparedRequestRecovery/true
--- PASS: TestTerminalT04ExpiredPreparedRequestRecovery (0.06s)
    --- PASS: TestTerminalT04ExpiredPreparedRequestRecovery/false (0.03s)
    --- PASS: TestTerminalT04ExpiredPreparedRequestRecovery/true (0.03s)
=== RUN   TestTerminalT05MembershipPinAndSequentialGate
--- PASS: TestTerminalT05MembershipPinAndSequentialGate (0.06s)
=== RUN   TestTerminalT07_Status_Observations_MixedState
=== PAUSE TestTerminalT07_Status_Observations_MixedState
=== RUN   TestTerminalT07_Status_Attention_PersistenceAcrossRestart
=== PAUSE TestTerminalT07_Status_Attention_PersistenceAcrossRestart
=== RUN   TestTerminalT07_Status_BoundedPaginationAndCancellation
=== PAUSE TestTerminalT07_Status_BoundedPaginationAndCancellation
=== RUN   TestTerminalT07_Doctor_DiagnosticsAndRemediations
=== PAUSE TestTerminalT07_Doctor_DiagnosticsAndRemediations
=== RUN   TestTerminalT07_CLI_StatusAndDoctor_Parity
=== PAUSE TestTerminalT07_CLI_StatusAndDoctor_Parity
=== RUN   TestTerminalT09NamedPages
--- PASS: TestTerminalT09NamedPages (0.16s)
=== RUN   TestTerminalT09RealPTYLifetime
    tui_test.go:88: [
          {
            "scenario": "80x24-quit-tool",
            "assertions": [
              "keyboard/search/paste/resize",
              "no SGR",
              "exact termios restoration",
              "daemon alive",
              "direct argv tool canonical/raw handoff and actual bytes"
            ],
            "result": "passed"
          },
          {
            "scenario": "40x16-ctrl-c-tool-failure",
            "assertions": [
              "keyboard/search/paste/resize",
              "no SGR",
              "exact termios restoration",
              "daemon alive",
              "direct argv tool canonical/raw handoff and actual bytes"
            ],
            "result": "passed"
          },
          {
            "scenario": "80x24-daemon-reconnect",
            "assertions": [
              "keyboard/search/paste/resize",
              "no SGR",
              "exact termios restoration",
              "daemon alive",
              "locked unavailable daemon, retry and reconnection"
            ],
            "result": "passed"
          },
          {
            "scenario": "80x24-sigterm",
            "assertions": [
              "keyboard/search/paste/resize",
              "no SGR",
              "exact termios restoration",
              "daemon alive"
            ],
            "result": "passed"
          },
          {
            "scenario": "80x24-tool-sigterm",
            "assertions": [
              "keyboard/search/paste/resize",
              "no SGR",
              "exact termios restoration",
              "daemon alive",
              "direct argv tool canonical/raw handoff and actual bytes"
            ],
            "result": "passed"
          },
          {
            "scenario": "pipe-and-continued-capture",
            "result": "passed",
            "assertions": [
              "no terminal escapes in pipe",
              "protected working bytes intact",
              "actual new digest in captured history",
              "same device identity"
            ]
          }
        ]
        
--- PASS: TestTerminalT09RealPTYLifetime (10.63s)
=== CONT  TestTerminalT04TwoDeviceCLIInterruptedJoinAndEdits
=== CONT  TestTerminalT07_Status_Attention_PersistenceAcrossRestart
=== CONT  TestTerminalT07_Doctor_DiagnosticsAndRemediations
=== CONT  TestTerminalT04DivergentBootstrapRemainsConflict
=== CONT  TestTerminalT04DelayedJoinRestartAndTransfer
=== CONT  TestTerminalT07_Status_BoundedPaginationAndCancellation
=== CONT  TestTerminalT04JoinPhaseRecovery
=== CONT  TestTerminalT07_Status_Observations_MixedState
=== CONT  TestTerminalT07_CLI_StatusAndDoctor_Parity
=== RUN   TestTerminalT04JoinPhaseRecovery/request_prepared
=== PAUSE TestTerminalT04JoinPhaseRecovery/request_prepared
=== RUN   TestTerminalT04JoinPhaseRecovery/membership_received
=== PAUSE TestTerminalT04JoinPhaseRecovery/membership_received
=== RUN   TestTerminalT04JoinPhaseRecovery/content_pending
=== PAUSE TestTerminalT04JoinPhaseRecovery/content_pending
=== RUN   TestTerminalT04JoinPhaseRecovery/publishing
=== PAUSE TestTerminalT04JoinPhaseRecovery/publishing
=== CONT  TestTerminalT04JoinPhaseRecovery/request_prepared
=== CONT  TestTerminalT04JoinPhaseRecovery/publishing
=== CONT  TestTerminalT04JoinPhaseRecovery/content_pending
=== CONT  TestTerminalT04JoinPhaseRecovery/membership_received
=== RUN   TestTerminalT07_Doctor_DiagnosticsAndRemediations/StoppedAdapter
=== RUN   TestTerminalT07_Doctor_DiagnosticsAndRemediations/LiveCleanState
--- PASS: TestTerminalT07_Status_Attention_PersistenceAcrossRestart (0.14s)
=== RUN   TestTerminalT07_Doctor_DiagnosticsAndRemediations/InsecureToken
--- PASS: TestTerminalT07_Status_Observations_MixedState (0.15s)
=== RUN   TestTerminalT07_Doctor_DiagnosticsAndRemediations/MissingRoot
--- PASS: TestTerminalT07_Status_BoundedPaginationAndCancellation (0.20s)
=== RUN   TestTerminalT07_Doctor_DiagnosticsAndRemediations/ExhaustedTask
--- PASS: TestTerminalT07_Doctor_DiagnosticsAndRemediations (0.23s)
    --- PASS: TestTerminalT07_Doctor_DiagnosticsAndRemediations/StoppedAdapter (0.01s)
    --- PASS: TestTerminalT07_Doctor_DiagnosticsAndRemediations/LiveCleanState (0.01s)
    --- PASS: TestTerminalT07_Doctor_DiagnosticsAndRemediations/InsecureToken (0.01s)
    --- PASS: TestTerminalT07_Doctor_DiagnosticsAndRemediations/MissingRoot (0.05s)
    --- PASS: TestTerminalT07_Doctor_DiagnosticsAndRemediations/ExhaustedTask (0.02s)
--- PASS: TestTerminalT07_CLI_StatusAndDoctor_Parity (0.57s)
--- PASS: TestTerminalT04DivergentBootstrapRemainsConflict (25.21s)
--- PASS: TestTerminalT04DelayedJoinRestartAndTransfer (25.21s)
--- PASS: TestTerminalT04JoinPhaseRecovery (0.00s)
    --- PASS: TestTerminalT04JoinPhaseRecovery/content_pending (25.16s)
    --- PASS: TestTerminalT04JoinPhaseRecovery/membership_received (25.21s)
    --- PASS: TestTerminalT04JoinPhaseRecovery/request_prepared (25.21s)
    --- PASS: TestTerminalT04JoinPhaseRecovery/publishing (25.21s)
--- PASS: TestTerminalT04TwoDeviceCLIInterruptedJoinAndEdits (29.51s)
PASS
ok  	github.com/calebhabesh/file-sync/tests/terminal	41.434s
go test -count=1 -v ./cmd/filesync/... ./internal/control/...     -run   10.86s user 1.16s system 28% cpu 42.413 total
