removed private owned marked allocated root /tmp/orbit-w15-0gfpdm6a
removed private owned marked allocated root /tmp/orbit-w15-1ho5v6fx
removed private owned marked allocated root /tmp/orbit-w15-1xrsehkt
removed private owned marked allocated root /tmp/orbit-w15-3qf1lepx
removed private owned marked allocated root /tmp/orbit-w15-453he4u5
removed private owned marked allocated root /tmp/orbit-w15-4vfe4ou0
removed private owned marked allocated root /tmp/orbit-w15-5rteyczv
removed private owned marked allocated root /tmp/orbit-w15-60gdfpfp
removed private owned marked allocated root /tmp/orbit-w15-7q4x_axw
removed private owned marked allocated root /tmp/orbit-w15-7zf5bblk
removed private owned marked allocated root /tmp/orbit-w15-bjmd_dh2
removed private owned marked allocated root /tmp/orbit-w15-h5v20qiw
removed private owned marked allocated root /tmp/orbit-w15-kpz1qv2u
removed private owned marked allocated root /tmp/orbit-w15-s0s7ih_3
removed private owned marked allocated root /tmp/orbit-w15-trxit69a
removed private owned marked allocated root /tmp/orbit-w15-xypwhh2a
removed private owned marked allocated root /tmp/orbit-w15-pi-assets-7qxw5pvw
removed private owned marked allocated root /tmp/orbit-w15-pi-assets-9nrgr3g0
removed private owned marked allocated root /tmp/orbit-w15-pi-assets-g90gq0k_
removed private owned marked allocated root /tmp/orbit-w15-pi-assets-lm2g0ou1
removed private owned marked allocated root /tmp/orbit-w15-pi-assets-qcw8336t
removed private owned marked allocated root /tmp/orbit-w15-pi-run-7x59kps4
removed private owned marked allocated root /tmp/orbit-w15-pi-run-iakichxi
removed private owned marked allocated root /tmp/orbit-w15-pi-run-ojpfdn4c
removed private owned marked allocated root /tmp/orbit-w15-pi-run-ruj7tbhf
removed private owned marked allocated root /tmp/orbit-w15-pi-run-xzf_hxap
