TestWANW11SetupWaitRetriesReadOnlyTimeoutWithSameOperation
TestWANW11SetupWaitDoesNotExtendDeadlineOrRetryRefusal
ok  	github.com/calebhabesh/file-sync/cmd/filesync	0.017s
ok  	github.com/calebhabesh/file-sync/cmd/orbit-net	0.003s
?   	github.com/calebhabesh/file-sync/internal/app	[no test files]
TestWANW09DirectSettingsLegacyAndOptionalUDP
TestWANW02LegacyNetworkPolicyIsManualWithoutMigration
TestWANW06PolicyGenerationCannotRollbackOrChange
TestWANW13ServiceRootsValidationAndReplacement
TestWANW14PackagedProfileAdoptionMatrix
TestWANW14OperatorSwitchKeepsRollbackFloors
TestWANW05DurableRoutesPrivateBoundedAndLegacyPreserved
TestWANW13RotationRebindsDurableRoutes
ok  	github.com/calebhabesh/file-sync/internal/config	0.003s
TestWANW14ProfileMismatchIsPrecise
TestWANW12SupportRedactsNestedErrorsAndCredentials
TestWANW11PreparedEnrollmentRetryRetainsOriginalExpiry
TestWANW12LocalOnlyDoctorIsPassiveAndTyped
TestWANW12InternetDisableClosesBeforeCompletionAndRetainsIntent
TestWANW12RestartRequiredHasNextAction
TestWANW11TimingReviewIsExactDurableAndRestartRequired
TestWANW14PackagedOfferReviewAndOperatorReplacement
TestWANW14PackagedUpdateNeedsReviewWhenTextChanges
TestWANW14CapabilityAdvertised
TestWANW06PolicyReviewReplayAndStaleness
TestWANW06AcceptedPolicyRecoversBeforeActivation
ok  	github.com/calebhabesh/file-sync/internal/control	0.004s
TestWANW01NetworkControlContracts
TestWANW11ZeroTimingPreservesLegacyPolicyBytes
TestWANW14CompactInvitationCode
TestWANW14FutureInvitationVersionIsPrecise
ok  	github.com/calebhabesh/file-sync/internal/control/terminalcontract	0.003s
?   	github.com/calebhabesh/file-sync/internal/controlclient	[no test files]
ok  	github.com/calebhabesh/file-sync/internal/history	0.001s
?   	github.com/calebhabesh/file-sync/internal/launcher	[no test files]
TestWANW12DoctorCancellationAndAdmission
TestWANW12PassiveCandidateFreshness
TestWANW12UDPProbeUsesActualSTUNResponse
TestWANW12ProbeCodesDoNotLeakRawErrors
TestWANW12PinnedProbesNeverSendHTTPOrAlterObservedRoute
TestWANW08ScopedSignedDiscoveryAdmission
TestWANW08PinnedFamilyRaceAndDirectoryIndependentPool
TestWANW08WrongPinBlockedTCPFallsBackWithoutDisclosure
TestWANW08CandidateBoundsExpiryAndOptionalListener
TestWANW08EmptyPublicLeaseDoesNotConsumeRepeatedLookupQuota
TestWANW08CancellationLimitsAndJoinedResources
TestWANW08DatagramFloodFixedWorkersAndSocketCleanup
TestWANW08OptionalIncomingSocketCeiling
TestWANW08IndependentInterfaceLeasesAndAggregateCandidates
TestWANW10ICEHTTP3NATMatrix
TestWANW10ICEGatherCancellationAndCredentials
TestWANW10ICESocketAndSessionAdmission
TestWANW10IncompatibleDoubleNAT
TestWANW10ICESlowStreamCancellation
TestWANW10SharedQUICAdmission
TestWANW02ManagerReuseScopeIdentityAndShutdown
TestWANW02GenerationMatchesIndependentModel
TestWANW02SlowPeerBoundsCancellationAndOtherProgress
TestWANW02PoolLRUAndManualCandidateBounds
TestWANW02ShutdownJoinsPendingDial
TestWANW02PurposePoolsAndDrainingGenerationBound
TestWANW02DialAdmissionSurvivesGenerationFlapping
TestWANW02OwnedSocketAdmissionAcrossPools
TestWANW09PacketBoundariesMTUAddressesAndPairChange
TestWANW09PacketDeadlineCancelClose
TestWANW09HTTP3HeaderAndBodyDeadlines
TestWANW09HTTP3StreamingMemoryCancelAndJoinedClose
TestWANW09OptionalUDPDisabledAndCollision
TestWANW09QUICAdmissionAndALPN
TestWANW09HTTP3ResponseHeaderAndWriteBounds
TestWANW04ManagerRetiresPooledRelayBeforeNewRequest
TestWANW04ManagerRelayIsolationAndPendingCancel
TestWANW14PackagedReleaseProfile
TestWANW14ReviewOperatorChange
TestWANW11CompetingPeersSlowDNSRelayAndCancellation
TestWANW11IsolatedAddressDefaultRouteDetection
TestWANW11RelayDirectReprobeAndGenerationDrain
TestWANW11LateLookupCannotPublishIntoNewGeneration
TestWANW11FailedICERetryIsTimedAndQuotaQuietPeriodDoesNotSlide
TestWANW11NetworkWatcherCoalescesAndJoins
TestWANW11ColdRaceRetainsQuotaAfterCanceledICEWaiter
TestWANW11ResponderQuotaRetryIsBoundedAndKeepsSession
TestWANW11DirectCooldownGrowsAndFreshNetworkClearsIt
TestWANW11RepeatedFlappingBoundsBusyGenerations
TestWANW11FreshLookupRevalidatesUnchangedRemoteLeaseAfterRoam
TestWANW11CandidateArrivalInvalidatesEarlyEmptyProbe
TestWANW11SlowLookupAndRelayShutdownJoin
TestWANW03DNSAllAnswersAndRebinding
TestWANW03CanceledResolverFloodIsBounded
TestWANW03PrivacyPolicyHasNoServiceTraffic
TestWANW03LookupRejectsSubstitution
TestWANW01StreamBoundsAndDeadlines
TestWANW01StreamInvalidFrames
TestWANW01WSSSlowReceiverCancellation
TestWANW01ForwardBackpressureCleanup
TestWANW01ListenerCancel
TestWANW01BrokerBrowserOrigin
TestWANW11ReviewedTimingControlsRuntimeDeadlines
TestWANW01TransportTrustAndPlaintext
ok  	github.com/calebhabesh/file-sync/internal/network	0.004s
TestWANW10ICEContractBoundsAndLegacyEncoding
TestWANW10ICEDeterministicRoleAndPurpose
TestWANW10IndependentSignedICEGolden
TestWANW08LANIndependentGoldenAndStrictCodec
TestWANW09LANQUICIndependentGoldenAndCapabilities
TestWANW01CanonicalGoldens
TestWANW01StrictNetworkCodec
TestWANW01MaximumMessages
TestWANW01ProofSubstitution
TestWANW01URLScope
TestWANW01RoutedBindingsAndV2Coexistence
TestWANW01ProfileAuthorityExpiryAndRotation
TestWANW01OfferMaximum
TestWANW01CertificateMaximum
TestWANW01CrossEnvelopeBindings
TestWANW01InvitationSizeBound
TestWANW01MaximumGoldenAndOneOver
TestWANW01IntentGoldenAndFreshChallenge
TestWANW11RouteTimingBoundsAndLegacyDefaults
FuzzWANW15SignedProfile
FuzzWANW15NetworkCodec
ok  	github.com/calebhabesh/file-sync/internal/protocol	0.003s
TestWANW10SignedICESessionReplayAndIsolation
TestWANW04OutboundLegsAndBidirectionalBytes
TestWANW04WrongAttachmentsAndReplay
TestWANW04UnpairedExpiryAndAbruptLoss
TestWANW04IdleLifetimeByteQuotaAndCancel
TestWANW04BandwidthCeilingAndCancellation
TestWANW04ConcurrentDuplicateLegAdmission
TestWANW04PurposeListenerIsolation
TestWANW04ServiceCapacityResourcesAndEnrollmentIsolation
TestWANW04RestartEpochAndFreshChallenge
TestWANW04BandwidthReconnectRetention
TestWANW04BrokerSeesOnlyInnerTLSCiphertext
TestWANW04PostAuthenticationFrameBounds
TestWANW04PerPairAdmissionCannotBeBypassedByNewClient
TestWANW13RotationOverlapAndSanitizedMetrics
TestWANW05QuotaProofDoesNotStrandChallengeSlots
TestWANW03RegistrationAndReplay
TestWANW03AuthenticationBindings
TestWANW03LeaseExpiryAndRestart
TestWANW03CandidateAndBodyBounds
TestWANW03SharedNATAndCacheAdmission
TestWANW03MaximumRoutesAndChallenges
TestWANW03ControlOffersAndReservationIntent
TestWANW03UnknownEnrollmentIsSeparate
TestWANW03ControlFloodAndShutdown
TestWANW03TLSAndHeaderOrigins
TestWANW03ProfilePersistenceAndRollback
TestWANW03IdleSocketAdmissionAndClose
TestWANW03ProfilesRejectRollbackAndAuthority
TestWANW03NoIdleMetadataRetention
TestWANW03LocalPinsGateDataOffers
TestWANW03ReannouncementJitterAndStableRenewal
TestWANW03ControlHeartbeatPreservesIdleSession
TestWANW03WSSAdmissionBounds
TestWANW03ServiceBinaryRestart
TestWANW10STUNMappingMalformedAndRateBounds
ok  	github.com/calebhabesh/file-sync/internal/rendezvous	0.002s
TestWANW11BandwidthReservationPrecedesNetworkIO
TestWANW03DirectoryLossPreservesManualCaptureAndSync
TestWANW10AuthenticatedNATPeerMatrix
TestWANW10IsolatedICEPeerSyncAndFallback
TestWANW10IsolatedSTUNIPv6
TestWANW08ProductionMulticastKnownPeerTwoWaySync
TestWANW08NativeLocalIPv6PinnedTransfer
TestWANW02TwoWaySyncInterruptedChunkReuse
TestWANW02RoutedPeerWrongPinAndUnknownRequester
TestWANW08IsolatedPublicTCPAndIPv6
TestWANW09NativeQUICBothPullDirectionsAndResume
TestWANW09HTTP3AuthenticationAuthorizationAndBounds
TestWANW09PartialChunkNoReceiptAndBorrowerPin
TestWANW09UnavailableUDPUsesPreservedPinnedTCP
TestWANW04ProductionRelayTwoWaySyncAndInterruptedReuse
TestWANW04ProductionRelayFolderAndPinIsolation
TestWANW04ProductionRelayLossPreservesCapture
TestWANW04ProductionRelayRestartResumesVerifiedChunks
TestWANW04ProductionRelayLostReceiptReplay
TestWANW04ProductionUnknownEnrollmentCannotReachDataOrControl
TestWANW04ProductionRelayRequestCancellationJoins
TestWANW11NativeQUICToTCPChunkAndReceiptRecovery
TestWANW05RoutedAdmissionExactReplayRevocationAndExpiry
TestWANW05RoutedWrongFolderRouteSignatureAndV2Downgrade
TestWANW05RoutedStatusPossessionNonceAndDigest
TestWANW05RoutedWrongInviterTLSBeforeDisclosure
TestWANW05RoutedUnsentExpiryAndSingleUse
TestWANW05RoutedRetiredIdentityCannotReenroll
TestWANW05RoutedApprovalArtifactBinding
TestWANW05RoutedPendingRequesterDataAndControlIsolation
TestWANW01PinnedTransport
TestWANW01WrongPinAndIsolation
TestWANW01EnrollmentHandlerThroughRelay
TestWANW01V3EnrollmentTransportAndMembership
TestWANW01TransportCancellationRedirectAndBinding
TestWANW15DurableBoundariesMatchIndependentModel
TestWANW15RouteSwitchPublicationGCConflictAndRetirement
ok  	github.com/calebhabesh/file-sync/internal/replication	0.006s
ok  	github.com/calebhabesh/file-sync/internal/repository	0.006s
TestWANW11BandwidthFIFOAndQueuedCancellation
TestWANW11BandwidthQueueBoundIsRetryable
TestWANW02NetworkBackpressureUsesExistingRetryBudget
TestWANW04TypedRelayFailuresUseExistingRetryBudget
TestWANW11ContinuousSmallWorkCannotStarveLargeRetry
TestWANW11ServiceQuotaRetryAllowsQuietRefill
ok  	github.com/calebhabesh/file-sync/internal/scheduler	0.006s
ok  	github.com/calebhabesh/file-sync/internal/state	0.007s
TestWANW07ReviewedPrivacyAndAdvancedFocus
TestWANW07ExistingPolicyAndExactJoinRetry
TestWANW07PollingPreservesSelectionAndLateContexts
TestWANW07ObservedRelaySeparateFromReadiness
TestWANW07ExpiredV3PasteRetainsInput
ok  	github.com/calebhabesh/file-sync/internal/terminal	0.015s
TestWANW15DestructiveTargetRefusesSymlinkedRoot
ok  	github.com/calebhabesh/file-sync/internal/testkit	0.006s
ok  	github.com/calebhabesh/file-sync/internal/workspace	0.008s
ok  	github.com/calebhabesh/file-sync/tests/designgates	0.008s
ok  	github.com/calebhabesh/file-sync/tests/faults	0.008s
ok  	github.com/calebhabesh/file-sync/tests/integration	0.002s
TestWANW11ActualLargeSmallPeerBandwidthAcrossRoutes
TestWANW00ManualInvitationRequiresReachableAddress
TestWANW06BinaryReviewedRelayJourney
TestWANW06BinaryLocalCaptureAndPrivateInputs
TestWANW06BinaryGuidedFirstDevice
TestWANW12BinaryDoctorPrivacyAndPTY
TestWANW08BinaryLocalOnlyLANAfterApproval
TestWANW09BinaryLocalOnlyQUICAfterApproval
TestWANW08BinaryOptionalCollisionFreshRelayOnboarding
TestWANW09BinaryOptionalUDPCollisionRelayOnboarding
TestWANW05DaemonChild
TestWANW05DaemonSIGKILLRoutedEnrollmentBoundaries
TestWANW05RoutedJoinTwoFoldersRestartAndTwoWayData
TestWANW05ThirdDeviceOfflineRolloutForkAndRetiredBootstrap
TestWANW11WholeDaemonRoamingAndMixedProgress
TestWANW15WholeDaemonCrashRouteAndReceiptRecovery
TestWANW11BinaryReviewedTimingAndRestart
TestWANW07RealPTYRelayOnboarding
TestWANW13PackagedSelfHostRehearsal
TestWANW14OneStepNetworkAndInvitationCode
TestWANW14MixedVersionUpgradeAndRollback
ok  	github.com/calebhabesh/file-sync/tests/terminal	0.002s
TestWANW01AdmissionReplayIdentityAndRestart
TestWANW01AdmissionCapacity
TestWANW01EnrollmentExactApproval
TestWANW01ConnectionGenerationAndBounds
TestWANW01ReplayCapacityCannotEvictLiveProtection
TestWANW01AttachmentExpiryIsNotTunnelExpiry
ok  	github.com/calebhabesh/file-sync/model	0.001s
