=== RUN   TestOrbitBrowse_CLIStoppedAndLiveParity
--- PASS: TestOrbitBrowse_CLIStoppedAndLiveParity (0.72s)
=== RUN   TestRelocationCLIStoppedAndLive
--- PASS: TestRelocationCLIStoppedAndLive (0.52s)
=== RUN   TestTerminalT02RuntimeCLIReviewedReplay
--- PASS: TestTerminalT02RuntimeCLIReviewedReplay (0.60s)
=== RUN   TestWANW11SetupWaitRetriesReadOnlyTimeoutWithSameOperation
--- PASS: TestWANW11SetupWaitRetriesReadOnlyTimeoutWithSameOperation (0.50s)
=== RUN   TestWANW11SetupWaitDoesNotExtendDeadlineOrRetryRefusal
--- PASS: TestWANW11SetupWaitDoesNotExtendDeadlineOrRetryRefusal (0.61s)
PASS
ok  	github.com/calebhabesh/file-sync/cmd/filesync	4.128s
=== RUN   TestW13OfflineAuthorityRestoreVerification
--- PASS: TestW13OfflineAuthorityRestoreVerification (0.00s)
=== RUN   TestW13OperatorToolingRefusesUnsafeProfiles
--- PASS: TestW13OperatorToolingRefusesUnsafeProfiles (0.01s)
=== RUN   TestW13ServeCheckValidatesOperatorInputs
--- PASS: TestW13ServeCheckValidatesOperatorInputs (0.02s)
=== RUN   TestW13MetricsAreSanitized
--- PASS: TestW13MetricsAreSanitized (0.00s)
PASS
ok  	github.com/calebhabesh/file-sync/cmd/orbit-net	1.044s
?   	github.com/calebhabesh/file-sync/internal/app	[no test files]
=== RUN   TestInitializeIsDeterministicAndIdempotent
--- PASS: TestInitializeIsDeterministicAndIdempotent (0.00s)
=== RUN   TestLoadRejectsUnknownAndIncompatibleConfiguration
=== RUN   TestLoadRejectsUnknownAndIncompatibleConfiguration/unknown_field
=== RUN   TestLoadRejectsUnknownAndIncompatibleConfiguration/incompatible_version
--- PASS: TestLoadRejectsUnknownAndIncompatibleConfiguration (0.00s)
    --- PASS: TestLoadRejectsUnknownAndIncompatibleConfiguration/unknown_field (0.00s)
    --- PASS: TestLoadRejectsUnknownAndIncompatibleConfiguration/incompatible_version (0.00s)
=== RUN   TestSaveAndLoadRoundtrip
--- PASS: TestSaveAndLoadRoundtrip (0.00s)
=== RUN   TestWANW09DirectSettingsLegacyAndOptionalUDP
--- PASS: TestWANW09DirectSettingsLegacyAndOptionalUDP (0.00s)
=== RUN   TestWANW02LegacyNetworkPolicyIsManualWithoutMigration
--- PASS: TestWANW02LegacyNetworkPolicyIsManualWithoutMigration (0.00s)
=== RUN   TestWANW06PolicyGenerationCannotRollbackOrChange
--- PASS: TestWANW06PolicyGenerationCannotRollbackOrChange (0.00s)
=== RUN   TestPeerConfigurationRejectsUnsafeOrAmbiguousEndpoints
=== RUN   TestPeerConfigurationRejectsUnsafeOrAmbiguousEndpoints/valid
=== RUN   TestPeerConfigurationRejectsUnsafeOrAmbiguousEndpoints/plaintext
=== RUN   TestPeerConfigurationRejectsUnsafeOrAmbiguousEndpoints/credentials
=== RUN   TestPeerConfigurationRejectsUnsafeOrAmbiguousEndpoints/path
=== RUN   TestPeerConfigurationRejectsUnsafeOrAmbiguousEndpoints/query
=== RUN   TestPeerConfigurationRejectsUnsafeOrAmbiguousEndpoints/unknown
=== RUN   TestPeerConfigurationRejectsUnsafeOrAmbiguousEndpoints/public
--- PASS: TestPeerConfigurationRejectsUnsafeOrAmbiguousEndpoints (0.00s)
    --- PASS: TestPeerConfigurationRejectsUnsafeOrAmbiguousEndpoints/valid (0.00s)
    --- PASS: TestPeerConfigurationRejectsUnsafeOrAmbiguousEndpoints/plaintext (0.00s)
    --- PASS: TestPeerConfigurationRejectsUnsafeOrAmbiguousEndpoints/credentials (0.00s)
    --- PASS: TestPeerConfigurationRejectsUnsafeOrAmbiguousEndpoints/path (0.00s)
    --- PASS: TestPeerConfigurationRejectsUnsafeOrAmbiguousEndpoints/query (0.00s)
    --- PASS: TestPeerConfigurationRejectsUnsafeOrAmbiguousEndpoints/unknown (0.00s)
    --- PASS: TestPeerConfigurationRejectsUnsafeOrAmbiguousEndpoints/public (0.00s)
=== RUN   TestOrbitPeerEndpoints_SaveAndLoadRoundtrip
--- PASS: TestOrbitPeerEndpoints_SaveAndLoadRoundtrip (0.00s)
=== RUN   TestOrbitPeerEndpoints_DuplicateAndInvalidRejection
--- PASS: TestOrbitPeerEndpoints_DuplicateAndInvalidRejection (0.00s)
=== RUN   TestWANW13ServiceRootsValidationAndReplacement
--- PASS: TestWANW13ServiceRootsValidationAndReplacement (0.01s)
=== RUN   TestWANW14PackagedProfileAdoptionMatrix
=== RUN   TestWANW14PackagedProfileAdoptionMatrix/automatic_awaiting_adopts_once
=== RUN   TestWANW14PackagedProfileAdoptionMatrix/manual_local-only_and_legacy_installs_untouched
=== RUN   TestWANW14PackagedProfileAdoptionMatrix/same_text_newer_epoch_updates_and_rebinds_routes
=== RUN   TestWANW14PackagedProfileAdoptionMatrix/changed_privacy_text_waits_for_review
=== RUN   TestWANW14PackagedProfileAdoptionMatrix/expired_stored_profile_is_replaced_by_current_packaged_one
=== RUN   TestWANW14PackagedProfileAdoptionMatrix/interrupted_update_completes_on_next_start
=== RUN   TestWANW14PackagedProfileAdoptionMatrix/other_authority_and_expired_packaged_profile_untouched
--- PASS: TestWANW14PackagedProfileAdoptionMatrix (0.02s)
    --- PASS: TestWANW14PackagedProfileAdoptionMatrix/automatic_awaiting_adopts_once (0.00s)
    --- PASS: TestWANW14PackagedProfileAdoptionMatrix/manual_local-only_and_legacy_installs_untouched (0.00s)
    --- PASS: TestWANW14PackagedProfileAdoptionMatrix/same_text_newer_epoch_updates_and_rebinds_routes (0.01s)
    --- PASS: TestWANW14PackagedProfileAdoptionMatrix/changed_privacy_text_waits_for_review (0.00s)
    --- PASS: TestWANW14PackagedProfileAdoptionMatrix/expired_stored_profile_is_replaced_by_current_packaged_one (0.00s)
    --- PASS: TestWANW14PackagedProfileAdoptionMatrix/interrupted_update_completes_on_next_start (0.00s)
    --- PASS: TestWANW14PackagedProfileAdoptionMatrix/other_authority_and_expired_packaged_profile_untouched (0.00s)
=== RUN   TestWANW14OperatorSwitchKeepsRollbackFloors
--- PASS: TestWANW14OperatorSwitchKeepsRollbackFloors (0.01s)
=== RUN   TestWANW05DurableRoutesPrivateBoundedAndLegacyPreserved
--- PASS: TestWANW05DurableRoutesPrivateBoundedAndLegacyPreserved (0.65s)
=== RUN   TestWANW13RotationRebindsDurableRoutes
--- PASS: TestWANW13RotationRebindsDurableRoutes (0.00s)
=== RUN   TestOrbitSettings_LoadAndSaveRoundtrip
--- PASS: TestOrbitSettings_LoadAndSaveRoundtrip (0.00s)
=== RUN   TestOrbitSettings_InvalidRejectedWithoutPartialConfig
--- PASS: TestOrbitSettings_InvalidRejectedWithoutPartialConfig (0.00s)
=== RUN   TestOrbitSettings_CorruptFallback
--- PASS: TestOrbitSettings_CorruptFallback (0.00s)
=== RUN   TestOrbitSettings_LabelChangeDoesNotRotateIdentity
--- PASS: TestOrbitSettings_LabelChangeDoesNotRotateIdentity (0.00s)
=== RUN   TestOrbitSettings_DuplicateLabelsAllowed
--- PASS: TestOrbitSettings_DuplicateLabelsAllowed (0.00s)
PASS
ok  	github.com/calebhabesh/file-sync/internal/config	1.706s
=== RUN   TestResolveSelect
--- PASS: TestResolveSelect (0.50s)
=== RUN   TestResolveSelectResponseLossAndReplay
--- PASS: TestResolveSelectResponseLossAndReplay (0.48s)
=== RUN   TestResolveSelectReusedKeyWithChangedArguments
--- PASS: TestResolveSelectReusedKeyWithChangedArguments (0.57s)
=== RUN   TestResolveSelectStaleViewPreCommit
--- PASS: TestResolveSelectStaleViewPreCommit (0.53s)
=== RUN   TestResolveSelectUnseenVersionRemainsConcurrent
--- PASS: TestResolveSelectUnseenVersionRemainsConcurrent (0.76s)
=== RUN   TestResolveManualMerge
--- PASS: TestResolveManualMerge (0.84s)
=== RUN   TestRestoreHistoricalVersion
--- PASS: TestRestoreHistoricalVersion (0.78s)
=== RUN   TestRestoreExecutableStatusFollowsSelectedVersion
--- PASS: TestRestoreExecutableStatusFollowsSelectedVersion (0.74s)
=== RUN   TestRestoreExpiredPayloadReturnsContentExpired
--- PASS: TestRestoreExpiredPayloadReturnsContentExpired (0.64s)
=== RUN   TestKeepCopiesDestinationCollisionPreservesFiles
--- PASS: TestKeepCopiesDestinationCollisionPreservesFiles (0.52s)
=== RUN   TestKeepCopiesPartialResumptionNoDuplicateCopies
--- PASS: TestKeepCopiesPartialResumptionNoDuplicateCopies (0.80s)
=== RUN   TestExport
--- PASS: TestExport (0.60s)
=== RUN   TestHistoryAvailability
--- PASS: TestHistoryAvailability (0.60s)
=== RUN   TestMembershipExportImportPreview
--- PASS: TestMembershipExportImportPreview (0.61s)
=== RUN   TestRetireMemberPreviewAndExecute
--- PASS: TestRetireMemberPreviewAndExecute (0.50s)
=== RUN   TestEnrollPreviewAndBootstrap
--- PASS: TestEnrollPreviewAndBootstrap (0.59s)
=== RUN   TestStorageControlOperations
--- PASS: TestStorageControlOperations (0.49s)
=== RUN   TestStorageCheckAndRepairControlOperations
--- PASS: TestStorageCheckAndRepairControlOperations (0.43s)
=== RUN   TestDoctorDiagnostics
--- PASS: TestDoctorDiagnostics (0.46s)
=== RUN   TestAllFifteenStableErrorCategories
--- PASS: TestAllFifteenStableErrorCategories (0.00s)
=== RUN   TestOrbitMutationControl
--- PASS: TestOrbitMutationControl (0.71s)
=== RUN   TestRecoveryInspectionUsesOwnedDatabaseAndReportsMismatch
--- PASS: TestRecoveryInspectionUsesOwnedDatabaseAndReportsMismatch (0.41s)
=== RUN   TestFolderManagementAndUnregisterEmitsZeroDeletes
--- PASS: TestFolderManagementAndUnregisterEmitsZeroDeletes (0.37s)
=== RUN   TestMaintenanceOperations
--- PASS: TestMaintenanceOperations (0.87s)
=== RUN   TestWANW14ProfileMismatchIsPrecise
--- PASS: TestWANW14ProfileMismatchIsPrecise (0.00s)
=== RUN   TestServerSecurityAndBootstrapFlow
--- PASS: TestServerSecurityAndBootstrapFlow (0.70s)
=== RUN   TestWANW12SupportRedactsNestedErrorsAndCredentials
--- PASS: TestWANW12SupportRedactsNestedErrorsAndCredentials (1.04s)
=== RUN   TestSupportExport
--- PASS: TestSupportExport (0.64s)
=== RUN   TestWANW11PreparedEnrollmentRetryRetainsOriginalExpiry
--- PASS: TestWANW11PreparedEnrollmentRetryRetainsOriginalExpiry (0.00s)
=== RUN   TestWorkControlOperations
--- PASS: TestWorkControlOperations (0.57s)
=== RUN   TestWANW12LocalOnlyDoctorIsPassiveAndTyped
--- PASS: TestWANW12LocalOnlyDoctorIsPassiveAndTyped (0.54s)
=== RUN   TestWANW12InternetDisableClosesBeforeCompletionAndRetainsIntent
--- PASS: TestWANW12InternetDisableClosesBeforeCompletionAndRetainsIntent (0.58s)
=== RUN   TestWANW12RestartRequiredHasNextAction
--- PASS: TestWANW12RestartRequiredHasNextAction (0.58s)
=== RUN   TestWANW11TimingReviewIsExactDurableAndRestartRequired
--- PASS: TestWANW11TimingReviewIsExactDurableAndRestartRequired (0.59s)
=== RUN   TestOrbitSettings_Control_SettingsOperations
--- PASS: TestOrbitSettings_Control_SettingsOperations (0.63s)
=== RUN   TestOrbitSettings_Control_PeerEndpointsOperations
--- PASS: TestOrbitSettings_Control_PeerEndpointsOperations (0.62s)
=== RUN   TestOrbitSettings_Control_SetupOperations
--- PASS: TestOrbitSettings_Control_SetupOperations (0.84s)
=== RUN   TestOrbitSettings_Control_InvitationsAndEnrollment
--- PASS: TestOrbitSettings_Control_InvitationsAndEnrollment (0.56s)
=== RUN   TestOrbitSettings_Control_ReadLeasesAndGCProtection
--- PASS: TestOrbitSettings_Control_ReadLeasesAndGCProtection (0.56s)
=== RUN   TestOrbitSettings_Control_HTTP_EndpointsAndRecoverySafety
--- PASS: TestOrbitSettings_Control_HTTP_EndpointsAndRecoverySafety (0.44s)
=== RUN   TestOrbitShell_DeletedFiles_HTTP
--- PASS: TestOrbitShell_DeletedFiles_HTTP (0.51s)
=== RUN   TestOrbitEndpoints_ControlUnit
--- PASS: TestOrbitEndpoints_ControlUnit (0.51s)
=== RUN   TestOrbitSetup_InspectSetup
--- PASS: TestOrbitSetup_InspectSetup (0.48s)
=== RUN   TestOrbitSetup_PreviewCreateAndJoinRoot
--- PASS: TestOrbitSetup_PreviewCreateAndJoinRoot (0.44s)
=== RUN   TestOrbitSetup_StartAndResumeSetup_PreservesPreexistingFiles
--- PASS: TestOrbitSetup_StartAndResumeSetup_PreservesPreexistingFiles (0.46s)
=== RUN   TestOrbitSetup_DirectoryPicker
--- PASS: TestOrbitSetup_DirectoryPicker (0.39s)
=== RUN   TestOrbitSetup_OpenLocalFolder
--- PASS: TestOrbitSetup_OpenLocalFolder (0.45s)
=== RUN   TestOrbitSetup_InterruptedSetupResume
--- PASS: TestOrbitSetup_InterruptedSetupResume (0.53s)
=== RUN   TestWANW14PackagedOfferReviewAndOperatorReplacement
--- PASS: TestWANW14PackagedOfferReviewAndOperatorReplacement (0.46s)
=== RUN   TestWANW14PackagedUpdateNeedsReviewWhenTextChanges
--- PASS: TestWANW14PackagedUpdateNeedsReviewWhenTextChanges (0.39s)
=== RUN   TestWANW14CapabilityAdvertised
--- PASS: TestWANW14CapabilityAdvertised (0.36s)
=== RUN   TestTerminalContext_NoFolders
--- PASS: TestTerminalContext_NoFolders (0.34s)
=== RUN   TestTerminalContext_ExplicitFolderAndName
--- PASS: TestTerminalContext_ExplicitFolderAndName (0.33s)
=== RUN   TestTerminalContext_DuplicateNames
--- PASS: TestTerminalContext_DuplicateNames (0.40s)
=== RUN   TestTerminalContext_CwdInference
--- PASS: TestTerminalContext_CwdInference (0.36s)
=== RUN   TestTerminalContext_PathValidationAndSymlink
--- PASS: TestTerminalContext_PathValidationAndSymlink (0.33s)
=== RUN   TestTerminalFoldersAndDevices
--- PASS: TestTerminalFoldersAndDevices (0.32s)
=== RUN   TestWANW06PolicyReviewReplayAndStaleness
--- PASS: TestWANW06PolicyReviewReplayAndStaleness (0.35s)
=== RUN   TestWANW06AcceptedPolicyRecoversBeforeActivation
--- PASS: TestWANW06AcceptedPolicyRecoversBeforeActivation (0.32s)
PASS
ok  	github.com/calebhabesh/file-sync/internal/control	31.438s
=== RUN   TestTerminalT01IntegersAndStrictCodec
--- PASS: TestTerminalT01IntegersAndStrictCodec (0.00s)
=== RUN   TestTerminalT01MutationContracts
--- PASS: TestTerminalT01MutationContracts (0.01s)
=== RUN   TestTerminalT01Fixtures
--- PASS: TestTerminalT01Fixtures (0.01s)
=== RUN   TestTerminalT01QueriesAndExits
--- PASS: TestTerminalT01QueriesAndExits (0.00s)
=== RUN   TestTerminalT01FingerprintBindsReview
--- PASS: TestTerminalT01FingerprintBindsReview (0.00s)
=== RUN   TestTerminalT01JoinInvitation
--- PASS: TestTerminalT01JoinInvitation (0.00s)
=== RUN   TestTerminalT01UploadFingerprint
--- PASS: TestTerminalT01UploadFingerprint (0.00s)
=== RUN   TestTerminalT01StateExitCategories
--- PASS: TestTerminalT01StateExitCategories (0.00s)
=== RUN   TestWANW01NetworkControlContracts
--- PASS: TestWANW01NetworkControlContracts (0.00s)
=== RUN   TestWANW11ZeroTimingPreservesLegacyPolicyBytes
--- PASS: TestWANW11ZeroTimingPreservesLegacyPolicyBytes (0.00s)
=== RUN   TestWANW14CompactInvitationCode
    invitation_code_test.go:78: full v3 code 2336 chars; compact 1683 chars
--- PASS: TestWANW14CompactInvitationCode (0.01s)
=== RUN   TestWANW14FutureInvitationVersionIsPrecise
--- PASS: TestWANW14FutureInvitationVersionIsPrecise (0.00s)
PASS
ok  	github.com/calebhabesh/file-sync/internal/control/terminalcontract	1.046s
?   	github.com/calebhabesh/file-sync/internal/controlclient	[no test files]
=== RUN   TestRequiredCausalFixtures
--- PASS: TestRequiredCausalFixtures (0.00s)
=== RUN   TestExecutableOnlyEditAndEmptyFileAreVersions
--- PASS: TestExecutableOnlyEditAndEmptyFileAreVersions (0.00s)
=== RUN   TestDuplicateIdentityMissingParentMalformedVectorAndOverflowRejected
--- PASS: TestDuplicateIdentityMissingParentMalformedVectorAndOverflowRejected (0.00s)
=== RUN   TestFolderWideCounterGapDoesNotFakeSamePathAncestry
--- PASS: TestFolderWideCounterGapDoesNotFakeSamePathAncestry (0.00s)
=== RUN   TestOrdinaryCaptureUsesBasisAndBlocksSameAuthorStaleBasis
--- PASS: TestOrdinaryCaptureUsesBasisAndBlocksSameAuthorStaleBasis (0.00s)
=== RUN   TestReviewedResolutionAndStructuralConflict
--- PASS: TestReviewedResolutionAndStructuralConflict (0.00s)
=== RUN   TestPathManifestAndRetirementValidation
--- PASS: TestPathManifestAndRetirementValidation (0.00s)
PASS
ok  	github.com/calebhabesh/file-sync/internal/history	1.010s
?   	github.com/calebhabesh/file-sync/internal/launcher	[no test files]
=== RUN   TestWANW12DoctorCancellationAndAdmission
--- PASS: TestWANW12DoctorCancellationAndAdmission (0.06s)
=== RUN   TestWANW12PassiveCandidateFreshness
--- PASS: TestWANW12PassiveCandidateFreshness (0.00s)
=== RUN   TestWANW12UDPProbeUsesActualSTUNResponse
    diagnostics_test.go:109: UDP response verified; no NAT classification inferred
--- PASS: TestWANW12UDPProbeUsesActualSTUNResponse (0.00s)
=== RUN   TestWANW12ProbeCodesDoNotLeakRawErrors
--- PASS: TestWANW12ProbeCodesDoNotLeakRawErrors (0.00s)
=== RUN   TestWANW12PinnedProbesNeverSendHTTPOrAlterObservedRoute
2026/10/06 17:48:10 http: TLS handshake error from 127.0.0.1:34742: remote error: tls: bad certificate
--- PASS: TestWANW12PinnedProbesNeverSendHTTPOrAlterObservedRoute (0.01s)
=== RUN   TestWANW08ScopedSignedDiscoveryAdmission
=== RUN   TestWANW08ScopedSignedDiscoveryAdmission/unknown
=== RUN   TestWANW08ScopedSignedDiscoveryAdmission/pin
=== RUN   TestWANW08ScopedSignedDiscoveryAdmission/signature
=== RUN   TestWANW08ScopedSignedDiscoveryAdmission/expired
=== RUN   TestWANW08ScopedSignedDiscoveryAdmission/generation
=== RUN   TestWANW08ScopedSignedDiscoveryAdmission/public
=== RUN   TestWANW08ScopedSignedDiscoveryAdmission/multicast
=== RUN   TestWANW08ScopedSignedDiscoveryAdmission/loopback
=== RUN   TestWANW08ScopedSignedDiscoveryAdmission/wrong-prefix
=== RUN   TestWANW08ScopedSignedDiscoveryAdmission/interface
=== RUN   TestWANW08ScopedSignedDiscoveryAdmission/source
=== RUN   TestWANW08ScopedSignedDiscoveryAdmission/oversized
=== RUN   TestWANW08ScopedSignedDiscoveryAdmission/unknown-field
--- PASS: TestWANW08ScopedSignedDiscoveryAdmission (0.01s)
    --- PASS: TestWANW08ScopedSignedDiscoveryAdmission/unknown (0.00s)
    --- PASS: TestWANW08ScopedSignedDiscoveryAdmission/pin (0.00s)
    --- PASS: TestWANW08ScopedSignedDiscoveryAdmission/signature (0.00s)
    --- PASS: TestWANW08ScopedSignedDiscoveryAdmission/expired (0.00s)
    --- PASS: TestWANW08ScopedSignedDiscoveryAdmission/generation (0.00s)
    --- PASS: TestWANW08ScopedSignedDiscoveryAdmission/public (0.00s)
    --- PASS: TestWANW08ScopedSignedDiscoveryAdmission/multicast (0.00s)
    --- PASS: TestWANW08ScopedSignedDiscoveryAdmission/loopback (0.00s)
    --- PASS: TestWANW08ScopedSignedDiscoveryAdmission/wrong-prefix (0.00s)
    --- PASS: TestWANW08ScopedSignedDiscoveryAdmission/interface (0.00s)
    --- PASS: TestWANW08ScopedSignedDiscoveryAdmission/source (0.00s)
    --- PASS: TestWANW08ScopedSignedDiscoveryAdmission/oversized (0.00s)
    --- PASS: TestWANW08ScopedSignedDiscoveryAdmission/unknown-field (0.00s)
=== RUN   TestWANW08PinnedFamilyRaceAndDirectoryIndependentPool
--- PASS: TestWANW08PinnedFamilyRaceAndDirectoryIndependentPool (0.21s)
=== RUN   TestWANW08WrongPinBlockedTCPFallsBackWithoutDisclosure
=== RUN   TestWANW08WrongPinBlockedTCPFallsBackWithoutDisclosure/wrong-pin
2026/10/06 17:48:11 http: TLS handshake error from 127.0.0.1:39364: remote error: tls: bad certificate
=== RUN   TestWANW08WrongPinBlockedTCPFallsBackWithoutDisclosure/blocked
=== RUN   TestWANW08WrongPinBlockedTCPFallsBackWithoutDisclosure/ipv6-unavailable
--- PASS: TestWANW08WrongPinBlockedTCPFallsBackWithoutDisclosure (0.79s)
    --- PASS: TestWANW08WrongPinBlockedTCPFallsBackWithoutDisclosure/wrong-pin (0.01s)
    --- PASS: TestWANW08WrongPinBlockedTCPFallsBackWithoutDisclosure/blocked (0.76s)
    --- PASS: TestWANW08WrongPinBlockedTCPFallsBackWithoutDisclosure/ipv6-unavailable (0.01s)
=== RUN   TestWANW08CandidateBoundsExpiryAndOptionalListener
--- PASS: TestWANW08CandidateBoundsExpiryAndOptionalListener (0.00s)
=== RUN   TestWANW08EmptyPublicLeaseDoesNotConsumeRepeatedLookupQuota
--- PASS: TestWANW08EmptyPublicLeaseDoesNotConsumeRepeatedLookupQuota (0.00s)
=== RUN   TestWANW08CancellationLimitsAndJoinedResources
    direct_test.go:368: peak blocked raw TCP dials=32; joined dials/requests/pools/sockets=0
--- PASS: TestWANW08CancellationLimitsAndJoinedResources (0.02s)
=== RUN   TestWANW08DatagramFloodFixedWorkersAndSocketCleanup
    direct_test.go:433: 1000 spoof/oversized datagrams; FD before/during/after=6/8/6, goroutines before/after=2/2, admitted identity callbacks=10, whole-process HeapAlloc before/during/after=1925048/2113952/2123328
--- PASS: TestWANW08DatagramFloodFixedWorkersAndSocketCleanup (0.11s)
=== RUN   TestWANW08OptionalIncomingSocketCeiling
    direct_test.go:497: 64 raw incoming sockets admitted; excess remains in kernel backlog; slots release on close
--- PASS: TestWANW08OptionalIncomingSocketCeiling (0.04s)
=== RUN   TestWANW08IndependentInterfaceLeasesAndAggregateCandidates
--- PASS: TestWANW08IndependentInterfaceLeasesAndAggregateCandidates (0.00s)
=== RUN   TestWANW10ICEHTTP3NATMatrix
=== RUN   TestWANW10ICEHTTP3NATMatrix/no_NAT
    ice_test.go:167: simulated topology: NAT=<nil> blocked-peer-UDP=false; STUN=11.1.1.1:3478; no host network mutations
2026/10/06 17:48:11 connection doesn't allow setting of receive buffer size. Not a *net.UDPConn?. See https://github.com/quic-go/quic-go/wiki/UDP-Buffer-Sizes for details.
=== RUN   TestWANW10ICEHTTP3NATMatrix/endpoint_independent
    ice_test.go:167: simulated topology: NAT=&{Mode:0 MappingBehavior:0 FilteringBehavior:0 Hairpinning:false PortPreservation:false MappingLifeTime:0s} blocked-peer-UDP=false; STUN=11.1.1.1:3478; no host network mutations
=== RUN   TestWANW10ICEHTTP3NATMatrix/address_dependent_filtering
    ice_test.go:167: simulated topology: NAT=&{Mode:0 MappingBehavior:0 FilteringBehavior:1 Hairpinning:false PortPreservation:false MappingLifeTime:0s} blocked-peer-UDP=false; STUN=11.1.1.1:3478; no host network mutations
=== RUN   TestWANW10ICEHTTP3NATMatrix/address_port_dependent_filtering
    ice_test.go:167: simulated topology: NAT=&{Mode:0 MappingBehavior:0 FilteringBehavior:2 Hairpinning:false PortPreservation:false MappingLifeTime:0s} blocked-peer-UDP=false; STUN=11.1.1.1:3478; no host network mutations
=== RUN   TestWANW10ICEHTTP3NATMatrix/incompatible_address_port_mappings
    ice_test.go:167: simulated topology: NAT=&{Mode:0 MappingBehavior:2 FilteringBehavior:2 Hairpinning:false PortPreservation:false MappingLifeTime:0s} blocked-peer-UDP=false; STUN=11.1.1.1:3478; no host network mutations
=== RUN   TestWANW10ICEHTTP3NATMatrix/blocked_peer_UDP
    ice_test.go:167: simulated topology: NAT=&{Mode:0 MappingBehavior:0 FilteringBehavior:0 Hairpinning:false PortPreservation:false MappingLifeTime:0s} blocked-peer-UDP=true; STUN=11.1.1.1:3478; no host network mutations
--- PASS: TestWANW10ICEHTTP3NATMatrix (14.35s)
    --- PASS: TestWANW10ICEHTTP3NATMatrix/no_NAT (0.22s)
    --- PASS: TestWANW10ICEHTTP3NATMatrix/endpoint_independent (1.50s)
    --- PASS: TestWANW10ICEHTTP3NATMatrix/address_dependent_filtering (1.59s)
    --- PASS: TestWANW10ICEHTTP3NATMatrix/address_port_dependent_filtering (1.03s)
    --- PASS: TestWANW10ICEHTTP3NATMatrix/incompatible_address_port_mappings (5.01s)
    --- PASS: TestWANW10ICEHTTP3NATMatrix/blocked_peer_UDP (5.00s)
=== RUN   TestWANW10ICEGatherCancellationAndCredentials
    ice_test.go:252: simulated topology: NAT=<nil> blocked-peer-UDP=false; STUN=11.1.1.1:3478; no host network mutations
--- PASS: TestWANW10ICEGatherCancellationAndCredentials (0.01s)
=== RUN   TestWANW10ICESocketAndSessionAdmission
--- PASS: TestWANW10ICESocketAndSessionAdmission (0.01s)
=== RUN   TestWANW10IncompatibleDoubleNAT
    ice_test.go:331: simulated topology: NAT=&{Mode:0 MappingBehavior:2 FilteringBehavior:2 Hairpinning:false PortPreservation:false MappingLifeTime:0s} blocked-peer-UDP=false; STUN=11.1.1.1:3478; no host network mutations
    ice_test.go:333: two NAT layers per endpoint: inner endpoint-independent; outer address/port-dependent mapping/filtering; bounded check failure
--- PASS: TestWANW10IncompatibleDoubleNAT (5.00s)
=== RUN   TestWANW10ICESlowStreamCancellation
    ice_test.go:337: simulated topology: NAT=&{Mode:0 MappingBehavior:0 FilteringBehavior:0 Hairpinning:false PortPreservation:false MappingLifeTime:0s} blocked-peer-UDP=false; STUN=11.1.1.1:3478; no host network mutations
    ice_test.go:392: offered 32 MiB; sent before cancellation 65536 bytes; fixed 32 KiB write buffer and unchanged HTTP3 receive windows
--- PASS: TestWANW10ICESlowStreamCancellation (1.23s)
=== RUN   TestWANW10SharedQUICAdmission
--- PASS: TestWANW10SharedQUICAdmission (0.34s)
=== RUN   TestWANW02ManagerReuseScopeIdentityAndShutdown
--- PASS: TestWANW02ManagerReuseScopeIdentityAndShutdown (0.01s)
=== RUN   TestWANW02GenerationMatchesIndependentModel
--- PASS: TestWANW02GenerationMatchesIndependentModel (0.01s)
=== RUN   TestWANW02SlowPeerBoundsCancellationAndOtherProgress
--- PASS: TestWANW02SlowPeerBoundsCancellationAndOtherProgress (0.02s)
=== RUN   TestWANW02PoolLRUAndManualCandidateBounds
--- PASS: TestWANW02PoolLRUAndManualCandidateBounds (0.74s)
=== RUN   TestWANW02ShutdownJoinsPendingDial
--- PASS: TestWANW02ShutdownJoinsPendingDial (0.00s)
=== RUN   TestWANW02PurposePoolsAndDrainingGenerationBound
--- PASS: TestWANW02PurposePoolsAndDrainingGenerationBound (0.02s)
=== RUN   TestWANW02DialAdmissionSurvivesGenerationFlapping
--- PASS: TestWANW02DialAdmissionSurvivesGenerationFlapping (0.01s)
=== RUN   TestWANW02OwnedSocketAdmissionAcrossPools
--- PASS: TestWANW02OwnedSocketAdmissionAcrossPools (0.00s)
=== RUN   TestWANW09PacketBoundariesMTUAddressesAndPairChange
--- PASS: TestWANW09PacketBoundariesMTUAddressesAndPairChange (0.00s)
=== RUN   TestWANW09PacketDeadlineCancelClose
--- PASS: TestWANW09PacketDeadlineCancelClose (0.02s)
=== RUN   TestWANW09HTTP3HeaderAndBodyDeadlines
    quic_test.go:92: actual header and body bounds 5s 15s
--- PASS: TestWANW09HTTP3HeaderAndBodyDeadlines (20.03s)
=== RUN   TestWANW09HTTP3StreamingMemoryCancelAndJoinedClose
    quic_test.go:149: 32-MiB offered; sent before cancel=167333; heap before/during=1512288/2452864; goroutines=8
--- PASS: TestWANW09HTTP3StreamingMemoryCancelAndJoinedClose (0.11s)
=== RUN   TestWANW09OptionalUDPDisabledAndCollision
--- PASS: TestWANW09OptionalUDPDisabledAndCollision (0.00s)
=== RUN   TestWANW09QUICAdmissionAndALPN
    quic_test.go:227: incoming cap=32; goroutines before/after=2/3
--- PASS: TestWANW09QUICAdmissionAndALPN (0.18s)
=== RUN   TestWANW09HTTP3ResponseHeaderAndWriteBounds
    quic_test.go:287: 16-KiB response header refusal; actual 15-second response-header and 30-second response-write deadlines 30.01461007s
--- PASS: TestWANW09HTTP3ResponseHeaderAndWriteBounds (45.04s)
=== RUN   TestWANW04ManagerRetiresPooledRelayBeforeNewRequest
--- PASS: TestWANW04ManagerRetiresPooledRelayBeforeNewRequest (0.00s)
=== RUN   TestWANW04ManagerRelayIsolationAndPendingCancel
--- PASS: TestWANW04ManagerRelayIsolationAndPendingCancel (0.00s)
=== RUN   TestWANW14PackagedReleaseProfile
--- PASS: TestWANW14PackagedReleaseProfile (0.00s)
=== RUN   TestWANW14ReviewOperatorChange
--- PASS: TestWANW14ReviewOperatorChange (0.00s)
=== RUN   TestWANW11CompetingPeersSlowDNSRelayAndCancellation
=== RUN   TestWANW11CompetingPeersSlowDNSRelayAndCancellation/dns
    roaming_competition_test.go:97: 32 competing peers phase=dns DNS peak=4 relay attempts peak=3; joined cancellation=9.84604ms; active requests/pools/dials/resolvers/relay=0
=== RUN   TestWANW11CompetingPeersSlowDNSRelayAndCancellation/relay
    roaming_competition_test.go:97: 32 competing peers phase=relay DNS peak=0 relay attempts peak=20; joined cancellation=1.299563ms; active requests/pools/dials/resolvers/relay=0
--- PASS: TestWANW11CompetingPeersSlowDNSRelayAndCancellation (0.02s)
    --- PASS: TestWANW11CompetingPeersSlowDNSRelayAndCancellation/dns (0.01s)
    --- PASS: TestWANW11CompetingPeersSlowDNSRelayAndCancellation/relay (0.01s)
=== RUN   TestWANW11IsolatedAddressDefaultRouteDetection
    roaming_namespace_test.go:20: requires marked disposable namespace runner
--- SKIP: TestWANW11IsolatedAddressDefaultRouteDetection (0.00s)
=== RUN   TestWANW11RelayDirectReprobeAndGenerationDrain
    roaming_test.go:97: authenticated relay/direct/relay routing used real TLS/HTTP; addresses/dial outcome and time were injected
--- PASS: TestWANW11RelayDirectReprobeAndGenerationDrain (0.01s)
=== RUN   TestWANW11LateLookupCannotPublishIntoNewGeneration
--- PASS: TestWANW11LateLookupCannotPublishIntoNewGeneration (0.00s)
=== RUN   TestWANW11FailedICERetryIsTimedAndQuotaQuietPeriodDoesNotSlide
--- PASS: TestWANW11FailedICERetryIsTimedAndQuotaQuietPeriodDoesNotSlide (0.00s)
=== RUN   TestWANW11NetworkWatcherCoalescesAndJoins
--- PASS: TestWANW11NetworkWatcherCoalescesAndJoins (0.03s)
=== RUN   TestWANW11ColdRaceRetainsQuotaAfterCanceledICEWaiter
--- PASS: TestWANW11ColdRaceRetainsQuotaAfterCanceledICEWaiter (0.75s)
=== RUN   TestWANW11ResponderQuotaRetryIsBoundedAndKeepsSession
--- PASS: TestWANW11ResponderQuotaRetryIsBoundedAndKeepsSession (5.01s)
=== RUN   TestWANW11DirectCooldownGrowsAndFreshNetworkClearsIt
--- PASS: TestWANW11DirectCooldownGrowsAndFreshNetworkClearsIt (0.00s)
=== RUN   TestWANW11RepeatedFlappingBoundsBusyGenerations
    roaming_test.go:360: 200 reordered generations across eight pinned TCP targets retained exactly two pools/requests per target; body drain pruned all old work
--- PASS: TestWANW11RepeatedFlappingBoundsBusyGenerations (0.08s)
=== RUN   TestWANW11FreshLookupRevalidatesUnchangedRemoteLeaseAfterRoam
--- PASS: TestWANW11FreshLookupRevalidatesUnchangedRemoteLeaseAfterRoam (0.00s)
=== RUN   TestWANW11CandidateArrivalInvalidatesEarlyEmptyProbe
--- PASS: TestWANW11CandidateArrivalInvalidatesEarlyEmptyProbe (0.00s)
=== RUN   TestWANW11SlowLookupAndRelayShutdownJoin
=== RUN   TestWANW11SlowLookupAndRelayShutdownJoin/lookup
=== RUN   TestWANW11SlowLookupAndRelayShutdownJoin/relay
--- PASS: TestWANW11SlowLookupAndRelayShutdownJoin (0.75s)
    --- PASS: TestWANW11SlowLookupAndRelayShutdownJoin/lookup (0.00s)
    --- PASS: TestWANW11SlowLookupAndRelayShutdownJoin/relay (0.75s)
=== RUN   TestWANW03DNSAllAnswersAndRebinding
--- PASS: TestWANW03DNSAllAnswersAndRebinding (0.00s)
=== RUN   TestWANW03CanceledResolverFloodIsBounded
    service_client_test.go:144: 1,000 canceled callers: resolver peak=4; after close active=0 sockets=0
--- PASS: TestWANW03CanceledResolverFloodIsBounded (0.35s)
=== RUN   TestWANW03PrivacyPolicyHasNoServiceTraffic
--- PASS: TestWANW03PrivacyPolicyHasNoServiceTraffic (0.00s)
=== RUN   TestWANW03LookupRejectsSubstitution
--- PASS: TestWANW03LookupRejectsSubstitution (0.00s)
=== RUN   TestWANW01StreamBoundsAndDeadlines
--- PASS: TestWANW01StreamBoundsAndDeadlines (0.01s)
=== RUN   TestWANW01StreamInvalidFrames
=== RUN   TestWANW01StreamInvalidFrames/maximum
=== RUN   TestWANW01StreamInvalidFrames/one-over
=== RUN   TestWANW01StreamInvalidFrames/text
--- PASS: TestWANW01StreamInvalidFrames (0.02s)
    --- PASS: TestWANW01StreamInvalidFrames/maximum (0.01s)
    --- PASS: TestWANW01StreamInvalidFrames/one-over (0.01s)
    --- PASS: TestWANW01StreamInvalidFrames/text (0.00s)
=== RUN   TestWANW01WSSSlowReceiverCancellation
    stream_test.go:116: slow receiver blocked after 106 bounded frames; cancellation joined writer
--- PASS: TestWANW01WSSSlowReceiverCancellation (0.10s)
=== RUN   TestWANW01ForwardBackpressureCleanup
--- PASS: TestWANW01ForwardBackpressureCleanup (0.03s)
=== RUN   TestWANW01ListenerCancel
--- PASS: TestWANW01ListenerCancel (0.00s)
=== RUN   TestWANW01BrokerBrowserOrigin
--- PASS: TestWANW01BrokerBrowserOrigin (0.00s)
=== RUN   TestWANW11ReviewedTimingControlsRuntimeDeadlines
--- PASS: TestWANW11ReviewedTimingControlsRuntimeDeadlines (0.25s)
=== RUN   TestWANW01TransportTrustAndPlaintext
--- PASS: TestWANW01TransportTrustAndPlaintext (0.00s)
=== RUN   TestWANW15RejectedAnnouncementKeepsAcceptedOfferGeneration
    wan_w15_test.go:144: quota-rejected renewal retains exact service-accepted offer generation=1791323386549689227; unready dial/lookup do no service work
--- PASS: TestWANW15RejectedAnnouncementKeepsAcceptedOfferGeneration (0.03s)
PASS
ok  	github.com/calebhabesh/file-sync/internal/network	96.888s
=== RUN   TestGoldenEnvelopeDecodesAndValidates
--- PASS: TestGoldenEnvelopeDecodesAndValidates (0.00s)
=== RUN   TestEnvelopeDecoderRejectsUnknownDuplicateAndNoncanonicalFields
--- PASS: TestEnvelopeDecoderRejectsUnknownDuplicateAndNoncanonicalFields (0.00s)
=== RUN   TestWANW10ICEContractBoundsAndLegacyEncoding
--- PASS: TestWANW10ICEContractBoundsAndLegacyEncoding (0.00s)
=== RUN   TestWANW10ICEDeterministicRoleAndPurpose
--- PASS: TestWANW10ICEDeterministicRoleAndPurpose (0.00s)
=== RUN   TestWANW10IndependentSignedICEGolden
--- PASS: TestWANW10IndependentSignedICEGolden (0.00s)
=== RUN   TestWANW08LANIndependentGoldenAndStrictCodec
--- PASS: TestWANW08LANIndependentGoldenAndStrictCodec (0.00s)
=== RUN   TestWANW09LANQUICIndependentGoldenAndCapabilities
--- PASS: TestWANW09LANQUICIndependentGoldenAndCapabilities (0.00s)
=== RUN   TestTerminalT03MembershipDecoder
--- PASS: TestTerminalT03MembershipDecoder (0.00s)
=== RUN   TestMembershipEncodingMatchesP01GoldenFixture
--- PASS: TestMembershipEncodingMatchesP01GoldenFixture (0.00s)
=== RUN   TestRetirementSnapshotEncodingMatchesP01GoldenFixture
--- PASS: TestRetirementSnapshotEncodingMatchesP01GoldenFixture (0.00s)
=== RUN   TestWANW01CanonicalGoldens
--- PASS: TestWANW01CanonicalGoldens (0.01s)
=== RUN   TestWANW01StrictNetworkCodec
--- PASS: TestWANW01StrictNetworkCodec (0.00s)
=== RUN   TestWANW01MaximumMessages
--- PASS: TestWANW01MaximumMessages (0.00s)
=== RUN   TestWANW01ProofSubstitution
--- PASS: TestWANW01ProofSubstitution (0.01s)
=== RUN   TestWANW01URLScope
--- PASS: TestWANW01URLScope (0.00s)
=== RUN   TestWANW01RoutedBindingsAndV2Coexistence
--- PASS: TestWANW01RoutedBindingsAndV2Coexistence (0.01s)
=== RUN   TestWANW01ProfileAuthorityExpiryAndRotation
=== RUN   TestWANW01ProfileAuthorityExpiryAndRotation/expired
=== RUN   TestWANW01ProfileAuthorityExpiryAndRotation/rollback
=== RUN   TestWANW01ProfileAuthorityExpiryAndRotation/missing-authority
=== RUN   TestWANW01ProfileAuthorityExpiryAndRotation/self-supplied-authority
--- PASS: TestWANW01ProfileAuthorityExpiryAndRotation (0.00s)
    --- PASS: TestWANW01ProfileAuthorityExpiryAndRotation/expired (0.00s)
    --- PASS: TestWANW01ProfileAuthorityExpiryAndRotation/rollback (0.00s)
    --- PASS: TestWANW01ProfileAuthorityExpiryAndRotation/missing-authority (0.00s)
    --- PASS: TestWANW01ProfileAuthorityExpiryAndRotation/self-supplied-authority (0.00s)
=== RUN   TestWANW01OfferMaximum
--- PASS: TestWANW01OfferMaximum (0.00s)
=== RUN   TestWANW01CertificateMaximum
--- PASS: TestWANW01CertificateMaximum (0.21s)
=== RUN   TestWANW01CrossEnvelopeBindings
--- PASS: TestWANW01CrossEnvelopeBindings (0.00s)
=== RUN   TestWANW01InvitationSizeBound
--- PASS: TestWANW01InvitationSizeBound (0.00s)
=== RUN   TestWANW01MaximumGoldenAndOneOver
--- PASS: TestWANW01MaximumGoldenAndOneOver (0.01s)
=== RUN   TestWANW01IntentGoldenAndFreshChallenge
--- PASS: TestWANW01IntentGoldenAndFreshChallenge (0.00s)
=== RUN   TestWANW11RouteTimingBoundsAndLegacyDefaults
--- PASS: TestWANW11RouteTimingBoundsAndLegacyDefaults (0.00s)
=== RUN   TestTerminalT01EnrollmentWire
--- PASS: TestTerminalT01EnrollmentWire (0.00s)
=== RUN   TestTerminalT01StatusProofDomain
--- PASS: TestTerminalT01StatusProofDomain (0.00s)
=== RUN   FuzzWANW15SignedProfile
=== RUN   FuzzWANW15SignedProfile/seed#0
=== RUN   FuzzWANW15SignedProfile/seed#1
--- PASS: FuzzWANW15SignedProfile (0.00s)
    --- PASS: FuzzWANW15SignedProfile/seed#0 (0.00s)
    --- PASS: FuzzWANW15SignedProfile/seed#1 (0.00s)
=== RUN   FuzzWANW15NetworkCodec
=== RUN   FuzzWANW15NetworkCodec/seed#0
=== RUN   FuzzWANW15NetworkCodec/seed#1
=== RUN   FuzzWANW15NetworkCodec/seed#2
=== RUN   FuzzWANW15NetworkCodec/seed#3
=== RUN   FuzzWANW15NetworkCodec/seed#4
=== RUN   FuzzWANW15NetworkCodec/seed#5
=== RUN   FuzzWANW15NetworkCodec/seed#6
--- PASS: FuzzWANW15NetworkCodec (0.02s)
    --- PASS: FuzzWANW15NetworkCodec/seed#0 (0.00s)
    --- PASS: FuzzWANW15NetworkCodec/seed#1 (0.00s)
    --- PASS: FuzzWANW15NetworkCodec/seed#2 (0.00s)
    --- PASS: FuzzWANW15NetworkCodec/seed#3 (0.00s)
    --- PASS: FuzzWANW15NetworkCodec/seed#4 (0.00s)
    --- PASS: FuzzWANW15NetworkCodec/seed#5 (0.00s)
    --- PASS: FuzzWANW15NetworkCodec/seed#6 (0.00s)
PASS
ok  	github.com/calebhabesh/file-sync/internal/protocol	1.296s
=== RUN   TestWANW10SignedICESessionReplayAndIsolation
--- PASS: TestWANW10SignedICESessionReplayAndIsolation (0.20s)
=== RUN   TestWANW04OutboundLegsAndBidirectionalBytes
--- PASS: TestWANW04OutboundLegsAndBidirectionalBytes (0.22s)
=== RUN   TestWANW04WrongAttachmentsAndReplay
=== RUN   TestWANW04WrongAttachmentsAndReplay/role
=== RUN   TestWANW04WrongAttachmentsAndReplay/pin
=== RUN   TestWANW04WrongAttachmentsAndReplay/purpose
=== RUN   TestWANW04WrongAttachmentsAndReplay/epoch
=== RUN   TestWANW04WrongAttachmentsAndReplay/signature
=== RUN   TestWANW04WrongAttachmentsAndReplay/expired
=== RUN   TestWANW04WrongAttachmentsAndReplay/released
=== RUN   TestWANW04WrongAttachmentsAndReplay/duplicate
--- PASS: TestWANW04WrongAttachmentsAndReplay (0.77s)
    --- PASS: TestWANW04WrongAttachmentsAndReplay/role (0.09s)
    --- PASS: TestWANW04WrongAttachmentsAndReplay/pin (0.09s)
    --- PASS: TestWANW04WrongAttachmentsAndReplay/purpose (0.08s)
    --- PASS: TestWANW04WrongAttachmentsAndReplay/epoch (0.08s)
    --- PASS: TestWANW04WrongAttachmentsAndReplay/signature (0.09s)
    --- PASS: TestWANW04WrongAttachmentsAndReplay/expired (0.08s)
    --- PASS: TestWANW04WrongAttachmentsAndReplay/released (0.11s)
    --- PASS: TestWANW04WrongAttachmentsAndReplay/duplicate (0.15s)
=== RUN   TestWANW04UnpairedExpiryAndAbruptLoss
=== RUN   TestWANW04UnpairedExpiryAndAbruptLoss/expiry
=== RUN   TestWANW04UnpairedExpiryAndAbruptLoss/close
=== RUN   TestWANW04UnpairedExpiryAndAbruptLoss/service
--- PASS: TestWANW04UnpairedExpiryAndAbruptLoss (0.43s)
    --- PASS: TestWANW04UnpairedExpiryAndAbruptLoss/expiry (0.15s)
    --- PASS: TestWANW04UnpairedExpiryAndAbruptLoss/close (0.15s)
    --- PASS: TestWANW04UnpairedExpiryAndAbruptLoss/service (0.13s)
=== RUN   TestWANW04IdleLifetimeByteQuotaAndCancel
=== RUN   TestWANW04IdleLifetimeByteQuotaAndCancel/idle
=== RUN   TestWANW04IdleLifetimeByteQuotaAndCancel/lifetime
=== RUN   TestWANW04IdleLifetimeByteQuotaAndCancel/bytes
=== RUN   TestWANW04IdleLifetimeByteQuotaAndCancel/cancel
=== RUN   TestWANW04IdleLifetimeByteQuotaAndCancel/slow
--- PASS: TestWANW04IdleLifetimeByteQuotaAndCancel (1.05s)
    --- PASS: TestWANW04IdleLifetimeByteQuotaAndCancel/idle (0.21s)
    --- PASS: TestWANW04IdleLifetimeByteQuotaAndCancel/lifetime (0.17s)
    --- PASS: TestWANW04IdleLifetimeByteQuotaAndCancel/bytes (0.14s)
    --- PASS: TestWANW04IdleLifetimeByteQuotaAndCancel/cancel (0.22s)
    --- PASS: TestWANW04IdleLifetimeByteQuotaAndCancel/slow (0.31s)
=== RUN   TestWANW04BandwidthCeilingAndCancellation
--- PASS: TestWANW04BandwidthCeilingAndCancellation (0.10s)
=== RUN   TestWANW04ConcurrentDuplicateLegAdmission
--- PASS: TestWANW04ConcurrentDuplicateLegAdmission (0.21s)
=== RUN   TestWANW04PurposeListenerIsolation
--- PASS: TestWANW04PurposeListenerIsolation (0.23s)
=== RUN   TestWANW04ServiceCapacityResourcesAndEnrollmentIsolation
    relay_test.go:380: 66 live tunnels: heap=29778560 delta=27761648 FDs=271 delta=264 goroutines=664 delta=660
    relay_test.go:423: streamed 8388608 bytes in 1.822554504s; heap=37872760 FDs=279 goroutines=676
    relay_test.go:452: joined: FDs=6 goroutines=2
--- PASS: TestWANW04ServiceCapacityResourcesAndEnrollmentIsolation (12.53s)
=== RUN   TestWANW04RestartEpochAndFreshChallenge
--- PASS: TestWANW04RestartEpochAndFreshChallenge (0.13s)
=== RUN   TestWANW04BandwidthReconnectRetention
--- PASS: TestWANW04BandwidthReconnectRetention (0.15s)
=== RUN   TestWANW04BrokerSeesOnlyInnerTLSCiphertext
    relay_test.go:589: inspected 2144 inner-TLS bytes at decrypted outer-WSS boundary
--- PASS: TestWANW04BrokerSeesOnlyInnerTLSCiphertext (0.14s)
=== RUN   TestWANW04PostAuthenticationFrameBounds
=== RUN   TestWANW04PostAuthenticationFrameBounds/maximum
=== RUN   TestWANW04PostAuthenticationFrameBounds/one-over
=== RUN   TestWANW04PostAuthenticationFrameBounds/text
--- PASS: TestWANW04PostAuthenticationFrameBounds (0.42s)
    --- PASS: TestWANW04PostAuthenticationFrameBounds/maximum (0.14s)
    --- PASS: TestWANW04PostAuthenticationFrameBounds/one-over (0.13s)
    --- PASS: TestWANW04PostAuthenticationFrameBounds/text (0.15s)
=== RUN   TestWANW04PerPairAdmissionCannotBeBypassedByNewClient
--- PASS: TestWANW04PerPairAdmissionCannotBeBypassedByNewClient (0.18s)
=== RUN   TestWANW13RotationOverlapAndSanitizedMetrics
--- PASS: TestWANW13RotationOverlapAndSanitizedMetrics (0.02s)
=== RUN   TestWANW05QuotaProofDoesNotStrandChallengeSlots
--- PASS: TestWANW05QuotaProofDoesNotStrandChallengeSlots (0.07s)
=== RUN   TestWANW03RegistrationAndReplay
--- PASS: TestWANW03RegistrationAndReplay (0.04s)
=== RUN   TestWANW03AuthenticationBindings
=== RUN   TestWANW03AuthenticationBindings/signature
=== RUN   TestWANW03AuthenticationBindings/key
=== RUN   TestWANW03AuthenticationBindings/origin
=== RUN   TestWANW03AuthenticationBindings/profile
=== RUN   TestWANW03AuthenticationBindings/purpose
=== RUN   TestWANW03AuthenticationBindings/expired
=== RUN   TestWANW03AuthenticationBindings/path
=== RUN   TestWANW03AuthenticationBindings/payload
--- PASS: TestWANW03AuthenticationBindings (0.06s)
    --- PASS: TestWANW03AuthenticationBindings/signature (0.01s)
    --- PASS: TestWANW03AuthenticationBindings/key (0.01s)
    --- PASS: TestWANW03AuthenticationBindings/origin (0.01s)
    --- PASS: TestWANW03AuthenticationBindings/profile (0.01s)
    --- PASS: TestWANW03AuthenticationBindings/purpose (0.01s)
    --- PASS: TestWANW03AuthenticationBindings/expired (0.01s)
    --- PASS: TestWANW03AuthenticationBindings/path (0.01s)
    --- PASS: TestWANW03AuthenticationBindings/payload (0.01s)
=== RUN   TestWANW03LeaseExpiryAndRestart
--- PASS: TestWANW03LeaseExpiryAndRestart (0.05s)
=== RUN   TestWANW03CandidateAndBodyBounds
=== RUN   TestWANW03CandidateAndBodyBounds/127.0.0.1:1
=== RUN   TestWANW03CandidateAndBodyBounds/10.0.0.1:443
=== RUN   TestWANW03CandidateAndBodyBounds/169.254.1.1:80
=== RUN   TestWANW03CandidateAndBodyBounds/100.64.0.1:80
=== RUN   TestWANW03CandidateAndBodyBounds/[::1]:443
=== RUN   TestWANW03CandidateAndBodyBounds/[::ffff:8.8.8.8]:443
=== RUN   TestWANW03CandidateAndBodyBounds/0.0.0.0:443
--- PASS: TestWANW03CandidateAndBodyBounds (0.06s)
    --- PASS: TestWANW03CandidateAndBodyBounds/127.0.0.1:1 (0.01s)
    --- PASS: TestWANW03CandidateAndBodyBounds/10.0.0.1:443 (0.01s)
    --- PASS: TestWANW03CandidateAndBodyBounds/169.254.1.1:80 (0.01s)
    --- PASS: TestWANW03CandidateAndBodyBounds/100.64.0.1:80 (0.01s)
    --- PASS: TestWANW03CandidateAndBodyBounds/[::1]:443 (0.01s)
    --- PASS: TestWANW03CandidateAndBodyBounds/[::ffff:8.8.8.8]:443 (0.01s)
    --- PASS: TestWANW03CandidateAndBodyBounds/0.0.0.0:443 (0.00s)
=== RUN   TestWANW03SharedNATAndCacheAdmission
--- PASS: TestWANW03SharedNATAndCacheAdmission (0.41s)
=== RUN   TestWANW03MaximumRoutesAndChallenges
--- PASS: TestWANW03MaximumRoutesAndChallenges (8.48s)
=== RUN   TestWANW03ControlOffersAndReservationIntent
--- PASS: TestWANW03ControlOffersAndReservationIntent (0.13s)
=== RUN   TestWANW03UnknownEnrollmentIsSeparate
--- PASS: TestWANW03UnknownEnrollmentIsSeparate (0.07s)
=== RUN   TestWANW03ControlFloodAndShutdown
    service_test.go:599: 200 concurrent lookups; 9 admitted completions; client slots <=4, controls=1; shutdown joined
--- PASS: TestWANW03ControlFloodAndShutdown (0.20s)
=== RUN   TestWANW03TLSAndHeaderOrigins
--- PASS: TestWANW03TLSAndHeaderOrigins (0.15s)
=== RUN   TestWANW03ProfilePersistenceAndRollback
--- PASS: TestWANW03ProfilePersistenceAndRollback (0.01s)
=== RUN   TestWANW03IdleSocketAdmissionAndClose
    service_test.go:730: 272 raw sockets; goroutine delta=256 (ceiling 256); server close joins idle TLS work
--- PASS: TestWANW03IdleSocketAdmissionAndClose (0.09s)
=== RUN   TestWANW03ProfilesRejectRollbackAndAuthority
--- PASS: TestWANW03ProfilesRejectRollbackAndAuthority (0.01s)
=== RUN   TestWANW03NoIdleMetadataRetention
--- PASS: TestWANW03NoIdleMetadataRetention (1.00s)
=== RUN   TestWANW03LocalPinsGateDataOffers
--- PASS: TestWANW03LocalPinsGateDataOffers (0.16s)
=== RUN   TestWANW03ReannouncementJitterAndStableRenewal
--- PASS: TestWANW03ReannouncementJitterAndStableRenewal (0.02s)
=== RUN   TestWANW03ControlHeartbeatPreservesIdleSession
--- PASS: TestWANW03ControlHeartbeatPreservesIdleSession (26.12s)
=== RUN   TestWANW03WSSAdmissionBounds
--- PASS: TestWANW03WSSAdmissionBounds (0.02s)
=== RUN   TestWANW03ServiceBinaryRestart
--- PASS: TestWANW03ServiceBinaryRestart (0.40s)
=== RUN   TestWANW10STUNMappingMalformedAndRateBounds
    stun_test.go:98: IPv4 binding response 32/20 bytes; 100-request burst responses 10 ; malformed silent; closure joins sole worker
--- PASS: TestWANW10STUNMappingMalformedAndRateBounds (1.11s)
PASS
ok  	github.com/calebhabesh/file-sync/internal/rendezvous	56.467s
