=== RUN   TestWANW15WholeDaemonCrashRouteAndReceiptRecovery
=== RUN   TestWANW15WholeDaemonCrashRouteAndReceiptRecovery/transfer.chunk.verified
    wan_roaming_test.go:76: W15 service refusal path=/network/v1/challenge code=QUOTA_EXCEEDED
    wan_roaming_test.go:76: W15 service refusal path=/network/v1/challenge code=QUOTA_EXCEEDED
    wan_roaming_test.go:76: W15 service refusal path=/network/v1/offer code=STALE_GENERATION
    wan_roaming_test.go:76: W15 service refusal path=/network/v1/offer code=STALE_GENERATION
    wan_roaming_test.go:76: W15 service refusal path=/network/v1/release code=PURPOSE_MISMATCH
    wan_roaming_test.go:76: W15 service refusal path=/network/v1/release code=PURPOSE_MISMATCH
    wan_roaming_test.go:76: W15 service refusal path=/network/v1/offer code=STALE_GENERATION
    wan_roaming_test.go:76: W15 service refusal path=/network/v1/release code=PURPOSE_MISMATCH
    wan_roaming_test.go:76: W15 service refusal path=/network/v1/offer code=STALE_GENERATION
    wan_roaming_test.go:76: W15 service refusal path=/network/v1/release code=PURPOSE_MISMATCH
    wan_roaming_test.go:76: W15 service refusal path=/network/v1/offer code=STALE_GENERATION
    wan_roaming_test.go:76: W15 service refusal path=/network/v1/release code=PURPOSE_MISMATCH
    wan_roaming_test.go:76: W15 service refusal path=/network/v1/offer code=STALE_GENERATION
    wan_roaming_test.go:76: W15 service refusal path=/network/v1/release code=PURPOSE_MISMATCH
    wan_roaming_test.go:76: W15 service refusal path=/network/v1/offer code=STALE_GENERATION
    wan_roaming_test.go:76: W15 service refusal path=/network/v1/release code=PURPOSE_MISMATCH
    wan_roaming_test.go:76: W15 service refusal path=/network/v1/offer code=STALE_GENERATION
    wan_roaming_test.go:76: W15 service refusal path=/network/v1/release code=PURPOSE_MISMATCH
    wan_roaming_test.go:76: W15 service refusal path=/network/v1/lookup code=QUOTA_EXCEEDED
    wan_roaming_test.go:76: W15 service refusal path=/network/v1/offer code=STALE_GENERATION
    wan_roaming_test.go:76: W15 service refusal path=/network/v1/release code=QUOTA_EXCEEDED
    wan_roaming_test.go:76: W15 service refusal path=/network/v1/announce code=QUOTA_EXCEEDED
    wan_roaming_test.go:76: W15 service refusal path=/network/v1/announce code=QUOTA_EXCEEDED
    wan_roaming_test.go:76: W15 service refusal path=/network/v1/offer code=STALE_GENERATION
    wan_roaming_test.go:76: W15 service refusal path=/network/v1/release code=PURPOSE_MISMATCH
    wan_roaming_test.go:76: W15 service refusal path=/network/v1/offer code=STALE_GENERATION
    wan_roaming_test.go:76: W15 service refusal path=/network/v1/release code=PURPOSE_MISMATCH
    wan_roaming_test.go:76: W15 service refusal path=/network/v1/offer code=QUOTA_EXCEEDED
    wan_roaming_test.go:76: W15 service refusal path=/network/v1/offer code=STALE_GENERATION
    wan_roaming_test.go:76: W15 service refusal path=/network/v1/release code=PURPOSE_MISMATCH
    wan_roaming_test.go:76: W15 service refusal path=/network/v1/release code=PURPOSE_MISMATCH
    wan_roaming_test.go:76: W15 service refusal path=/network/v1/offer code=STALE_GENERATION
    wan_roaming_test.go:76: W15 service refusal path=/network/v1/release code=PURPOSE_MISMATCH
    wan_roaming_test.go:76: W15 service refusal path=/network/v1/offer code=QUOTA_EXCEEDED
    wan_roaming_test.go:76: W15 service refusal path=/network/v1/release code=QUOTA_EXCEEDED
    wan_roaming_test.go:76: W15 service refusal path=/network/v1/offer code=STALE_GENERATION
    wan_roaming_test.go:76: W15 service refusal path=/network/v1/release code=PURPOSE_MISMATCH
    wan_roaming_test.go:76: W15 service refusal path=/network/v1/offer code=STALE_GENERATION
    wan_roaming_test.go:76: W15 service refusal path=/network/v1/release code=PURPOSE_MISMATCH
    wan_roaming_test.go:76: W15 service refusal path=/network/v1/lookup code=QUOTA_EXCEEDED
    wan_roaming_test.go:76: W15 service refusal path=/network/v1/offer code=STALE_GENERATION
    wan_roaming_test.go:76: W15 service refusal path=/network/v1/release code=PURPOSE_MISMATCH
    wan_roaming_test.go:76: W15 service refusal path=/network/v1/offer code=STALE_GENERATION
    wan_roaming_test.go:76: W15 service refusal path=/network/v1/release code=PURPOSE_MISMATCH
    wan_roaming_test.go:76: W15 service refusal path=/network/v1/offer code=STALE_GENERATION
    wan_roaming_test.go:76: W15 service refusal path=/network/v1/release code=QUOTA_EXCEEDED
    wan_roaming_test.go:76: W15 service refusal path=/network/v1/offer code=QUOTA_EXCEEDED
    wan_roaming_test.go:76: W15 service refusal path=/network/v1/release code=QUOTA_EXCEEDED
    wan_roaming_test.go:76: W15 service refusal path=/network/v1/offer code=STALE_GENERATION
    wan_roaming_test.go:76: W15 service refusal path=/network/v1/release code=PURPOSE_MISMATCH
    wan_roaming_test.go:76: W15 service refusal path=/network/v1/offer code=STALE_GENERATION
    wan_roaming_test.go:76: W15 service refusal path=/network/v1/release code=PURPOSE_MISMATCH
    wan_roaming_test.go:76: W15 service refusal path=/network/v1/announce code=QUOTA_EXCEEDED
    wan_roaming_test.go:76: W15 service refusal path=/network/v1/offer code=STALE_GENERATION
    wan_roaming_test.go:76: W15 service refusal path=/network/v1/release code=PURPOSE_MISMATCH
    wan_roaming_test.go:76: W15 service refusal path=/network/v1/offer code=STALE_GENERATION
    wan_roaming_test.go:76: W15 service refusal path=/network/v1/release code=PURPOSE_MISMATCH
    wan_roaming_test.go:76: W15 service refusal path=/network/v1/offer code=QUOTA_EXCEEDED
    wan_roaming_test.go:76: W15 service refusal path=/network/v1/release code=QUOTA_EXCEEDED
    wan_roaming_test.go:76: W15 service refusal path=/network/v1/offer code=STALE_GENERATION
    wan_roaming_test.go:76: W15 service refusal path=/network/v1/release code=PURPOSE_MISMATCH
    wan_roaming_test.go:76: W15 service refusal path=/network/v1/offer code=STALE_GENERATION
    wan_roaming_test.go:76: W15 service refusal path=/network/v1/release code=PURPOSE_MISMATCH
    wan_roaming_test.go:76: W15 service refusal path=/network/v1/offer code=QUOTA_EXCEEDED
    wan_roaming_test.go:76: W15 service refusal path=/network/v1/release code=QUOTA_EXCEEDED
    wan_roaming_test.go:76: W15 service refusal path=/network/v1/challenge code=QUOTA_EXCEEDED
    wan_roaming_test.go:76: W15 service refusal path=/network/v1/offer code=STALE_GENERATION
    wan_roaming_test.go:76: W15 service refusal path=/network/v1/release code=PURPOSE_MISMATCH
    wan_roaming_test.go:76: W15 service refusal path=/network/v1/offer code=STALE_GENERATION
    wan_roaming_test.go:76: W15 service refusal path=/network/v1/release code=PURPOSE_MISMATCH
    wan_roaming_test.go:76: W15 service refusal path=/network/v1/offer code=STALE_GENERATION
    wan_roaming_test.go:76: W15 service refusal path=/network/v1/release code=PURPOSE_MISMATCH
    wan_roaming_test.go:76: W15 service refusal path=/network/v1/lookup code=QUOTA_EXCEEDED
    wan_roaming_test.go:76: W15 service refusal path=/network/v1/offer code=STALE_GENERATION
    wan_roaming_test.go:76: W15 service refusal path=/network/v1/release code=PURPOSE_MISMATCH
    wan_roaming_test.go:76: W15 service refusal path=/network/v1/offer code=STALE_GENERATION
    wan_roaming_test.go:76: W15 service refusal path=/network/v1/release code=PURPOSE_MISMATCH
    wan_roaming_test.go:76: W15 service refusal path=/network/v1/offer code=QUOTA_EXCEEDED
    wan_roaming_test.go:76: W15 service refusal path=/network/v1/release code=QUOTA_EXCEEDED
    wan_roaming_test.go:76: W15 service refusal path=/network/v1/offer code=STALE_GENERATION
    wan_roaming_test.go:76: W15 service refusal path=/network/v1/release code=PURPOSE_MISMATCH
    wan_roaming_test.go:76: W15 service refusal path=/network/v1/offer code=STALE_GENERATION
    wan_roaming_test.go:76: W15 service refusal path=/network/v1/release code=PURPOSE_MISMATCH
    wan_roaming_test.go:76: W15 service refusal path=/network/v1/lookup code=QUOTA_EXCEEDED
    wan_roaming_test.go:233: W15 verified working bytes name=relay-start.txt bytes=19 wait=1m8.801171817s
    wan_roaming_test.go:234: whole daemon route relay after 9.034138ms generation=4
    wan_roaming_test.go:76: W15 service refusal path=/network/v1/release code=PURPOSE_MISMATCH
    wan_roaming_test.go:76: W15 service refusal path=/network/v1/release code=PURPOSE_MISMATCH
    wan_roaming_test.go:236: whole daemon route quic after 11.845319597s generation=4
    wan_roaming_test.go:238: W15 idle interval start_ns=1791323119607043248
    wan_roaming_test.go:240: W15 idle interval end_ns=1791323124607235341
    wan_roaming_test.go:76: W15 service refusal path=/network/v1/challenge code=QUOTA_EXCEEDED
    wan_roaming_test.go:76: W15 service refusal path=/network/v1/offer code=ROUTE_UNAVAILABLE
    wan_roaming_test.go:76: W15 service refusal path=/network/v1/release code=PURPOSE_MISMATCH
    wan_roaming_test.go:76: W15 service refusal path=/network/v1/offer code=STALE_GENERATION
    wan_roaming_test.go:76: W15 service refusal path=/network/v1/release code=PURPOSE_MISMATCH
    wan_roaming_test.go:76: W15 service refusal path=/network/v1/offer code=STALE_GENERATION
    wan_roaming_test.go:76: W15 service refusal path=/network/v1/release code=PURPOSE_MISMATCH
    wan_roaming_test.go:76: W15 service refusal path=/network/v1/offer code=STALE_GENERATION
    wan_roaming_test.go:76: W15 service refusal path=/network/v1/release code=PURPOSE_MISMATCH
    wan_roaming_test.go:76: W15 service refusal path=/network/v1/offer code=STALE_GENERATION
    wan_roaming_test.go:76: W15 service refusal path=/network/v1/release code=PURPOSE_MISMATCH
    wan_roaming_test.go:76: W15 service refusal path=/network/v1/lookup code=QUOTA_EXCEEDED
    wan_roaming_test.go:76: W15 service refusal path=/network/v1/offer code=STALE_GENERATION
    wan_roaming_test.go:76: W15 service refusal path=/network/v1/release code=PURPOSE_MISMATCH
    wan_roaming_test.go:76: W15 service refusal path=/network/v1/offer code=STALE_GENERATION
    wan_roaming_test.go:76: W15 service refusal path=/network/v1/release code=PURPOSE_MISMATCH
    wan_roaming_test.go:76: W15 service refusal path=/network/v1/offer code=QUOTA_EXCEEDED
    wan_roaming_test.go:76: W15 service refusal path=/network/v1/release code=PURPOSE_MISMATCH
    wan_roaming_test.go:76: W15 service refusal path=/network/v1/offer code=STALE_GENERATION
    wan_roaming_test.go:76: W15 service refusal path=/network/v1/release code=PURPOSE_MISMATCH
    wan_roaming_test.go:76: W15 service refusal path=/network/v1/offer code=STALE_GENERATION
    wan_roaming_test.go:76: W15 service refusal path=/network/v1/release code=QUOTA_EXCEEDED
    wan_roaming_test.go:76: W15 service refusal path=/network/v1/offer code=STALE_GENERATION
    wan_roaming_test.go:76: W15 service refusal path=/network/v1/release code=QUOTA_EXCEEDED
    wan_roaming_test.go:76: W15 service refusal path=/network/v1/lookup code=QUOTA_EXCEEDED
    wan_roaming_test.go:76: W15 service refusal path=/network/v1/offer code=STALE_GENERATION
    wan_roaming_test.go:76: W15 service refusal path=/network/v1/release code=PURPOSE_MISMATCH
    wan_roaming_test.go:76: W15 service refusal path=/network/v1/offer code=STALE_GENERATION
    wan_roaming_test.go:76: W15 service refusal path=/network/v1/release code=PURPOSE_MISMATCH
    wan_roaming_test.go:76: W15 service refusal path=/network/v1/announce code=QUOTA_EXCEEDED
    wan_roaming_test.go:76: W15 service refusal path=/network/v1/offer code=STALE_GENERATION
    wan_roaming_test.go:76: W15 service refusal path=/network/v1/release code=PURPOSE_MISMATCH
    wan_roaming_test.go:76: W15 service refusal path=/network/v1/offer code=STALE_GENERATION
    wan_roaming_test.go:76: W15 service refusal path=/network/v1/release code=PURPOSE_MISMATCH
    wan_roaming_test.go:76: W15 service refusal path=/network/v1/offer code=QUOTA_EXCEEDED
    wan_roaming_test.go:76: W15 service refusal path=/network/v1/release code=QUOTA_EXCEEDED
    wan_roaming_test.go:76: W15 service refusal path=/network/v1/offer code=STALE_GENERATION
    wan_roaming_test.go:76: W15 service refusal path=/network/v1/release code=PURPOSE_MISMATCH
    wan_roaming_test.go:76: W15 service refusal path=/network/v1/offer code=STALE_GENERATION
    wan_roaming_test.go:76: W15 service refusal path=/network/v1/release code=PURPOSE_MISMATCH
    wan_roaming_test.go:76: W15 service refusal path=/network/v1/offer code=STALE_GENERATION
    wan_roaming_test.go:76: W15 service refusal path=/network/v1/release code=QUOTA_EXCEEDED
    wan_roaming_test.go:76: W15 service refusal path=/network/v1/lookup code=QUOTA_EXCEEDED
    wan_roaming_test.go:76: W15 service refusal path=/network/v1/offer code=STALE_GENERATION
    wan_roaming_test.go:76: W15 service refusal path=/network/v1/release code=PURPOSE_MISMATCH
    wan_roaming_test.go:76: W15 service refusal path=/network/v1/offer code=STALE_GENERATION
    wan_roaming_test.go:76: W15 service refusal path=/network/v1/release code=PURPOSE_MISMATCH
    wan_roaming_test.go:76: W15 service refusal path=/network/v1/offer code=QUOTA_EXCEEDED
    wan_roaming_test.go:76: W15 service refusal path=/network/v1/release code=QUOTA_EXCEEDED
    wan_roaming_test.go:76: W15 service refusal path=/network/v1/offer code=STALE_GENERATION
    wan_roaming_test.go:76: W15 service refusal path=/network/v1/release code=PURPOSE_MISMATCH
    wan_roaming_test.go:76: W15 service refusal path=/network/v1/offer code=STALE_GENERATION
    wan_roaming_test.go:76: W15 service refusal path=/network/v1/release code=PURPOSE_MISMATCH
    wan_roaming_test.go:76: W15 service refusal path=/network/v1/offer code=QUOTA_EXCEEDED
    wan_roaming_test.go:76: W15 service refusal path=/network/v1/release code=PURPOSE_MISMATCH
    wan_roaming_test.go:76: W15 service refusal path=/network/v1/release code=QUOTA_EXCEEDED
    wan_roaming_test.go:271: whole daemon route relay after 1m14.19378264s generation=4
    wan_roaming_test.go:76: W15 service refusal path=/network/v1/release code=PURPOSE_MISMATCH
    wan_roaming_test.go:76: W15 service refusal path=/network/v1/lookup code=QUOTA_EXCEEDED
    wan_roaming_test.go:76: W15 service refusal path=/network/v1/release code=PURPOSE_MISMATCH
    wan_roaming_test.go:76: W15 service refusal path=/network/v1/release code=PURPOSE_MISMATCH
    wan_roaming_test.go:76: W15 service refusal path=/network/v1/release code=PURPOSE_MISMATCH
    wan_roaming_test.go:272: W15 verified working bytes name=large.bin bytes=16777216 wait=18.557336655s
    wan_roaming_test.go:76: W15 service refusal path=/network/v1/release code=PURPOSE_MISMATCH
    wan_roaming_test.go:274: whole daemon route quic after 7.678074702s generation=4
    wan_roaming_test.go:275: W15 SIGKILL at transfer.chunk.verified: same immutable version and correct durable readiness; relay recovery
    wan_roaming_test.go:289: whole daemon address/default-route generation rebuild after 1.07375529s
    wan_roaming_test.go:303: whole daemon route relay after 1.935369038s generation=5
    wan_roaming_test.go:304: W15 verified working bytes name=large.bin bytes=16777216 wait=19.263039ms
    wan_roaming_test.go:76: W15 service refusal path=/network/v1/release code=PURPOSE_MISMATCH
    wan_roaming_test.go:306: W15 verified working bytes name=small-00.txt bytes=15 wait=4.123198917s
    wan_roaming_test.go:306: W15 verified working bytes name=small-01.txt bytes=15 wait=7.754µs
    wan_roaming_test.go:306: W15 verified working bytes name=small-02.txt bytes=15 wait=5.601µs
    wan_roaming_test.go:306: W15 verified working bytes name=small-03.txt bytes=15 wait=100.256676ms
    wan_roaming_test.go:306: W15 verified working bytes name=small-04.txt bytes=15 wait=9.929µs
    wan_roaming_test.go:306: W15 verified working bytes name=small-05.txt bytes=15 wait=6.974µs
    wan_roaming_test.go:306: W15 verified working bytes name=small-06.txt bytes=15 wait=4.769µs
    wan_roaming_test.go:306: W15 verified working bytes name=small-07.txt bytes=15 wait=4.98µs
    wan_roaming_test.go:309: whole daemon route quic after 12.820169716s generation=5
    wan_roaming_test.go:312: W15 service relayed encrypted inner stream bytes=16557199
    wan_roaming_test.go:76: W15 service refusal path=/network/v1/challenge code=PROFILE_EXPIRED
    wan_roaming_test.go:76: W15 service refusal path=/network/v1/challenge code=PROFILE_EXPIRED
    wan_roaming_test.go:76: W15 service refusal path=/network/v1/challenge code=PROFILE_EXPIRED
    wan_roaming_test.go:76: W15 service refusal path=/network/v1/challenge code=PROFILE_EXPIRED
    wan_roaming_test.go:317: W15 verified working bytes name=service-outage.txt bytes=42 wait=2.805465826s
    wan_roaming_test.go:76: W15 service refusal path=/network/v1/offer code=ROUTE_UNAVAILABLE
    wan_roaming_test.go:76: W15 service refusal path=/network/v1/release code=PURPOSE_MISMATCH
    wan_roaming_test.go:76: W15 service refusal path=/network/v1/offer code=STALE_GENERATION
    wan_roaming_test.go:76: W15 service refusal path=/network/v1/release code=PURPOSE_MISMATCH
    wan_roaming_test.go:76: W15 service refusal path=/network/v1/release code=QUOTA_EXCEEDED
    wan_roaming_test.go:76: W15 service refusal path=/network/v1/release code=PURPOSE_MISMATCH
    wan_roaming_test.go:76: W15 service refusal path=/network/v1/challenge code=QUOTA_EXCEEDED
    wan_roaming_test.go:76: W15 service refusal path=/network/v1/offer code=QUOTA_EXCEEDED
    wan_roaming_test.go:76: W15 service refusal path=/network/v1/release code=QUOTA_EXCEEDED
    wan_roaming_test.go:76: W15 service refusal path=/network/v1/release code=QUOTA_EXCEEDED
    wan_roaming_test.go:76: W15 service refusal path=/network/v1/release code=PURPOSE_MISMATCH
    wan_roaming_test.go:76: W15 service refusal path=/network/v1/accept code=QUOTA_EXCEEDED
    wan_roaming_test.go:76: W15 service refusal path=/network/v1/reserve code=QUOTA_EXCEEDED
    wan_roaming_test.go:76: W15 service refusal path=/network/v1/release code=QUOTA_EXCEEDED
    wan_roaming_test.go:76: W15 service refusal path=/network/v1/accept code=QUOTA_EXCEEDED
    wan_roaming_test.go:76: W15 service refusal path=/network/v1/accept code=QUOTA_EXCEEDED
    wan_roaming_test.go:76: W15 service refusal path=/network/v1/release code=PURPOSE_MISMATCH
    wan_roaming_test.go:76: W15 service refusal path=/network/v1/release code=PURPOSE_MISMATCH
    wan_roaming_test.go:321: W15 verified working bytes name=service-restarted.txt bytes=44 wait=29.898893268s
    wan_roaming_test.go:322: whole daemon route relay after 6.450223ms generation=5
    wan_roaming_test.go:324: whole daemon route quic after 18.255424599s generation=5
    wan_roaming_test.go:325: W15 direct sync survived service outage; fresh service restarted; relay bytes=290934
    wan_roaming_test.go:380: whole production daemons: relay→QUIC→address/default-route change during 16777216-byte transfer→relay→QUIC; exact two-way enrollment and heads/authors/manifests/bytes; finite 1 MiB/s budget; service port="44927"
=== RUN   TestWANW15WholeDaemonCrashRouteAndReceiptRecovery/transfer.receipt.after_send
    wan_roaming_test.go:76: W15 service refusal path=/network/v1/challenge code=QUOTA_EXCEEDED
    wan_roaming_test.go:76: W15 service refusal path=/network/v1/challenge code=QUOTA_EXCEEDED
    wan_roaming_test.go:76: W15 service refusal path=/network/v1/offer code=STALE_GENERATION
    wan_roaming_test.go:76: W15 service refusal path=/network/v1/offer code=STALE_GENERATION
    wan_roaming_test.go:76: W15 service refusal path=/network/v1/release code=PURPOSE_MISMATCH
    wan_roaming_test.go:76: W15 service refusal path=/network/v1/release code=PURPOSE_MISMATCH
    wan_roaming_test.go:76: W15 service refusal path=/network/v1/offer code=STALE_GENERATION
    wan_roaming_test.go:76: W15 service refusal path=/network/v1/offer code=STALE_GENERATION
    wan_roaming_test.go:76: W15 service refusal path=/network/v1/release code=PURPOSE_MISMATCH
    wan_roaming_test.go:76: W15 service refusal path=/network/v1/release code=PURPOSE_MISMATCH
    wan_roaming_test.go:76: W15 service refusal path=/network/v1/offer code=STALE_GENERATION
    wan_roaming_test.go:76: W15 service refusal path=/network/v1/offer code=STALE_GENERATION
    wan_roaming_test.go:76: W15 service refusal path=/network/v1/release code=PURPOSE_MISMATCH
    wan_roaming_test.go:76: W15 service refusal path=/network/v1/release code=PURPOSE_MISMATCH
    wan_roaming_test.go:76: W15 service refusal path=/network/v1/offer code=STALE_GENERATION
    wan_roaming_test.go:76: W15 service refusal path=/network/v1/offer code=STALE_GENERATION
    wan_roaming_test.go:76: W15 service refusal path=/network/v1/release code=PURPOSE_MISMATCH
    wan_roaming_test.go:76: W15 service refusal path=/network/v1/release code=PURPOSE_MISMATCH
    wan_roaming_test.go:76: W15 service refusal path=/network/v1/lookup code=QUOTA_EXCEEDED
    wan_roaming_test.go:76: W15 service refusal path=/network/v1/offer code=STALE_GENERATION
    wan_roaming_test.go:76: W15 service refusal path=/network/v1/release code=QUOTA_EXCEEDED
    wan_roaming_test.go:76: W15 service refusal path=/network/v1/announce code=QUOTA_EXCEEDED
    wan_roaming_test.go:76: W15 service refusal path=/network/v1/announce code=QUOTA_EXCEEDED
    wan_roaming_test.go:76: W15 service refusal path=/network/v1/offer code=STALE_GENERATION
    wan_roaming_test.go:76: W15 service refusal path=/network/v1/release code=PURPOSE_MISMATCH
    wan_roaming_test.go:76: W15 service refusal path=/network/v1/offer code=STALE_GENERATION
    wan_roaming_test.go:76: W15 service refusal path=/network/v1/release code=PURPOSE_MISMATCH
    wan_roaming_test.go:76: W15 service refusal path=/network/v1/offer code=QUOTA_EXCEEDED
    wan_roaming_test.go:76: W15 service refusal path=/network/v1/offer code=STALE_GENERATION
    wan_roaming_test.go:76: W15 service refusal path=/network/v1/release code=PURPOSE_MISMATCH
    wan_roaming_test.go:76: W15 service refusal path=/network/v1/release code=PURPOSE_MISMATCH
    wan_roaming_test.go:76: W15 service refusal path=/network/v1/offer code=STALE_GENERATION
    wan_roaming_test.go:76: W15 service refusal path=/network/v1/release code=PURPOSE_MISMATCH
    wan_roaming_test.go:76: W15 service refusal path=/network/v1/offer code=QUOTA_EXCEEDED
    wan_roaming_test.go:76: W15 service refusal path=/network/v1/release code=QUOTA_EXCEEDED
    wan_roaming_test.go:76: W15 service refusal path=/network/v1/offer code=STALE_GENERATION
    wan_roaming_test.go:76: W15 service refusal path=/network/v1/release code=PURPOSE_MISMATCH
    wan_roaming_test.go:76: W15 service refusal path=/network/v1/offer code=STALE_GENERATION
    wan_roaming_test.go:76: W15 service refusal path=/network/v1/release code=PURPOSE_MISMATCH
    wan_roaming_test.go:76: W15 service refusal path=/network/v1/lookup code=QUOTA_EXCEEDED
    wan_roaming_test.go:76: W15 service refusal path=/network/v1/offer code=STALE_GENERATION
    wan_roaming_test.go:76: W15 service refusal path=/network/v1/release code=PURPOSE_MISMATCH
    wan_roaming_test.go:76: W15 service refusal path=/network/v1/offer code=STALE_GENERATION
    wan_roaming_test.go:76: W15 service refusal path=/network/v1/release code=PURPOSE_MISMATCH
    wan_roaming_test.go:76: W15 service refusal path=/network/v1/offer code=STALE_GENERATION
    wan_roaming_test.go:76: W15 service refusal path=/network/v1/release code=QUOTA_EXCEEDED
    wan_roaming_test.go:76: W15 service refusal path=/network/v1/offer code=QUOTA_EXCEEDED
    wan_roaming_test.go:76: W15 service refusal path=/network/v1/release code=QUOTA_EXCEEDED
    wan_roaming_test.go:76: W15 service refusal path=/network/v1/offer code=STALE_GENERATION
    wan_roaming_test.go:76: W15 service refusal path=/network/v1/release code=PURPOSE_MISMATCH
    wan_roaming_test.go:76: W15 service refusal path=/network/v1/offer code=STALE_GENERATION
    wan_roaming_test.go:76: W15 service refusal path=/network/v1/release code=PURPOSE_MISMATCH
    wan_roaming_test.go:76: W15 service refusal path=/network/v1/offer code=STALE_GENERATION
    wan_roaming_test.go:76: W15 service refusal path=/network/v1/release code=PURPOSE_MISMATCH
    wan_roaming_test.go:76: W15 service refusal path=/network/v1/offer code=QUOTA_EXCEEDED
    wan_roaming_test.go:76: W15 service refusal path=/network/v1/release code=QUOTA_EXCEEDED
    wan_roaming_test.go:76: W15 service refusal path=/network/v1/offer code=STALE_GENERATION
    wan_roaming_test.go:76: W15 service refusal path=/network/v1/release code=PURPOSE_MISMATCH
    wan_roaming_test.go:76: W15 service refusal path=/network/v1/reserve code=QUOTA_EXCEEDED
    wan_roaming_test.go:76: W15 service refusal path=/network/v1/release code=QUOTA_EXCEEDED
    wan_roaming_test.go:76: W15 service refusal path=/network/v1/accept code=QUOTA_EXCEEDED
    wan_roaming_test.go:76: W15 service refusal path=/network/v1/release code=QUOTA_EXCEEDED
    wan_roaming_test.go:233: W15 verified working bytes name=relay-start.txt bytes=19 wait=49.647510895s
    wan_roaming_test.go:234: whole daemon route relay after 8.207059ms generation=4
    wan_roaming_test.go:76: W15 service refusal path=/network/v1/release code=PURPOSE_MISMATCH
    wan_roaming_test.go:236: whole daemon route quic after 1.512085055s generation=4
    wan_roaming_test.go:238: W15 idle interval start_ns=1791323389250912183
    wan_roaming_test.go:240: W15 idle interval end_ns=1791323394251592733
