=== RUN   TestWANW15WholeDaemonCrashRouteAndReceiptRecovery
=== RUN   TestWANW15WholeDaemonCrashRouteAndReceiptRecovery/transfer.chunk.verified
    wan_roaming_test.go:233: W15 verified working bytes name=relay-start.txt bytes=19 wait=9.544402316s
    wan_roaming_test.go:234: whole daemon route relay after 7.403455ms generation=4
    wan_roaming_test.go:236: whole daemon route quic after 6.00360361s generation=4
    wan_roaming_test.go:238: W15 idle interval start_ns=1791323879575388014
    wan_roaming_test.go:240: W15 idle interval end_ns=1791323884575658004
    wan_roaming_test.go:271: whole daemon route relay after 1.95604615s generation=4
    wan_roaming_test.go:272: W15 verified working bytes name=large.bin bytes=16777216 wait=17.797164701s
    wan_roaming_test.go:274: whole daemon route quic after 10.362958763s generation=4
    wan_roaming_test.go:275: W15 SIGKILL at transfer.chunk.verified: same immutable version and correct durable readiness; relay recovery
    wan_roaming_test.go:289: whole daemon address/default-route generation rebuild after 864.729981ms
    wan_roaming_test.go:303: whole daemon route relay after 6.187263006s generation=5
    wan_roaming_test.go:304: W15 verified working bytes name=large.bin bytes=16777216 wait=20.771317ms
    wan_roaming_test.go:306: W15 verified working bytes name=small-00.txt bytes=15 wait=3.220496654s
    wan_roaming_test.go:306: W15 verified working bytes name=small-01.txt bytes=15 wait=14.758µs
    wan_roaming_test.go:306: W15 verified working bytes name=small-02.txt bytes=15 wait=100.225879ms
    wan_roaming_test.go:306: W15 verified working bytes name=small-03.txt bytes=15 wait=9.118µs
    wan_roaming_test.go:306: W15 verified working bytes name=small-04.txt bytes=15 wait=5.992µs
    wan_roaming_test.go:306: W15 verified working bytes name=small-05.txt bytes=15 wait=6.963µs
    wan_roaming_test.go:306: W15 verified working bytes name=small-06.txt bytes=15 wait=5.761µs
    wan_roaming_test.go:306: W15 verified working bytes name=small-07.txt bytes=15 wait=100.701157ms
    wan_roaming_test.go:309: whole daemon route quic after 4.779389477s generation=5
    wan_roaming_test.go:312: W15 service relayed encrypted inner stream bytes=16147575
    wan_roaming_test.go:317: W15 verified working bytes name=service-outage.txt bytes=42 wait=2.806320906s
    wan_roaming_test.go:321: W15 verified working bytes name=service-restarted.txt bytes=44 wait=13.165991298s
    wan_roaming_test.go:322: whole daemon route relay after 6.685203ms generation=5
    wan_roaming_test.go:324: whole daemon route quic after 1.826186878s generation=5
    wan_roaming_test.go:325: W15 direct sync survived service outage; fresh service restarted; relay bytes=172029
    wan_roaming_test.go:380: whole production daemons: relay→QUIC→address/default-route change during 16777216-byte transfer→relay→QUIC; exact two-way enrollment and heads/authors/manifests/bytes; finite 1 MiB/s budget; service port="43307"
=== RUN   TestWANW15WholeDaemonCrashRouteAndReceiptRecovery/transfer.receipt.after_send
    wan_roaming_test.go:233: W15 verified working bytes name=relay-start.txt bytes=19 wait=4.020784077s
    wan_roaming_test.go:234: whole daemon route relay after 8.715172ms generation=4
    wan_roaming_test.go:236: whole daemon route quic after 7.279779638s generation=4
    wan_roaming_test.go:238: W15 idle interval start_ns=1791323999549549924
    wan_roaming_test.go:240: W15 idle interval end_ns=1791324004550421489
    wan_roaming_test.go:271: whole daemon route relay after 1.710269335s generation=4
    wan_roaming_test.go:272: W15 verified working bytes name=large.bin bytes=16777216 wait=1.038345227s
    wan_roaming_test.go:274: whole daemon route quic after 8.558991499s generation=4
    wan_roaming_test.go:275: W15 SIGKILL at transfer.receipt.after_send: same immutable version and correct durable readiness; relay recovery
    wan_roaming_test.go:289: whole daemon address/default-route generation rebuild after 648.507959ms
    wan_roaming_test.go:303: whole daemon route relay after 6.201572398s generation=5
    wan_roaming_test.go:304: W15 verified working bytes name=large.bin bytes=16777216 wait=19.700391ms
    wan_roaming_test.go:306: W15 verified working bytes name=small-00.txt bytes=15 wait=3.52000444s
    wan_roaming_test.go:306: W15 verified working bytes name=small-01.txt bytes=15 wait=7.615µs
    wan_roaming_test.go:306: W15 verified working bytes name=small-02.txt bytes=15 wait=7.044µs
    wan_roaming_test.go:306: W15 verified working bytes name=small-03.txt bytes=15 wait=5.2µs
    wan_roaming_test.go:306: W15 verified working bytes name=small-04.txt bytes=15 wait=4.739µs
    wan_roaming_test.go:306: W15 verified working bytes name=small-05.txt bytes=15 wait=100.231171ms
    wan_roaming_test.go:306: W15 verified working bytes name=small-06.txt bytes=15 wait=8.958µs
    wan_roaming_test.go:306: W15 verified working bytes name=small-07.txt bytes=15 wait=7.294µs
    wan_roaming_test.go:309: whole daemon route quic after 756.686246ms generation=5
    wan_roaming_test.go:312: W15 service relayed encrypted inner stream bytes=442566
    wan_roaming_test.go:317: W15 verified working bytes name=service-outage.txt bytes=42 wait=2.60534114s
    wan_roaming_test.go:321: W15 verified working bytes name=service-restarted.txt bytes=44 wait=5.828212235s
    wan_roaming_test.go:322: whole daemon route relay after 5.508986ms generation=5
    wan_roaming_test.go:324: whole daemon route quic after 5.123991458s generation=5
    wan_roaming_test.go:325: W15 direct sync survived service outage; fresh service restarted; relay bytes=74458
    wan_roaming_test.go:380: whole production daemons: relay→QUIC→address/default-route change during 16777216-byte transfer→relay→QUIC; exact two-way enrollment and heads/authors/manifests/bytes; finite 1 MiB/s budget; service port="45829"
--- PASS: TestWANW15WholeDaemonCrashRouteAndReceiptRecovery (244.32s)
    --- PASS: TestWANW15WholeDaemonCrashRouteAndReceiptRecovery/transfer.chunk.verified (124.18s)
    --- PASS: TestWANW15WholeDaemonCrashRouteAndReceiptRecovery/transfer.receipt.after_send (120.14s)
PASS

{"scenario": "impaired", "suite": "crash", "environment": "new isolated user/network namespace; no external route", "parent": "net:[4026531833]", "namespace": "net:[4026534407]", "commands": [["ip", "link", "set", "lo", "up"], ["ip", "link", "add", "orbit-w11", "type", "dummy"], ["ip", "link", "set", "orbit-w11", "up", "multicast", "on"], ["ip", "addr", "add", "11.23.45.1/24", "dev", "orbit-w11"], ["ip", "addr", "add", "10.23.45.1/24", "dev", "orbit-w11"], ["ip", "-6", "addr", "add", "2606:4700:4700::1111/64", "dev", "orbit-w11", "nodad"], ["tc", "qdisc", "add", "dev", "lo", "root", "handle", "1:", "prio", "bands", "3", "priomap", "2", "2", "2", "2", "2", "2", "2", "2", "2", "2", "2", "2", "2", "2", "2", "2"], ["tc", "qdisc", "add", "dev", "lo", "parent", "1:3", "handle", "30:", "netem", "delay", "25ms", "5ms", "loss", "1%", "reorder", "5%", "50%", "rate", "20mbit", "limit", "1000"], ["tc", "filter", "add", "dev", "lo", "protocol", "ip", "parent", "1:", "prio", "1", "u32", "match", "ip", "dst", "127.0.0.0/8", "flowid", "1:1"], ["tc", "filter", "add", "dev", "lo", "protocol", "ipv6", "parent", "1:", "prio", "2", "u32", "match", "ip6", "dst", "::1/128", "flowid", "1:1"]], "oracle": "exact immutable heads/authors/manifests/bytes, persistent identity/pin, durable readiness and receipts", "topology": "simulated addresses on dummy interface; native sockets; no physical WAN claim", "exit_code": 0, "seconds": 245.35299407600542}
