=== RUN   TestWANW15WholeDaemonCrashRouteAndReceiptRecovery
=== RUN   TestWANW15WholeDaemonCrashRouteAndReceiptRecovery/transfer.chunk.verified
    wan_roaming_test.go:233: W15 verified working bytes name=relay-start.txt bytes=19 wait=10.856510672s
    wan_roaming_test.go:234: whole daemon route relay after 13.486074ms generation=4
    wan_roaming_test.go:236: whole daemon route quic after 1.455311295s generation=4
    wan_roaming_test.go:238: W15 idle interval start_ns=1791323311281687683
    wan_roaming_test.go:240: W15 idle interval end_ns=1791323316282200706
    wan_roaming_test.go:76: W15 service refusal path=/network/v1/offer purpose=peer_data source=1791323298696907477/1791323298696907477 target=1791323298862249968/1791323320725315825 code=STALE_GENERATION
    wan_roaming_test.go:76: W15 service refusal path=/network/v1/release code=PURPOSE_MISMATCH
    wan_roaming_test.go:271: whole daemon route relay after 1.729718439s generation=4
    wan_roaming_test.go:76: W15 service refusal path=/network/v1/release code=PURPOSE_MISMATCH
    wan_roaming_test.go:76: W15 service refusal path=/network/v1/release code=PURPOSE_MISMATCH
    wan_roaming_test.go:76: W15 service refusal path=/network/v1/release code=QUOTA_EXCEEDED
    wan_roaming_test.go:76: W15 service refusal path=/network/v1/offer purpose=peer_data source=1791323298696907477/1791323298696907477 target=1791323320725315825/1791323320725315825 code=QUOTA_EXCEEDED
    wan_roaming_test.go:76: W15 service refusal path=/network/v1/release code=QUOTA_EXCEEDED
    wan_roaming_test.go:76: W15 service refusal path=/network/v1/release code=PURPOSE_MISMATCH
    wan_roaming_test.go:76: W15 service refusal path=/network/v1/reserve code=PURPOSE_MISMATCH
    wan_roaming_test.go:76: W15 service refusal path=/network/v1/release code=PURPOSE_MISMATCH
    wan_roaming_test.go:272: W15 verified working bytes name=large.bin bytes=16777216 wait=27.519904295s
    wan_roaming_test.go:76: W15 service refusal path=/network/v1/release code=PURPOSE_MISMATCH
    wan_roaming_test.go:76: W15 service refusal path=/network/v1/release code=PURPOSE_MISMATCH
    wan_roaming_test.go:76: W15 service refusal path=/network/v1/release code=QUOTA_EXCEEDED
    wan_roaming_test.go:76: W15 service refusal path=/network/v1/offer purpose=peer_data source=1791323298696907477/1791323298696907477 target=1791323320725315825/1791323320725315825 code=QUOTA_EXCEEDED
    wan_roaming_test.go:76: W15 service refusal path=/network/v1/release code=QUOTA_EXCEEDED
    wan_roaming_test.go:76: W15 service refusal path=/network/v1/release code=PURPOSE_MISMATCH
    wan_roaming_test.go:76: W15 service refusal path=/network/v1/reserve code=PURPOSE_MISMATCH
    wan_roaming_test.go:76: W15 service refusal path=/network/v1/release code=PURPOSE_MISMATCH
    wan_roaming_test.go:76: W15 service refusal path=/network/v1/lookup code=QUOTA_EXCEEDED
    wan_roaming_test.go:274: whole daemon route quic after 16.070692711s generation=4
    wan_roaming_test.go:275: W15 SIGKILL at transfer.chunk.verified: same immutable version and correct durable readiness; relay recovery
    wan_roaming_test.go:289: whole daemon address/default-route generation rebuild after 647.754824ms
    wan_roaming_test.go:76: W15 service refusal path=/network/v1/challenge code=QUOTA_EXCEEDED
    wan_roaming_test.go:303: whole daemon route relay after 6.664818282s generation=5
    wan_roaming_test.go:304: W15 verified working bytes name=large.bin bytes=16777216 wait=21.703554ms
    wan_roaming_test.go:306: W15 verified working bytes name=small-00.txt bytes=15 wait=3.315768129s
    wan_roaming_test.go:306: W15 verified working bytes name=small-01.txt bytes=15 wait=11.191µs
    wan_roaming_test.go:306: W15 verified working bytes name=small-02.txt bytes=15 wait=7.875µs
    wan_roaming_test.go:306: W15 verified working bytes name=small-03.txt bytes=15 wait=100.205979ms
    wan_roaming_test.go:306: W15 verified working bytes name=small-04.txt bytes=15 wait=12.343µs
    wan_roaming_test.go:306: W15 verified working bytes name=small-05.txt bytes=15 wait=6.042µs
    wan_roaming_test.go:306: W15 verified working bytes name=small-06.txt bytes=15 wait=5.31µs
    wan_roaming_test.go:306: W15 verified working bytes name=small-07.txt bytes=15 wait=5.22µs
    wan_roaming_test.go:309: whole daemon route quic after 1.400400485s generation=5
    wan_roaming_test.go:312: W15 service relayed encrypted inner stream bytes=16061307
    wan_roaming_test.go:76: W15 service refusal path=/network/v1/challenge code=PROFILE_EXPIRED
    wan_roaming_test.go:76: W15 service refusal path=/network/v1/challenge code=PROFILE_EXPIRED
    wan_roaming_test.go:76: W15 service refusal path=/network/v1/challenge code=PROFILE_EXPIRED
    wan_roaming_test.go:76: W15 service refusal path=/network/v1/challenge code=PROFILE_EXPIRED
    wan_roaming_test.go:317: W15 verified working bytes name=service-outage.txt bytes=42 wait=2.805162808s
    wan_roaming_test.go:76: W15 service refusal path=/network/v1/offer purpose=peer_data source=1791323320725315829/1791323320725315829 target=1791323298696907479/1791323298696907482 code=STALE_GENERATION
    wan_roaming_test.go:76: W15 service refusal path=/network/v1/release code=PURPOSE_MISMATCH
    wan_roaming_test.go:76: W15 service refusal path=/network/v1/reserve code=QUOTA_EXCEEDED
    wan_roaming_test.go:76: W15 service refusal path=/network/v1/release code=QUOTA_EXCEEDED
    wan_roaming_test.go:76: W15 service refusal path=/network/v1/lookup code=QUOTA_EXCEEDED
    wan_roaming_test.go:321: W15 verified working bytes name=service-restarted.txt bytes=44 wait=12.059548289s
    wan_roaming_test.go:322: whole daemon route relay after 6.746559ms generation=5
    wan_roaming_test.go:324: whole daemon route quic after 869.623156ms generation=5
    wan_roaming_test.go:325: W15 direct sync survived service outage; fresh service restarted; relay bytes=115618
    wan_roaming_test.go:76: W15 service refusal path=/network/v1/offer purpose=peer_data source=1791323320725315829/1791323320725315829 target=1791323298696907482/1791323298696907482 code=ROUTE_UNAVAILABLE
    wan_roaming_test.go:380: whole production daemons: relay→QUIC→address/default-route change during 16777216-byte transfer→relay→QUIC; exact two-way enrollment and heads/authors/manifests/bytes; finite 1 MiB/s budget; service port="46399"
=== RUN   TestWANW15WholeDaemonCrashRouteAndReceiptRecovery/transfer.receipt.after_send
    wan_roaming_test.go:76: W15 service refusal path=/network/v1/challenge code=QUOTA_EXCEEDED
    wan_roaming_test.go:233: W15 verified working bytes name=relay-start.txt bytes=19 wait=8.239112876s
    wan_roaming_test.go:234: whole daemon route relay after 10.522934ms generation=4
