=== RUN   TestWANW15DurableBoundariesMatchIndependentModel
=== RUN   TestWANW15DurableBoundariesMatchIndependentModel/transfer.chunk.verified
    wan_w15_test.go:134: trace=[approved metadata authenticated quic transfer.chunk.verified generation retired]; reused=1 fetched=1; exact heads/author/manifests/working bytes/receipt
=== RUN   TestWANW15DurableBoundariesMatchIndependentModel/transfer.readiness.before
    wan_w15_test.go:134: trace=[approved metadata authenticated quic transfer.chunk.verified transfer.chunk.verified transfer.readiness.before generation retired]; reused=2 fetched=0; exact heads/author/manifests/working bytes/receipt
=== RUN   TestWANW15DurableBoundariesMatchIndependentModel/transfer.readiness.after
    wan_w15_test.go:134: trace=[approved metadata authenticated quic transfer.chunk.verified transfer.chunk.verified transfer.readiness.before transfer.readiness.after generation retired]; reused=0 fetched=0; exact heads/author/manifests/working bytes/receipt
=== RUN   TestWANW15DurableBoundariesMatchIndependentModel/transfer.receipt.before_send
    wan_w15_test.go:134: trace=[approved metadata authenticated quic transfer.chunk.verified transfer.chunk.verified transfer.readiness.before transfer.readiness.after transfer.receipt.before_send generation retired]; reused=0 fetched=0; exact heads/author/manifests/working bytes/receipt
=== RUN   TestWANW15DurableBoundariesMatchIndependentModel/transfer.receipt.after_send
    wan_w15_test.go:134: trace=[approved metadata authenticated quic transfer.chunk.verified transfer.chunk.verified transfer.readiness.before transfer.readiness.after transfer.receipt.before_send transfer.receipt.after_send generation retired]; reused=0 fetched=0; exact heads/author/manifests/working bytes/receipt
--- PASS: TestWANW15DurableBoundariesMatchIndependentModel (5.02s)
    --- PASS: TestWANW15DurableBoundariesMatchIndependentModel/transfer.chunk.verified (0.91s)
    --- PASS: TestWANW15DurableBoundariesMatchIndependentModel/transfer.readiness.before (1.29s)
    --- PASS: TestWANW15DurableBoundariesMatchIndependentModel/transfer.readiness.after (1.16s)
    --- PASS: TestWANW15DurableBoundariesMatchIndependentModel/transfer.receipt.before_send (0.89s)
    --- PASS: TestWANW15DurableBoundariesMatchIndependentModel/transfer.receipt.after_send (0.76s)
=== RUN   TestWANW15DurableBoundariesMatchIndependentModel
=== RUN   TestWANW15DurableBoundariesMatchIndependentModel/transfer.chunk.verified
    wan_w15_test.go:134: trace=[approved metadata authenticated quic transfer.chunk.verified generation retired]; reused=1 fetched=1; exact heads/author/manifests/working bytes/receipt
=== RUN   TestWANW15DurableBoundariesMatchIndependentModel/transfer.readiness.before
    wan_w15_test.go:134: trace=[approved metadata authenticated quic transfer.chunk.verified transfer.chunk.verified transfer.readiness.before generation retired]; reused=2 fetched=0; exact heads/author/manifests/working bytes/receipt
=== RUN   TestWANW15DurableBoundariesMatchIndependentModel/transfer.readiness.after
    wan_w15_test.go:134: trace=[approved metadata authenticated quic transfer.chunk.verified transfer.chunk.verified transfer.readiness.before transfer.readiness.after generation retired]; reused=0 fetched=0; exact heads/author/manifests/working bytes/receipt
=== RUN   TestWANW15DurableBoundariesMatchIndependentModel/transfer.receipt.before_send
    wan_w15_test.go:134: trace=[approved metadata authenticated quic transfer.chunk.verified transfer.chunk.verified transfer.readiness.before transfer.readiness.after transfer.receipt.before_send generation retired]; reused=0 fetched=0; exact heads/author/manifests/working bytes/receipt
=== RUN   TestWANW15DurableBoundariesMatchIndependentModel/transfer.receipt.after_send
    wan_w15_test.go:134: trace=[approved metadata authenticated quic transfer.chunk.verified transfer.chunk.verified transfer.readiness.before transfer.readiness.after transfer.receipt.before_send transfer.receipt.after_send generation retired]; reused=0 fetched=0; exact heads/author/manifests/working bytes/receipt
--- PASS: TestWANW15DurableBoundariesMatchIndependentModel (3.76s)
    --- PASS: TestWANW15DurableBoundariesMatchIndependentModel/transfer.chunk.verified (0.74s)
    --- PASS: TestWANW15DurableBoundariesMatchIndependentModel/transfer.readiness.before (0.73s)
    --- PASS: TestWANW15DurableBoundariesMatchIndependentModel/transfer.readiness.after (0.73s)
    --- PASS: TestWANW15DurableBoundariesMatchIndependentModel/transfer.receipt.before_send (0.74s)
    --- PASS: TestWANW15DurableBoundariesMatchIndependentModel/transfer.receipt.after_send (0.82s)
PASS
ok  	github.com/calebhabesh/file-sync/internal/replication	9.786s
