=== RUN   TestWANW15DurableBoundariesMatchIndependentModel
=== RUN   TestWANW15DurableBoundariesMatchIndependentModel/transfer.chunk.verified
    wan_w15_test.go:90: Post "https://5353535353535353535353535353535353535353535353535353535353535353.peer.orbit.invalid/peer/v1/hello": STALE_NETWORK_GENERATION
    wan_w15_test.go:63: replay trace ["approved metadata","authenticated quic","transfer.chunk.verified","generation retired"]
=== RUN   TestWANW15DurableBoundariesMatchIndependentModel/transfer.readiness.before
    wan_w15_test.go:90: Post "https://5353535353535353535353535353535353535353535353535353535353535353.peer.orbit.invalid/peer/v1/hello": STALE_NETWORK_GENERATION
    wan_w15_test.go:63: replay trace ["approved metadata","authenticated quic","transfer.chunk.verified","transfer.chunk.verified","transfer.readiness.before","generation retired"]
=== RUN   TestWANW15DurableBoundariesMatchIndependentModel/transfer.readiness.after
    wan_w15_test.go:90: Post "https://5353535353535353535353535353535353535353535353535353535353535353.peer.orbit.invalid/peer/v1/hello": STALE_NETWORK_GENERATION
    wan_w15_test.go:63: replay trace ["approved metadata","authenticated quic","transfer.chunk.verified","transfer.chunk.verified","transfer.readiness.before","transfer.readiness.after","generation retired"]
=== RUN   TestWANW15DurableBoundariesMatchIndependentModel/transfer.receipt.before_send
    wan_w15_test.go:90: Post "https://5353535353535353535353535353535353535353535353535353535353535353.peer.orbit.invalid/peer/v1/hello": STALE_NETWORK_GENERATION
    wan_w15_test.go:63: replay trace ["approved metadata","authenticated quic","transfer.chunk.verified","transfer.chunk.verified","transfer.readiness.before","transfer.readiness.after","transfer.receipt.before_send","generation retired"]
=== RUN   TestWANW15DurableBoundariesMatchIndependentModel/transfer.receipt.after_send
    wan_w15_test.go:90: Post "https://5353535353535353535353535353535353535353535353535353535353535353.peer.orbit.invalid/peer/v1/hello": STALE_NETWORK_GENERATION
    wan_w15_test.go:63: replay trace ["approved metadata","authenticated quic","transfer.chunk.verified","transfer.chunk.verified","transfer.readiness.before","transfer.readiness.after","transfer.receipt.before_send","transfer.receipt.after_send","generation retired"]
--- FAIL: TestWANW15DurableBoundariesMatchIndependentModel (3.29s)
    --- FAIL: TestWANW15DurableBoundariesMatchIndependentModel/transfer.chunk.verified (0.65s)
    --- FAIL: TestWANW15DurableBoundariesMatchIndependentModel/transfer.readiness.before (0.65s)
    --- FAIL: TestWANW15DurableBoundariesMatchIndependentModel/transfer.readiness.after (0.66s)
    --- FAIL: TestWANW15DurableBoundariesMatchIndependentModel/transfer.receipt.before_send (0.65s)
    --- FAIL: TestWANW15DurableBoundariesMatchIndependentModel/transfer.receipt.after_send (0.67s)
FAIL
FAIL	github.com/calebhabesh/file-sync/internal/replication	3.294s
FAIL
