['unshare', '--user', '--map-root-user', '--net', 'python3', '/tmp/orbit-w15-pi-assets-g90gq0k_/wan_failure_campaign.py', '--root', '/tmp/orbit-w15-pi-run-ruj7tbhf', '--parent-namespace', 'net:[4026531840]', '--test-binary', '/tmp/orbit-w15-pi-assets-g90gq0k_/input.test', '--scenario', 'impaired', '--suite', 'crash']
=== RUN   TestWANW15WholeDaemonCrashRouteAndReceiptRecovery
=== RUN   TestWANW15WholeDaemonCrashRouteAndReceiptRecovery/transfer.chunk.verified
    wan_roaming_test.go:233: W15 verified working bytes name=relay-start.txt bytes=19 wait=44.797254641s
    wan_roaming_test.go:234: whole daemon route relay after 15.109954ms generation=4
    wan_roaming_test.go:236: whole daemon route quic after 4.745125947s generation=4
    wan_roaming_test.go:238: W15 idle interval start_ns=1791322751322950348
    wan_roaming_test.go:240: W15 idle interval end_ns=1791322756323646409
    wan_roaming_test.go:271: whole daemon route relay after 41.675070783s generation=4
    wan_roaming_test.go:272: W15 verified working bytes name=large.bin bytes=16777216 wait=27.198943976s
    wan_roaming_test.go:274: whole daemon route quic after 15.952327886s generation=4
    wan_roaming_test.go:275: W15 SIGKILL at transfer.chunk.verified: same immutable version and correct durable readiness; relay recovery
    wan_roaming_test.go:289: whole daemon address/default-route generation rebuild after 1.030482845s
    wan_roaming_test.go:303: whole daemon route relay after 6.165632785s generation=5
    wan_roaming_test.go:304: W15 verified working bytes name=large.bin bytes=16777216 wait=57.140223ms
    wan_roaming_test.go:306: W15 verified working bytes name=small-00.txt bytes=15 wait=6.037445496s
    wan_roaming_test.go:306: W15 verified working bytes name=small-01.txt bytes=15 wait=301.070528ms
    wan_roaming_test.go:306: W15 verified working bytes name=small-02.txt bytes=15 wait=201.254136ms
    wan_roaming_test.go:306: W15 verified working bytes name=small-03.txt bytes=15 wait=302.665269ms
    wan_roaming_test.go:306: W15 verified working bytes name=small-04.txt bytes=15 wait=201.658484ms
    wan_roaming_test.go:306: W15 verified working bytes name=small-05.txt bytes=15 wait=402.327533ms
    wan_roaming_test.go:306: W15 verified working bytes name=small-06.txt bytes=15 wait=401.692911ms
    wan_roaming_test.go:306: W15 verified working bytes name=small-07.txt bytes=15 wait=401.548228ms
    wan_roaming_test.go:309: whole daemon route quic after 10.82867848s generation=5
    wan_roaming_test.go:312: W15 service relayed encrypted inner stream bytes=16251401
    wan_roaming_test.go:317: W15 verified working bytes name=service-outage.txt bytes=42 wait=5.114163168s
    wan_roaming_test.go:321: W15 verified working bytes name=service-restarted.txt bytes=44 wait=12.576402418s
    wan_roaming_test.go:322: whole daemon route relay after 13.715599ms generation=5
    wan_roaming_test.go:324: whole daemon route quic after 12.076581003s generation=5
    wan_roaming_test.go:325: W15 direct sync survived service outage; fresh service restarted; relay bytes=238757
    wan_roaming_test.go:380: whole production daemons: relay→QUIC→address/default-route change during 16777216-byte transfer→relay→QUIC; exact two-way enrollment and heads/authors/manifests/bytes; finite 1 MiB/s budget; service port="40623"
=== RUN   TestWANW15WholeDaemonCrashRouteAndReceiptRecovery/transfer.receipt.after_send
    wan_roaming_test.go:233: missing verified bytes relay-start.txt {recent No connection action needed; inspect folder copies separately. 0 0 0 STALE_GENERATION e3b9eb461f7b7daeb7e91e4d8c78ac9dd74a7780098ade6f9cb2f623d93a5f58 bc7aa4804dbe6524a972526bae22e7b4cf83d3f5516ced43c0ffcd8980d56a56 peer_data relay CONNECTED 2026-10-06T21:44:20.425254151Z 4} {recent No connection action needed; inspect folder copies separately. 0 0 0 UNAVAILABLE 1870300cd5795af49cda0d6f52aeea254f9d39b5340df6a8addaed08a5a09d29 c1a06e78f46671471038fe115dcb33e6beac7da433f2f41564aeb771567907ad peer_data relay CONNECTED 2026-10-06T21:44:20.582130504Z 4} {[{1 1791326505 true}] 4 4 2 4 8 0 2 1 48 0 0 113 0 81309 20971520 5242880}
    wan_roaming_test.go:181: daemon failure transcript === RUN   TestWANW05DaemonChild
        2026/10/06 17:42:20 failed to sufficiently increase receive buffer size (was: 208 kiB, wanted: 7168 kiB, got: 416 kiB). See https://github.com/quic-go/quic-go/wiki/UDP-Buffer-Sizes for details.
        agent ready: device=1870300cd5795af49cda0d6f52aeea254f9d39b5340df6a8addaed08a5a09d29 schema=13 peer-listener=[::]:46339 key-pin=c1a06e78f46671471038fe115dcb33e6beac7da433f2f41564aeb771567907ad enrollment-listener=disabled control-listener=http://127.0.0.1:34725

    wan_roaming_test.go:181: daemon failure transcript === RUN   TestWANW05DaemonChild
        2026/10/06 17:42:20 failed to sufficiently increase receive buffer size (was: 208 kiB, wanted: 7168 kiB, got: 416 kiB). See https://github.com/quic-go/quic-go/wiki/UDP-Buffer-Sizes for details.
        agent ready: device=e3b9eb461f7b7daeb7e91e4d8c78ac9dd74a7780098ade6f9cb2f623d93a5f58 schema=13 peer-listener=[::]:44583 key-pin=bc7aa4804dbe6524a972526bae22e7b4cf83d3f5516ced43c0ffcd8980d56a56 enrollment-listener=disabled control-listener=http://127.0.0.1:39035

--- FAIL: TestWANW15WholeDaemonCrashRouteAndReceiptRecovery (398.66s)
    --- PASS: TestWANW15WholeDaemonCrashRouteAndReceiptRecovery/transfer.chunk.verified (243.48s)
    --- FAIL: TestWANW15WholeDaemonCrashRouteAndReceiptRecovery/transfer.receipt.after_send (155.18s)
FAIL

{"scenario": "impaired", "suite": "crash", "environment": "new isolated user/network namespace; no external route", "parent": "net:[4026531840]", "namespace": "net:[4026532492]", "commands": [["ip", "link", "set", "lo", "up"], ["ip", "link", "add", "orbit-w11", "type", "dummy"], ["ip", "link", "set", "orbit-w11", "up", "multicast", "on"], ["ip", "addr", "add", "11.23.45.1/24", "dev", "orbit-w11"], ["ip", "addr", "add", "10.23.45.1/24", "dev", "orbit-w11"], ["ip", "-6", "addr", "add", "2606:4700:4700::1111/64", "dev", "orbit-w11", "nodad"], ["tc", "qdisc", "add", "dev", "lo", "root", "handle", "1:", "prio", "bands", "3", "priomap", "2", "2", "2", "2", "2", "2", "2", "2", "2", "2", "2", "2", "2", "2", "2", "2"], ["tc", "qdisc", "add", "dev", "lo", "parent", "1:3", "handle", "30:", "netem", "delay", "25ms", "5ms", "loss", "1%", "reorder", "5%", "50%", "rate", "20mbit", "limit", "1000"], ["tc", "filter", "add", "dev", "lo", "protocol", "ip", "parent", "1:", "prio", "1", "u32", "match", "ip", "dst", "127.0.0.0/8", "flowid", "1:1"], ["tc", "filter", "add", "dev", "lo", "protocol", "ipv6", "parent", "1:", "prio", "2", "u32", "match", "ip6", "dst", "::1/128", "flowid", "1:1"]], "oracle": "exact immutable heads/authors/manifests/bytes, persistent identity/pin, durable readiness and receipts", "topology": "simulated addresses on dummy interface; native sockets; no physical WAN claim", "exit_code": 1, "seconds": 398.67369518987834}
