=== RUN   TestWANW12DoctorCancellationAndAdmission
--- PASS: TestWANW12DoctorCancellationAndAdmission (0.06s)
=== RUN   TestWANW12PassiveCandidateFreshness
--- PASS: TestWANW12PassiveCandidateFreshness (0.00s)
=== RUN   TestWANW12UDPProbeUsesActualSTUNResponse
    diagnostics_test.go:109: UDP response verified; no NAT classification inferred
--- PASS: TestWANW12UDPProbeUsesActualSTUNResponse (0.00s)
=== RUN   TestWANW12ProbeCodesDoNotLeakRawErrors
--- PASS: TestWANW12ProbeCodesDoNotLeakRawErrors (0.00s)
=== RUN   TestWANW12PinnedProbesNeverSendHTTPOrAlterObservedRoute
2026/10/06 17:57:20 http: TLS handshake error from 127.0.0.1:43096: remote error: tls: bad certificate
--- PASS: TestWANW12PinnedProbesNeverSendHTTPOrAlterObservedRoute (0.01s)
=== RUN   TestWANW08ScopedSignedDiscoveryAdmission
=== RUN   TestWANW08ScopedSignedDiscoveryAdmission/unknown
=== RUN   TestWANW08ScopedSignedDiscoveryAdmission/pin
=== RUN   TestWANW08ScopedSignedDiscoveryAdmission/signature
=== RUN   TestWANW08ScopedSignedDiscoveryAdmission/expired
=== RUN   TestWANW08ScopedSignedDiscoveryAdmission/generation
=== RUN   TestWANW08ScopedSignedDiscoveryAdmission/public
=== RUN   TestWANW08ScopedSignedDiscoveryAdmission/multicast
=== RUN   TestWANW08ScopedSignedDiscoveryAdmission/loopback
=== RUN   TestWANW08ScopedSignedDiscoveryAdmission/wrong-prefix
=== RUN   TestWANW08ScopedSignedDiscoveryAdmission/interface
=== RUN   TestWANW08ScopedSignedDiscoveryAdmission/source
=== RUN   TestWANW08ScopedSignedDiscoveryAdmission/oversized
=== RUN   TestWANW08ScopedSignedDiscoveryAdmission/unknown-field
--- PASS: TestWANW08ScopedSignedDiscoveryAdmission (0.02s)
    --- PASS: TestWANW08ScopedSignedDiscoveryAdmission/unknown (0.00s)
    --- PASS: TestWANW08ScopedSignedDiscoveryAdmission/pin (0.00s)
    --- PASS: TestWANW08ScopedSignedDiscoveryAdmission/signature (0.00s)
    --- PASS: TestWANW08ScopedSignedDiscoveryAdmission/expired (0.00s)
    --- PASS: TestWANW08ScopedSignedDiscoveryAdmission/generation (0.00s)
    --- PASS: TestWANW08ScopedSignedDiscoveryAdmission/public (0.00s)
    --- PASS: TestWANW08ScopedSignedDiscoveryAdmission/multicast (0.00s)
    --- PASS: TestWANW08ScopedSignedDiscoveryAdmission/loopback (0.00s)
    --- PASS: TestWANW08ScopedSignedDiscoveryAdmission/wrong-prefix (0.00s)
    --- PASS: TestWANW08ScopedSignedDiscoveryAdmission/interface (0.00s)
    --- PASS: TestWANW08ScopedSignedDiscoveryAdmission/source (0.00s)
    --- PASS: TestWANW08ScopedSignedDiscoveryAdmission/oversized (0.00s)
    --- PASS: TestWANW08ScopedSignedDiscoveryAdmission/unknown-field (0.00s)
=== RUN   TestWANW08PinnedFamilyRaceAndDirectoryIndependentPool
--- PASS: TestWANW08PinnedFamilyRaceAndDirectoryIndependentPool (0.21s)
=== RUN   TestWANW08WrongPinBlockedTCPFallsBackWithoutDisclosure
=== RUN   TestWANW08WrongPinBlockedTCPFallsBackWithoutDisclosure/wrong-pin
2026/10/06 17:57:20 http: TLS handshake error from 127.0.0.1:40646: remote error: tls: bad certificate
=== RUN   TestWANW08WrongPinBlockedTCPFallsBackWithoutDisclosure/blocked
=== RUN   TestWANW08WrongPinBlockedTCPFallsBackWithoutDisclosure/ipv6-unavailable
--- PASS: TestWANW08WrongPinBlockedTCPFallsBackWithoutDisclosure (0.79s)
    --- PASS: TestWANW08WrongPinBlockedTCPFallsBackWithoutDisclosure/wrong-pin (0.01s)
    --- PASS: TestWANW08WrongPinBlockedTCPFallsBackWithoutDisclosure/blocked (0.76s)
    --- PASS: TestWANW08WrongPinBlockedTCPFallsBackWithoutDisclosure/ipv6-unavailable (0.01s)
=== RUN   TestWANW08CandidateBoundsExpiryAndOptionalListener
--- PASS: TestWANW08CandidateBoundsExpiryAndOptionalListener (0.00s)
=== RUN   TestWANW08EmptyPublicLeaseDoesNotConsumeRepeatedLookupQuota
--- PASS: TestWANW08EmptyPublicLeaseDoesNotConsumeRepeatedLookupQuota (0.00s)
=== RUN   TestWANW08CancellationLimitsAndJoinedResources
    direct_test.go:368: peak blocked raw TCP dials=32; joined dials/requests/pools/sockets=0
--- PASS: TestWANW08CancellationLimitsAndJoinedResources (0.02s)
=== RUN   TestWANW08DatagramFloodFixedWorkersAndSocketCleanup
    direct_test.go:433: 1000 spoof/oversized datagrams; FD before/during/after=6/8/6, goroutines before/after=2/2, admitted identity callbacks=10, whole-process HeapAlloc before/during/after=1884144/2072856/2082120
--- PASS: TestWANW08DatagramFloodFixedWorkersAndSocketCleanup (0.11s)
=== RUN   TestWANW08OptionalIncomingSocketCeiling
    direct_test.go:497: 64 raw incoming sockets admitted; excess remains in kernel backlog; slots release on close
--- PASS: TestWANW08OptionalIncomingSocketCeiling (0.04s)
=== RUN   TestWANW08IndependentInterfaceLeasesAndAggregateCandidates
--- PASS: TestWANW08IndependentInterfaceLeasesAndAggregateCandidates (0.00s)
=== RUN   TestWANW10ICEHTTP3NATMatrix
=== RUN   TestWANW10ICEHTTP3NATMatrix/no_NAT
    ice_test.go:167: simulated topology: NAT=<nil> blocked-peer-UDP=false; STUN=11.1.1.1:3478; no host network mutations
2026/10/06 17:57:21 connection doesn't allow setting of receive buffer size. Not a *net.UDPConn?. See https://github.com/quic-go/quic-go/wiki/UDP-Buffer-Sizes for details.
=== RUN   TestWANW10ICEHTTP3NATMatrix/endpoint_independent
    ice_test.go:167: simulated topology: NAT=&{Mode:0 MappingBehavior:0 FilteringBehavior:0 Hairpinning:false PortPreservation:false MappingLifeTime:0s} blocked-peer-UDP=false; STUN=11.1.1.1:3478; no host network mutations
=== RUN   TestWANW10ICEHTTP3NATMatrix/address_dependent_filtering
    ice_test.go:167: simulated topology: NAT=&{Mode:0 MappingBehavior:0 FilteringBehavior:1 Hairpinning:false PortPreservation:false MappingLifeTime:0s} blocked-peer-UDP=false; STUN=11.1.1.1:3478; no host network mutations
=== RUN   TestWANW10ICEHTTP3NATMatrix/address_port_dependent_filtering
    ice_test.go:167: simulated topology: NAT=&{Mode:0 MappingBehavior:0 FilteringBehavior:2 Hairpinning:false PortPreservation:false MappingLifeTime:0s} blocked-peer-UDP=false; STUN=11.1.1.1:3478; no host network mutations
=== RUN   TestWANW10ICEHTTP3NATMatrix/incompatible_address_port_mappings
    ice_test.go:167: simulated topology: NAT=&{Mode:0 MappingBehavior:2 FilteringBehavior:2 Hairpinning:false PortPreservation:false MappingLifeTime:0s} blocked-peer-UDP=false; STUN=11.1.1.1:3478; no host network mutations
=== RUN   TestWANW10ICEHTTP3NATMatrix/blocked_peer_UDP
    ice_test.go:167: simulated topology: NAT=&{Mode:0 MappingBehavior:0 FilteringBehavior:0 Hairpinning:false PortPreservation:false MappingLifeTime:0s} blocked-peer-UDP=true; STUN=11.1.1.1:3478; no host network mutations
--- PASS: TestWANW10ICEHTTP3NATMatrix (13.47s)
    --- PASS: TestWANW10ICEHTTP3NATMatrix/no_NAT (0.18s)
    --- PASS: TestWANW10ICEHTTP3NATMatrix/endpoint_independent (1.26s)
    --- PASS: TestWANW10ICEHTTP3NATMatrix/address_dependent_filtering (1.21s)
    --- PASS: TestWANW10ICEHTTP3NATMatrix/address_port_dependent_filtering (0.81s)
    --- PASS: TestWANW10ICEHTTP3NATMatrix/incompatible_address_port_mappings (5.00s)
    --- PASS: TestWANW10ICEHTTP3NATMatrix/blocked_peer_UDP (5.00s)
=== RUN   TestWANW10ICEGatherCancellationAndCredentials
    ice_test.go:252: simulated topology: NAT=<nil> blocked-peer-UDP=false; STUN=11.1.1.1:3478; no host network mutations
--- PASS: TestWANW10ICEGatherCancellationAndCredentials (0.00s)
=== RUN   TestWANW10ICESocketAndSessionAdmission
--- PASS: TestWANW10ICESocketAndSessionAdmission (0.00s)
=== RUN   TestWANW10IncompatibleDoubleNAT
    ice_test.go:331: simulated topology: NAT=&{Mode:0 MappingBehavior:2 FilteringBehavior:2 Hairpinning:false PortPreservation:false MappingLifeTime:0s} blocked-peer-UDP=false; STUN=11.1.1.1:3478; no host network mutations
    ice_test.go:333: two NAT layers per endpoint: inner endpoint-independent; outer address/port-dependent mapping/filtering; bounded check failure
--- PASS: TestWANW10IncompatibleDoubleNAT (5.00s)
=== RUN   TestWANW10ICESlowStreamCancellation
    ice_test.go:337: simulated topology: NAT=&{Mode:0 MappingBehavior:0 FilteringBehavior:0 Hairpinning:false PortPreservation:false MappingLifeTime:0s} blocked-peer-UDP=false; STUN=11.1.1.1:3478; no host network mutations
    ice_test.go:392: offered 32 MiB; sent before cancellation 65536 bytes; fixed 32 KiB write buffer and unchanged HTTP3 receive windows
--- PASS: TestWANW10ICESlowStreamCancellation (1.21s)
=== RUN   TestWANW10SharedQUICAdmission
--- PASS: TestWANW10SharedQUICAdmission (0.19s)
=== RUN   TestWANW02ManagerReuseScopeIdentityAndShutdown
--- PASS: TestWANW02ManagerReuseScopeIdentityAndShutdown (0.01s)
=== RUN   TestWANW02GenerationMatchesIndependentModel
--- PASS: TestWANW02GenerationMatchesIndependentModel (0.01s)
=== RUN   TestWANW02SlowPeerBoundsCancellationAndOtherProgress
--- PASS: TestWANW02SlowPeerBoundsCancellationAndOtherProgress (0.01s)
=== RUN   TestWANW02PoolLRUAndManualCandidateBounds
--- PASS: TestWANW02PoolLRUAndManualCandidateBounds (0.49s)
=== RUN   TestWANW02ShutdownJoinsPendingDial
--- PASS: TestWANW02ShutdownJoinsPendingDial (0.00s)
=== RUN   TestWANW02PurposePoolsAndDrainingGenerationBound
--- PASS: TestWANW02PurposePoolsAndDrainingGenerationBound (0.01s)
=== RUN   TestWANW02DialAdmissionSurvivesGenerationFlapping
--- PASS: TestWANW02DialAdmissionSurvivesGenerationFlapping (0.00s)
=== RUN   TestWANW02OwnedSocketAdmissionAcrossPools
--- PASS: TestWANW02OwnedSocketAdmissionAcrossPools (0.00s)
=== RUN   TestWANW09PacketBoundariesMTUAddressesAndPairChange
--- PASS: TestWANW09PacketBoundariesMTUAddressesAndPairChange (0.00s)
=== RUN   TestWANW09PacketDeadlineCancelClose
--- PASS: TestWANW09PacketDeadlineCancelClose (0.02s)
=== RUN   TestWANW09HTTP3HeaderAndBodyDeadlines
    quic_test.go:92: actual header and body bounds 5s 15s
--- PASS: TestWANW09HTTP3HeaderAndBodyDeadlines (20.02s)
=== RUN   TestWANW09HTTP3StreamingMemoryCancelAndJoinedClose
    quic_test.go:149: 32-MiB offered; sent before cancel=174359; heap before/during=1465016/1943056; goroutines=8
--- PASS: TestWANW09HTTP3StreamingMemoryCancelAndJoinedClose (0.11s)
=== RUN   TestWANW09OptionalUDPDisabledAndCollision
--- PASS: TestWANW09OptionalUDPDisabledAndCollision (0.00s)
=== RUN   TestWANW09QUICAdmissionAndALPN
    quic_test.go:227: incoming cap=32; goroutines before/after=2/4
--- PASS: TestWANW09QUICAdmissionAndALPN (0.20s)
=== RUN   TestWANW09HTTP3ResponseHeaderAndWriteBounds
    quic_test.go:287: 16-KiB response header refusal; actual 15-second response-header and 30-second response-write deadlines 30.013560206s
--- PASS: TestWANW09HTTP3ResponseHeaderAndWriteBounds (45.04s)
=== RUN   TestWANW04ManagerRetiresPooledRelayBeforeNewRequest
--- PASS: TestWANW04ManagerRetiresPooledRelayBeforeNewRequest (0.01s)
=== RUN   TestWANW04ManagerRelayIsolationAndPendingCancel
--- PASS: TestWANW04ManagerRelayIsolationAndPendingCancel (0.00s)
=== RUN   TestWANW14PackagedReleaseProfile
--- PASS: TestWANW14PackagedReleaseProfile (0.00s)
=== RUN   TestWANW14ReviewOperatorChange
--- PASS: TestWANW14ReviewOperatorChange (0.00s)
=== RUN   TestWANW11CompetingPeersSlowDNSRelayAndCancellation
=== RUN   TestWANW11CompetingPeersSlowDNSRelayAndCancellation/dns
    roaming_competition_test.go:97: 32 competing peers phase=dns DNS peak=4 relay attempts peak=11; joined cancellation=6.54205ms; active requests/pools/dials/resolvers/relay=0
=== RUN   TestWANW11CompetingPeersSlowDNSRelayAndCancellation/relay
    roaming_competition_test.go:97: 32 competing peers phase=relay DNS peak=0 relay attempts peak=29; joined cancellation=1.784159ms; active requests/pools/dials/resolvers/relay=0
--- PASS: TestWANW11CompetingPeersSlowDNSRelayAndCancellation (0.02s)
    --- PASS: TestWANW11CompetingPeersSlowDNSRelayAndCancellation/dns (0.01s)
    --- PASS: TestWANW11CompetingPeersSlowDNSRelayAndCancellation/relay (0.01s)
=== RUN   TestWANW11IsolatedAddressDefaultRouteDetection
    roaming_namespace_test.go:20: requires marked disposable namespace runner
--- SKIP: TestWANW11IsolatedAddressDefaultRouteDetection (0.00s)
=== RUN   TestWANW11RelayDirectReprobeAndGenerationDrain
    roaming_test.go:97: authenticated relay/direct/relay routing used real TLS/HTTP; addresses/dial outcome and time were injected
--- PASS: TestWANW11RelayDirectReprobeAndGenerationDrain (0.01s)
=== RUN   TestWANW11LateLookupCannotPublishIntoNewGeneration
--- PASS: TestWANW11LateLookupCannotPublishIntoNewGeneration (0.00s)
=== RUN   TestWANW11FailedICERetryIsTimedAndQuotaQuietPeriodDoesNotSlide
--- PASS: TestWANW11FailedICERetryIsTimedAndQuotaQuietPeriodDoesNotSlide (0.00s)
=== RUN   TestWANW11NetworkWatcherCoalescesAndJoins
--- PASS: TestWANW11NetworkWatcherCoalescesAndJoins (0.03s)
=== RUN   TestWANW11ColdRaceRetainsQuotaAfterCanceledICEWaiter
--- PASS: TestWANW11ColdRaceRetainsQuotaAfterCanceledICEWaiter (0.75s)
=== RUN   TestWANW11ResponderQuotaRetryIsBoundedAndKeepsSession
--- PASS: TestWANW11ResponderQuotaRetryIsBoundedAndKeepsSession (5.01s)
=== RUN   TestWANW11DirectCooldownGrowsAndFreshNetworkClearsIt
--- PASS: TestWANW11DirectCooldownGrowsAndFreshNetworkClearsIt (0.00s)
=== RUN   TestWANW11RepeatedFlappingBoundsBusyGenerations
    roaming_test.go:360: 200 reordered generations across eight pinned TCP targets retained exactly two pools/requests per target; body drain pruned all old work
--- PASS: TestWANW11RepeatedFlappingBoundsBusyGenerations (0.08s)
=== RUN   TestWANW11FreshLookupRevalidatesUnchangedRemoteLeaseAfterRoam
--- PASS: TestWANW11FreshLookupRevalidatesUnchangedRemoteLeaseAfterRoam (0.00s)
=== RUN   TestWANW11CandidateArrivalInvalidatesEarlyEmptyProbe
--- PASS: TestWANW11CandidateArrivalInvalidatesEarlyEmptyProbe (0.00s)
=== RUN   TestWANW11SlowLookupAndRelayShutdownJoin
=== RUN   TestWANW11SlowLookupAndRelayShutdownJoin/lookup
=== RUN   TestWANW11SlowLookupAndRelayShutdownJoin/relay
--- PASS: TestWANW11SlowLookupAndRelayShutdownJoin (0.75s)
    --- PASS: TestWANW11SlowLookupAndRelayShutdownJoin/lookup (0.00s)
    --- PASS: TestWANW11SlowLookupAndRelayShutdownJoin/relay (0.75s)
=== RUN   TestWANW03DNSAllAnswersAndRebinding
--- PASS: TestWANW03DNSAllAnswersAndRebinding (0.00s)
=== RUN   TestWANW03CanceledResolverFloodIsBounded
    service_client_test.go:144: 1,000 canceled callers: resolver peak=4; after close active=0 sockets=0
--- PASS: TestWANW03CanceledResolverFloodIsBounded (0.42s)
=== RUN   TestWANW03PrivacyPolicyHasNoServiceTraffic
--- PASS: TestWANW03PrivacyPolicyHasNoServiceTraffic (0.00s)
=== RUN   TestWANW03LookupRejectsSubstitution
--- PASS: TestWANW03LookupRejectsSubstitution (0.00s)
=== RUN   TestWANW01StreamBoundsAndDeadlines
--- PASS: TestWANW01StreamBoundsAndDeadlines (0.01s)
=== RUN   TestWANW01StreamInvalidFrames
=== RUN   TestWANW01StreamInvalidFrames/maximum
=== RUN   TestWANW01StreamInvalidFrames/one-over
=== RUN   TestWANW01StreamInvalidFrames/text
--- PASS: TestWANW01StreamInvalidFrames (0.02s)
    --- PASS: TestWANW01StreamInvalidFrames/maximum (0.01s)
    --- PASS: TestWANW01StreamInvalidFrames/one-over (0.01s)
    --- PASS: TestWANW01StreamInvalidFrames/text (0.01s)
=== RUN   TestWANW01WSSSlowReceiverCancellation
    stream_test.go:116: slow receiver blocked after 106 bounded frames; cancellation joined writer
--- PASS: TestWANW01WSSSlowReceiverCancellation (0.11s)
=== RUN   TestWANW01ForwardBackpressureCleanup
--- PASS: TestWANW01ForwardBackpressureCleanup (0.03s)
=== RUN   TestWANW01ListenerCancel
--- PASS: TestWANW01ListenerCancel (0.00s)
=== RUN   TestWANW01BrokerBrowserOrigin
--- PASS: TestWANW01BrokerBrowserOrigin (0.01s)
=== RUN   TestWANW11ReviewedTimingControlsRuntimeDeadlines
--- PASS: TestWANW11ReviewedTimingControlsRuntimeDeadlines (0.25s)
=== RUN   TestWANW01TransportTrustAndPlaintext
--- PASS: TestWANW01TransportTrustAndPlaintext (0.00s)
=== RUN   TestWANW15RejectedAnnouncementKeepsAcceptedOfferGeneration
    wan_w15_test.go:144: quota-rejected renewal retains exact service-accepted offer generation=1791323934812118623; unready dial/lookup do no service work
--- PASS: TestWANW15RejectedAnnouncementKeepsAcceptedOfferGeneration (0.03s)
PASS
ok  	github.com/calebhabesh/file-sync/internal/network	95.641s
=== RUN   TestWANW10SignedICESessionReplayAndIsolation
--- PASS: TestWANW10SignedICESessionReplayAndIsolation (0.22s)
=== RUN   TestWANW04OutboundLegsAndBidirectionalBytes
--- PASS: TestWANW04OutboundLegsAndBidirectionalBytes (0.23s)
=== RUN   TestWANW04WrongAttachmentsAndReplay
=== RUN   TestWANW04WrongAttachmentsAndReplay/role
=== RUN   TestWANW04WrongAttachmentsAndReplay/pin
=== RUN   TestWANW04WrongAttachmentsAndReplay/purpose
=== RUN   TestWANW04WrongAttachmentsAndReplay/epoch
=== RUN   TestWANW04WrongAttachmentsAndReplay/signature
=== RUN   TestWANW04WrongAttachmentsAndReplay/expired
=== RUN   TestWANW04WrongAttachmentsAndReplay/released
=== RUN   TestWANW04WrongAttachmentsAndReplay/duplicate
--- PASS: TestWANW04WrongAttachmentsAndReplay (0.94s)
    --- PASS: TestWANW04WrongAttachmentsAndReplay/role (0.10s)
    --- PASS: TestWANW04WrongAttachmentsAndReplay/pin (0.10s)
    --- PASS: TestWANW04WrongAttachmentsAndReplay/purpose (0.12s)
    --- PASS: TestWANW04WrongAttachmentsAndReplay/epoch (0.12s)
    --- PASS: TestWANW04WrongAttachmentsAndReplay/signature (0.10s)
    --- PASS: TestWANW04WrongAttachmentsAndReplay/expired (0.12s)
    --- PASS: TestWANW04WrongAttachmentsAndReplay/released (0.13s)
    --- PASS: TestWANW04WrongAttachmentsAndReplay/duplicate (0.14s)
=== RUN   TestWANW04UnpairedExpiryAndAbruptLoss
=== RUN   TestWANW04UnpairedExpiryAndAbruptLoss/expiry
=== RUN   TestWANW04UnpairedExpiryAndAbruptLoss/close
=== RUN   TestWANW04UnpairedExpiryAndAbruptLoss/service
--- PASS: TestWANW04UnpairedExpiryAndAbruptLoss (0.38s)
    --- PASS: TestWANW04UnpairedExpiryAndAbruptLoss/expiry (0.13s)
    --- PASS: TestWANW04UnpairedExpiryAndAbruptLoss/close (0.13s)
    --- PASS: TestWANW04UnpairedExpiryAndAbruptLoss/service (0.12s)
=== RUN   TestWANW04IdleLifetimeByteQuotaAndCancel
=== RUN   TestWANW04IdleLifetimeByteQuotaAndCancel/idle
=== RUN   TestWANW04IdleLifetimeByteQuotaAndCancel/lifetime
=== RUN   TestWANW04IdleLifetimeByteQuotaAndCancel/bytes
=== RUN   TestWANW04IdleLifetimeByteQuotaAndCancel/cancel
=== RUN   TestWANW04IdleLifetimeByteQuotaAndCancel/slow
--- PASS: TestWANW04IdleLifetimeByteQuotaAndCancel (0.87s)
    --- PASS: TestWANW04IdleLifetimeByteQuotaAndCancel/idle (0.18s)
    --- PASS: TestWANW04IdleLifetimeByteQuotaAndCancel/lifetime (0.17s)
    --- PASS: TestWANW04IdleLifetimeByteQuotaAndCancel/bytes (0.13s)
    --- PASS: TestWANW04IdleLifetimeByteQuotaAndCancel/cancel (0.12s)
    --- PASS: TestWANW04IdleLifetimeByteQuotaAndCancel/slow (0.27s)
=== RUN   TestWANW04BandwidthCeilingAndCancellation
--- PASS: TestWANW04BandwidthCeilingAndCancellation (0.10s)
=== RUN   TestWANW04ConcurrentDuplicateLegAdmission
--- PASS: TestWANW04ConcurrentDuplicateLegAdmission (0.13s)
=== RUN   TestWANW04PurposeListenerIsolation
--- PASS: TestWANW04PurposeListenerIsolation (0.14s)
=== RUN   TestWANW04ServiceCapacityResourcesAndEnrollmentIsolation
    relay_test.go:380: 66 live tunnels: heap=41009896 delta=39055528 FDs=271 delta=264 goroutines=664 delta=660
    relay_test.go:423: streamed 8388608 bytes in 1.681501804s; heap=30848760 FDs=279 goroutines=676
    relay_test.go:452: joined: FDs=6 goroutines=2
--- PASS: TestWANW04ServiceCapacityResourcesAndEnrollmentIsolation (9.97s)
=== RUN   TestWANW04RestartEpochAndFreshChallenge
--- PASS: TestWANW04RestartEpochAndFreshChallenge (0.08s)
=== RUN   TestWANW04BandwidthReconnectRetention
--- PASS: TestWANW04BandwidthReconnectRetention (0.10s)
=== RUN   TestWANW04BrokerSeesOnlyInnerTLSCiphertext
    relay_test.go:589: inspected 2144 inner-TLS bytes at decrypted outer-WSS boundary
--- PASS: TestWANW04BrokerSeesOnlyInnerTLSCiphertext (0.10s)
=== RUN   TestWANW04PostAuthenticationFrameBounds
=== RUN   TestWANW04PostAuthenticationFrameBounds/maximum
=== RUN   TestWANW04PostAuthenticationFrameBounds/one-over
=== RUN   TestWANW04PostAuthenticationFrameBounds/text
--- PASS: TestWANW04PostAuthenticationFrameBounds (0.28s)
    --- PASS: TestWANW04PostAuthenticationFrameBounds/maximum (0.09s)
    --- PASS: TestWANW04PostAuthenticationFrameBounds/one-over (0.09s)
    --- PASS: TestWANW04PostAuthenticationFrameBounds/text (0.09s)
=== RUN   TestWANW04PerPairAdmissionCannotBeBypassedByNewClient
--- PASS: TestWANW04PerPairAdmissionCannotBeBypassedByNewClient (0.11s)
=== RUN   TestWANW13RotationOverlapAndSanitizedMetrics
--- PASS: TestWANW13RotationOverlapAndSanitizedMetrics (0.01s)
=== RUN   TestWANW05QuotaProofDoesNotStrandChallengeSlots
--- PASS: TestWANW05QuotaProofDoesNotStrandChallengeSlots (0.03s)
=== RUN   TestWANW03RegistrationAndReplay
--- PASS: TestWANW03RegistrationAndReplay (0.02s)
=== RUN   TestWANW03AuthenticationBindings
=== RUN   TestWANW03AuthenticationBindings/signature
=== RUN   TestWANW03AuthenticationBindings/key
=== RUN   TestWANW03AuthenticationBindings/origin
=== RUN   TestWANW03AuthenticationBindings/profile
=== RUN   TestWANW03AuthenticationBindings/purpose
=== RUN   TestWANW03AuthenticationBindings/expired
=== RUN   TestWANW03AuthenticationBindings/path
=== RUN   TestWANW03AuthenticationBindings/payload
--- PASS: TestWANW03AuthenticationBindings (0.03s)
    --- PASS: TestWANW03AuthenticationBindings/signature (0.00s)
    --- PASS: TestWANW03AuthenticationBindings/key (0.00s)
    --- PASS: TestWANW03AuthenticationBindings/origin (0.00s)
    --- PASS: TestWANW03AuthenticationBindings/profile (0.00s)
    --- PASS: TestWANW03AuthenticationBindings/purpose (0.00s)
    --- PASS: TestWANW03AuthenticationBindings/expired (0.00s)
    --- PASS: TestWANW03AuthenticationBindings/path (0.00s)
    --- PASS: TestWANW03AuthenticationBindings/payload (0.01s)
=== RUN   TestWANW03LeaseExpiryAndRestart
--- PASS: TestWANW03LeaseExpiryAndRestart (0.04s)
=== RUN   TestWANW03CandidateAndBodyBounds
=== RUN   TestWANW03CandidateAndBodyBounds/127.0.0.1:1
=== RUN   TestWANW03CandidateAndBodyBounds/10.0.0.1:443
=== RUN   TestWANW03CandidateAndBodyBounds/169.254.1.1:80
=== RUN   TestWANW03CandidateAndBodyBounds/100.64.0.1:80
=== RUN   TestWANW03CandidateAndBodyBounds/[::1]:443
=== RUN   TestWANW03CandidateAndBodyBounds/[::ffff:8.8.8.8]:443
=== RUN   TestWANW03CandidateAndBodyBounds/0.0.0.0:443
--- PASS: TestWANW03CandidateAndBodyBounds (0.04s)
    --- PASS: TestWANW03CandidateAndBodyBounds/127.0.0.1:1 (0.00s)
    --- PASS: TestWANW03CandidateAndBodyBounds/10.0.0.1:443 (0.00s)
    --- PASS: TestWANW03CandidateAndBodyBounds/169.254.1.1:80 (0.00s)
    --- PASS: TestWANW03CandidateAndBodyBounds/100.64.0.1:80 (0.00s)
    --- PASS: TestWANW03CandidateAndBodyBounds/[::1]:443 (0.00s)
    --- PASS: TestWANW03CandidateAndBodyBounds/[::ffff:8.8.8.8]:443 (0.00s)
    --- PASS: TestWANW03CandidateAndBodyBounds/0.0.0.0:443 (0.00s)
=== RUN   TestWANW03SharedNATAndCacheAdmission
--- PASS: TestWANW03SharedNATAndCacheAdmission (0.23s)
=== RUN   TestWANW03MaximumRoutesAndChallenges
--- PASS: TestWANW03MaximumRoutesAndChallenges (5.07s)
=== RUN   TestWANW03ControlOffersAndReservationIntent
--- PASS: TestWANW03ControlOffersAndReservationIntent (0.08s)
=== RUN   TestWANW03UnknownEnrollmentIsSeparate
--- PASS: TestWANW03UnknownEnrollmentIsSeparate (0.05s)
=== RUN   TestWANW03ControlFloodAndShutdown
    service_test.go:599: 200 concurrent lookups; 9 admitted completions; client slots <=4, controls=1; shutdown joined
--- PASS: TestWANW03ControlFloodAndShutdown (0.09s)
=== RUN   TestWANW03TLSAndHeaderOrigins
--- PASS: TestWANW03TLSAndHeaderOrigins (0.08s)
=== RUN   TestWANW03ProfilePersistenceAndRollback
--- PASS: TestWANW03ProfilePersistenceAndRollback (0.00s)
=== RUN   TestWANW03IdleSocketAdmissionAndClose
    service_test.go:730: 272 raw sockets; goroutine delta=256 (ceiling 256); server close joins idle TLS work
--- PASS: TestWANW03IdleSocketAdmissionAndClose (0.08s)
=== RUN   TestWANW03ProfilesRejectRollbackAndAuthority
--- PASS: TestWANW03ProfilesRejectRollbackAndAuthority (0.01s)
=== RUN   TestWANW03NoIdleMetadataRetention
--- PASS: TestWANW03NoIdleMetadataRetention (1.01s)
=== RUN   TestWANW03LocalPinsGateDataOffers
--- PASS: TestWANW03LocalPinsGateDataOffers (0.14s)
=== RUN   TestWANW03ReannouncementJitterAndStableRenewal
--- PASS: TestWANW03ReannouncementJitterAndStableRenewal (0.02s)
=== RUN   TestWANW03ControlHeartbeatPreservesIdleSession
--- PASS: TestWANW03ControlHeartbeatPreservesIdleSession (26.12s)
=== RUN   TestWANW03WSSAdmissionBounds
--- PASS: TestWANW03WSSAdmissionBounds (0.02s)
=== RUN   TestWANW03ServiceBinaryRestart
--- PASS: TestWANW03ServiceBinaryRestart (0.27s)
=== RUN   TestWANW10STUNMappingMalformedAndRateBounds
    stun_test.go:98: IPv4 binding response 32/20 bytes; 100-request burst responses 10 ; malformed silent; closure joins sole worker
--- PASS: TestWANW10STUNMappingMalformedAndRateBounds (0.88s)
PASS
ok  	github.com/calebhabesh/file-sync/internal/rendezvous	48.957s
=== RUN   TestGoldenEnvelopeDecodesAndValidates
--- PASS: TestGoldenEnvelopeDecodesAndValidates (0.00s)
=== RUN   TestEnvelopeDecoderRejectsUnknownDuplicateAndNoncanonicalFields
--- PASS: TestEnvelopeDecoderRejectsUnknownDuplicateAndNoncanonicalFields (0.00s)
=== RUN   TestWANW10ICEContractBoundsAndLegacyEncoding
--- PASS: TestWANW10ICEContractBoundsAndLegacyEncoding (0.00s)
=== RUN   TestWANW10ICEDeterministicRoleAndPurpose
--- PASS: TestWANW10ICEDeterministicRoleAndPurpose (0.00s)
=== RUN   TestWANW10IndependentSignedICEGolden
--- PASS: TestWANW10IndependentSignedICEGolden (0.00s)
=== RUN   TestWANW08LANIndependentGoldenAndStrictCodec
--- PASS: TestWANW08LANIndependentGoldenAndStrictCodec (0.00s)
=== RUN   TestWANW09LANQUICIndependentGoldenAndCapabilities
--- PASS: TestWANW09LANQUICIndependentGoldenAndCapabilities (0.00s)
=== RUN   TestTerminalT03MembershipDecoder
--- PASS: TestTerminalT03MembershipDecoder (0.00s)
=== RUN   TestMembershipEncodingMatchesP01GoldenFixture
--- PASS: TestMembershipEncodingMatchesP01GoldenFixture (0.00s)
=== RUN   TestRetirementSnapshotEncodingMatchesP01GoldenFixture
--- PASS: TestRetirementSnapshotEncodingMatchesP01GoldenFixture (0.00s)
=== RUN   TestWANW01CanonicalGoldens
--- PASS: TestWANW01CanonicalGoldens (0.01s)
=== RUN   TestWANW01StrictNetworkCodec
--- PASS: TestWANW01StrictNetworkCodec (0.00s)
=== RUN   TestWANW01MaximumMessages
--- PASS: TestWANW01MaximumMessages (0.00s)
=== RUN   TestWANW01ProofSubstitution
--- PASS: TestWANW01ProofSubstitution (0.01s)
=== RUN   TestWANW01URLScope
--- PASS: TestWANW01URLScope (0.00s)
=== RUN   TestWANW01RoutedBindingsAndV2Coexistence
--- PASS: TestWANW01RoutedBindingsAndV2Coexistence (0.00s)
=== RUN   TestWANW01ProfileAuthorityExpiryAndRotation
=== RUN   TestWANW01ProfileAuthorityExpiryAndRotation/expired
=== RUN   TestWANW01ProfileAuthorityExpiryAndRotation/rollback
=== RUN   TestWANW01ProfileAuthorityExpiryAndRotation/missing-authority
=== RUN   TestWANW01ProfileAuthorityExpiryAndRotation/self-supplied-authority
--- PASS: TestWANW01ProfileAuthorityExpiryAndRotation (0.00s)
    --- PASS: TestWANW01ProfileAuthorityExpiryAndRotation/expired (0.00s)
    --- PASS: TestWANW01ProfileAuthorityExpiryAndRotation/rollback (0.00s)
    --- PASS: TestWANW01ProfileAuthorityExpiryAndRotation/missing-authority (0.00s)
    --- PASS: TestWANW01ProfileAuthorityExpiryAndRotation/self-supplied-authority (0.00s)
=== RUN   TestWANW01OfferMaximum
--- PASS: TestWANW01OfferMaximum (0.00s)
=== RUN   TestWANW01CertificateMaximum
--- PASS: TestWANW01CertificateMaximum (0.23s)
=== RUN   TestWANW01CrossEnvelopeBindings
--- PASS: TestWANW01CrossEnvelopeBindings (0.00s)
=== RUN   TestWANW01InvitationSizeBound
--- PASS: TestWANW01InvitationSizeBound (0.00s)
=== RUN   TestWANW01MaximumGoldenAndOneOver
--- PASS: TestWANW01MaximumGoldenAndOneOver (0.01s)
=== RUN   TestWANW01IntentGoldenAndFreshChallenge
--- PASS: TestWANW01IntentGoldenAndFreshChallenge (0.00s)
=== RUN   TestWANW11RouteTimingBoundsAndLegacyDefaults
--- PASS: TestWANW11RouteTimingBoundsAndLegacyDefaults (0.00s)
=== RUN   TestTerminalT01EnrollmentWire
--- PASS: TestTerminalT01EnrollmentWire (0.00s)
=== RUN   TestTerminalT01StatusProofDomain
--- PASS: TestTerminalT01StatusProofDomain (0.00s)
=== RUN   FuzzWANW15SignedProfile
=== RUN   FuzzWANW15SignedProfile/seed#0
=== RUN   FuzzWANW15SignedProfile/seed#1
--- PASS: FuzzWANW15SignedProfile (0.00s)
    --- PASS: FuzzWANW15SignedProfile/seed#0 (0.00s)
    --- PASS: FuzzWANW15SignedProfile/seed#1 (0.00s)
=== RUN   FuzzWANW15NetworkCodec
=== RUN   FuzzWANW15NetworkCodec/seed#0
=== RUN   FuzzWANW15NetworkCodec/seed#1
=== RUN   FuzzWANW15NetworkCodec/seed#2
=== RUN   FuzzWANW15NetworkCodec/seed#3
=== RUN   FuzzWANW15NetworkCodec/seed#4
=== RUN   FuzzWANW15NetworkCodec/seed#5
=== RUN   FuzzWANW15NetworkCodec/seed#6
--- PASS: FuzzWANW15NetworkCodec (0.01s)
    --- PASS: FuzzWANW15NetworkCodec/seed#0 (0.00s)
    --- PASS: FuzzWANW15NetworkCodec/seed#1 (0.00s)
    --- PASS: FuzzWANW15NetworkCodec/seed#2 (0.00s)
    --- PASS: FuzzWANW15NetworkCodec/seed#3 (0.00s)
    --- PASS: FuzzWANW15NetworkCodec/seed#4 (0.00s)
    --- PASS: FuzzWANW15NetworkCodec/seed#5 (0.00s)
    --- PASS: FuzzWANW15NetworkCodec/seed#6 (0.00s)
PASS
ok  	github.com/calebhabesh/file-sync/internal/protocol	1.308s
=== RUN   TestWANW11BandwidthReservationPrecedesNetworkIO
--- PASS: TestWANW11BandwidthReservationPrecedesNetworkIO (1.11s)
=== RUN   TestChunkBackpressureCancellationStopsSync
--- PASS: TestChunkBackpressureCancellationStopsSync (0.97s)
=== RUN   TestParallelChunksWaitForPeerBackpressureRecovery
--- PASS: TestParallelChunksWaitForPeerBackpressureRecovery (1.55s)
=== RUN   TestMetadataBackpressureRetry
=== RUN   TestMetadataBackpressureRetry/transient
=== RUN   TestMetadataBackpressureRetry/bounded
=== RUN   TestMetadataBackpressureRetry/unauthorized
--- PASS: TestMetadataBackpressureRetry (0.91s)
    --- PASS: TestMetadataBackpressureRetry/transient (0.15s)
    --- PASS: TestMetadataBackpressureRetry/bounded (0.75s)
    --- PASS: TestMetadataBackpressureRetry/unauthorized (0.00s)
=== RUN   TestWANW03DirectoryLossPreservesManualCaptureAndSync
--- PASS: TestWANW03DirectoryLossPreservesManualCaptureAndSync (0.80s)
=== RUN   TestTerminalT03AdmissionLimiterBounds
--- PASS: TestTerminalT03AdmissionLimiterBounds (0.04s)
=== RUN   TestWANW10AuthenticatedNATPeerMatrix
=== RUN   TestWANW10AuthenticatedNATPeerMatrix/no_NAT
    ice_nat_test.go:120: simulated NAT mapping=0 filtering=0 noNAT=true double=false blocked=false; public 11.2.{1,2}.1 private 10.{1,2}.0.2; inner double 172.16.{1,2}.2; real HTTPS/WSS service uses native private interface
2026/10/06 17:57:26 connection doesn't allow setting of receive buffer size. Not a *net.UDPConn?. See https://github.com/quic-go/quic-go/wiki/UDP-Buffer-Sizes for details.
    ice_test.go:260: actual Pion path; selected quic two-way verified heads/hashes and interrupted chunk reuse
=== RUN   TestWANW10AuthenticatedNATPeerMatrix/endpoint_independent
    ice_nat_test.go:120: simulated NAT mapping=0 filtering=0 noNAT=false double=false blocked=false; public 11.2.{1,2}.1 private 10.{1,2}.0.2; inner double 172.16.{1,2}.2; real HTTPS/WSS service uses native private interface
    ice_test.go:260: actual Pion path; selected quic two-way verified heads/hashes and interrupted chunk reuse
    ice_nat_test.go:174: actual ICE consent-loss closure and fresh-pair rebuild; elapsed 6.458080914s unchanged heads/hash/author
    ice_nat_test.go:200: actual directory/control shutdown preserves existing authenticated ICE peer sync
=== RUN   TestWANW10AuthenticatedNATPeerMatrix/address_dependent_filtering
    ice_nat_test.go:120: simulated NAT mapping=0 filtering=1 noNAT=false double=false blocked=false; public 11.2.{1,2}.1 private 10.{1,2}.0.2; inner double 172.16.{1,2}.2; real HTTPS/WSS service uses native private interface
    ice_test.go:260: actual Pion path; selected quic two-way verified heads/hashes and interrupted chunk reuse
=== RUN   TestWANW10AuthenticatedNATPeerMatrix/address_port_dependent_filtering
    ice_nat_test.go:120: simulated NAT mapping=0 filtering=2 noNAT=false double=false blocked=false; public 11.2.{1,2}.1 private 10.{1,2}.0.2; inner double 172.16.{1,2}.2; real HTTPS/WSS service uses native private interface
    ice_test.go:260: actual Pion path; selected quic two-way verified heads/hashes and interrupted chunk reuse
=== RUN   TestWANW10AuthenticatedNATPeerMatrix/incompatible_mappings
    ice_nat_test.go:120: simulated NAT mapping=2 filtering=2 noNAT=false double=false blocked=false; public 11.2.{1,2}.1 private 10.{1,2}.0.2; inner double 172.16.{1,2}.2; real HTTPS/WSS service uses native private interface
    ice_test.go:260: actual Pion path; selected relay two-way verified heads/hashes and interrupted chunk reuse
=== RUN   TestWANW10AuthenticatedNATPeerMatrix/incompatible_double_NAT
    ice_nat_test.go:120: simulated NAT mapping=2 filtering=2 noNAT=false double=true blocked=false; public 11.2.{1,2}.1 private 10.{1,2}.0.2; inner double 172.16.{1,2}.2; real HTTPS/WSS service uses native private interface
    ice_test.go:260: actual Pion path; selected relay two-way verified heads/hashes and interrupted chunk reuse
=== RUN   TestWANW10AuthenticatedNATPeerMatrix/blocked_peer_UDP
    ice_nat_test.go:120: simulated NAT mapping=0 filtering=0 noNAT=false double=false blocked=true; public 11.2.{1,2}.1 private 10.{1,2}.0.2; inner double 172.16.{1,2}.2; real HTTPS/WSS service uses native private interface
    ice_test.go:260: actual Pion path; selected relay two-way verified heads/hashes and interrupted chunk reuse
--- PASS: TestWANW10AuthenticatedNATPeerMatrix (39.80s)
    --- PASS: TestWANW10AuthenticatedNATPeerMatrix/no_NAT (1.44s)
    --- PASS: TestWANW10AuthenticatedNATPeerMatrix/endpoint_independent (9.14s)
    --- PASS: TestWANW10AuthenticatedNATPeerMatrix/address_dependent_filtering (2.55s)
    --- PASS: TestWANW10AuthenticatedNATPeerMatrix/address_port_dependent_filtering (2.08s)
    --- PASS: TestWANW10AuthenticatedNATPeerMatrix/incompatible_mappings (8.21s)
    --- PASS: TestWANW10AuthenticatedNATPeerMatrix/incompatible_double_NAT (8.20s)
    --- PASS: TestWANW10AuthenticatedNATPeerMatrix/blocked_peer_UDP (8.18s)
=== RUN   TestWANW10IsolatedICEPeerSyncAndFallback
    ice_test.go:31: requires marked disposable user/network namespace runner
--- SKIP: TestWANW10IsolatedICEPeerSyncAndFallback (0.00s)
=== RUN   TestWANW10IsolatedSTUNIPv6
    ice_test.go:281: requires marked disposable user/network namespace runner
--- SKIP: TestWANW10IsolatedSTUNIPv6 (0.00s)
=== RUN   TestLoadOrCreateIdentityReusesExistingKey
--- PASS: TestLoadOrCreateIdentityReusesExistingKey (0.00s)
=== RUN   TestRotateIdentityGeneratesFreshKeyAndChangesPin
--- PASS: TestRotateIdentityGeneratesFreshKeyAndChangesPin (0.00s)
=== RUN   TestWANW08ProductionMulticastKnownPeerTwoWaySync
    lan_test.go:160: real nonloopback local IPv6 listener availability=true; public IPv6 internet reachability remains unexecuted
--- PASS: TestWANW08ProductionMulticastKnownPeerTwoWaySync (0.94s)
=== RUN   TestWANW08NativeLocalIPv6PinnedTransfer
    lan_test.go:228: Native nonloopback local ULA IPv6 TCP/mTLS/HTTP/verified engine bytes executed; global/public IPv6 routing remains unexecuted.
--- PASS: TestWANW08NativeLocalIPv6PinnedTransfer (0.69s)
=== RUN   TestWANW02TwoWaySyncInterruptedChunkReuse
--- PASS: TestWANW02TwoWaySyncInterruptedChunkReuse (0.84s)
=== RUN   TestWANW02RoutedPeerWrongPinAndUnknownRequester
--- PASS: TestWANW02RoutedPeerWrongPinAndUnknownRequester (0.65s)
=== RUN   TestWANW08IsolatedPublicTCPAndIPv6
    public_direct_test.go:26: requires scripts/wan_direct_namespace_test.py; public addresses are simulated only inside an isolated namespace
--- SKIP: TestWANW08IsolatedPublicTCPAndIPv6 (0.00s)
=== RUN   TestWANW09NativeQUICBothPullDirectionsAndResume
=== RUN   TestWANW09NativeQUICBothPullDirectionsAndResume/native
    quic_test.go:179: native UDP on https://5353535353535353535353535353535353535353535353535353535353535353.peer.orbit.invalid both endpoints listen/dial; verified chunk reuse and exact heads/hashes
=== RUN   TestWANW09NativeQUICBothPullDirectionsAndResume/pair_adapter
    quic_test.go:179: native UDP on https://5353535353535353535353535353535353535353535353535353535353535353.peer.orbit.invalid both endpoints listen/dial; verified chunk reuse and exact heads/hashes
    quic_test.go:65: adapter lost and duplicated one encrypted short-header packet in each direction
--- PASS: TestWANW09NativeQUICBothPullDirectionsAndResume (2.01s)
    --- PASS: TestWANW09NativeQUICBothPullDirectionsAndResume/native (1.05s)
    --- PASS: TestWANW09NativeQUICBothPullDirectionsAndResume/pair_adapter (0.96s)
=== RUN   TestWANW09HTTP3AuthenticationAuthorizationAndBounds
=== RUN   TestWANW09HTTP3AuthenticationAuthorizationAndBounds/missing
=== RUN   TestWANW09HTTP3AuthenticationAuthorizationAndBounds/wrong_pin
--- PASS: TestWANW09HTTP3AuthenticationAuthorizationAndBounds (0.81s)
    --- PASS: TestWANW09HTTP3AuthenticationAuthorizationAndBounds/missing (0.00s)
    --- PASS: TestWANW09HTTP3AuthenticationAuthorizationAndBounds/wrong_pin (0.00s)
=== RUN   TestWANW09PartialChunkNoReceiptAndBorrowerPin
--- PASS: TestWANW09PartialChunkNoReceiptAndBorrowerPin (1.39s)
=== RUN   TestWANW09UnavailableUDPUsesPreservedPinnedTCP
--- PASS: TestWANW09UnavailableUDPUsesPreservedPinnedTCP (0.64s)
=== RUN   TestReconciliationOfflineEditEdit
=== RUN   TestReconciliationOfflineEditEdit/A-then-B
=== RUN   TestReconciliationOfflineEditEdit/B-then-A
--- PASS: TestReconciliationOfflineEditEdit (1.49s)
    --- PASS: TestReconciliationOfflineEditEdit/A-then-B (0.76s)
    --- PASS: TestReconciliationOfflineEditEdit/B-then-A (0.73s)
=== RUN   TestReconciliationOfflineEditDelete
--- PASS: TestReconciliationOfflineEditDelete (0.79s)
=== RUN   TestReconciliationRepeatedDelete
--- PASS: TestReconciliationRepeatedDelete (0.78s)
=== RUN   TestReconciliationEqualByteConflict
--- PASS: TestReconciliationEqualByteConflict (0.71s)
=== RUN   TestReconciliationExecutableOnlyChange
--- PASS: TestReconciliationExecutableOnlyChange (0.71s)
=== RUN   TestReconciliationProtectedFallbackWhileRemotePending
--- PASS: TestReconciliationProtectedFallbackWhileRemotePending (0.61s)
=== RUN   TestReconciliationWorkingBasisNotAdvancedByUnreviewedHeads
--- PASS: TestReconciliationWorkingBasisNotAdvancedByUnreviewedHeads (0.66s)
=== RUN   TestReconciliationStructuralConflictPreservesChildren
--- PASS: TestReconciliationStructuralConflictPreservesChildren (0.73s)
=== RUN   TestReconciliationRestartPreservesConflictAndZeroExtraVersions
--- PASS: TestReconciliationRestartPreservesConflictAndZeroExtraVersions (0.73s)
=== RUN   TestWANW04ProductionRelayTwoWaySyncAndInterruptedReuse
--- PASS: TestWANW04ProductionRelayTwoWaySyncAndInterruptedReuse (1.31s)
=== RUN   TestWANW04ProductionRelayFolderAndPinIsolation
--- PASS: TestWANW04ProductionRelayFolderAndPinIsolation (0.65s)
=== RUN   TestWANW04ProductionRelayLossPreservesCapture
--- PASS: TestWANW04ProductionRelayLossPreservesCapture (0.62s)
=== RUN   TestWANW04ProductionRelayRestartResumesVerifiedChunks
--- PASS: TestWANW04ProductionRelayRestartResumesVerifiedChunks (1.25s)
=== RUN   TestWANW04ProductionRelayLostReceiptReplay
--- PASS: TestWANW04ProductionRelayLostReceiptReplay (0.74s)
=== RUN   TestWANW04ProductionUnknownEnrollmentCannotReachDataOrControl
--- PASS: TestWANW04ProductionUnknownEnrollmentCannotReachDataOrControl (0.68s)
=== RUN   TestWANW04ProductionRelayRequestCancellationJoins
--- PASS: TestWANW04ProductionRelayRequestCancellationJoins (0.64s)
=== RUN   TestRepairCorruptVersionFromAuthorizedPeer
--- PASS: TestRepairCorruptVersionFromAuthorizedPeer (0.66s)
=== RUN   TestRepairSharedChunkRestoresBothVersions
--- PASS: TestRepairSharedChunkRestoresBothVersions (0.75s)
=== RUN   TestRepairNoRemainingCopyYieldsUnavailable
--- PASS: TestRepairNoRemainingCopyYieldsUnavailable (0.62s)
=== RUN   TestRepairUnauthorizedFolderRejected
--- PASS: TestRepairUnauthorizedFolderRejected (0.64s)
=== RUN   TestRepairCorruptPeerResponseDiagnosedNoInfiniteRetry
--- PASS: TestRepairCorruptPeerResponseDiagnosedNoInfiniteRetry (0.75s)
=== RUN   TestWANW11NativeQUICToTCPChunkAndReceiptRecovery
    roaming_test.go:105: native QUIC to TCP after chunk-boundary interruption: 52.861911ms; reused=1 fetched=1
    roaming_test.go:138: native TCP to QUIC receipt recovery: 67.060179ms; original version/author, heads, manifests and working bytes preserved
--- PASS: TestWANW11NativeQUICToTCPChunkAndReceiptRecovery (0.94s)
=== RUN   TestWANW05RoutedAdmissionExactReplayRevocationAndExpiry
--- PASS: TestWANW05RoutedAdmissionExactReplayRevocationAndExpiry (0.70s)
=== RUN   TestWANW05RoutedWrongFolderRouteSignatureAndV2Downgrade
=== RUN   TestWANW05RoutedWrongFolderRouteSignatureAndV2Downgrade/folder
=== RUN   TestWANW05RoutedWrongFolderRouteSignatureAndV2Downgrade/inviter
=== RUN   TestWANW05RoutedWrongFolderRouteSignatureAndV2Downgrade/requester
=== RUN   TestWANW05RoutedWrongFolderRouteSignatureAndV2Downgrade/profile
=== RUN   TestWANW05RoutedWrongFolderRouteSignatureAndV2Downgrade/signature
=== RUN   TestWANW05RoutedWrongFolderRouteSignatureAndV2Downgrade/v2
--- PASS: TestWANW05RoutedWrongFolderRouteSignatureAndV2Downgrade (3.70s)
    --- PASS: TestWANW05RoutedWrongFolderRouteSignatureAndV2Downgrade/folder (0.66s)
    --- PASS: TestWANW05RoutedWrongFolderRouteSignatureAndV2Downgrade/inviter (0.62s)
    --- PASS: TestWANW05RoutedWrongFolderRouteSignatureAndV2Downgrade/requester (0.63s)
    --- PASS: TestWANW05RoutedWrongFolderRouteSignatureAndV2Downgrade/profile (0.61s)
    --- PASS: TestWANW05RoutedWrongFolderRouteSignatureAndV2Downgrade/signature (0.60s)
    --- PASS: TestWANW05RoutedWrongFolderRouteSignatureAndV2Downgrade/v2 (0.58s)
=== RUN   TestWANW05RoutedStatusPossessionNonceAndDigest
--- PASS: TestWANW05RoutedStatusPossessionNonceAndDigest (0.63s)
=== RUN   TestWANW05RoutedWrongInviterTLSBeforeDisclosure
2026/10/06 17:58:36 http: TLS handshake error from 127.0.0.1:56018: remote error: tls: bad certificate
--- PASS: TestWANW05RoutedWrongInviterTLSBeforeDisclosure (0.65s)
=== RUN   TestWANW05RoutedUnsentExpiryAndSingleUse
--- PASS: TestWANW05RoutedUnsentExpiryAndSingleUse (0.61s)
=== RUN   TestWANW05RoutedRetiredIdentityCannotReenroll
--- PASS: TestWANW05RoutedRetiredIdentityCannotReenroll (0.61s)
=== RUN   TestWANW05RoutedApprovalArtifactBinding
=== RUN   TestWANW05RoutedApprovalArtifactBinding/signature
=== RUN   TestWANW05RoutedApprovalArtifactBinding/request
=== RUN   TestWANW05RoutedApprovalArtifactBinding/transcript
=== RUN   TestWANW05RoutedApprovalArtifactBinding/prior
=== RUN   TestWANW05RoutedApprovalArtifactBinding/membership
--- PASS: TestWANW05RoutedApprovalArtifactBinding (0.61s)
    --- PASS: TestWANW05RoutedApprovalArtifactBinding/signature (0.00s)
    --- PASS: TestWANW05RoutedApprovalArtifactBinding/request (0.00s)
    --- PASS: TestWANW05RoutedApprovalArtifactBinding/transcript (0.00s)
    --- PASS: TestWANW05RoutedApprovalArtifactBinding/prior (0.00s)
    --- PASS: TestWANW05RoutedApprovalArtifactBinding/membership (0.00s)
=== RUN   TestWANW05RoutedPendingRequesterDataAndControlIsolation
--- PASS: TestWANW05RoutedPendingRequesterDataAndControlIsolation (0.64s)
=== RUN   TestIdentityPersistsAndPrivateMaterialIsProtected
--- PASS: TestIdentityPersistsAndPrivateMaterialIsProtected (0.00s)
=== RUN   TestRequestTokenBucketIsBoundedAndRefills
--- PASS: TestRequestTokenBucketIsBoundedAndRefills (0.00s)
=== RUN   TestGoldenEndpointFixturesDecodeStrictly
=== RUN   TestGoldenEndpointFixturesDecodeStrictly/hello
=== RUN   TestGoldenEndpointFixturesDecodeStrictly/inventory_request
=== RUN   TestGoldenEndpointFixturesDecodeStrictly/inventory_response
=== RUN   TestGoldenEndpointFixturesDecodeStrictly/versions_request
=== RUN   TestGoldenEndpointFixturesDecodeStrictly/chunk_request
=== RUN   TestGoldenEndpointFixturesDecodeStrictly/error
--- PASS: TestGoldenEndpointFixturesDecodeStrictly (0.00s)
    --- PASS: TestGoldenEndpointFixturesDecodeStrictly/hello (0.00s)
    --- PASS: TestGoldenEndpointFixturesDecodeStrictly/inventory_request (0.00s)
    --- PASS: TestGoldenEndpointFixturesDecodeStrictly/inventory_response (0.00s)
    --- PASS: TestGoldenEndpointFixturesDecodeStrictly/versions_request (0.00s)
    --- PASS: TestGoldenEndpointFixturesDecodeStrictly/chunk_request (0.00s)
    --- PASS: TestGoldenEndpointFixturesDecodeStrictly/error (0.00s)
=== RUN   TestRealTLSHelloInventorySnapshotAndEnvelopeFetch
--- PASS: TestRealTLSHelloInventorySnapshotAndEnvelopeFetch (1.15s)
=== RUN   TestAuthenticationAuthorizationAndCompatibilityMatrix
=== RUN   TestAuthenticationAuthorizationAndCompatibilityMatrix/wrong_key_for_claimed_paired_device
=== RUN   TestAuthenticationAuthorizationAndCompatibilityMatrix/unpaired_device
=== RUN   TestAuthenticationAuthorizationAndCompatibilityMatrix/wrong_folder
=== RUN   TestAuthenticationAuthorizationAndCompatibilityMatrix/membership_mismatch
=== RUN   TestAuthenticationAuthorizationAndCompatibilityMatrix/protocol_mismatch
--- PASS: TestAuthenticationAuthorizationAndCompatibilityMatrix (0.31s)
    --- PASS: TestAuthenticationAuthorizationAndCompatibilityMatrix/wrong_key_for_claimed_paired_device (0.00s)
    --- PASS: TestAuthenticationAuthorizationAndCompatibilityMatrix/unpaired_device (0.00s)
    --- PASS: TestAuthenticationAuthorizationAndCompatibilityMatrix/wrong_folder (0.00s)
    --- PASS: TestAuthenticationAuthorizationAndCompatibilityMatrix/membership_mismatch (0.00s)
    --- PASS: TestAuthenticationAuthorizationAndCompatibilityMatrix/protocol_mismatch (0.00s)
=== RUN   TestRevokedPeerFailsCurrentMembership
--- PASS: TestRevokedPeerFailsCurrentMembership (0.30s)
=== RUN   TestSnapshotExpiryRequiresSafeRestart
--- PASS: TestSnapshotExpiryRequiresSafeRestart (0.30s)
=== RUN   TestChunkServingRequiresAuthorizedManifestVersion
--- PASS: TestChunkServingRequiresAuthorizedManifestVersion (0.33s)
=== RUN   TestMalformedAndOverLimitInputsAreBounded
=== RUN   TestMalformedAndOverLimitInputsAreBounded/duplicate_key
=== RUN   TestMalformedAndOverLimitInputsAreBounded/oversized_body
--- PASS: TestMalformedAndOverLimitInputsAreBounded (0.44s)
    --- PASS: TestMalformedAndOverLimitInputsAreBounded/duplicate_key (0.01s)
    --- PASS: TestMalformedAndOverLimitInputsAreBounded/oversized_body (0.09s)
=== RUN   TestReceiptsEndpoint
--- PASS: TestReceiptsEndpoint (0.38s)
=== RUN   TestStatusEndpoint
--- PASS: TestStatusEndpoint (0.41s)
=== RUN   TestOrbitMembership_ReplicationGet
--- PASS: TestOrbitMembership_ReplicationGet (0.35s)
=== RUN   TestSyncerEmptyFile
--- PASS: TestSyncerEmptyFile (0.75s)
=== RUN   TestSyncerSmallAndMultiChunkWithRepeatedChunks
--- PASS: TestSyncerSmallAndMultiChunkWithRepeatedChunks (0.92s)
=== RUN   TestSyncerCorruptionRejected
--- PASS: TestSyncerCorruptionRejected (0.87s)
=== RUN   TestSyncerInterruptedResume
--- PASS: TestSyncerInterruptedResume (0.88s)
=== RUN   TestSyncerLostReceiptReplaySafe
--- PASS: TestSyncerLostReceiptReplaySafe (0.74s)
=== RUN   TestSyncerStatusDifferentiatesStoredFromApplied
--- PASS: TestSyncerStatusDifferentiatesStoredFromApplied (0.71s)
=== RUN   TestSyncerSenderDisappearsAfterStoreBeforeApply
--- PASS: TestSyncerSenderDisappearsAfterStoreBeforeApply (0.69s)
=== RUN   TestSyncerChunkFallbackTransfer
--- PASS: TestSyncerChunkFallbackTransfer (0.70s)
=== RUN   TestSyncInventoryLargerThanMemoryQueue
--- PASS: TestSyncInventoryLargerThanMemoryQueue (41.72s)
=== RUN   TestWANW01PinnedTransport
=== RUN   TestWANW01PinnedTransport/direct
=== RUN   TestWANW01PinnedTransport/relay
--- PASS: TestWANW01PinnedTransport (1.31s)
    --- PASS: TestWANW01PinnedTransport/direct (0.65s)
    --- PASS: TestWANW01PinnedTransport/relay (0.66s)
=== RUN   TestWANW01WrongPinAndIsolation
=== RUN   TestWANW01WrongPinAndIsolation/direct/enrollment
2026/10/06 17:59:32 http: TLS handshake error from 127.0.0.1:47952: remote error: tls: bad certificate
=== RUN   TestWANW01WrongPinAndIsolation/direct/peer_data
2026/10/06 17:59:33 http: TLS handshake error from 127.0.0.1:39240: remote error: tls: bad certificate
=== RUN   TestWANW01WrongPinAndIsolation/relay/enrollment
2026/10/06 17:59:34 http: TLS handshake error from orbit-relay:0: remote error: tls: bad certificate
=== RUN   TestWANW01WrongPinAndIsolation/relay/peer_data
2026/10/06 17:59:34 http: TLS handshake error from orbit-relay:0: remote error: tls: bad certificate
=== RUN   TestWANW01WrongPinAndIsolation/data-missing-cert
2026/10/06 17:59:35 http: TLS handshake error from orbit-relay:0: tls: client didn't provide a certificate
=== RUN   TestWANW01WrongPinAndIsolation/enrollment-no-data
=== RUN   TestWANW01WrongPinAndIsolation/enrollment-no-control
=== RUN   TestWANW01WrongPinAndIsolation/data-no-control
--- PASS: TestWANW01WrongPinAndIsolation (4.61s)
    --- PASS: TestWANW01WrongPinAndIsolation/direct/enrollment (0.56s)
    --- PASS: TestWANW01WrongPinAndIsolation/direct/peer_data (0.59s)
    --- PASS: TestWANW01WrongPinAndIsolation/relay/enrollment (0.57s)
    --- PASS: TestWANW01WrongPinAndIsolation/relay/peer_data (0.58s)
    --- PASS: TestWANW01WrongPinAndIsolation/data-missing-cert (0.59s)
    --- PASS: TestWANW01WrongPinAndIsolation/enrollment-no-data (0.58s)
    --- PASS: TestWANW01WrongPinAndIsolation/enrollment-no-control (0.57s)
    --- PASS: TestWANW01WrongPinAndIsolation/data-no-control (0.57s)
=== RUN   TestWANW01EnrollmentHandlerThroughRelay
--- PASS: TestWANW01EnrollmentHandlerThroughRelay (0.59s)
=== RUN   TestWANW01V3EnrollmentTransportAndMembership
=== RUN   TestWANW01V3EnrollmentTransportAndMembership/direct
=== RUN   TestWANW01V3EnrollmentTransportAndMembership/relay
--- PASS: TestWANW01V3EnrollmentTransportAndMembership (1.19s)
    --- PASS: TestWANW01V3EnrollmentTransportAndMembership/direct (0.60s)
    --- PASS: TestWANW01V3EnrollmentTransportAndMembership/relay (0.59s)
=== RUN   TestWANW01TransportCancellationRedirectAndBinding
=== RUN   TestWANW01TransportCancellationRedirectAndBinding/direct/cancel
=== RUN   TestWANW01TransportCancellationRedirectAndBinding/direct/redirect
=== RUN   TestWANW01TransportCancellationRedirectAndBinding/direct/target-pin
2026/10/06 17:59:40 http: TLS handshake error from 127.0.0.1:38206: remote error: tls: bad certificate
=== RUN   TestWANW01TransportCancellationRedirectAndBinding/relay/cancel
=== RUN   TestWANW01TransportCancellationRedirectAndBinding/relay/redirect
=== RUN   TestWANW01TransportCancellationRedirectAndBinding/relay/target-pin
2026/10/06 17:59:42 http: TLS handshake error from orbit-relay:0: remote error: tls: bad certificate
--- PASS: TestWANW01TransportCancellationRedirectAndBinding (3.46s)
    --- PASS: TestWANW01TransportCancellationRedirectAndBinding/direct/cancel (0.56s)
    --- PASS: TestWANW01TransportCancellationRedirectAndBinding/direct/redirect (0.57s)
    --- PASS: TestWANW01TransportCancellationRedirectAndBinding/direct/target-pin (0.58s)
    --- PASS: TestWANW01TransportCancellationRedirectAndBinding/relay/cancel (0.58s)
    --- PASS: TestWANW01TransportCancellationRedirectAndBinding/relay/redirect (0.59s)
    --- PASS: TestWANW01TransportCancellationRedirectAndBinding/relay/target-pin (0.57s)
=== RUN   TestWANW15DurableBoundariesMatchIndependentModel
=== RUN   TestWANW15DurableBoundariesMatchIndependentModel/transfer.chunk.verified
    wan_w15_test.go:139: trace=[approved metadata authenticated quic transfer.chunk.verified aggressive GC while transfer/ready state remains protected generation retired]; reused=1 fetched=1; exact heads/author/manifests/working bytes/receipt
=== RUN   TestWANW15DurableBoundariesMatchIndependentModel/transfer.readiness.before
    wan_w15_test.go:139: trace=[approved metadata authenticated quic transfer.chunk.verified transfer.chunk.verified transfer.readiness.before aggressive GC while transfer/ready state remains protected generation retired]; reused=2 fetched=0; exact heads/author/manifests/working bytes/receipt
=== RUN   TestWANW15DurableBoundariesMatchIndependentModel/transfer.readiness.after
    wan_w15_test.go:139: trace=[approved metadata authenticated quic transfer.chunk.verified transfer.chunk.verified transfer.readiness.before transfer.readiness.after aggressive GC while transfer/ready state remains protected generation retired]; reused=0 fetched=0; exact heads/author/manifests/working bytes/receipt
=== RUN   TestWANW15DurableBoundariesMatchIndependentModel/transfer.receipt.before_send
    wan_w15_test.go:139: trace=[approved metadata authenticated quic transfer.chunk.verified transfer.chunk.verified transfer.readiness.before transfer.readiness.after transfer.receipt.before_send aggressive GC while transfer/ready state remains protected generation retired]; reused=0 fetched=0; exact heads/author/manifests/working bytes/receipt
=== RUN   TestWANW15DurableBoundariesMatchIndependentModel/transfer.receipt.after_send
    wan_w15_test.go:139: trace=[approved metadata authenticated quic transfer.chunk.verified transfer.chunk.verified transfer.readiness.before transfer.readiness.after transfer.receipt.before_send transfer.receipt.after_send aggressive GC while transfer/ready state remains protected generation retired]; reused=0 fetched=0; exact heads/author/manifests/working bytes/receipt
--- PASS: TestWANW15DurableBoundariesMatchIndependentModel (3.63s)
    --- PASS: TestWANW15DurableBoundariesMatchIndependentModel/transfer.chunk.verified (0.70s)
    --- PASS: TestWANW15DurableBoundariesMatchIndependentModel/transfer.readiness.before (0.72s)
    --- PASS: TestWANW15DurableBoundariesMatchIndependentModel/transfer.readiness.after (0.72s)
    --- PASS: TestWANW15DurableBoundariesMatchIndependentModel/transfer.receipt.before_send (0.75s)
    --- PASS: TestWANW15DurableBoundariesMatchIndependentModel/transfer.receipt.after_send (0.73s)
=== RUN   TestWANW15RouteSwitchPublicationGCConflictAndRetirement
=== RUN   TestWANW15RouteSwitchPublicationGCConflictAndRetirement/publication
    wan_w15_test.go:232: QUIC publication interrupted after filesystem transition → protected aggressive GC → TCP recovery; exact bytes/heads/authors/hash and no scan feedback
=== RUN   TestWANW15RouteSwitchPublicationGCConflictAndRetirement/conflict_and_retirement
    wan_w15_test.go:316: offline conflicts converge through QUIC/TCP with two exact heads and both working candidates; GC preserves bytes; cached authenticated TCP denies retired device
--- PASS: TestWANW15RouteSwitchPublicationGCConflictAndRetirement (1.47s)
    --- PASS: TestWANW15RouteSwitchPublicationGCConflictAndRetirement/publication (0.76s)
    --- PASS: TestWANW15RouteSwitchPublicationGCConflictAndRetirement/conflict_and_retirement (0.71s)
PASS
ok  	github.com/calebhabesh/file-sync/internal/replication	147.923s
=== RUN   TestW13OfflineAuthorityRestoreVerification
--- PASS: TestW13OfflineAuthorityRestoreVerification (0.01s)
=== RUN   TestW13OperatorToolingRefusesUnsafeProfiles
--- PASS: TestW13OperatorToolingRefusesUnsafeProfiles (0.01s)
=== RUN   TestW13ServeCheckValidatesOperatorInputs
--- PASS: TestW13ServeCheckValidatesOperatorInputs (0.04s)
=== RUN   TestW13MetricsAreSanitized
--- PASS: TestW13MetricsAreSanitized (0.01s)
PASS
ok  	github.com/calebhabesh/file-sync/cmd/orbit-net	1.081s
