Prepared three fresh packaged installations
PASS ordinary joining, delayed approval and exact membership
PASS original-author forwarding without source/receiver overlap
PASS exact survivor retirement review, exported rollout and replay
Traceback (most recent call last):
  File "<repo>/scripts/validation/terminal_private.py", line 228, in <module>
    run(args.dist, args.hosts, args.addresses, args.network, args.output, args.preflight_only)
    ~~~^^^^^^^^^^^^^^^^^^^^^^^^^^^^^^^^^^^^^^^^^^^^^^^^^^^^^^^^^^^^^^^^^^^^^^^^^^^^^^^^^^^^^^^
  File "<repo>/scripts/validation/terminal_private.py", line 184, in run
    pending = replacement.setup(invitation=invitation(a, folder))
  File "<repo>/scripts/validation/terminal_native.py", line 107, in setup
    result = json.loads(self.orbit(args[0], "--request-file", self.root + "/" + review,
                        ~~~~~~~~~~^^^^^^^^^^^^^^^^^^^^^^^^^^^^^^^^^^^^^^^^^^^^^^^^^^^^^
                                  "--timeout", "0", "--json"))
                                  ^^^^^^^^^^^^^^^^^^^^^^^^^^^
  File "<repo>/scripts/validation/terminal_native.py", line 77, in orbit
    return self.cli("orbit", *args, check=check)
           ~~~~~~~~^^^^^^^^^^^^^^^^^^^^^^^^^^^^^
  File "<repo>/scripts/validation/harness.py", line 72, in cli
    raise RuntimeError(f"{self.role}: {args}: {result}")
RuntimeError: replacement: ('orbit', 'join', '--request-file', '/home/owner/filesync-validation-w7utkxg5/data-review.json', '--timeout', '0', '--json'): {'returncode': 1, 'stdout': '{"versions":[],"version":"1","capabilities":["terminal_control_v1","lifecycle_settings_v1","enrollment_v2","reviewed_setup_v1","folder_sharing_v1","context_v1","reviewed_content_v1","onboarding_management_v1","everyday_management_v1"],"state":"blocked","operation":{"id":"11c590cb80d31ef0451b919ec1c0f11053f248f464f94c10940abca2b3168395","fingerprint":"97690393faf384c9c883af7c1b37d08337c2e4a16311b1ec7029ac5e3843ff44","kind":"join","state":"blocked","phase":"request_prepared","committed_effects":[],"cancel_requested":false,"error":{"code":"SETUP_BLOCKED","message":"RATE_LIMITED","retryable":true,"action":"inspect operation; correct the cause and resume the same operation, or explicitly review a new attempt","retry_after_seconds":"0"}},"join":{"operation":{"id":"11c590cb80d31ef0451b919ec1c0f11053f248f464f94c10940abca2b3168395","fingerprint":"97690393faf384c9c883af7c1b37d08337c2e4a16311b1ec7029ac5e3843ff44","kind":"join","state":"blocked","phase":"request_prepared","committed_effects":[],"cancel_requested":false,"error":{"code":"SETUP_BLOCKED","message":"RATE_LIMITED","retryable":true,"action":"inspect operation; correct the cause and resume the same operation, or explicitly review a new attempt","retry_after_seconds":"0"}},"attempt":"4b717da3dbf018551997c19a5d42216bf7b70e66c4b8e3d47b46b1e78dcce1bf","request":"cbdd905ceb79b40259bce72202ca7ececd0774707ad5ffeb8c5ab3557bd3ee71","folder":"d0b277d3e4d60b41ebcae2f55e19ee19061a28def1d2027e29489f049d1adfe8","root":"/home/owner/filesync-validation-w7utkxg5/data","preview":{"token":"e018ac70f13f9ba53db03566440da5acbb4554e7c2926da9a1582a301a6c1e75","generation":"80e555ae9671b070566b0774c2da738eba69bb670c8e753b1c92155e95af8c64","expires_at":"2026-10-05T11:53:11.377282997Z"},"inviter":"264b6c1f04f78eafb290ad5bdda4b8a3e9d2d5334f555fc37d54b9d82f1d3d4a","key_pin":"d2a8bcc8b09ee3fdbbbd997621849228b4eaa3729df14c129668851979a0a177","certificate_der":"MIIBmTCCAUugAwIBAgIQI/E/NZuI3Z2NhTrD6dfoTjAFBgMrZXAwKzEpMCcGA1UEAxMgZmlsZXN5bmMtZGV2aWNlLTI2NGI2YzFmMDRmNzhlYWYwHhcNMjYxMDA1MTE0MjA2WhcNMzYxMDA1MTE0NzA2WjArMSkwJwYDVQQDEyBmaWxlc3luYy1kZXZpY2UtMjY0YjZjMWYwNGY3OGVhZjAqMAUGAytlcAMhAB/xsiMVth/dfVBTkAraEUohCvCarXyv+iTE289yWu3Mo4GEMIGBMA4GA1UdDwEB/wQEAwIHgDAdBgNVHSUEFjAUBggrBgEFBQcDAgYIKwYBBQUHAwEwDwYDVR0TAQH/BAUwAwEB/zAdBgNVHQ4EFgQUl7YsUndNZFUsNamCgXkC/jHXLpUwIAYDVR0RBBkwF4IVcGVlci5maWxlc3luYy5pbnZhbGlkMAUGAytlcANBANU2FmyNYfxNOZy/B7DUesl4IEv8ONQ1NY1NF++coxSeOESDS2gHePJGE4Rjau6qaV8oJLQU5PddDGtPBf8daws=","enrollment_endpoint":"https://192.168.88.171:53197","peer_endpoint":"https://192.168.88.171:35065","readiness":{"approved":false,"membership_current":false,"root_available":false,"scan_complete":false,"unsupported":"0","unreadable":"0","uncaptured":"0","missing_content":"0","pending_publication":"0","conflicts":"0","storage_blocked":false}},"readiness":{"approved":false,"membership_current":false,"root_available":false,"scan_complete":false,"unsupported":"0","unreadable":"0","uncaptured":"0","missing_content":"0","pending_publication":"0","conflicts":"0","storage_blocked":false},"items":[],"requests":[{"id":"cbdd905ceb79b40259bce72202ca7ececd0774707ad5ffeb8c5ab3557bd3ee71","folder":"d0b277d3e4d60b41ebcae2f55e19ee19061a28def1d2027e29489f049d1adfe8","requester":"092d952a448f5a0cc07b83047bb04dd5710d2494bd9e698ff787e98d8836eb84","key_pin":"6e3caf92e6f3a5691a972a998addceb400e65b5744cf490ce55095e0acf75ca3","label":"","transcript_digest":"12cafcb899908f94353cbcf6ab8767ff1c972d41f3e256e77eb643c79c3e08af","verification_code":"12caf-cb899-908f9-4353c","expected_membership":"","state":"pending_approval"}],"observations":[],"attention":[],"effects":[],"cursor":"","error":{"code":"SETUP_BLOCKED","message":"RATE_LIMITED","retryable":true,"action":"inspect operation; correct the cause and resume the same operation, or explicitly review a new attempt","retry_after_seconds":"0"}}\n', 'stderr': 'filesync: SETUP_BLOCKED: RATE_LIMITED (action: inspect operation; correct the cause and resume the same operation, or explicitly review a new attempt)\n', 'resources': {'sampled_peak_fds': 7, 'sampled_peak_rss_kib': 23896, 'user_seconds': 0.016843, 'system_seconds': 0.00112, 'peak_rss_kib': 27856, 'sampling_interval_seconds': 0.02}}
