Prepared three fresh packaged installations
PASS ordinary joining, delayed approval and exact membership
PASS original-author forwarding without source/receiver overlap
PASS exact survivor retirement review, exported rollout and replay
replacement: observing retained rate-limited join until submission
Traceback (most recent call last):
  File "<repo>/scripts/validation/terminal_private.py", line 254, in <module>
    run(args.dist, args.hosts, args.addresses, args.network, args.output, args.preflight_only)
    ~~~^^^^^^^^^^^^^^^^^^^^^^^^^^^^^^^^^^^^^^^^^^^^^^^^^^^^^^^^^^^^^^^^^^^^^^^^^^^^^^^^^^^^^^^
  File "<repo>/scripts/validation/terminal_private.py", line 210, in run
    pending = replacement.setup(invitation=invitation(a, folder))
  File "<repo>/scripts/validation/terminal_native.py", line 107, in setup
    result = json.loads(self.orbit(args[0], "--request-file", self.root + "/" + review,
                        ~~~~~~~~~~^^^^^^^^^^^^^^^^^^^^^^^^^^^^^^^^^^^^^^^^^^^^^^^^^^^^^
                                  "--timeout", "0", "--json"))
                                  ^^^^^^^^^^^^^^^^^^^^^^^^^^^
  File "<repo>/scripts/validation/terminal_private.py", line 42, in orbit
    return json.dumps(wait("retained enrollment after rate limit", submitted, 90))
                      ~~~~^^^^^^^^^^^^^^^^^^^^^^^^^^^^^^^^^^^^^^^^^^^^^^^^^^^^^^^
  File "<repo>/scripts/validation/terminal_native.py", line 28, in wait
    raise RuntimeError("timeout: " + label)
RuntimeError: timeout: retained enrollment after rate limit
