Prepared three fresh packaged installations
PASS ordinary joining, delayed approval and exact membership
PASS original-author forwarding without source/receiver overlap
PASS exact survivor retirement review, exported rollout and replay
Traceback (most recent call last):
  File "<repo>/scripts/validation/terminal_private.py", line 228, in <module>
  File "<repo>/scripts/validation/terminal_private.py", line 184, in run
    report["scenarios"]["replacement_approval"] = approve(a, replacement, pending)
              ^^^^^^^^^^^^^^^^^^^^^^^^^^^^^^^^^^^^^^^^^^^^^^^^^^^
  File "<repo>/scripts/validation/terminal_native.py", line 107, in setup
    result = json.loads(self.orbit(args[0], "--request-file", self.root + "/" + review,
                        ~~~~~~~~~~^^^^^^^^^^^^^^^^^^^^^^^^^^^^^^^^^^^^^^^^^^^^^^^^^^^^^
                                  "--timeout", "0", "--json"))
                                  ^^^^^^^^^^^^^^^^^^^^^^^^^^^
  File "<repo>/scripts/validation/terminal_native.py", line 77, in orbit
    return self.cli("orbit", *args, check=check)
           ~~~~~~~~^^^^^^^^^^^^^^^^^^^^^^^^^^^^^
  File "<repo>/scripts/validation/harness.py", line 72, in cli
    raise RuntimeError(f"{self.role}: {args}: {result}")
RuntimeError: replacement: ('orbit', 'join', '--request-file', '/home/owner/filesync-validation-fc6epb8r/data-review.json', '--timeout', '0', '--json'): {'returncode': 1, 'stdout': '{"versions":[],"version":"1","capabilities":["terminal_control_v1","lifecycle_settings_v1","enrollment_v2","reviewed_setup_v1","folder_sharing_v1","context_v1","reviewed_content_v1","onboarding_management_v1","everyday_management_v1"],"state":"blocked","operation":{"id":"a418023b74f5f91f0f5ea300e351a62567aab330143cd8b2374427350a8fe374","fingerprint":"b3ffe4fecbdf456db74b946bd1740e198c12242faa221f57a3fb6eabb1adbcfa","kind":"join","state":"blocked","phase":"awaiting_approval","committed_effects":[],"cancel_requested":false,"error":{"code":"SETUP_BLOCKED","message":"RATE_LIMITED","retryable":true,"action":"inspect operation; correct the cause and resume the same operation, or explicitly review a new attempt","retry_after_seconds":"0"}},"join":{"operation":{"id":"a418023b74f5f91f0f5ea300e351a62567aab330143cd8b2374427350a8fe374","fingerprint":"b3ffe4fecbdf456db74b946bd1740e198c12242faa221f57a3fb6eabb1adbcfa","kind":"join","state":"blocked","phase":"awaiting_approval","committed_effects":[],"cancel_requested":false,"error":{"code":"SETUP_BLOCKED","message":"RATE_LIMITED","retryable":true,"action":"inspect operation; correct the cause and resume the same operation, or explicitly review a new attempt","retry_after_seconds":"0"}},"attempt":"d1d32096220b6ce369aee1a62373267897e67b0df38a1e21e5d1ceacb3106e94","request":"809b97828cd1b4e90209141163f443e8e00e8724b517cc027e124d734ee41afd","folder":"c4abcc16275a100da98b4a87f2aba923811d644ecb1b005f50b86e0a4096a1be","root":"/home/owner/filesync-validation-fc6epb8r/data","preview":{"token":"288ca7bc8e4668aa6001b0d31b46cb1d90afcb0e0b43cd5e28d075465e7cd542","generation":"6a87c94ded7c2448dd3a74a874577ac488cfecedded0721c3206b924ba46732a","expires_at":"2026-10-05T11:54:47.60401694Z"},"inviter":"7a77e661d3f39466dd9065a6ba0c9b7af16ddebae3070dcacc63d82c2f7c8889","key_pin":"f547eb871fdefaf49879bd9aa6d41cdb7bc8e00402bb4c0ea0c080a04ee35295","certificate_der":"MIIBmjCCAUygAwIBAgIRAIV8GFf66hcmf6XvbblxgKowBQYDK2VwMCsxKTAnBgNVBAMTIGZpbGVzeW5jLWRldmljZS03YTc3ZTY2MWQzZjM5NDY2MB4XDTI2MTAwNTExNDIxMVoXDTM2MTAwNTExNDcxMVowKzEpMCcGA1UEAxMgZmlsZXN5bmMtZGV2aWNlLTdhNzdlNjYxZDNmMzk0NjYwKjAFBgMrZXADIQBY8dGx+Xlr9qBDPochwPS6fS39bME8MCAJt55MGEG4SKOBhDCBgTAOBgNVHQ8BAf8EBAMCB4AwHQYDVR0lBBYwFAYIKwYBBQUHAwIGCCsGAQUFBwMBMA8GA1UdEwEB/wQFMAMBAf8wHQYDVR0OBBYEFBGAuVCPPw1EyrGvhiXirPTNDWdzMCAGA1UdEQQZMBeCFXBlZXIuZmlsZXN5bmMuaW52YWxpZDAFBgMrZXADQQDaU8sL4epcZR0iFzZA0I+iNFLBquY0djoG5EP1M2kevIFQa+5iezGxk4CA8wR//jx1XioYLy9vzwBWiaNbnUQB","enrollment_endpoint":"https://192.168.88.83:50659","peer_endpoint":"https://192.168.88.83:57809","readiness":{"approved":false,"membership_current":false,"root_available":false,"scan_complete":false,"unsupported":"0","unreadable":"0","uncaptured":"0","missing_content":"0","pending_publication":"0","conflicts":"0","storage_blocked":false}},"readiness":{"approved":false,"membership_current":false,"root_available":false,"scan_complete":false,"unsupported":"0","unreadable":"0","uncaptured":"0","missing_content":"0","pending_publication":"0","conflicts":"0","storage_blocked":false},"items":[],"requests":[{"id":"809b97828cd1b4e90209141163f443e8e00e8724b517cc027e124d734ee41afd","folder":"c4abcc16275a100da98b4a87f2aba923811d644ecb1b005f50b86e0a4096a1be","requester":"b18ae62267b9de923ab768f8992fa1ae4f8d484502fef56a9cbe887285c52ade","key_pin":"387452db1d9bc2bc76502ce81cdecd8cc6f94a2f3663f0bf30fa894e2a934c78","label":"","transcript_digest":"7160f3c0b321b127d263218d76f853976b3632c9259d1dce9fa3b8a1ee4e34d1","verification_code":"7160f-3c0b3-21b12-7d263","expected_membership":"","state":"pending_approval"}],"observations":[],"attention":[],"effects":[],"cursor":"","error":{"code":"SETUP_BLOCKED","message":"RATE_LIMITED","retryable":true,"action":"inspect operation; correct the cause and resume the same operation, or explicitly review a new attempt","retry_after_seconds":"0"}}\n', 'stderr': 'filesync: SETUP_BLOCKED: RATE_LIMITED (action: inspect operation; correct the cause and resume the same operation, or explicitly review a new attempt)\n', 'resources': {'sampled_peak_fds': 8, 'sampled_peak_rss_kib': 16748, 'user_seconds': 0.115961, 'system_seconds': 0.025755999999999998, 'peak_rss_kib': 20060, 'sampling_interval_seconds': 0.02}}
