Prepared three fresh packaged installations
PASS ordinary joining, delayed approval and exact membership
PASS original-author forwarding without source/receiver overlap
PASS exact survivor retirement review, exported rollout and replay
Waiting 60 seconds for the unchanged per-IP enrollment budget
Traceback (most recent call last):
  File "<repo>/scripts/validation/terminal_private.py", line 266, in <module>
    run(args.dist, args.hosts, args.addresses, args.network, args.output, args.preflight_only)
    ~~~^^^^^^^^^^^^^^^^^^^^^^^^^^^^^^^^^^^^^^^^^^^^^^^^^^^^^^^^^^^^^^^^^^^^^^^^^^^^^^^^^^^^^^^
  File "<repo>/scripts/validation/terminal_private.py", line 223, in run
    report["scenarios"]["replacement_approval"] = approve(c, replacement, pending)
                                                  ~~~~~~~^^^^^^^^^^^^^^^^^^^^^^^^^
  File "<repo>/scripts/validation/terminal_native.py", line 135, in approve
    completed = wait("approved durable join", done)
  File "<repo>/scripts/validation/terminal_native.py", line 24, in wait
    value = fn()
  File "<repo>/scripts/validation/terminal_native.py", line 133, in done
    result = receiver.query("operation", id=operation)
  File "<repo>/scripts/validation/terminal_native.py", line 80, in query
    return self.call("terminal-query", query={"kind": kind, **fields})
           ~~~~~~~~~^^^^^^^^^^^^^^^^^^^^^^^^^^^^^^^^^^^^^^^^^^^^^^^^^^
  File "<repo>/scripts/validation/harness.py", line 43, in call
    raise RuntimeError(f"{self.role} {action}: {proc.stdout} {proc.stderr}")
RuntimeError: replacement terminal-query: {"error": "timed out"}
 
