CGO_ENABLED=0 go build  -trimpath -ldflags '-X main.version=1.0.0 -X main.commit=61da64f -X main.date=2026-10-01' -o bin/filesync ./cmd/filesync
ln -sf filesync bin/orbit
CGO_ENABLED=0 GOOS=linux GOARCH=arm64 go build  -trimpath -ldflags '-X main.version=1.0.0 -X main.commit=61da64f -X main.date=2026-10-01' -o bin/filesync-linux-arm64 ./cmd/filesync
go run ./scripts/build_packages.go
Building binary for linux/amd64 -> <repo>/bin/filesync
Building binary for linux/arm64 -> <repo>/bin/filesync-linux-arm64
Generating filesync-v1.0.0-linux-amd64.tar.gz...
Generating filesync_1.0.0_amd64.deb...
Generating filesync-1.0.0-1.x86_64.rpm...
Generating filesync-v1.0.0-linux-arm64.tar.gz...
Generating filesync_1.0.0_arm64.deb...
Generating filesync-1.0.0-1.aarch64.rpm...
Generating SHA256SUMS...
Release packaging complete! Generated artifacts:
  - filesync-v1.0.0-linux-amd64.tar.gz (14839892 bytes)
  - orbit-v1.0.0-linux-amd64.tar.gz (14839892 bytes)
  - filesync_1.0.0_amd64.deb (14838608 bytes)
  - filesync-1.0.0-1.x86_64.rpm (14839962 bytes)
  - filesync-v1.0.0-linux-arm64.tar.gz (13913360 bytes)
  - orbit-v1.0.0-linux-arm64.tar.gz (13913360 bytes)
  - filesync_1.0.0_arm64.deb (13909878 bytes)
  - filesync-1.0.0-1.aarch64.rpm (13911921 bytes)
  - release-manifest.json (504 bytes)
  - SHA256SUMS
