TestTerminalT00WrongFolderCapability
TestTerminalT00SameKeySecondFolder
TestTerminalT00InviterVerification
TestTerminalT00JoinPersistence
TestTerminalT00RootPreview
TestTerminalT00JoinReadiness
TestTerminalT00PeerEnrollmentRoute
TestTerminalT00InvitationEndpoint
TestTerminalT00DetailObservation
TestTerminalT00CLI
TestTerminalT06ContextResolutionCwdAndName
TestTerminalT06AmbiguousAndOutsideRootContext
TestTerminalT06StaleAndUnavailableRoot
TestTerminalT06PathSafetyAndLiteralPaths
TestTerminalT06OutputEscapingAndControlCharacters
TestTerminalT06LiveAndStoppedAdapterParity
TestTerminalT06ShellCompletionsAndHelpWalkthrough
TestTerminalT03NetworkEnrollmentApprovalAndReplay
TestTerminalT03InviterPinBeforeDisclosure
TestTerminalT03ScopeAndProofRejections
TestTerminalT03WrongScopeChallengeAndRevocation
TestTerminalT03ConcurrentSingleUse
TestTerminalT03StatusRequiresPossession
TestTerminalT03IsolationAndDataAuthorization
TestTerminalT03BoundsAndThrottle
TestTerminalT03ReviewedApprovalStaleAndReplay
TestTerminalT03DaemonProcess
TestTerminalT03TwoProcessEnrollment
TestTerminalT03ExpiredAndRevokedPending
TestTerminalT03AdmissionCapsAndChangedReplay
TestTerminalT03LegacyBoundaries
TestTerminalT02LiveStoppedSettingsReplay
TestTerminalT02NoFallbackAfterLiveFailure
TestTerminalT02EndpointAndBounds
TestTerminalT02IdentityCancellationAndAuth
TestTerminalT02FiniteInitializerAndPartialRestart
TestTerminalT02LegacyLimitsReview
TestTerminalT02LostResponseRecoveryAndExpiredReplay
TestTerminalT02StaleReviewNetworkSettings
TestTerminalT02DaemonProcess
TestTerminalT02ConcurrentProcessLaunchAndLifetime
TestTerminalT02MissingSystemdAndExplicitErrors
TestTerminalT02ServiceProcessActionsAndSelection
TestTerminalT02CanceledMutationWaitingKeepsAcceptedWork
TestTerminalT02ConcurrentMutationReplay
TestTerminalT02ControlServeShutdown
TestTerminalT04TwoDeviceCLIInterruptedJoinAndEdits
TestTerminalT04InteractiveReviewRetainsInputs
TestTerminalT04RecursiveReviewedAdoption
TestTerminalT04StaleRootAndPlan
TestTerminalT04UnsupportedAndOverlap
TestTerminalT04BoundedPreviewContinuation
TestTerminalT04CapacityAndExpiredReview
TestTerminalT04ResumeAtDurablePhases
TestTerminalT04InitialCaptureFailureBlocksBootstrap
TestTerminalT04FatalScanFailurePreservesCapture
TestTerminalT04NoBootstrapTombstone
TestTerminalT04DelayedJoinRestartAndTransfer
TestTerminalT04DivergentBootstrapRemainsConflict
TestTerminalT04ExpiredAttemptDoesNotRenew
TestTerminalT04UnreadablePreviewAndCaptureFault
TestTerminalT04JoinPhaseRecovery
TestTerminalT04StartupFailureAndConsumedReview
TestTerminalT04IssuePagesAndPreviewFamily
TestTerminalT04ExpiredPreparedRequestRecovery
TestTerminalT05ThreeProcessSharingOfflineRolloutAndEndpointRefresh
TestTerminalT05ScopedKnownDeviceSharing
TestTerminalT05MembershipPinAndSequentialGate
TestTerminalT05ForkRecoveryPreservesOriginalGroup
TestTerminalT05CompetingReviewedApprovals
TestTerminalT05TargetedShareRejectsRekey
TestTerminalT07_Status_Observations_MixedState
TestTerminalT07_Status_Attention_PersistenceAcrossRestart
TestTerminalT07_Status_BoundedPaginationAndCancellation
TestTerminalT07_Doctor_DiagnosticsAndRemediations
TestTerminalT07_CLI_StatusAndDoctor_Parity
ok  	github.com/calebhabesh/file-sync/tests/terminal	0.002s
