=== RUN   TestTerminalT07_Status_Observations_MixedState
=== PAUSE TestTerminalT07_Status_Observations_MixedState
=== RUN   TestTerminalT07_Status_Attention_PersistenceAcrossRestart
=== PAUSE TestTerminalT07_Status_Attention_PersistenceAcrossRestart
=== RUN   TestTerminalT07_Status_BoundedPaginationAndCancellation
=== PAUSE TestTerminalT07_Status_BoundedPaginationAndCancellation
=== RUN   TestTerminalT07_Doctor_DiagnosticsAndRemediations
=== PAUSE TestTerminalT07_Doctor_DiagnosticsAndRemediations
=== RUN   TestTerminalT07_CLI_StatusAndDoctor_Parity
=== PAUSE TestTerminalT07_CLI_StatusAndDoctor_Parity
=== CONT  TestTerminalT07_Status_Observations_MixedState
=== CONT  TestTerminalT07_Doctor_DiagnosticsAndRemediations
=== CONT  TestTerminalT07_Status_BoundedPaginationAndCancellation
=== CONT  TestTerminalT07_CLI_StatusAndDoctor_Parity
=== CONT  TestTerminalT07_Status_Attention_PersistenceAcrossRestart
=== RUN   TestTerminalT07_Doctor_DiagnosticsAndRemediations/StoppedAdapter
=== RUN   TestTerminalT07_Doctor_DiagnosticsAndRemediations/LiveCleanState
--- PASS: TestTerminalT07_Status_Attention_PersistenceAcrossRestart (0.05s)
--- PASS: TestTerminalT07_Status_Observations_MixedState (0.05s)
=== RUN   TestTerminalT07_Doctor_DiagnosticsAndRemediations/InsecureToken
=== RUN   TestTerminalT07_Doctor_DiagnosticsAndRemediations/MissingRoot
=== RUN   TestTerminalT07_Doctor_DiagnosticsAndRemediations/ExhaustedTask
--- PASS: TestTerminalT07_Status_BoundedPaginationAndCancellation (0.09s)
--- PASS: TestTerminalT07_Doctor_DiagnosticsAndRemediations (0.10s)
    --- PASS: TestTerminalT07_Doctor_DiagnosticsAndRemediations/StoppedAdapter (0.01s)
    --- PASS: TestTerminalT07_Doctor_DiagnosticsAndRemediations/LiveCleanState (0.01s)
    --- PASS: TestTerminalT07_Doctor_DiagnosticsAndRemediations/InsecureToken (0.01s)
    --- PASS: TestTerminalT07_Doctor_DiagnosticsAndRemediations/MissingRoot (0.02s)
    --- PASS: TestTerminalT07_Doctor_DiagnosticsAndRemediations/ExhaustedTask (0.02s)
--- PASS: TestTerminalT07_CLI_StatusAndDoctor_Parity (0.56s)
=== RUN   TestTerminalT07_Status_Observations_MixedState
=== PAUSE TestTerminalT07_Status_Observations_MixedState
=== RUN   TestTerminalT07_Status_Attention_PersistenceAcrossRestart
=== PAUSE TestTerminalT07_Status_Attention_PersistenceAcrossRestart
=== RUN   TestTerminalT07_Status_BoundedPaginationAndCancellation
=== PAUSE TestTerminalT07_Status_BoundedPaginationAndCancellation
=== RUN   TestTerminalT07_Doctor_DiagnosticsAndRemediations
=== PAUSE TestTerminalT07_Doctor_DiagnosticsAndRemediations
=== RUN   TestTerminalT07_CLI_StatusAndDoctor_Parity
=== PAUSE TestTerminalT07_CLI_StatusAndDoctor_Parity
=== CONT  TestTerminalT07_Status_Observations_MixedState
=== CONT  TestTerminalT07_Doctor_DiagnosticsAndRemediations
=== CONT  TestTerminalT07_CLI_StatusAndDoctor_Parity
=== CONT  TestTerminalT07_Status_Attention_PersistenceAcrossRestart
=== CONT  TestTerminalT07_Status_BoundedPaginationAndCancellation
=== RUN   TestTerminalT07_Doctor_DiagnosticsAndRemediations/StoppedAdapter
=== RUN   TestTerminalT07_Doctor_DiagnosticsAndRemediations/LiveCleanState
--- PASS: TestTerminalT07_Status_Attention_PersistenceAcrossRestart (0.05s)
=== RUN   TestTerminalT07_Doctor_DiagnosticsAndRemediations/InsecureToken
--- PASS: TestTerminalT07_Status_Observations_MixedState (0.05s)
=== RUN   TestTerminalT07_Doctor_DiagnosticsAndRemediations/MissingRoot
=== RUN   TestTerminalT07_Doctor_DiagnosticsAndRemediations/ExhaustedTask
--- PASS: TestTerminalT07_Status_BoundedPaginationAndCancellation (0.08s)
--- PASS: TestTerminalT07_Doctor_DiagnosticsAndRemediations (0.10s)
    --- PASS: TestTerminalT07_Doctor_DiagnosticsAndRemediations/StoppedAdapter (0.01s)
    --- PASS: TestTerminalT07_Doctor_DiagnosticsAndRemediations/LiveCleanState (0.01s)
    --- PASS: TestTerminalT07_Doctor_DiagnosticsAndRemediations/InsecureToken (0.01s)
    --- PASS: TestTerminalT07_Doctor_DiagnosticsAndRemediations/MissingRoot (0.02s)
    --- PASS: TestTerminalT07_Doctor_DiagnosticsAndRemediations/ExhaustedTask (0.02s)
--- PASS: TestTerminalT07_CLI_StatusAndDoctor_Parity (0.38s)
PASS
ok  	github.com/calebhabesh/file-sync/tests/terminal	0.935s
