?   	github.com/calebhabesh/file-sync/internal/app	[no test files]
ok  	github.com/calebhabesh/file-sync/internal/config	0.004s
ok  	github.com/calebhabesh/file-sync/internal/control	0.002s
ok  	github.com/calebhabesh/file-sync/internal/control/terminalcontract	0.002s
?   	github.com/calebhabesh/file-sync/internal/controlclient	[no test files]
ok  	github.com/calebhabesh/file-sync/internal/history	0.002s
?   	github.com/calebhabesh/file-sync/internal/launcher	[no test files]
TestWANW09PacketBoundariesMTUAddressesAndPairChange
TestWANW09PacketDeadlineCancelClose
TestWANW09HTTP3HeaderAndBodyDeadlines
TestWANW09HTTP3StreamingMemoryCancelAndJoinedClose
TestWANW09OptionalUDPDisabledAndCollision
TestWANW09QUICAdmissionAndALPN
ok  	github.com/calebhabesh/file-sync/internal/network	0.003s
ok  	github.com/calebhabesh/file-sync/internal/protocol	0.003s
ok  	github.com/calebhabesh/file-sync/internal/rendezvous	0.004s
TestWANW09NativeQUICBothPullDirectionsAndResume
TestWANW09HTTP3AuthenticationAuthorizationAndBounds
TestWANW09PartialChunkNoReceiptAndBorrowerPin
ok  	github.com/calebhabesh/file-sync/internal/replication	0.003s
ok  	github.com/calebhabesh/file-sync/internal/repository	0.002s
ok  	github.com/calebhabesh/file-sync/internal/scheduler	0.002s
ok  	github.com/calebhabesh/file-sync/internal/state	0.001s
ok  	github.com/calebhabesh/file-sync/internal/terminal	0.017s
ok  	github.com/calebhabesh/file-sync/internal/testkit	0.001s
ok  	github.com/calebhabesh/file-sync/internal/workspace	0.002s
ok  	github.com/calebhabesh/file-sync/tests/designgates	0.002s
ok  	github.com/calebhabesh/file-sync/tests/faults	0.002s
ok  	github.com/calebhabesh/file-sync/tests/integration	0.002s
TestWANW09BinaryLocalOnlyQUICAfterApproval
ok  	github.com/calebhabesh/file-sync/tests/terminal	0.002s
ok  	github.com/calebhabesh/file-sync/cmd/filesync	0.014s
