=== RUN   TestWANW09PacketBoundariesMTUAddressesAndPairChange
--- PASS: TestWANW09PacketBoundariesMTUAddressesAndPairChange (0.00s)
=== RUN   TestWANW09PacketDeadlineCancelClose
--- PASS: TestWANW09PacketDeadlineCancelClose (0.02s)
=== RUN   TestWANW09HTTP3HeaderAndBodyDeadlines
    quic_test.go:92: actual header and body bounds 5s 15s
--- PASS: TestWANW09HTTP3HeaderAndBodyDeadlines (20.03s)
=== RUN   TestWANW09HTTP3StreamingMemoryCancelAndJoinedClose
    quic_test.go:149: 32-MiB offered; sent before cancel=196608; heap before/during=920712/1503776; goroutines=9
--- PASS: TestWANW09HTTP3StreamingMemoryCancelAndJoinedClose (0.11s)
=== RUN   TestWANW09OptionalUDPDisabledAndCollision
--- PASS: TestWANW09OptionalUDPDisabledAndCollision (0.00s)
=== RUN   TestWANW09QUICAdmissionAndALPN
    quic_test.go:227: incoming cap=32; goroutines before/after=2/3
--- PASS: TestWANW09QUICAdmissionAndALPN (0.17s)
=== RUN   TestWANW09PacketBoundariesMTUAddressesAndPairChange
--- PASS: TestWANW09PacketBoundariesMTUAddressesAndPairChange (0.00s)
=== RUN   TestWANW09PacketDeadlineCancelClose
--- PASS: TestWANW09PacketDeadlineCancelClose (0.02s)
=== RUN   TestWANW09HTTP3HeaderAndBodyDeadlines
    quic_test.go:92: actual header and body bounds 5s 15s
--- PASS: TestWANW09HTTP3HeaderAndBodyDeadlines (20.02s)
=== RUN   TestWANW09HTTP3StreamingMemoryCancelAndJoinedClose
    quic_test.go:149: 32-MiB offered; sent before cancel=181385; heap before/during=1233800/1985408; goroutines=8
--- PASS: TestWANW09HTTP3StreamingMemoryCancelAndJoinedClose (0.11s)
=== RUN   TestWANW09OptionalUDPDisabledAndCollision
--- PASS: TestWANW09OptionalUDPDisabledAndCollision (0.00s)
=== RUN   TestWANW09QUICAdmissionAndALPN
    quic_test.go:227: incoming cap=32; goroutines before/after=2/4
--- PASS: TestWANW09QUICAdmissionAndALPN (0.17s)
PASS
ok  	github.com/calebhabesh/file-sync/internal/network	41.656s
=== RUN   TestWANW09LANQUICIndependentGoldenAndCapabilities
--- PASS: TestWANW09LANQUICIndependentGoldenAndCapabilities (0.00s)
=== RUN   TestWANW09LANQUICIndependentGoldenAndCapabilities
--- PASS: TestWANW09LANQUICIndependentGoldenAndCapabilities (0.00s)
PASS
ok  	github.com/calebhabesh/file-sync/internal/protocol	1.007s
=== RUN   TestWANW09NativeQUICBothPullDirectionsAndResume
=== RUN   TestWANW09NativeQUICBothPullDirectionsAndResume/native
    quic_test.go:171: native UDP on https://5353535353535353535353535353535353535353535353535353535353535353.peer.orbit.invalid both endpoints listen/dial; verified chunk reuse and exact heads/hashes
=== RUN   TestWANW09NativeQUICBothPullDirectionsAndResume/pair_adapter
2026/10/06 01:34:57 connection doesn't allow setting of receive buffer size. Not a *net.UDPConn?. See https://github.com/quic-go/quic-go/wiki/UDP-Buffer-Sizes for details.
    quic_test.go:171: native UDP on https://5353535353535353535353535353535353535353535353535353535353535353.peer.orbit.invalid both endpoints listen/dial; verified chunk reuse and exact heads/hashes
--- PASS: TestWANW09NativeQUICBothPullDirectionsAndResume (1.85s)
    --- PASS: TestWANW09NativeQUICBothPullDirectionsAndResume/native (0.96s)
    --- PASS: TestWANW09NativeQUICBothPullDirectionsAndResume/pair_adapter (0.90s)
=== RUN   TestWANW09HTTP3AuthenticationAuthorizationAndBounds
=== RUN   TestWANW09HTTP3AuthenticationAuthorizationAndBounds/missing
=== RUN   TestWANW09HTTP3AuthenticationAuthorizationAndBounds/wrong_pin
--- PASS: TestWANW09HTTP3AuthenticationAuthorizationAndBounds (0.77s)
    --- PASS: TestWANW09HTTP3AuthenticationAuthorizationAndBounds/missing (0.00s)
    --- PASS: TestWANW09HTTP3AuthenticationAuthorizationAndBounds/wrong_pin (0.00s)
=== RUN   TestWANW09PartialChunkNoReceiptAndBorrowerPin
--- PASS: TestWANW09PartialChunkNoReceiptAndBorrowerPin (1.38s)
=== RUN   TestWANW09NativeQUICBothPullDirectionsAndResume
=== RUN   TestWANW09NativeQUICBothPullDirectionsAndResume/native
    quic_test.go:171: native UDP on https://5353535353535353535353535353535353535353535353535353535353535353.peer.orbit.invalid both endpoints listen/dial; verified chunk reuse and exact heads/hashes
=== RUN   TestWANW09NativeQUICBothPullDirectionsAndResume/pair_adapter
    quic_test.go:171: native UDP on https://5353535353535353535353535353535353535353535353535353535353535353.peer.orbit.invalid both endpoints listen/dial; verified chunk reuse and exact heads/hashes
--- PASS: TestWANW09NativeQUICBothPullDirectionsAndResume (1.73s)
    --- PASS: TestWANW09NativeQUICBothPullDirectionsAndResume/native (0.87s)
    --- PASS: TestWANW09NativeQUICBothPullDirectionsAndResume/pair_adapter (0.86s)
=== RUN   TestWANW09HTTP3AuthenticationAuthorizationAndBounds
=== RUN   TestWANW09HTTP3AuthenticationAuthorizationAndBounds/missing
=== RUN   TestWANW09HTTP3AuthenticationAuthorizationAndBounds/wrong_pin
--- PASS: TestWANW09HTTP3AuthenticationAuthorizationAndBounds (0.78s)
    --- PASS: TestWANW09HTTP3AuthenticationAuthorizationAndBounds/missing (0.00s)
    --- PASS: TestWANW09HTTP3AuthenticationAuthorizationAndBounds/wrong_pin (0.00s)
=== RUN   TestWANW09PartialChunkNoReceiptAndBorrowerPin
--- PASS: TestWANW09PartialChunkNoReceiptAndBorrowerPin (1.38s)
PASS
ok  	github.com/calebhabesh/file-sync/internal/replication	8.894s
=== RUN   TestWANW09DirectSettingsLegacyAndOptionalUDP
--- PASS: TestWANW09DirectSettingsLegacyAndOptionalUDP (0.00s)
=== RUN   TestWANW09DirectSettingsLegacyAndOptionalUDP
--- PASS: TestWANW09DirectSettingsLegacyAndOptionalUDP (0.00s)
PASS
ok  	github.com/calebhabesh/file-sync/internal/config	1.006s
