=== RUN   TestWANW09NativeQUICBothPullDirectionsAndResume
=== RUN   TestWANW09NativeQUICBothPullDirectionsAndResume/native
    quic_test.go:159: native UDP on https://5353535353535353535353535353535353535353535353535353535353535353.peer.orbit.invalid both endpoints listen/dial; verified chunk reuse and exact heads/hashes
=== RUN   TestWANW09NativeQUICBothPullDirectionsAndResume/pair_adapter
2026/10/06 01:26:56 connection doesn't allow setting of receive buffer size. Not a *net.UDPConn?. See https://github.com/quic-go/quic-go/wiki/UDP-Buffer-Sizes for details.
    quic_test.go:159: native UDP on https://5353535353535353535353535353535353535353535353535353535353535353.peer.orbit.invalid both endpoints listen/dial; verified chunk reuse and exact heads/hashes
--- PASS: TestWANW09NativeQUICBothPullDirectionsAndResume (1.79s)
    --- PASS: TestWANW09NativeQUICBothPullDirectionsAndResume/native (0.88s)
    --- PASS: TestWANW09NativeQUICBothPullDirectionsAndResume/pair_adapter (0.90s)
=== RUN   TestWANW09HTTP3AuthenticationAuthorizationAndBounds
=== RUN   TestWANW09HTTP3AuthenticationAuthorizationAndBounds/missing
=== RUN   TestWANW09HTTP3AuthenticationAuthorizationAndBounds/wrong_pin
=== NAME  TestWANW09HTTP3AuthenticationAuthorizationAndBounds
    quic_test.go:256: unknown member 403 <nil>
--- FAIL: TestWANW09HTTP3AuthenticationAuthorizationAndBounds (0.77s)
    --- PASS: TestWANW09HTTP3AuthenticationAuthorizationAndBounds/missing (0.00s)
    --- PASS: TestWANW09HTTP3AuthenticationAuthorizationAndBounds/wrong_pin (0.00s)
FAIL
FAIL	github.com/calebhabesh/file-sync/internal/replication	2.566s
FAIL
