TestOrbitBrowse_CLIStoppedAndLiveParity
TestRelocationCLIStoppedAndLive
TestTerminalT02RuntimeCLIReviewedReplay
ok  	github.com/calebhabesh/file-sync/cmd/filesync	0.014s
TestResolveSelect
TestResolveSelectResponseLossAndReplay
TestResolveSelectReusedKeyWithChangedArguments
TestResolveSelectStaleViewPreCommit
TestResolveSelectUnseenVersionRemainsConcurrent
TestResolveManualMerge
TestRestoreHistoricalVersion
TestRestoreExecutableStatusFollowsSelectedVersion
TestRestoreExpiredPayloadReturnsContentExpired
TestKeepCopiesDestinationCollisionPreservesFiles
TestKeepCopiesPartialResumptionNoDuplicateCopies
TestExport
TestHistoryAvailability
TestMembershipExportImportPreview
TestRetireMemberPreviewAndExecute
TestEnrollPreviewAndBootstrap
TestStorageControlOperations
TestStorageCheckAndRepairControlOperations
TestDoctorDiagnostics
TestAllFifteenStableErrorCategories
TestOrbitMutationControl
TestRecoveryInspectionUsesOwnedDatabaseAndReportsMismatch
TestFolderManagementAndUnregisterEmitsZeroDeletes
TestMaintenanceOperations
TestServerSecurityAndBootstrapFlow
TestSupportExport
TestWorkControlOperations
TestOrbitSettings_Control_SettingsOperations
TestOrbitSettings_Control_PeerEndpointsOperations
TestOrbitSettings_Control_SetupOperations
TestOrbitSettings_Control_InvitationsAndEnrollment
TestOrbitSettings_Control_ReadLeasesAndGCProtection
TestOrbitSettings_Control_HTTP_EndpointsAndRecoverySafety
TestOrbitShell_DeletedFiles_HTTP
TestOrbitEndpoints_ControlUnit
TestOrbitSetup_InspectSetup
TestOrbitSetup_PreviewCreateAndJoinRoot
TestOrbitSetup_StartAndResumeSetup_PreservesPreexistingFiles
TestOrbitSetup_DirectoryPicker
TestOrbitSetup_OpenLocalFolder
TestOrbitSetup_InterruptedSetupResume
TestTerminalContext_NoFolders
TestTerminalContext_ExplicitFolderAndName
TestTerminalContext_DuplicateNames
TestTerminalContext_CwdInference
TestTerminalContext_PathValidationAndSymlink
TestTerminalFoldersAndDevices
ok  	github.com/calebhabesh/file-sync/internal/control	0.002s
TestTerminalT01IntegersAndStrictCodec
TestTerminalT01MutationContracts
TestTerminalT01Fixtures
TestTerminalT01QueriesAndExits
TestTerminalT01FingerprintBindsReview
TestTerminalT01JoinInvitation
TestTerminalT01UploadFingerprint
TestTerminalT01StateExitCategories
ok  	github.com/calebhabesh/file-sync/internal/control/terminalcontract	0.002s
TestChunkBackpressureCancellationStopsSync
TestParallelChunksWaitForPeerBackpressureRecovery
TestMetadataBackpressureRetry
TestTerminalT03AdmissionLimiterBounds
TestLoadOrCreateIdentityReusesExistingKey
TestRotateIdentityGeneratesFreshKeyAndChangesPin
TestReconciliationOfflineEditEdit
TestReconciliationOfflineEditDelete
TestReconciliationRepeatedDelete
TestReconciliationEqualByteConflict
TestReconciliationExecutableOnlyChange
TestReconciliationProtectedFallbackWhileRemotePending
TestReconciliationWorkingBasisNotAdvancedByUnreviewedHeads
TestReconciliationStructuralConflictPreservesChildren
TestReconciliationRestartPreservesConflictAndZeroExtraVersions
TestRepairCorruptVersionFromAuthorizedPeer
TestRepairSharedChunkRestoresBothVersions
TestRepairNoRemainingCopyYieldsUnavailable
TestRepairUnauthorizedFolderRejected
TestRepairCorruptPeerResponseDiagnosedNoInfiniteRetry
TestIdentityPersistsAndPrivateMaterialIsProtected
TestRequestTokenBucketIsBoundedAndRefills
TestGoldenEndpointFixturesDecodeStrictly
TestRealTLSHelloInventorySnapshotAndEnvelopeFetch
TestAuthenticationAuthorizationAndCompatibilityMatrix
TestRevokedPeerFailsCurrentMembership
TestSnapshotExpiryRequiresSafeRestart
TestChunkServingRequiresAuthorizedManifestVersion
TestMalformedAndOverLimitInputsAreBounded
TestReceiptsEndpoint
TestStatusEndpoint
TestOrbitMembership_ReplicationGet
TestSyncerEmptyFile
TestSyncerSmallAndMultiChunkWithRepeatedChunks
TestSyncerCorruptionRejected
TestSyncerInterruptedResume
TestSyncerLostReceiptReplaySafe
TestSyncerStatusDifferentiatesStoredFromApplied
TestSyncerSenderDisappearsAfterStoreBeforeApply
TestSyncerChunkFallbackTransfer
TestSyncInventoryLargerThanMemoryQueue
ok  	github.com/calebhabesh/file-sync/internal/replication	0.002s
TestTerminalT00WrongFolderCapability
TestTerminalT00SameKeySecondFolder
TestTerminalT00InviterVerification
TestTerminalT00JoinPersistence
TestTerminalT00RootPreview
TestTerminalT00JoinReadiness
TestTerminalT00PeerEnrollmentRoute
TestTerminalT00InvitationEndpoint
TestTerminalT00DetailObservation
TestTerminalT00CLI
TestTerminalT06ContextResolutionCwdAndName
TestTerminalT06AmbiguousAndOutsideRootContext
TestTerminalT06StaleAndUnavailableRoot
TestTerminalT06PathSafetyAndLiteralPaths
TestTerminalT06OutputEscapingAndControlCharacters
TestTerminalT06LiveAndStoppedAdapterParity
TestTerminalT06ShellCompletionsAndHelpWalkthrough
TestTerminalT08ExactReadsLiveStoppedAndGC
TestTerminalT08ReviewedSelectReplayAndStale
TestTerminalT08RestoreProvenanceCopyAndCollision
TestTerminalT08SessionStreamedMergeAndStaleArrival
TestTerminalT08AtomicReplayAfterCommitAndCopyPartial
TestTerminalT08CLIHistoryReviewRestoreExportAndTools
TestTerminalT08UnavailableRestoreDeletedAndStructuralPages
TestTerminalT08InterruptedUploadSessionRestartAndToolLimit
TestTerminalT08RenewExpiryAndReviewedDiscard
TestTerminalT03NetworkEnrollmentApprovalAndReplay
TestTerminalT03InviterPinBeforeDisclosure
TestTerminalT03ScopeAndProofRejections
TestTerminalT03WrongScopeChallengeAndRevocation
TestTerminalT03ConcurrentSingleUse
TestTerminalT03StatusRequiresPossession
TestTerminalT03IsolationAndDataAuthorization
TestTerminalT03BoundsAndThrottle
TestTerminalT03ReviewedApprovalStaleAndReplay
TestTerminalT03DaemonProcess
TestTerminalT03TwoProcessEnrollment
TestTerminalT03ExpiredAndRevokedPending
TestTerminalT03AdmissionCapsAndChangedReplay
TestTerminalT03LegacyBoundaries
TestTerminalT11BoundedSearchStorageAndLiveStopped
TestTerminalT11SessionResultStreamAndSymlinkRefusal
TestTerminalT11RealPTYEveryday
TestTerminalT02LiveStoppedSettingsReplay
TestTerminalT02NoFallbackAfterLiveFailure
TestTerminalT02EndpointAndBounds
TestTerminalT02IdentityCancellationAndAuth
TestTerminalT02FiniteInitializerAndPartialRestart
TestTerminalT02LegacyLimitsReview
TestTerminalT02LostResponseRecoveryAndExpiredReplay
TestTerminalT02StaleReviewNetworkSettings
TestTerminalT02DaemonProcess
TestTerminalT02ConcurrentProcessLaunchAndLifetime
TestTerminalT02MissingSystemdAndExplicitErrors
TestTerminalT02ServiceProcessActionsAndSelection
TestTerminalT02CanceledMutationWaitingKeepsAcceptedWork
TestTerminalT02ConcurrentMutationReplay
TestTerminalT02ControlServeShutdown
TestTerminalT12BareEntryAndLegacyDiscovery
TestTerminalT12LegacySettingsExactlyOnce
TestTerminalT12BareRealPTY
TestTerminalT12MixedCapabilitiesRefuseBeforeAction
TestTerminalT13OperationObservesPublicationWithoutReauthoring
TestTerminalT13UnavailableRootKeepsCauseAfterAutomaticPause
TestTerminalT13LargeDirectoryAndStreamedMergeResources
TestTerminalT13NativeHarnessRefusesUnsafeActions
TestTerminalT13StatusKeepsRunningAndStartupSeparate
TestTerminalT13ReadinessRetainsQuarantineAndConcurrentHeads
TestTerminalT13RetiredIdentityApprovalHasRecoveryAction
TestTerminalT13ReplacementBootstrapsRetiredHistory
TestTerminalT04TwoDeviceCLIInterruptedJoinAndEdits
TestTerminalT04InteractiveReviewRetainsInputs
TestTerminalT04RecursiveReviewedAdoption
TestTerminalT04StaleRootAndPlan
TestTerminalT04UnsupportedAndOverlap
TestTerminalT04BoundedPreviewContinuation
TestTerminalT04CapacityAndExpiredReview
TestTerminalT04ResumeAtDurablePhases
TestTerminalT04InitialCaptureFailureBlocksBootstrap
TestTerminalT04FatalScanFailurePreservesCapture
TestTerminalT04NoBootstrapTombstone
TestTerminalT04DelayedJoinRestartAndTransfer
TestTerminalT04DivergentBootstrapRemainsConflict
TestTerminalT04ExpiredAttemptDoesNotRenew
TestTerminalT04UnreadablePreviewAndCaptureFault
TestTerminalT04JoinPhaseRecovery
TestTerminalT04StartupFailureAndConsumedReview
TestTerminalT04IssuePagesAndPreviewFamily
TestTerminalT04ExpiredPreparedRequestRecovery
TestTerminalT05ThreeProcessSharingOfflineRolloutAndEndpointRefresh
TestTerminalT05ScopedKnownDeviceSharing
TestTerminalT05MembershipPinAndSequentialGate
TestTerminalT05ForkRecoveryPreservesOriginalGroup
TestTerminalT05CompetingReviewedApprovals
TestTerminalT05TargetedShareRejectsRekey
TestTerminalT07_Status_Observations_MixedState
TestTerminalT07_Status_Attention_PersistenceAcrossRestart
TestTerminalT07_Status_BoundedPaginationAndCancellation
TestTerminalT07_Doctor_DiagnosticsAndRemediations
TestTerminalT07_CLI_StatusAndDoctor_Parity
TestTerminalT10BlockedSetupPagesAndFolderManagement
TestTerminalT10RealPTYOnboarding
TestTerminalT10FolderForkLagAndConservativePreview
TestTerminalT10SetupRetryRetainsNetworkRestartAndExactIntent
TestTerminalT09NamedPages
TestTerminalT09RealPTYLifetime
TestWANW00ManualInvitationRequiresReachableAddress
ok  	github.com/calebhabesh/file-sync/tests/terminal	0.002s
