=== RUN   TestWANW09HTTP3StreamingMemoryCancelAndJoinedClose
    quic_test.go:149: 32-MiB offered; sent before cancel=167333; heap before/during=699888/2044760; goroutines=8
--- PASS: TestWANW09HTTP3StreamingMemoryCancelAndJoinedClose (0.11s)
=== RUN   TestWANW11IsolatedAddressDefaultRouteDetection
    roaming_namespace_test.go:20: requires marked disposable namespace runner
--- SKIP: TestWANW11IsolatedAddressDefaultRouteDetection (0.00s)
=== RUN   TestWANW11RelayDirectReprobeAndGenerationDrain
    roaming_test.go:97: authenticated relay/direct/relay routing used real TLS/HTTP; addresses/dial outcome and time were injected
--- PASS: TestWANW11RelayDirectReprobeAndGenerationDrain (0.01s)
=== RUN   TestWANW11LateLookupCannotPublishIntoNewGeneration
--- PASS: TestWANW11LateLookupCannotPublishIntoNewGeneration (0.00s)
=== RUN   TestWANW11FailedICERetryIsTimedAndQuotaQuietPeriodDoesNotSlide
--- PASS: TestWANW11FailedICERetryIsTimedAndQuotaQuietPeriodDoesNotSlide (0.00s)
=== RUN   TestWANW11NetworkWatcherCoalescesAndJoins
--- PASS: TestWANW11NetworkWatcherCoalescesAndJoins (0.03s)
=== RUN   TestWANW11ColdRaceRetainsQuotaAfterCanceledICEWaiter
--- PASS: TestWANW11ColdRaceRetainsQuotaAfterCanceledICEWaiter (0.75s)
=== RUN   TestWANW11ResponderQuotaRetryIsBoundedAndKeepsSession
--- PASS: TestWANW11ResponderQuotaRetryIsBoundedAndKeepsSession (5.01s)
=== RUN   TestWANW11DirectCooldownGrowsAndFreshNetworkClearsIt
--- PASS: TestWANW11DirectCooldownGrowsAndFreshNetworkClearsIt (0.00s)
=== RUN   TestWANW11RepeatedFlappingBoundsBusyGenerations
    roaming_test.go:360: 200 reordered generations across eight pinned TCP targets retained exactly two pools/requests per target; body drain pruned all old work
--- PASS: TestWANW11RepeatedFlappingBoundsBusyGenerations (0.07s)
=== RUN   TestWANW11FreshLookupRevalidatesUnchangedRemoteLeaseAfterRoam
--- PASS: TestWANW11FreshLookupRevalidatesUnchangedRemoteLeaseAfterRoam (0.00s)
=== RUN   TestWANW11CandidateArrivalInvalidatesEarlyEmptyProbe
--- PASS: TestWANW11CandidateArrivalInvalidatesEarlyEmptyProbe (0.00s)
PASS
ok  	github.com/calebhabesh/file-sync/internal/network	6.999s
=== RUN   TestWANW11NativeQUICToTCPChunkAndReceiptRecovery
    roaming_test.go:105: native QUIC to TCP after chunk-boundary interruption: 37.253662ms; reused=1 fetched=1
    roaming_test.go:138: native TCP to QUIC receipt recovery: 51.015978ms; original version/author, heads, manifests and working bytes preserved
--- PASS: TestWANW11NativeQUICToTCPChunkAndReceiptRecovery (0.72s)
PASS
ok  	github.com/calebhabesh/file-sync/internal/replication	1.732s
=== RUN   TestWANW11ContinuousSmallWorkCannotStarveLargeRetry
    wan_fairness_test.go:67: 1-TiB declared task selected within nine ready dispatches twice, including retry and queue reload; no 1-TiB payload transferred
--- PASS: TestWANW11ContinuousSmallWorkCannotStarveLargeRetry (0.35s)
=== RUN   TestWANW11ServiceQuotaRetryAllowsQuietRefill
--- PASS: TestWANW11ServiceQuotaRetryAllowsQuietRefill (0.00s)
PASS
ok  	github.com/calebhabesh/file-sync/internal/scheduler	1.355s
