?   	github.com/calebhabesh/file-sync/internal/app	[no test files]
ok  	github.com/calebhabesh/file-sync/internal/config	0.002s
TestWANW11PreparedEnrollmentRetryRetainsOriginalExpiry
ok  	github.com/calebhabesh/file-sync/internal/control	0.006s
ok  	github.com/calebhabesh/file-sync/internal/control/terminalcontract	0.007s
?   	github.com/calebhabesh/file-sync/internal/controlclient	[no test files]
ok  	github.com/calebhabesh/file-sync/internal/history	0.007s
?   	github.com/calebhabesh/file-sync/internal/launcher	[no test files]
TestWANW11IsolatedAddressDefaultRouteDetection
TestWANW11RelayDirectReprobeAndGenerationDrain
TestWANW11LateLookupCannotPublishIntoNewGeneration
TestWANW11FailedICERetryIsTimedAndQuotaQuietPeriodDoesNotSlide
TestWANW11NetworkWatcherCoalescesAndJoins
TestWANW11ColdRaceRetainsQuotaAfterCanceledICEWaiter
TestWANW11ResponderQuotaRetryIsBoundedAndKeepsSession
TestWANW11DirectCooldownGrowsAndFreshNetworkClearsIt
TestWANW11RepeatedFlappingBoundsBusyGenerations
TestWANW11FreshLookupRevalidatesUnchangedRemoteLeaseAfterRoam
TestWANW11CandidateArrivalInvalidatesEarlyEmptyProbe
TestWANW11SlowLookupAndRelayShutdownJoin
ok  	github.com/calebhabesh/file-sync/internal/network	0.004s
ok  	github.com/calebhabesh/file-sync/internal/protocol	0.004s
ok  	github.com/calebhabesh/file-sync/internal/rendezvous	0.004s
TestWANW11NativeQUICToTCPChunkAndReceiptRecovery
ok  	github.com/calebhabesh/file-sync/internal/replication	0.004s
ok  	github.com/calebhabesh/file-sync/internal/repository	0.004s
TestWANW11ContinuousSmallWorkCannotStarveLargeRetry
TestWANW11ServiceQuotaRetryAllowsQuietRefill
ok  	github.com/calebhabesh/file-sync/internal/scheduler	0.004s
ok  	github.com/calebhabesh/file-sync/internal/state	0.004s
ok  	github.com/calebhabesh/file-sync/internal/terminal	0.016s
ok  	github.com/calebhabesh/file-sync/internal/testkit	0.004s
ok  	github.com/calebhabesh/file-sync/internal/workspace	0.004s
ok  	github.com/calebhabesh/file-sync/tests/designgates	0.003s
ok  	github.com/calebhabesh/file-sync/tests/faults	0.003s
ok  	github.com/calebhabesh/file-sync/tests/integration	0.005s
ok  	github.com/calebhabesh/file-sync/tests/terminal	0.004s
ok  	github.com/calebhabesh/file-sync/cmd/filesync	0.017s
