?   	github.com/calebhabesh/file-sync/internal/app	[no test files]
TestWANW09DirectSettingsLegacyAndOptionalUDP
ok  	github.com/calebhabesh/file-sync/internal/config	0.006s
ok  	github.com/calebhabesh/file-sync/internal/control	0.004s
ok  	github.com/calebhabesh/file-sync/internal/control/terminalcontract	0.005s
?   	github.com/calebhabesh/file-sync/internal/controlclient	[no test files]
ok  	github.com/calebhabesh/file-sync/internal/history	0.002s
?   	github.com/calebhabesh/file-sync/internal/launcher	[no test files]
TestWANW08ScopedSignedDiscoveryAdmission
TestWANW08PinnedFamilyRaceAndDirectoryIndependentPool
TestWANW08WrongPinBlockedTCPFallsBackWithoutDisclosure
TestWANW08CandidateBoundsExpiryAndOptionalListener
TestWANW08EmptyPublicLeaseDoesNotConsumeRepeatedLookupQuota
TestWANW08CancellationLimitsAndJoinedResources
TestWANW08DatagramFloodFixedWorkersAndSocketCleanup
TestWANW08OptionalIncomingSocketCeiling
TestWANW08IndependentInterfaceLeasesAndAggregateCandidates
TestWANW10ICEHTTP3NATMatrix
TestWANW10ICEGatherCancellationAndCredentials
TestWANW10ICESocketAndSessionAdmission
TestWANW10IncompatibleDoubleNAT
TestWANW10ICESlowStreamCancellation
TestWANW10SharedQUICAdmission
TestWANW09PacketBoundariesMTUAddressesAndPairChange
TestWANW09PacketDeadlineCancelClose
TestWANW09HTTP3HeaderAndBodyDeadlines
TestWANW09HTTP3StreamingMemoryCancelAndJoinedClose
TestWANW09OptionalUDPDisabledAndCollision
TestWANW09QUICAdmissionAndALPN
TestWANW09HTTP3ResponseHeaderAndWriteBounds
TestWANW11IsolatedAddressDefaultRouteDetection
TestWANW11RelayDirectReprobeAndGenerationDrain
TestWANW11LateLookupCannotPublishIntoNewGeneration
TestWANW11FailedICERetryIsTimedAndQuotaQuietPeriodDoesNotSlide
TestWANW11NetworkWatcherCoalescesAndJoins
TestWANW11ColdRaceRetainsQuotaAfterCanceledICEWaiter
TestWANW11ResponderQuotaRetryIsBoundedAndKeepsSession
ok  	github.com/calebhabesh/file-sync/internal/network	0.004s
TestWANW10ICEContractBoundsAndLegacyEncoding
TestWANW10ICEDeterministicRoleAndPurpose
TestWANW10IndependentSignedICEGolden
TestWANW08LANIndependentGoldenAndStrictCodec
TestWANW09LANQUICIndependentGoldenAndCapabilities
ok  	github.com/calebhabesh/file-sync/internal/protocol	0.004s
TestWANW10SignedICESessionReplayAndIsolation
TestWANW10STUNMappingMalformedAndRateBounds
ok  	github.com/calebhabesh/file-sync/internal/rendezvous	0.005s
TestWANW10AuthenticatedNATPeerMatrix
TestWANW10IsolatedICEPeerSyncAndFallback
TestWANW10IsolatedSTUNIPv6
TestWANW08ProductionMulticastKnownPeerTwoWaySync
TestWANW08NativeLocalIPv6PinnedTransfer
TestWANW08IsolatedPublicTCPAndIPv6
TestWANW09NativeQUICBothPullDirectionsAndResume
TestWANW09HTTP3AuthenticationAuthorizationAndBounds
TestWANW09PartialChunkNoReceiptAndBorrowerPin
TestWANW09UnavailableUDPUsesPreservedPinnedTCP
TestWANW11NativeQUICToTCPChunkAndReceiptRecovery
ok  	github.com/calebhabesh/file-sync/internal/replication	0.004s
ok  	github.com/calebhabesh/file-sync/internal/repository	0.003s
TestWANW11ContinuousSmallWorkCannotStarveLargeRetry
TestWANW11ServiceQuotaRetryAllowsQuietRefill
ok  	github.com/calebhabesh/file-sync/internal/scheduler	0.004s
ok  	github.com/calebhabesh/file-sync/internal/state	0.002s
ok  	github.com/calebhabesh/file-sync/internal/terminal	0.025s
ok  	github.com/calebhabesh/file-sync/internal/testkit	0.002s
ok  	github.com/calebhabesh/file-sync/internal/workspace	0.002s
ok  	github.com/calebhabesh/file-sync/tests/designgates	0.002s
ok  	github.com/calebhabesh/file-sync/tests/faults	0.002s
ok  	github.com/calebhabesh/file-sync/tests/integration	0.002s
TestWANW08BinaryLocalOnlyLANAfterApproval
TestWANW09BinaryLocalOnlyQUICAfterApproval
TestWANW08BinaryOptionalCollisionFreshRelayOnboarding
TestWANW09BinaryOptionalUDPCollisionRelayOnboarding
ok  	github.com/calebhabesh/file-sync/tests/terminal	0.002s
ok  	github.com/calebhabesh/file-sync/cmd/filesync	0.016s
