=== RUN   TestWANW10AuthenticatedNATPeerMatrix
=== RUN   TestWANW10AuthenticatedNATPeerMatrix/incompatible_mappings
    ice_nat_test.go:120: simulated NAT mapping=2 filtering=2 noNAT=false double=false blocked=false; public 11.2.{1,2}.1 private 10.{1,2}.0.2; inner double 172.16.{1,2}.2; real HTTPS/WSS service uses native private interface
    ice_test.go:187: Post "https://5252525252525252525252525252525252525252525252525252525252525252.peer.orbit.invalid/peer/v1/hello": NO_ROUTE
=== RUN   TestWANW10AuthenticatedNATPeerMatrix/incompatible_double_NAT
    ice_nat_test.go:120: simulated NAT mapping=2 filtering=2 noNAT=false double=true blocked=false; public 11.2.{1,2}.1 private 10.{1,2}.0.2; inner double 172.16.{1,2}.2; real HTTPS/WSS service uses native private interface
    ice_test.go:187: Post "https://5252525252525252525252525252525252525252525252525252525252525252.peer.orbit.invalid/peer/v1/hello": NO_ROUTE
=== RUN   TestWANW10AuthenticatedNATPeerMatrix/blocked_peer_UDP
    ice_nat_test.go:120: simulated NAT mapping=0 filtering=0 noNAT=false double=false blocked=true; public 11.2.{1,2}.1 private 10.{1,2}.0.2; inner double 172.16.{1,2}.2; real HTTPS/WSS service uses native private interface
    ice_test.go:187: Post "https://5252525252525252525252525252525252525252525252525252525252525252.peer.orbit.invalid/peer/v1/hello": NO_ROUTE
--- FAIL: TestWANW10AuthenticatedNATPeerMatrix (35.74s)
    --- FAIL: TestWANW10AuthenticatedNATPeerMatrix/incompatible_mappings (11.92s)
    --- FAIL: TestWANW10AuthenticatedNATPeerMatrix/incompatible_double_NAT (11.91s)
    --- FAIL: TestWANW10AuthenticatedNATPeerMatrix/blocked_peer_UDP (11.91s)
=== RUN   TestWANW10AuthenticatedNATPeerMatrix
=== RUN   TestWANW10AuthenticatedNATPeerMatrix/incompatible_mappings
    ice_nat_test.go:120: simulated NAT mapping=2 filtering=2 noNAT=false double=false blocked=false; public 11.2.{1,2}.1 private 10.{1,2}.0.2; inner double 172.16.{1,2}.2; real HTTPS/WSS service uses native private interface
    ice_test.go:187: Post "https://5252525252525252525252525252525252525252525252525252525252525252.peer.orbit.invalid/peer/v1/hello": NO_ROUTE
=== RUN   TestWANW10AuthenticatedNATPeerMatrix/incompatible_double_NAT
    ice_nat_test.go:120: simulated NAT mapping=2 filtering=2 noNAT=false double=true blocked=false; public 11.2.{1,2}.1 private 10.{1,2}.0.2; inner double 172.16.{1,2}.2; real HTTPS/WSS service uses native private interface
    ice_test.go:187: Post "https://5252525252525252525252525252525252525252525252525252525252525252.peer.orbit.invalid/peer/v1/hello": NO_ROUTE
=== RUN   TestWANW10AuthenticatedNATPeerMatrix/blocked_peer_UDP
    ice_nat_test.go:120: simulated NAT mapping=0 filtering=0 noNAT=false double=false blocked=true; public 11.2.{1,2}.1 private 10.{1,2}.0.2; inner double 172.16.{1,2}.2; real HTTPS/WSS service uses native private interface
    ice_test.go:187: Post "https://5252525252525252525252525252525252525252525252525252525252525252.peer.orbit.invalid/peer/v1/hello": NO_ROUTE
--- FAIL: TestWANW10AuthenticatedNATPeerMatrix (35.74s)
    --- FAIL: TestWANW10AuthenticatedNATPeerMatrix/incompatible_mappings (11.91s)
    --- FAIL: TestWANW10AuthenticatedNATPeerMatrix/incompatible_double_NAT (11.91s)
    --- FAIL: TestWANW10AuthenticatedNATPeerMatrix/blocked_peer_UDP (11.92s)
FAIL
FAIL	github.com/calebhabesh/file-sync/internal/replication	71.487s
FAIL
