=== RUN   TestWANW11RelayDirectReprobeAndGenerationDrain
    roaming_test.go:97: authenticated relay/direct/relay routing used real TLS/HTTP; addresses/dial outcome and time were injected
--- PASS: TestWANW11RelayDirectReprobeAndGenerationDrain (0.01s)
=== RUN   TestWANW11LateLookupCannotPublishIntoNewGeneration
--- PASS: TestWANW11LateLookupCannotPublishIntoNewGeneration (0.00s)
=== RUN   TestWANW11FailedICERetryIsTimedAndQuotaQuietPeriodDoesNotSlide
--- PASS: TestWANW11FailedICERetryIsTimedAndQuotaQuietPeriodDoesNotSlide (0.00s)
=== RUN   TestWANW11NetworkWatcherCoalescesAndJoins
--- PASS: TestWANW11NetworkWatcherCoalescesAndJoins (0.03s)
=== RUN   TestWANW11RelayDirectReprobeAndGenerationDrain
    roaming_test.go:97: authenticated relay/direct/relay routing used real TLS/HTTP; addresses/dial outcome and time were injected
--- PASS: TestWANW11RelayDirectReprobeAndGenerationDrain (0.01s)
=== RUN   TestWANW11LateLookupCannotPublishIntoNewGeneration
--- PASS: TestWANW11LateLookupCannotPublishIntoNewGeneration (0.00s)
=== RUN   TestWANW11FailedICERetryIsTimedAndQuotaQuietPeriodDoesNotSlide
--- PASS: TestWANW11FailedICERetryIsTimedAndQuotaQuietPeriodDoesNotSlide (0.00s)
=== RUN   TestWANW11NetworkWatcherCoalescesAndJoins
--- PASS: TestWANW11NetworkWatcherCoalescesAndJoins (0.03s)
PASS
ok  	github.com/calebhabesh/file-sync/internal/network	1.099s
=== RUN   TestWANW11NativeQUICToTCPChunkAndReceiptRecovery
    roaming_test.go:98: native QUIC to TCP after chunk-boundary interruption: 49.273606ms; reused=1 fetched=1
    roaming_test.go:131: native TCP to QUIC receipt recovery: 52.679313ms; original version/author, heads, manifests and working bytes preserved
--- PASS: TestWANW11NativeQUICToTCPChunkAndReceiptRecovery (0.87s)
=== RUN   TestWANW11NativeQUICToTCPChunkAndReceiptRecovery
    roaming_test.go:98: native QUIC to TCP after chunk-boundary interruption: 48.995183ms; reused=1 fetched=1
    roaming_test.go:131: native TCP to QUIC receipt recovery: 61.128556ms; original version/author, heads, manifests and working bytes preserved
--- PASS: TestWANW11NativeQUICToTCPChunkAndReceiptRecovery (0.81s)
PASS
ok  	github.com/calebhabesh/file-sync/internal/replication	2.683s
=== RUN   TestWANW11ContinuousSmallWorkCannotStarveLargeRetry
    wan_fairness_test.go:67: 1-TiB declared task selected within nine ready dispatches twice, including retry and queue reload; no 1-TiB payload transferred
--- PASS: TestWANW11ContinuousSmallWorkCannotStarveLargeRetry (0.40s)
=== RUN   TestWANW11ServiceQuotaRetryAllowsQuietRefill
--- PASS: TestWANW11ServiceQuotaRetryAllowsQuietRefill (0.00s)
=== RUN   TestWANW11ContinuousSmallWorkCannotStarveLargeRetry
    wan_fairness_test.go:67: 1-TiB declared task selected within nine ready dispatches twice, including retry and queue reload; no 1-TiB payload transferred
--- PASS: TestWANW11ContinuousSmallWorkCannotStarveLargeRetry (0.40s)
=== RUN   TestWANW11ServiceQuotaRetryAllowsQuietRefill
--- PASS: TestWANW11ServiceQuotaRetryAllowsQuietRefill (0.00s)
PASS
ok  	github.com/calebhabesh/file-sync/internal/scheduler	1.809s
