Traceback (most recent call last):
  File "<repo>/scripts/validation/benchmark.py", line 336, in <module>
    main()
    ~~~~^^
  File "<repo>/scripts/validation/benchmark.py", line 297, in main
    measure("small_files_initial")
    ~~~~~~~^^^^^^^^^^^^^^^^^^^^^^^
  File "<repo>/scripts/validation/benchmark.py", line 270, in measure
    entry["filesync"] = sync(source, receiver, bandwidth=bandwidth, latency=latency)
                        ~~~~^^^^^^^^^^^^^^^^^^^^^^^^^^^^^^^^^^^^^^^^^^^^^^^^^^^^^^^^
  File "<repo>/scripts/validation/harness.py", line 244, in sync
    result = json.loads(target.cli("sync", "--folder", target.folder, "--peer-url", url,
                        ~~~~~~~~~~^^^^^^^^^^^^^^^^^^^^^^^^^^^^^^^^^^^^^^^^^^^^^^^^^^^^^^
                                   "--peer-device", source.device, "--peer-certificate", target.root + "/" + source.role + ".pem", "--json"))
                                   ^^^^^^^^^^^^^^^^^^^^^^^^^^^^^^^^^^^^^^^^^^^^^^^^^^^^^^^^^^^^^^^^^^^^^^^^^^^^^^^^^^^^^^^^^^^^^^^^^^^^^^^^^
  File "<repo>/scripts/validation/harness.py", line 60, in cli
    result = self.call("run", args=[*args, "--state", self.root + "/state"])
  File "<repo>/scripts/validation/harness.py", line 32, in call
    proc = subprocess.run(command, input=json.dumps(req), capture_output=True, text=True, timeout=1900)
  File "/usr/lib/python3.14/subprocess.py", line 557, in run
    stdout, stderr = process.communicate(input, timeout=timeout)
                     ~~~~~~~~~~~~~~~~~~~^^^^^^^^^^^^^^^^^^^^^^^^
  File "/usr/lib/python3.14/subprocess.py", line 1221, in communicate
    stdout, stderr = self._communicate(input, endtime, timeout)
                     ~~~~~~~~~~~~~~~~~^^^^^^^^^^^^^^^^^^^^^^^^^
  File "/usr/lib/python3.14/subprocess.py", line 2153, in _communicate
    ready = selector.select(timeout)
  File "/usr/lib/python3.14/selectors.py", line 398, in select
    fd_event_list = self._selector.poll(timeout)
KeyboardInterrupt
