PASS 1 small_files_initial: FileSync=1425333 baseline=1243123 TLS/TCP bytes
PASS 1 unchanged_tree: FileSync=105342 baseline=8947 TLS/TCP bytes
PASS 1 large_initial: FileSync=105357939 baseline=105013074 TLS/TCP bytes
PASS 1 tail_overwrite: FileSync=1170225 baseline=105013074 TLS/TCP bytes
PASS 1 append: FileSync=125858 baseline=105017192 TLS/TCP bytes
PASS 1 mixed_initial: FileSync=136915520 baseline=136524151 TLS/TCP bytes
PASS 1 prefix_insert: FileSync=21152340 baseline=21014699 TLS/TCP bytes
PASS 1 rename: FileSync=130596 baseline=105017532 TLS/TCP bytes
PASS 1 delete: FileSync=120801 baseline=9281 TLS/TCP bytes
PASS 2 small_files_initial: FileSync=1425331 baseline=1243153 TLS/TCP bytes
PASS 2 unchanged_tree: FileSync=105343 baseline=8953 TLS/TCP bytes
PASS 2 large_initial: FileSync=105358132 baseline=105013086 TLS/TCP bytes
PASS 2 tail_overwrite: FileSync=1170226 baseline=105013086 TLS/TCP bytes
PASS 2 append: FileSync=125858 baseline=105017204 TLS/TCP bytes
PASS 2 mixed_initial: FileSync=136936744 baseline=136524175 TLS/TCP bytes
PASS 2 prefix_insert: FileSync=21152345 baseline=21014711 TLS/TCP bytes
PASS 2 rename: FileSync=130597 baseline=105017544 TLS/TCP bytes
PASS 2 delete: FileSync=120802 baseline=9287 TLS/TCP bytes
PASS 3 small_files_initial: FileSync=1425332 baseline=1243108 TLS/TCP bytes
PASS 3 unchanged_tree: FileSync=105342 baseline=8944 TLS/TCP bytes
PASS 3 large_initial: FileSync=105358093 baseline=105013068 TLS/TCP bytes
PASS 3 tail_overwrite: FileSync=1170225 baseline=105013068 TLS/TCP bytes
PASS 3 append: FileSync=125858 baseline=105017186 TLS/TCP bytes
PASS 3 mixed_initial: FileSync=136928378 baseline=136524139 TLS/TCP bytes
PASS 3 prefix_insert: FileSync=21152340 baseline=21014693 TLS/TCP bytes
PASS 3 rename: FileSync=130596 baseline=105017526 TLS/TCP bytes
PASS 3 delete: FileSync=120801 baseline=9278 TLS/TCP bytes
