PASS 1 small_files_initial: FileSync=1430663 baseline=1243113 TLS/TCP bytes
PASS 1 unchanged_tree: FileSync=105343 baseline=8945 TLS/TCP bytes
PASS 1 large_initial: FileSync=105334462 baseline=105013070 TLS/TCP bytes
PASS 1 tail_overwrite: FileSync=1170226 baseline=105013070 TLS/TCP bytes
PASS 1 append: FileSync=125859 baseline=105017188 TLS/TCP bytes
PASS 1 mixed_initial: FileSync=136949098 baseline=136524143 TLS/TCP bytes
PASS 1 prefix_insert: FileSync=21152344 baseline=21014695 TLS/TCP bytes
PASS 1 rename: FileSync=130596 baseline=105017528 TLS/TCP bytes
PASS 1 delete: FileSync=120802 baseline=9279 TLS/TCP bytes
PASS 2 small_files_initial: FileSync=1429780 baseline=1243108 TLS/TCP bytes
PASS 2 unchanged_tree: FileSync=105342 baseline=8944 TLS/TCP bytes
PASS 2 large_initial: FileSync=105313098 baseline=105013068 TLS/TCP bytes
PASS 2 tail_overwrite: FileSync=1170225 baseline=105013068 TLS/TCP bytes
PASS 2 append: FileSync=125858 baseline=105017186 TLS/TCP bytes
PASS 2 mixed_initial: FileSync=136945165 baseline=136524139 TLS/TCP bytes
PASS 2 prefix_insert: FileSync=21152340 baseline=21014693 TLS/TCP bytes
PASS 2 rename: FileSync=130596 baseline=105017526 TLS/TCP bytes
PASS 2 delete: FileSync=120801 baseline=9278 TLS/TCP bytes
PASS 3 small_files_initial: FileSync=1425336 baseline=1243133 TLS/TCP bytes
PASS 3 unchanged_tree: FileSync=105344 baseline=8949 TLS/TCP bytes
PASS 3 large_initial: FileSync=105345460 baseline=105013078 TLS/TCP bytes
PASS 3 tail_overwrite: FileSync=1170227 baseline=105013078 TLS/TCP bytes
PASS 3 append: FileSync=125860 baseline=105017196 TLS/TCP bytes
PASS 3 mixed_initial: FileSync=136932556 baseline=136524159 TLS/TCP bytes
PASS 3 prefix_insert: FileSync=21152350 baseline=21014703 TLS/TCP bytes
PASS 3 rename: FileSync=130597 baseline=105017536 TLS/TCP bytes
PASS 3 delete: FileSync=120803 baseline=9283 TLS/TCP bytes
