CGO_ENABLED=0 go build  -trimpath -ldflags '-X main.version=1.0.0 -X main.commit=90b75ce -X main.date=2026-10-01' -o bin/filesync ./cmd/filesync
go test -race ./...
?   	github.com/calebhabesh/file-sync/cmd/filesync	[no test files]
?   	github.com/calebhabesh/file-sync/internal/app	[no test files]
ok  	github.com/calebhabesh/file-sync/internal/config	1.007s
ok  	github.com/calebhabesh/file-sync/internal/control	9.001s
ok  	github.com/calebhabesh/file-sync/internal/history	1.009s
ok  	github.com/calebhabesh/file-sync/internal/protocol	1.009s
ok  	github.com/calebhabesh/file-sync/internal/replication	60.694s
ok  	github.com/calebhabesh/file-sync/internal/repository	14.411s
ok  	github.com/calebhabesh/file-sync/internal/scheduler	9.608s
ok  	github.com/calebhabesh/file-sync/internal/state	1.018s
ok  	github.com/calebhabesh/file-sync/internal/testkit	1.019s
ok  	github.com/calebhabesh/file-sync/internal/workspace	10.966s
ok  	github.com/calebhabesh/file-sync/model	1.523s
?   	github.com/calebhabesh/file-sync/scripts	[no test files]
ok  	github.com/calebhabesh/file-sync/tests/designgates	1.022s
ok  	github.com/calebhabesh/file-sync/tests/faults	25.854s
ok  	github.com/calebhabesh/file-sync/tests/integration	24.037s
?   	github.com/calebhabesh/file-sync/web	[no test files]
