CGO_ENABLED=0 go build  -trimpath -ldflags '-X main.version=1.0.0 -X main.commit=be7e618 -X main.date=2026-10-01' -o bin/filesync ./cmd/filesync
ln -sf filesync bin/orbit
CGO_ENABLED=0 GOOS=linux GOARCH=arm64 go build  -trimpath -ldflags '-X main.version=1.0.0 -X main.commit=be7e618 -X main.date=2026-10-01' -o bin/filesync-linux-arm64 ./cmd/filesync
go run ./scripts/build_packages.go
Building binary for linux/amd64 -> /tmp/orbit-t13-snapshot-uwdevp8e/source/bin/filesync
Building binary for linux/arm64 -> /tmp/orbit-t13-snapshot-uwdevp8e/source/bin/filesync-linux-arm64
Generating filesync-v1.0.0-linux-amd64.tar.gz...
Generating filesync_1.0.0_amd64.deb...
Generating filesync-1.0.0-1.x86_64.rpm...
Generating filesync-v1.0.0-linux-arm64.tar.gz...
Generating filesync_1.0.0_arm64.deb...
Generating filesync-1.0.0-1.aarch64.rpm...
Generating SHA256SUMS...
Release packaging complete! Generated artifacts:
  - filesync-v1.0.0-linux-amd64.tar.gz (14821753 bytes)
  - orbit-v1.0.0-linux-amd64.tar.gz (14821753 bytes)
  - filesync_1.0.0_amd64.deb (14818626 bytes)
  - filesync-1.0.0-1.x86_64.rpm (14824068 bytes)
  - filesync-v1.0.0-linux-arm64.tar.gz (13914616 bytes)
  - orbit-v1.0.0-linux-arm64.tar.gz (13914616 bytes)
  - filesync_1.0.0_arm64.deb (13899914 bytes)
  - filesync-1.0.0-1.aarch64.rpm (13912946 bytes)
  - release-manifest.json (504 bytes)
  - SHA256SUMS
