=== RUN   TestTerminalT13LargeDirectoryAndStreamedMergeResources
    release_test.go:144: resource command=deleted input_fixture_files=1024 samples=4 interval_ms=5 sampled_peak_rss_kib=21640 child_ru_maxrss_kib=98092 sampled_peak_fds=6 output_bytes=9872 seconds=0.024
    release_test.go:149: resource command=status input_fixture_files=1024 samples=30 interval_ms=5 sampled_peak_rss_kib=21032 child_ru_maxrss_kib=98092 sampled_peak_fds=7 output_bytes=2233 seconds=0.151
    release_test.go:157: resource command=conflicts input_fixture_files=1024 samples=4 interval_ms=5 sampled_peak_rss_kib=21644 child_ru_maxrss_kib=98092 sampled_peak_fds=6 output_bytes=2029 seconds=0.023
    release_test.go:158: resource command=conflicts input_fixture_files=1024 samples=13 interval_ms=5 sampled_peak_rss_kib=21752 child_ru_maxrss_kib=98092 sampled_peak_fds=7 output_bytes=638 seconds=0.071
    release_test.go:163: resource command=conflicts input_fixture_files=1024 samples=13 interval_ms=5 sampled_peak_rss_kib=19740 child_ru_maxrss_kib=98092 sampled_peak_fds=6 output_bytes=1043 seconds=0.069
    release_test.go:174: verified streamed merge fixture_bytes=8388608 digest=96283cc9067fda56816d90f9084f9022f9e92e258d4fa5c3b5a84446d63a7965
    release_test.go:157: resource command=conflicts input_fixture_files=1024 samples=6 interval_ms=5 sampled_peak_rss_kib=21664 child_ru_maxrss_kib=98092 sampled_peak_fds=6 output_bytes=2034 seconds=0.033
    release_test.go:158: resource command=conflicts input_fixture_files=1024 samples=28 interval_ms=5 sampled_peak_rss_kib=21776 child_ru_maxrss_kib=98092 sampled_peak_fds=7 output_bytes=640 seconds=0.142
    release_test.go:163: resource command=conflicts input_fixture_files=1024 samples=43 interval_ms=5 sampled_peak_rss_kib=19704 child_ru_maxrss_kib=98092 sampled_peak_fds=6 output_bytes=1045 seconds=0.218
    release_test.go:174: verified streamed merge fixture_bytes=33554432 digest=faade46d584f4cc4d270161865f1e8db5efafae1e99c5d618ede6303bfaba409
--- PASS: TestTerminalT13LargeDirectoryAndStreamedMergeResources (2.41s)
=== RUN   TestTerminalT13NativeHarnessRefusesUnsafeActions
--- PASS: TestTerminalT13NativeHarnessRefusesUnsafeActions (0.05s)
=== RUN   TestTerminalT13StatusKeepsRunningAndStartupSeparate
--- PASS: TestTerminalT13StatusKeepsRunningAndStartupSeparate (0.01s)
=== RUN   TestTerminalT13LargeDirectoryAndStreamedMergeResources
    release_test.go:144: resource command=deleted input_fixture_files=1024 samples=4 interval_ms=5 sampled_peak_rss_kib=19612 child_ru_maxrss_kib=99436 sampled_peak_fds=6 output_bytes=9871 seconds=0.023
    release_test.go:149: resource command=status input_fixture_files=1024 samples=29 interval_ms=5 sampled_peak_rss_kib=21036 child_ru_maxrss_kib=99436 sampled_peak_fds=7 output_bytes=2229 seconds=0.148
    release_test.go:157: resource command=conflicts input_fixture_files=1024 samples=3 interval_ms=5 sampled_peak_rss_kib=21664 child_ru_maxrss_kib=99436 sampled_peak_fds=6 output_bytes=2027 seconds=0.020
    release_test.go:158: resource command=conflicts input_fixture_files=1024 samples=11 interval_ms=5 sampled_peak_rss_kib=21784 child_ru_maxrss_kib=99436 sampled_peak_fds=7 output_bytes=639 seconds=0.057
    release_test.go:163: resource command=conflicts input_fixture_files=1024 samples=13 interval_ms=5 sampled_peak_rss_kib=19684 child_ru_maxrss_kib=99436 sampled_peak_fds=6 output_bytes=1043 seconds=0.070
    release_test.go:174: verified streamed merge fixture_bytes=8388608 digest=96283cc9067fda56816d90f9084f9022f9e92e258d4fa5c3b5a84446d63a7965
    release_test.go:157: resource command=conflicts input_fixture_files=1024 samples=6 interval_ms=5 sampled_peak_rss_kib=21716 child_ru_maxrss_kib=99436 sampled_peak_fds=6 output_bytes=2030 seconds=0.032
    release_test.go:158: resource command=conflicts input_fixture_files=1024 samples=28 interval_ms=5 sampled_peak_rss_kib=21784 child_ru_maxrss_kib=99436 sampled_peak_fds=7 output_bytes=640 seconds=0.142
    release_test.go:163: resource command=conflicts input_fixture_files=1024 samples=44 interval_ms=5 sampled_peak_rss_kib=21744 child_ru_maxrss_kib=99436 sampled_peak_fds=6 output_bytes=1045 seconds=0.225
    release_test.go:174: verified streamed merge fixture_bytes=33554432 digest=faade46d584f4cc4d270161865f1e8db5efafae1e99c5d618ede6303bfaba409
--- PASS: TestTerminalT13LargeDirectoryAndStreamedMergeResources (2.09s)
=== RUN   TestTerminalT13NativeHarnessRefusesUnsafeActions
--- PASS: TestTerminalT13NativeHarnessRefusesUnsafeActions (0.05s)
=== RUN   TestTerminalT13StatusKeepsRunningAndStartupSeparate
--- PASS: TestTerminalT13StatusKeepsRunningAndStartupSeparate (0.01s)
PASS
ok  	github.com/calebhabesh/file-sync/tests/terminal	4.621s
