qemu-aarch64 version 7.2.0 (Debian 1:7.2+dfsg-1~bpo11+2)
Copyright (c) 2003-2022 Fabrice Bellard and the QEMU Project developers

Selecting previously unselected package filesync.
(Reading database ... 6096 files and directories currently installed.)
Preparing to unpack .../filesync_1.0.0_amd64.deb ...
Unpacking filesync (1.0.0) ...
Setting up filesync (1.0.0) ...
initialized device f23e902ca363d1cdbb3accebbd719f990fa9a6a5568c32ca03aafa26c38e58ae in /tmp/orbit-t12/.filesync
Root: "/tmp/orbit-t12/Notes"; files=1; directories=0; bytes=26; unsupported=0; unreadable=0; complete=true; capacity known=true
Setup: completed; phase=ready; operation=95525a3c04b231d0916050122637d1d9cb755cab3b0c3b90258aa915fb5def85
Folder: 968ad6cf2150bcbc55c5f9c644211a4a9f25fb620d4198b1d6dcb976ac104830; root: "/tmp/orbit-t12/Notes"; request: 
filesync agent in /tmp/orbit-t12/.filesync stopped successfully
{"versions":[],"version":"1","capabilities":["terminal_control_v1","lifecycle_settings_v1","enrollment_v2","reviewed_setup_v1","folder_sharing_v1","context_v1","reviewed_content_v1","onboarding_management_v1","everyday_management_v1"],"state":"success","service":{"running":false,"enabled":false,"mode":"manual","unattended_verified":false,"root_healthy":true,"capture_healthy":true},"readiness":{"approved":true,"membership_current":true,"root_available":true,"scan_complete":true,"unsupported":"0","unreadable":"0","uncaptured":"0","missing_content":"0","pending_publication":"0","conflicts":"0","storage_blocked":false},"items":[{"id":"968ad6cf2150bcbc55c5f9c644211a4a9f25fb620d4198b1d6dcb976ac104830","name":"Notes","root":"/tmp/orbit-t12/Notes","key_pin":""}],"requests":[],"observations":null,"attention":[],"effects":[],"cursor":"","daemon_running":false,"state_directory":"/tmp/orbit-t12/.filesync","service_status":{"systemd_available":false,"unit_installed":false,"enabled_on_login":false,"currently_running":false,"root_verified":false,"capture_successful":false,"lingering_enabled":false,"lingering_instruction":"loginctl enable-linger root","manual_command":"filesync serve --state=/tmp/orbit-t12/.filesync --control-listen=127.0.0.1:8080","status_detail":"service belongs to another or unverified state"},"setup":{"initialized":true,"device_id":"f23e902ca363d1cdbb3accebbd719f990fa9a6a5568c32ca03aafa26c38e58ae","suggested_root":"/tmp/orbit-t12/Orbit","current_phase":"ready","setup_completed":true,"settings":{"format_version":1,"device_label":"Packaged","default_workspace":"968ad6cf2150bcbc55c5f9c644211a4a9f25fb620d4198b1d6dcb976ac104830","workspace_names":{"968ad6cf2150bcbc55c5f9c644211a4a9f25fb620d4198b1d6dcb976ac104830":"Notes"},"theme":"dark","dark_theme":true},"registered_count":1},"folders":[{"id":"968ad6cf2150bcbc55c5f9c644211a4a9f25fb620d4198b1d6dcb976ac104830","name":"Notes","root":"/tmp/orbit-t12/Notes","key_pin":""}]}
Orbit Doctor Report: overall=OK
  [OK] daemon_lifecycle: running in stopped-state adapter (daemon inactive; start with 'orbit service start' or 'filesync serve' if background sync desired)
    remediation: run 'orbit service start' (managed) or 'filesync serve' (manual) to start the background daemon
  [OK] identity_key: identity key permissions are secure (0600)
  [OK] state_directory: state directory permissions are secure (0700)
  [OK] metadata_database: metadata database permissions are secure (0600)
  [OK] root_968ad6cf: workspace root "/tmp/orbit-t12/Notes" is mounted and valid
  [OK] free_disk_space: state partition has sufficient free space (66976 MiB available)
  [OK] wal_file_size: SQLite WAL file is within soft cap (0 MiB)
  [OK] data_budget: stored objects (0 MiB) within data budget (10240 MiB)
  [OK] network_configuration: network configuration is healthy
  [OK] membership_revisions: membership revisions and approvals are consistent
  [OK] membership_968ad6cf: folder 968ad6cf has 1 active members and revision 1
  [OK] service_configuration: service configuration is normal
  [OK] protocol_version: protocol version 1 is supported
  [OK] schema_version: database schema version 13 matches binary
  [OK] exhausted_tasks: no exhausted durable work tasks
  [OK] pending_publications: zero pending publication journals
(Reading database ... 6141 files and directories currently installed.)
Preparing to unpack .../filesync_1.0.0_amd64.deb ...
Unpacking filesync (1.0.0) over (1.0.0) ...
Setting up filesync (1.0.0) ...
(Reading database ... 6141 files and directories currently installed.)
Removing filesync (1.0.0) ...

initialized device e9bd880edd69086bba20ad30e6a643a9c32d06b9a2d7621c6f41bc9f68db339d in /tmp/orbit-t12/.filesync
Root: "/tmp/orbit-t12/Notes"; files=1; directories=0; bytes=26; unsupported=0; unreadable=0; complete=true; capacity known=true
Setup: completed; phase=ready; operation=8d93953ab682bc3699a742477ec9d5db7aac29370502f965cd15214280ec0bd6
Folder: 5d5ae0ad8b2560cf1fa2bebc697ca86ead979dcba54c13984205357e1db83406; root: "/tmp/orbit-t12/Notes"; request: 
filesync agent in /tmp/orbit-t12/.filesync stopped successfully
{"versions":[],"version":"1","capabilities":["terminal_control_v1","lifecycle_settings_v1","enrollment_v2","reviewed_setup_v1","folder_sharing_v1","context_v1","reviewed_content_v1","onboarding_management_v1","everyday_management_v1"],"state":"success","service":{"running":false,"enabled":false,"mode":"manual","unattended_verified":false,"root_healthy":true,"capture_healthy":true},"readiness":{"approved":true,"membership_current":true,"root_available":true,"scan_complete":true,"unsupported":"0","unreadable":"0","uncaptured":"0","missing_content":"0","pending_publication":"0","conflicts":"0","storage_blocked":false},"items":[{"id":"5d5ae0ad8b2560cf1fa2bebc697ca86ead979dcba54c13984205357e1db83406","name":"Notes","root":"/tmp/orbit-t12/Notes","key_pin":""}],"requests":[],"observations":null,"attention":[],"effects":[],"cursor":"","daemon_running":false,"state_directory":"/tmp/orbit-t12/.filesync","service_status":{"systemd_available":false,"unit_installed":false,"enabled_on_login":false,"currently_running":false,"root_verified":false,"capture_successful":false,"lingering_enabled":false,"lingering_instruction":"loginctl enable-linger root","manual_command":"filesync serve --state=/tmp/orbit-t12/.filesync --control-listen=127.0.0.1:8080","status_detail":"service belongs to another or unverified state"},"setup":{"initialized":true,"device_id":"e9bd880edd69086bba20ad30e6a643a9c32d06b9a2d7621c6f41bc9f68db339d","suggested_root":"/tmp/orbit-t12/Orbit","current_phase":"ready","setup_completed":true,"settings":{"format_version":1,"device_label":"Packaged","default_workspace":"5d5ae0ad8b2560cf1fa2bebc697ca86ead979dcba54c13984205357e1db83406","workspace_names":{"5d5ae0ad8b2560cf1fa2bebc697ca86ead979dcba54c13984205357e1db83406":"Notes"},"theme":"dark","dark_theme":true},"registered_count":1},"folders":[{"id":"5d5ae0ad8b2560cf1fa2bebc697ca86ead979dcba54c13984205357e1db83406","name":"Notes","root":"/tmp/orbit-t12/Notes","key_pin":""}]}
Orbit Doctor Report: overall=OK
  [OK] daemon_lifecycle: running in stopped-state adapter (daemon inactive; start with 'orbit service start' or 'filesync serve' if background sync desired)
    remediation: run 'orbit service start' (managed) or 'filesync serve' (manual) to start the background daemon
  [OK] identity_key: identity key permissions are secure (0600)
  [OK] state_directory: state directory permissions are secure (0700)
  [OK] metadata_database: metadata database permissions are secure (0600)
  [OK] root_5d5ae0ad: workspace root "/tmp/orbit-t12/Notes" is mounted and valid
  [OK] free_disk_space: state partition has sufficient free space (66969 MiB available)
  [OK] wal_file_size: SQLite WAL file is within soft cap (0 MiB)
  [OK] data_budget: stored objects (0 MiB) within data budget (10240 MiB)
  [OK] network_configuration: network configuration is healthy
  [OK] membership_revisions: membership revisions and approvals are consistent
  [OK] membership_5d5ae0ad: folder 5d5ae0ad has 1 active members and revision 1
  [OK] service_configuration: service configuration is normal
  [OK] protocol_version: protocol version 1 is supported
  [OK] schema_version: database schema version 13 matches binary
  [OK] exhausted_tasks: no exhausted durable work tasks
  [OK] pending_publications: zero pending publication journals

[
  {
    "scenario": "all-package-checksums",
    "result": "passed"
  },
  {
    "scenario": "amd64-tar-payload-and-entry",
    "result": "passed",
    "execution": "native amd64"
  },
  {
    "scenario": "amd64-deb-payload-and-entry",
    "result": "passed",
    "execution": "native amd64"
  },
  {
    "scenario": "amd64-rpm-payload-and-entry",
    "result": "passed",
    "execution": "native amd64"
  },
  {
    "scenario": "arm64-tar-payload-and-entry",
    "result": "passed",
    "execution": "QEMU emulation; not native"
  },
  {
    "scenario": "arm64-deb-payload-and-entry",
    "result": "passed",
    "execution": "QEMU emulation; not native"
  },
  {
    "scenario": "arm64-rpm-payload-and-entry",
    "result": "passed",
    "execution": "QEMU emulation; not native"
  },
  {
    "scenario": "standalone-install-repeat-upgrade-uninstall",
    "result": "passed",
    "assertions": [
      "custom unit preserved",
      "legacy identity/state preserved",
      "ordinary bytes preserved",
      "no user service changes"
    ]
  },
  {
    "scenario": "package-extracted-bare-PTY",
    "result": "passed"
  },
  {
    "scenario": "debian:bookworm-slim-install-reinstall-remove",
    "result": "passed",
    "limitations": "no boot/logout/systemd user manager"
  },
  {
    "scenario": "fedora:43-install-reinstall-remove",
    "result": "passed",
    "limitations": "no boot/logout/systemd user manager"
  }
]
