?   	github.com/calebhabesh/file-sync/internal/app	[no test files]
ok  	github.com/calebhabesh/file-sync/internal/config	0.002s
ok  	github.com/calebhabesh/file-sync/internal/control	0.004s
ok  	github.com/calebhabesh/file-sync/internal/control/terminalcontract	0.003s
?   	github.com/calebhabesh/file-sync/internal/controlclient	[no test files]
ok  	github.com/calebhabesh/file-sync/internal/history	0.003s
?   	github.com/calebhabesh/file-sync/internal/launcher	[no test files]
TestWANW03DNSAllAnswersAndRebinding
TestWANW03CanceledResolverFloodIsBounded
TestWANW03PrivacyPolicyHasNoServiceTraffic
TestWANW03LookupRejectsSubstitution
ok  	github.com/calebhabesh/file-sync/internal/network	0.004s
ok  	github.com/calebhabesh/file-sync/internal/protocol	0.003s
TestWANW03RegistrationAndReplay
TestWANW03AuthenticationBindings
TestWANW03LeaseExpiryAndRestart
TestWANW03CandidateAndBodyBounds
TestWANW03SharedNATAndCacheAdmission
TestWANW03MaximumRoutesAndChallenges
TestWANW03ControlOffersAndReservationIntent
TestWANW03UnknownEnrollmentIsSeparate
TestWANW03ControlFloodAndShutdown
TestWANW03TLSAndHeaderOrigins
TestWANW03ProfilePersistenceAndRollback
TestWANW03IdleSocketAdmissionAndClose
TestWANW03ProfilesRejectRollbackAndAuthority
TestWANW03NoIdleMetadataRetention
TestWANW03LocalPinsGateDataOffers
TestWANW03ReannouncementJitterAndStableRenewal
TestWANW03ControlHeartbeatPreservesIdleSession
TestWANW03WSSAdmissionBounds
TestWANW03ServiceBinaryRestart
ok  	github.com/calebhabesh/file-sync/internal/rendezvous	0.003s
TestWANW03DirectoryLossPreservesManualCaptureAndSync
ok  	github.com/calebhabesh/file-sync/internal/replication	0.004s
ok  	github.com/calebhabesh/file-sync/internal/repository	0.003s
ok  	github.com/calebhabesh/file-sync/internal/scheduler	0.004s
ok  	github.com/calebhabesh/file-sync/internal/state	0.004s
ok  	github.com/calebhabesh/file-sync/internal/terminal	0.016s
ok  	github.com/calebhabesh/file-sync/internal/testkit	0.003s
ok  	github.com/calebhabesh/file-sync/internal/workspace	0.002s
ok  	github.com/calebhabesh/file-sync/tests/designgates	0.002s
ok  	github.com/calebhabesh/file-sync/tests/faults	0.002s
ok  	github.com/calebhabesh/file-sync/tests/integration	0.002s
ok  	github.com/calebhabesh/file-sync/tests/terminal	0.002s
ok  	github.com/calebhabesh/file-sync/cmd/filesync	0.013s
?   	github.com/calebhabesh/file-sync/cmd/orbit-net	[no test files]
