go test ./tests/terminal/...
ok  	github.com/calebhabesh/file-sync/tests/terminal	302.158s
CGO_ENABLED=0 go build  -trimpath -ldflags '-X main.version=1.0.0 -X main.commit=ee461a7 -X main.date=2026-10-01' -o bin/filesync ./cmd/filesync
ln -sf filesync bin/orbit
CGO_ENABLED=0 GOOS=linux GOARCH=arm64 go build  -trimpath -ldflags '-X main.version=1.0.0 -X main.commit=ee461a7 -X main.date=2026-10-01' -o bin/filesync-linux-arm64 ./cmd/filesync
go run ./scripts/build_packages.go
Building binary for linux/amd64 -> <repo>/bin/filesync
Building binary for linux/arm64 -> <repo>/bin/filesync-linux-arm64
Generating filesync-v1.0.0-linux-amd64.tar.gz...
Generating filesync_1.0.0_amd64.deb...
Generating filesync-1.0.0-1.x86_64.rpm...
Generating filesync-v1.0.0-linux-arm64.tar.gz...
Generating filesync_1.0.0_arm64.deb...
Generating filesync-1.0.0-1.aarch64.rpm...
Generating SHA256SUMS...
Release packaging complete! Generated artifacts:
  - filesync-v1.0.0-linux-amd64.tar.gz (14925818 bytes)
  - orbit-v1.0.0-linux-amd64.tar.gz (14925818 bytes)
  - filesync_1.0.0_amd64.deb (14923754 bytes)
  - filesync-1.0.0-1.x86_64.rpm (14926651 bytes)
  - filesync-v1.0.0-linux-arm64.tar.gz (14005729 bytes)
  - orbit-v1.0.0-linux-arm64.tar.gz (14005729 bytes)
  - filesync_1.0.0_arm64.deb (14004360 bytes)
  - filesync-1.0.0-1.aarch64.rpm (14007695 bytes)
  - release-manifest.json (504 bytes)
  - SHA256SUMS
python3 scripts/terminal_package_test.py --dist dist
[
  {
    "scenario": "all-package-checksums",
    "result": "passed"
  },
  {
    "scenario": "amd64-tar-payload-and-entry",
    "result": "passed",
    "execution": "native amd64"
  },
  {
    "scenario": "amd64-deb-payload-and-entry",
    "result": "passed",
    "execution": "native amd64"
  },
  {
    "scenario": "amd64-rpm-payload-and-entry",
    "result": "passed",
    "execution": "native amd64"
  },
  {
    "scenario": "arm64-tar-payload-and-entry",
    "result": "passed",
    "execution": "structure only; arm64 execution separate"
  },
  {
    "scenario": "arm64-deb-payload-and-entry",
    "result": "passed",
    "execution": "structure only; arm64 execution separate"
  },
  {
    "scenario": "arm64-rpm-payload-and-entry",
    "result": "passed",
    "execution": "structure only; arm64 execution separate"
  },
  {
    "scenario": "standalone-install-repeat-upgrade-uninstall",
    "result": "passed",
    "assertions": [
      "custom unit preserved",
      "legacy identity/state preserved",
      "ordinary bytes preserved",
      "no user service changes"
    ]
  },
  {
    "scenario": "package-extracted-bare-PTY",
    "result": "passed"
  }
]
go vet ./...
go test ./cmd/filesync/... ./internal/... ./model/...
ok  	github.com/calebhabesh/file-sync/cmd/filesync	0.088s
?   	github.com/calebhabesh/file-sync/internal/app	[no test files]
ok  	github.com/calebhabesh/file-sync/internal/config	(cached)
ok  	github.com/calebhabesh/file-sync/internal/control	5.788s
ok  	github.com/calebhabesh/file-sync/internal/control/terminalcontract	(cached)
?   	github.com/calebhabesh/file-sync/internal/controlclient	[no test files]
ok  	github.com/calebhabesh/file-sync/internal/history	(cached)
?   	github.com/calebhabesh/file-sync/internal/launcher	[no test files]
ok  	github.com/calebhabesh/file-sync/internal/network	0.398s
ok  	github.com/calebhabesh/file-sync/internal/protocol	(cached)
--- FAIL: TestWANW03ServiceBinaryRestart (0.18s)
    service_test.go:1004: INVALID_REQUEST
FAIL
FAIL	github.com/calebhabesh/file-sync/internal/rendezvous	27.618s
ok  	github.com/calebhabesh/file-sync/internal/replication	33.025s
ok  	github.com/calebhabesh/file-sync/internal/repository	1.521s
ok  	github.com/calebhabesh/file-sync/internal/scheduler	7.505s
ok  	github.com/calebhabesh/file-sync/internal/state	(cached)
ok  	github.com/calebhabesh/file-sync/internal/terminal	0.027s
ok  	github.com/calebhabesh/file-sync/internal/testkit	(cached)
ok  	github.com/calebhabesh/file-sync/internal/workspace	0.520s
ok  	github.com/calebhabesh/file-sync/model	(cached)
FAIL
make: *** [Makefile:30: test] Error 1
