=== RUN   TestWANW03DNSAllAnswersAndRebinding
--- PASS: TestWANW03DNSAllAnswersAndRebinding (0.00s)
=== RUN   TestWANW03CanceledResolverFloodIsBounded
    service_client_test.go:144: 1,000 canceled callers: resolver peak=4; after close active=0 sockets=0
--- PASS: TestWANW03CanceledResolverFloodIsBounded (0.31s)
=== RUN   TestWANW03PrivacyPolicyHasNoServiceTraffic
--- PASS: TestWANW03PrivacyPolicyHasNoServiceTraffic (0.00s)
=== RUN   TestWANW03LookupRejectsSubstitution
--- PASS: TestWANW03LookupRejectsSubstitution (0.00s)
PASS
ok  	github.com/calebhabesh/file-sync/internal/network	1.320s
=== RUN   TestWANW03RegistrationAndReplay
--- PASS: TestWANW03RegistrationAndReplay (0.02s)
=== RUN   TestWANW03AuthenticationBindings
=== RUN   TestWANW03AuthenticationBindings/signature
=== RUN   TestWANW03AuthenticationBindings/key
=== RUN   TestWANW03AuthenticationBindings/origin
=== RUN   TestWANW03AuthenticationBindings/profile
=== RUN   TestWANW03AuthenticationBindings/purpose
=== RUN   TestWANW03AuthenticationBindings/expired
=== RUN   TestWANW03AuthenticationBindings/path
=== RUN   TestWANW03AuthenticationBindings/payload
--- PASS: TestWANW03AuthenticationBindings (0.03s)
    --- PASS: TestWANW03AuthenticationBindings/signature (0.00s)
    --- PASS: TestWANW03AuthenticationBindings/key (0.00s)
    --- PASS: TestWANW03AuthenticationBindings/origin (0.00s)
    --- PASS: TestWANW03AuthenticationBindings/profile (0.00s)
    --- PASS: TestWANW03AuthenticationBindings/purpose (0.00s)
    --- PASS: TestWANW03AuthenticationBindings/expired (0.00s)
    --- PASS: TestWANW03AuthenticationBindings/path (0.00s)
    --- PASS: TestWANW03AuthenticationBindings/payload (0.00s)
=== RUN   TestWANW03LeaseExpiryAndRestart
--- PASS: TestWANW03LeaseExpiryAndRestart (0.03s)
=== RUN   TestWANW03CandidateAndBodyBounds
=== RUN   TestWANW03CandidateAndBodyBounds/127.0.0.1:1
=== RUN   TestWANW03CandidateAndBodyBounds/10.0.0.1:443
=== RUN   TestWANW03CandidateAndBodyBounds/169.254.1.1:80
=== RUN   TestWANW03CandidateAndBodyBounds/100.64.0.1:80
=== RUN   TestWANW03CandidateAndBodyBounds/[::1]:443
=== RUN   TestWANW03CandidateAndBodyBounds/[::ffff:8.8.8.8]:443
=== RUN   TestWANW03CandidateAndBodyBounds/0.0.0.0:443
--- PASS: TestWANW03CandidateAndBodyBounds (0.03s)
    --- PASS: TestWANW03CandidateAndBodyBounds/127.0.0.1:1 (0.00s)
    --- PASS: TestWANW03CandidateAndBodyBounds/10.0.0.1:443 (0.00s)
    --- PASS: TestWANW03CandidateAndBodyBounds/169.254.1.1:80 (0.00s)
    --- PASS: TestWANW03CandidateAndBodyBounds/100.64.0.1:80 (0.00s)
    --- PASS: TestWANW03CandidateAndBodyBounds/[::1]:443 (0.00s)
    --- PASS: TestWANW03CandidateAndBodyBounds/[::ffff:8.8.8.8]:443 (0.00s)
    --- PASS: TestWANW03CandidateAndBodyBounds/0.0.0.0:443 (0.00s)
=== RUN   TestWANW03SharedNATAndCacheAdmission
--- PASS: TestWANW03SharedNATAndCacheAdmission (0.06s)
=== RUN   TestWANW03MaximumRoutesAndChallenges
--- PASS: TestWANW03MaximumRoutesAndChallenges (0.46s)
=== RUN   TestWANW03ControlOffersAndReservationIntent
--- PASS: TestWANW03ControlOffersAndReservationIntent (0.06s)
=== RUN   TestWANW03UnknownEnrollmentIsSeparate
--- PASS: TestWANW03UnknownEnrollmentIsSeparate (0.04s)
=== RUN   TestWANW03ControlFloodAndShutdown
    service_test.go:593: 200 concurrent lookups; 9 admitted completions; client slots <=4, controls=1; shutdown joined
--- PASS: TestWANW03ControlFloodAndShutdown (0.08s)
=== RUN   TestWANW03TLSAndHeaderOrigins
--- PASS: TestWANW03TLSAndHeaderOrigins (0.08s)
=== RUN   TestWANW03ProfilePersistenceAndRollback
--- PASS: TestWANW03ProfilePersistenceAndRollback (0.00s)
=== RUN   TestWANW03IdleSocketAdmissionAndClose
    service_test.go:706: 272 raw sockets; goroutine delta=256 (ceiling 256); server close joins idle TLS work
--- PASS: TestWANW03IdleSocketAdmissionAndClose (0.10s)
=== RUN   TestWANW03ProfilesRejectRollbackAndAuthority
--- PASS: TestWANW03ProfilesRejectRollbackAndAuthority (0.01s)
=== RUN   TestWANW03NoIdleMetadataRetention
--- PASS: TestWANW03NoIdleMetadataRetention (1.00s)
=== RUN   TestWANW03LocalPinsGateDataOffers
--- PASS: TestWANW03LocalPinsGateDataOffers (0.13s)
=== RUN   TestWANW03ReannouncementJitterAndStableRenewal
--- PASS: TestWANW03ReannouncementJitterAndStableRenewal (0.01s)
=== RUN   TestWANW03ControlHeartbeatPreservesIdleSession
--- PASS: TestWANW03ControlHeartbeatPreservesIdleSession (26.11s)
PASS
ok  	github.com/calebhabesh/file-sync/internal/rendezvous	29.257s
