=== RUN   TestGoldenEnvelopeDecodesAndValidates
--- PASS: TestGoldenEnvelopeDecodesAndValidates (0.00s)
=== RUN   TestEnvelopeDecoderRejectsUnknownDuplicateAndNoncanonicalFields
--- PASS: TestEnvelopeDecoderRejectsUnknownDuplicateAndNoncanonicalFields (0.00s)
=== RUN   TestTerminalT03MembershipDecoder
--- PASS: TestTerminalT03MembershipDecoder (0.00s)
=== RUN   TestMembershipEncodingMatchesP01GoldenFixture
--- PASS: TestMembershipEncodingMatchesP01GoldenFixture (0.00s)
=== RUN   TestRetirementSnapshotEncodingMatchesP01GoldenFixture
--- PASS: TestRetirementSnapshotEncodingMatchesP01GoldenFixture (0.00s)
=== RUN   TestWANW01CanonicalGoldens
--- PASS: TestWANW01CanonicalGoldens (0.00s)
=== RUN   TestWANW01StrictNetworkCodec
--- PASS: TestWANW01StrictNetworkCodec (0.00s)
=== RUN   TestWANW01MaximumMessages
--- PASS: TestWANW01MaximumMessages (0.00s)
=== RUN   TestWANW01ProofSubstitution
--- PASS: TestWANW01ProofSubstitution (0.00s)
=== RUN   TestWANW01URLScope
--- PASS: TestWANW01URLScope (0.00s)
=== RUN   TestWANW01RoutedBindingsAndV2Coexistence
--- PASS: TestWANW01RoutedBindingsAndV2Coexistence (0.00s)
=== RUN   TestWANW01ProfileAuthorityExpiryAndRotation
=== RUN   TestWANW01ProfileAuthorityExpiryAndRotation/expired
=== RUN   TestWANW01ProfileAuthorityExpiryAndRotation/rollback
=== RUN   TestWANW01ProfileAuthorityExpiryAndRotation/missing-authority
=== RUN   TestWANW01ProfileAuthorityExpiryAndRotation/self-supplied-authority
--- PASS: TestWANW01ProfileAuthorityExpiryAndRotation (0.00s)
    --- PASS: TestWANW01ProfileAuthorityExpiryAndRotation/expired (0.00s)
    --- PASS: TestWANW01ProfileAuthorityExpiryAndRotation/rollback (0.00s)
    --- PASS: TestWANW01ProfileAuthorityExpiryAndRotation/missing-authority (0.00s)
    --- PASS: TestWANW01ProfileAuthorityExpiryAndRotation/self-supplied-authority (0.00s)
=== RUN   TestWANW01OfferMaximum
--- PASS: TestWANW01OfferMaximum (0.00s)
=== RUN   TestWANW01CertificateMaximum
--- PASS: TestWANW01CertificateMaximum (0.02s)
=== RUN   TestWANW01CrossEnvelopeBindings
--- PASS: TestWANW01CrossEnvelopeBindings (0.00s)
=== RUN   TestWANW01InvitationSizeBound
--- PASS: TestWANW01InvitationSizeBound (0.00s)
=== RUN   TestWANW01MaximumGoldenAndOneOver
--- PASS: TestWANW01MaximumGoldenAndOneOver (0.00s)
=== RUN   TestWANW01IntentGoldenAndFreshChallenge
--- PASS: TestWANW01IntentGoldenAndFreshChallenge (0.00s)
=== RUN   TestTerminalT01EnrollmentWire
--- PASS: TestTerminalT01EnrollmentWire (0.00s)
=== RUN   TestTerminalT01StatusProofDomain
--- PASS: TestTerminalT01StatusProofDomain (0.00s)
PASS
ok  	github.com/calebhabesh/file-sync/internal/protocol	0.022s
=== RUN   TestReferenceSetOracleInterleavings
=== RUN   TestReferenceSetOracleInterleavings/[begin_reference_unlink]
=== RUN   TestReferenceSetOracleInterleavings/[begin_unlink_reference]
=== RUN   TestReferenceSetOracleInterleavings/[reference_begin_unlink]
--- PASS: TestReferenceSetOracleInterleavings (0.00s)
    --- PASS: TestReferenceSetOracleInterleavings/[begin_reference_unlink] (0.00s)
    --- PASS: TestReferenceSetOracleInterleavings/[begin_unlink_reference] (0.00s)
    --- PASS: TestReferenceSetOracleInterleavings/[reference_begin_unlink] (0.00s)
=== RUN   TestReferenceSetOracleServeLeaseBlocksGCIntent
--- PASS: TestReferenceSetOracleServeLeaseBlocksGCIntent (0.00s)
=== RUN   TestReferenceSetOracleSharedChunks
--- PASS: TestReferenceSetOracleSharedChunks (0.00s)
=== RUN   TestReferenceSetOraclePendingFallbackPreservation
--- PASS: TestReferenceSetOraclePendingFallbackPreservation (0.00s)
=== RUN   TestReferenceSetOracleClockJumps
--- PASS: TestReferenceSetOracleClockJumps (0.00s)
=== RUN   TestReferenceSetOracleCrashRecovery
=== RUN   TestReferenceSetOracleCrashRecovery/crash-after-intent
=== RUN   TestReferenceSetOracleCrashRecovery/crash-after-unlink
--- PASS: TestReferenceSetOracleCrashRecovery (0.00s)
    --- PASS: TestReferenceSetOracleCrashRecovery/crash-after-intent (0.00s)
    --- PASS: TestReferenceSetOracleCrashRecovery/crash-after-unlink (0.00s)
=== RUN   TestReferenceSetOracleCorruptionAndRepair
=== RUN   TestReferenceSetOracleCorruptionAndRepair/shared-chunk-corruption-diagnoses-all-versions
=== RUN   TestReferenceSetOracleCorruptionAndRepair/pins-during-repair-protect-from-gc
=== RUN   TestReferenceSetOracleCorruptionAndRepair/distinguish-all-availability-states
--- PASS: TestReferenceSetOracleCorruptionAndRepair (0.00s)
    --- PASS: TestReferenceSetOracleCorruptionAndRepair/shared-chunk-corruption-diagnoses-all-versions (0.00s)
    --- PASS: TestReferenceSetOracleCorruptionAndRepair/pins-during-repair-protect-from-gc (0.00s)
    --- PASS: TestReferenceSetOracleCorruptionAndRepair/distinguish-all-availability-states (0.00s)
=== RUN   TestOrbitMembershipSequentialRollout
--- PASS: TestOrbitMembershipSequentialRollout (0.00s)
=== RUN   TestOrbitMembershipCompetingAdministrationForks
--- PASS: TestOrbitMembershipCompetingAdministrationForks (0.00s)
=== RUN   TestOrbitMembershipUnauthorizedOrForgedSignatures
--- PASS: TestOrbitMembershipUnauthorizedOrForgedSignatures (0.00s)
=== RUN   TestWANW01AdmissionReplayIdentityAndRestart
--- PASS: TestWANW01AdmissionReplayIdentityAndRestart (0.00s)
=== RUN   TestWANW01AdmissionCapacity
--- PASS: TestWANW01AdmissionCapacity (0.00s)
=== RUN   TestWANW01EnrollmentExactApproval
--- PASS: TestWANW01EnrollmentExactApproval (0.00s)
=== RUN   TestWANW01ConnectionGenerationAndBounds
--- PASS: TestWANW01ConnectionGenerationAndBounds (0.00s)
=== RUN   TestWANW01ReplayCapacityCannotEvictLiveProtection
--- PASS: TestWANW01ReplayCapacityCannotEvictLiveProtection (0.00s)
=== RUN   TestWANW01AttachmentExpiryIsNotTunnelExpiry
--- PASS: TestWANW01AttachmentExpiryIsNotTunnelExpiry (0.00s)
=== RUN   TestBoundedExhaustiveActorSchedulesAgree
--- PASS: TestBoundedExhaustiveActorSchedulesAgree (0.00s)
=== RUN   TestDeterministicGeneratedSchedulesAgree
--- PASS: TestDeterministicGeneratedSchedulesAgree (0.23s)
=== RUN   TestOracleCatchesIntentionalDominanceMutation
--- PASS: TestOracleCatchesIntentionalDominanceMutation (0.00s)
=== RUN   TestOracleKeepsAvailabilityAndRetirementSeparateFromHeads
--- PASS: TestOracleKeepsAvailabilityAndRetirementSeparateFromHeads (0.00s)
=== RUN   TestGoldenHistoryFixture
--- PASS: TestGoldenHistoryFixture (0.00s)
=== RUN   TestGoldenWireEnvelopeMapsToDomain
--- PASS: TestGoldenWireEnvelopeMapsToDomain (0.00s)
PASS
ok  	github.com/calebhabesh/file-sync/model	0.244s
