=== RUN   TestWANW10AuthenticatedNATPeerMatrix
=== RUN   TestWANW10AuthenticatedNATPeerMatrix/no_NAT
    ice_nat_test.go:120: simulated NAT mapping=0 filtering=0 noNAT=true double=false blocked=false; public 11.2.{1,2}.1 private 10.{1,2}.0.2; inner double 172.16.{1,2}.2; real HTTPS/WSS service uses native private interface
2026/10/06 03:18:23 connection doesn't allow setting of receive buffer size. Not a *net.UDPConn?. See https://github.com/quic-go/quic-go/wiki/UDP-Buffer-Sizes for details.
    ice_test.go:208: actual Pion path; selected quic two-way verified heads/hashes and interrupted chunk reuse
=== RUN   TestWANW10AuthenticatedNATPeerMatrix/endpoint_independent
    ice_nat_test.go:120: simulated NAT mapping=0 filtering=0 noNAT=false double=false blocked=false; public 11.2.{1,2}.1 private 10.{1,2}.0.2; inner double 172.16.{1,2}.2; real HTTPS/WSS service uses native private interface
    ice_test.go:208: actual Pion path; selected quic two-way verified heads/hashes and interrupted chunk reuse
    ice_nat_test.go:174: actual ICE consent-loss closure and fresh-pair rebuild; elapsed 6.422655287s unchanged heads/hash/author
=== RUN   TestWANW10AuthenticatedNATPeerMatrix/address_dependent_filtering
    ice_nat_test.go:120: simulated NAT mapping=0 filtering=1 noNAT=false double=false blocked=false; public 11.2.{1,2}.1 private 10.{1,2}.0.2; inner double 172.16.{1,2}.2; real HTTPS/WSS service uses native private interface
    ice_test.go:208: actual Pion path; selected quic two-way verified heads/hashes and interrupted chunk reuse
=== RUN   TestWANW10AuthenticatedNATPeerMatrix/address_port_dependent_filtering
    ice_nat_test.go:120: simulated NAT mapping=0 filtering=2 noNAT=false double=false blocked=false; public 11.2.{1,2}.1 private 10.{1,2}.0.2; inner double 172.16.{1,2}.2; real HTTPS/WSS service uses native private interface
    ice_test.go:208: actual Pion path; selected quic two-way verified heads/hashes and interrupted chunk reuse
=== RUN   TestWANW10AuthenticatedNATPeerMatrix/incompatible_mappings
    ice_nat_test.go:120: simulated NAT mapping=2 filtering=2 noNAT=false double=false blocked=false; public 11.2.{1,2}.1 private 10.{1,2}.0.2; inner double 172.16.{1,2}.2; real HTTPS/WSS service uses native private interface
    ice_test.go:208: actual Pion path; selected relay two-way verified heads/hashes and interrupted chunk reuse
=== RUN   TestWANW10AuthenticatedNATPeerMatrix/incompatible_double_NAT
    ice_nat_test.go:120: simulated NAT mapping=2 filtering=2 noNAT=false double=true blocked=false; public 11.2.{1,2}.1 private 10.{1,2}.0.2; inner double 172.16.{1,2}.2; real HTTPS/WSS service uses native private interface
    ice_test.go:208: actual Pion path; selected relay two-way verified heads/hashes and interrupted chunk reuse
=== RUN   TestWANW10AuthenticatedNATPeerMatrix/blocked_peer_UDP
    ice_nat_test.go:120: simulated NAT mapping=0 filtering=0 noNAT=false double=false blocked=true; public 11.2.{1,2}.1 private 10.{1,2}.0.2; inner double 172.16.{1,2}.2; real HTTPS/WSS service uses native private interface
    ice_test.go:208: actual Pion path; selected relay two-way verified heads/hashes and interrupted chunk reuse
--- PASS: TestWANW10AuthenticatedNATPeerMatrix (49.98s)
    --- PASS: TestWANW10AuthenticatedNATPeerMatrix/no_NAT (1.28s)
    --- PASS: TestWANW10AuthenticatedNATPeerMatrix/endpoint_independent (8.92s)
    --- PASS: TestWANW10AuthenticatedNATPeerMatrix/address_dependent_filtering (2.37s)
    --- PASS: TestWANW10AuthenticatedNATPeerMatrix/address_port_dependent_filtering (2.00s)
    --- PASS: TestWANW10AuthenticatedNATPeerMatrix/incompatible_mappings (11.80s)
    --- PASS: TestWANW10AuthenticatedNATPeerMatrix/incompatible_double_NAT (11.80s)
    --- PASS: TestWANW10AuthenticatedNATPeerMatrix/blocked_peer_UDP (11.82s)
=== RUN   TestWANW10AuthenticatedNATPeerMatrix
=== RUN   TestWANW10AuthenticatedNATPeerMatrix/no_NAT
    ice_nat_test.go:120: simulated NAT mapping=0 filtering=0 noNAT=true double=false blocked=false; public 11.2.{1,2}.1 private 10.{1,2}.0.2; inner double 172.16.{1,2}.2; real HTTPS/WSS service uses native private interface
    ice_test.go:208: actual Pion path; selected quic two-way verified heads/hashes and interrupted chunk reuse
=== RUN   TestWANW10AuthenticatedNATPeerMatrix/endpoint_independent
    ice_nat_test.go:120: simulated NAT mapping=0 filtering=0 noNAT=false double=false blocked=false; public 11.2.{1,2}.1 private 10.{1,2}.0.2; inner double 172.16.{1,2}.2; real HTTPS/WSS service uses native private interface
    ice_test.go:208: actual Pion path; selected quic two-way verified heads/hashes and interrupted chunk reuse
    ice_nat_test.go:174: actual ICE consent-loss closure and fresh-pair rebuild; elapsed 6.509800064s unchanged heads/hash/author
=== RUN   TestWANW10AuthenticatedNATPeerMatrix/address_dependent_filtering
    ice_nat_test.go:120: simulated NAT mapping=0 filtering=1 noNAT=false double=false blocked=false; public 11.2.{1,2}.1 private 10.{1,2}.0.2; inner double 172.16.{1,2}.2; real HTTPS/WSS service uses native private interface
    ice_test.go:208: actual Pion path; selected quic two-way verified heads/hashes and interrupted chunk reuse
=== RUN   TestWANW10AuthenticatedNATPeerMatrix/address_port_dependent_filtering
    ice_nat_test.go:120: simulated NAT mapping=0 filtering=2 noNAT=false double=false blocked=false; public 11.2.{1,2}.1 private 10.{1,2}.0.2; inner double 172.16.{1,2}.2; real HTTPS/WSS service uses native private interface
    ice_test.go:208: actual Pion path; selected quic two-way verified heads/hashes and interrupted chunk reuse
=== RUN   TestWANW10AuthenticatedNATPeerMatrix/incompatible_mappings
    ice_nat_test.go:120: simulated NAT mapping=2 filtering=2 noNAT=false double=false blocked=false; public 11.2.{1,2}.1 private 10.{1,2}.0.2; inner double 172.16.{1,2}.2; real HTTPS/WSS service uses native private interface
    ice_test.go:208: actual Pion path; selected relay two-way verified heads/hashes and interrupted chunk reuse
=== RUN   TestWANW10AuthenticatedNATPeerMatrix/incompatible_double_NAT
    ice_nat_test.go:120: simulated NAT mapping=2 filtering=2 noNAT=false double=true blocked=false; public 11.2.{1,2}.1 private 10.{1,2}.0.2; inner double 172.16.{1,2}.2; real HTTPS/WSS service uses native private interface
    ice_test.go:208: actual Pion path; selected relay two-way verified heads/hashes and interrupted chunk reuse
=== RUN   TestWANW10AuthenticatedNATPeerMatrix/blocked_peer_UDP
    ice_nat_test.go:120: simulated NAT mapping=0 filtering=0 noNAT=false double=false blocked=true; public 11.2.{1,2}.1 private 10.{1,2}.0.2; inner double 172.16.{1,2}.2; real HTTPS/WSS service uses native private interface
    ice_test.go:208: actual Pion path; selected relay two-way verified heads/hashes and interrupted chunk reuse
--- PASS: TestWANW10AuthenticatedNATPeerMatrix (49.92s)
    --- PASS: TestWANW10AuthenticatedNATPeerMatrix/no_NAT (1.17s)
    --- PASS: TestWANW10AuthenticatedNATPeerMatrix/endpoint_independent (8.89s)
    --- PASS: TestWANW10AuthenticatedNATPeerMatrix/address_dependent_filtering (2.37s)
    --- PASS: TestWANW10AuthenticatedNATPeerMatrix/address_port_dependent_filtering (2.01s)
    --- PASS: TestWANW10AuthenticatedNATPeerMatrix/incompatible_mappings (11.82s)
    --- PASS: TestWANW10AuthenticatedNATPeerMatrix/incompatible_double_NAT (11.83s)
    --- PASS: TestWANW10AuthenticatedNATPeerMatrix/blocked_peer_UDP (11.83s)
PASS
ok  	github.com/calebhabesh/file-sync/internal/replication	100.912s
