=== RUN   TestWANW10IsolatedICEPeerSyncAndFallback
=== RUN   TestWANW10IsolatedICEPeerSyncAndFallback/ICE
    ice_test.go:91: minimal signed ICE establishment NO_ROUTE
=== RUN   TestWANW10IsolatedICEPeerSyncAndFallback/failed_ICE_relay
    ice_test.go:113: Post "https://5252525252525252525252525252525252525252525252525252525252525252.peer.orbit.invalid/peer/v1/hello": ROUTE_UNAVAILABLE
--- FAIL: TestWANW10IsolatedICEPeerSyncAndFallback (11.92s)
    --- FAIL: TestWANW10IsolatedICEPeerSyncAndFallback/ICE (0.65s)
    --- FAIL: TestWANW10IsolatedICEPeerSyncAndFallback/failed_ICE_relay (11.26s)
FAIL
Traceback (most recent call last):
  File "<repo>/scripts/wan_ice_namespace_test.py", line 52, in <module>
    main()
    ~~~~^^
  File "<repo>/scripts/wan_ice_namespace_test.py", line 46, in main
    subprocess.run([str(Path(args.test_binary).resolve(strict=True)),
    ~~~~~~~~~~~~~~^^^^^^^^^^^^^^^^^^^^^^^^^^^^^^^^^^^^^^^^^^^^^^^^^^^
                    '-test.run=^TestWANW10IsolatedICEPeerSyncAndFallback$', '-test.v'],
                    ^^^^^^^^^^^^^^^^^^^^^^^^^^^^^^^^^^^^^^^^^^^^^^^^^^^^^^^^^^^^^^^^^^^
                   env=env, check=True, timeout=180)
                   ^^^^^^^^^^^^^^^^^^^^^^^^^^^^^^^^^
  File "/usr/lib/python3.14/subprocess.py", line 578, in run
    raise CalledProcessError(retcode, process.args,
                             output=stdout, stderr=stderr)
subprocess.CalledProcessError: Command '['/tmp/orbit-w10-replication.test', '-test.run=^TestWANW10IsolatedICEPeerSyncAndFallback$', '-test.v']' returned non-zero exit status 1.
