Final native race namespace repetition 1
=== RUN   TestWANW10IsolatedICEPeerSyncAndFallback
=== RUN   TestWANW10IsolatedICEPeerSyncAndFallback/ICE
2026/10/06 03:28:16 connection doesn't allow setting of receive buffer size. Not a *net.UDPConn?. See https://github.com/quic-go/quic-go/wiki/UDP-Buffer-Sizes for details.
    ice_test.go:219: actual Pion path; selected quic two-way verified heads/hashes and interrupted chunk reuse
    ice_test.go:233: native lifecycle samples: FDs live/closed=31/12 goroutines live/closed=85/10; persistent repositories/service fixture remain open
=== RUN   TestWANW10IsolatedICEPeerSyncAndFallback/failed_ICE_relay
    ice_test.go:219: actual Pion path; selected relay two-way verified heads/hashes and interrupted chunk reuse
    ice_test.go:233: native lifecycle samples: FDs live/closed=35/12 goroutines live/closed=71/10; persistent repositories/service fixture remain open
--- PASS: TestWANW10IsolatedICEPeerSyncAndFallback (14.93s)
    --- PASS: TestWANW10IsolatedICEPeerSyncAndFallback/ICE (1.14s)
    --- PASS: TestWANW10IsolatedICEPeerSyncAndFallback/failed_ICE_relay (13.79s)
=== RUN   TestWANW10IsolatedSTUNIPv6
    ice_test.go:281: actual UDP6 STUN codec in isolated namespace: 44/20-byte response/request; simulated public address, no native internet claim
--- PASS: TestWANW10IsolatedSTUNIPv6 (0.00s)
PASS
Final native race namespace repetition 2
=== RUN   TestWANW10IsolatedICEPeerSyncAndFallback
=== RUN   TestWANW10IsolatedICEPeerSyncAndFallback/ICE
2026/10/06 03:28:32 connection doesn't allow setting of receive buffer size. Not a *net.UDPConn?. See https://github.com/quic-go/quic-go/wiki/UDP-Buffer-Sizes for details.
    ice_test.go:219: actual Pion path; selected quic two-way verified heads/hashes and interrupted chunk reuse
    ice_test.go:233: native lifecycle samples: FDs live/closed=31/12 goroutines live/closed=85/7; persistent repositories/service fixture remain open
=== RUN   TestWANW10IsolatedICEPeerSyncAndFallback/failed_ICE_relay
    ice_test.go:219: actual Pion path; selected relay two-way verified heads/hashes and interrupted chunk reuse
    ice_test.go:233: native lifecycle samples: FDs live/closed=35/11 goroutines live/closed=71/7; persistent repositories/service fixture remain open
--- PASS: TestWANW10IsolatedICEPeerSyncAndFallback (14.96s)
    --- PASS: TestWANW10IsolatedICEPeerSyncAndFallback/ICE (1.17s)
    --- PASS: TestWANW10IsolatedICEPeerSyncAndFallback/failed_ICE_relay (13.79s)
=== RUN   TestWANW10IsolatedSTUNIPv6
    ice_test.go:281: actual UDP6 STUN codec in isolated namespace: 44/20-byte response/request; simulated public address, no native internet claim
--- PASS: TestWANW10IsolatedSTUNIPv6 (0.00s)
PASS
