=== RUN   TestWANW10ICEHTTP3NATMatrix
=== RUN   TestWANW10ICEHTTP3NATMatrix/no_NAT
    ice_test.go:166: simulated topology: NAT=<nil> blocked-peer-UDP=false; STUN=11.1.1.1:3478; no host network mutations
2026/10/06 03:14:13 connection doesn't allow setting of receive buffer size. Not a *net.UDPConn?. See https://github.com/quic-go/quic-go/wiki/UDP-Buffer-Sizes for details.
=== RUN   TestWANW10ICEHTTP3NATMatrix/endpoint_independent
    ice_test.go:166: simulated topology: NAT=&{Mode:0 MappingBehavior:0 FilteringBehavior:0 Hairpinning:false PortPreservation:false MappingLifeTime:0s} blocked-peer-UDP=false; STUN=11.1.1.1:3478; no host network mutations
=== RUN   TestWANW10ICEHTTP3NATMatrix/address_dependent_filtering
    ice_test.go:166: simulated topology: NAT=&{Mode:0 MappingBehavior:0 FilteringBehavior:1 Hairpinning:false PortPreservation:false MappingLifeTime:0s} blocked-peer-UDP=false; STUN=11.1.1.1:3478; no host network mutations
=== RUN   TestWANW10ICEHTTP3NATMatrix/address_port_dependent_filtering
    ice_test.go:166: simulated topology: NAT=&{Mode:0 MappingBehavior:0 FilteringBehavior:2 Hairpinning:false PortPreservation:false MappingLifeTime:0s} blocked-peer-UDP=false; STUN=11.1.1.1:3478; no host network mutations
=== RUN   TestWANW10ICEHTTP3NATMatrix/incompatible_address_port_mappings
    ice_test.go:166: simulated topology: NAT=&{Mode:0 MappingBehavior:2 FilteringBehavior:2 Hairpinning:false PortPreservation:false MappingLifeTime:0s} blocked-peer-UDP=false; STUN=11.1.1.1:3478; no host network mutations
=== RUN   TestWANW10ICEHTTP3NATMatrix/blocked_peer_UDP
    ice_test.go:166: simulated topology: NAT=&{Mode:0 MappingBehavior:0 FilteringBehavior:0 Hairpinning:false PortPreservation:false MappingLifeTime:0s} blocked-peer-UDP=true; STUN=11.1.1.1:3478; no host network mutations
--- PASS: TestWANW10ICEHTTP3NATMatrix (13.21s)
    --- PASS: TestWANW10ICEHTTP3NATMatrix/no_NAT (0.13s)
    --- PASS: TestWANW10ICEHTTP3NATMatrix/endpoint_independent (1.19s)
    --- PASS: TestWANW10ICEHTTP3NATMatrix/address_dependent_filtering (1.14s)
    --- PASS: TestWANW10ICEHTTP3NATMatrix/address_port_dependent_filtering (0.75s)
    --- PASS: TestWANW10ICEHTTP3NATMatrix/incompatible_address_port_mappings (5.00s)
    --- PASS: TestWANW10ICEHTTP3NATMatrix/blocked_peer_UDP (5.00s)
=== RUN   TestWANW10ICEGatherCancellationAndCredentials
    ice_test.go:251: simulated topology: NAT=<nil> blocked-peer-UDP=false; STUN=11.1.1.1:3478; no host network mutations
--- PASS: TestWANW10ICEGatherCancellationAndCredentials (0.00s)
=== RUN   TestWANW10ICESocketAndSessionAdmission
--- PASS: TestWANW10ICESocketAndSessionAdmission (0.00s)
=== RUN   TestWANW10IncompatibleDoubleNAT
    ice_test.go:306: simulated topology: NAT=&{Mode:0 MappingBehavior:2 FilteringBehavior:2 Hairpinning:false PortPreservation:false MappingLifeTime:0s} blocked-peer-UDP=false; STUN=11.1.1.1:3478; no host network mutations
    ice_test.go:308: two NAT layers per endpoint: inner endpoint-independent; outer address/port-dependent mapping/filtering; bounded check failure
--- PASS: TestWANW10IncompatibleDoubleNAT (5.00s)
=== RUN   TestWANW10ICESlowStreamCancellation
    ice_test.go:312: simulated topology: NAT=&{Mode:0 MappingBehavior:0 FilteringBehavior:0 Hairpinning:false PortPreservation:false MappingLifeTime:0s} blocked-peer-UDP=false; STUN=11.1.1.1:3478; no host network mutations
    ice_test.go:367: offered 32 MiB; sent before cancellation 65536 bytes; fixed 32 KiB write buffer and unchanged HTTP3 receive windows
--- PASS: TestWANW10ICESlowStreamCancellation (1.21s)
=== RUN   TestWANW10ICEHTTP3NATMatrix
=== RUN   TestWANW10ICEHTTP3NATMatrix/no_NAT
    ice_test.go:166: simulated topology: NAT=<nil> blocked-peer-UDP=false; STUN=11.1.1.1:3478; no host network mutations
=== RUN   TestWANW10ICEHTTP3NATMatrix/endpoint_independent
    ice_test.go:166: simulated topology: NAT=&{Mode:0 MappingBehavior:0 FilteringBehavior:0 Hairpinning:false PortPreservation:false MappingLifeTime:0s} blocked-peer-UDP=false; STUN=11.1.1.1:3478; no host network mutations
=== RUN   TestWANW10ICEHTTP3NATMatrix/address_dependent_filtering
    ice_test.go:166: simulated topology: NAT=&{Mode:0 MappingBehavior:0 FilteringBehavior:1 Hairpinning:false PortPreservation:false MappingLifeTime:0s} blocked-peer-UDP=false; STUN=11.1.1.1:3478; no host network mutations
=== RUN   TestWANW10ICEHTTP3NATMatrix/address_port_dependent_filtering
    ice_test.go:166: simulated topology: NAT=&{Mode:0 MappingBehavior:0 FilteringBehavior:2 Hairpinning:false PortPreservation:false MappingLifeTime:0s} blocked-peer-UDP=false; STUN=11.1.1.1:3478; no host network mutations
=== RUN   TestWANW10ICEHTTP3NATMatrix/incompatible_address_port_mappings
    ice_test.go:166: simulated topology: NAT=&{Mode:0 MappingBehavior:2 FilteringBehavior:2 Hairpinning:false PortPreservation:false MappingLifeTime:0s} blocked-peer-UDP=false; STUN=11.1.1.1:3478; no host network mutations
=== RUN   TestWANW10ICEHTTP3NATMatrix/blocked_peer_UDP
    ice_test.go:166: simulated topology: NAT=&{Mode:0 MappingBehavior:0 FilteringBehavior:0 Hairpinning:false PortPreservation:false MappingLifeTime:0s} blocked-peer-UDP=true; STUN=11.1.1.1:3478; no host network mutations
--- PASS: TestWANW10ICEHTTP3NATMatrix (13.19s)
    --- PASS: TestWANW10ICEHTTP3NATMatrix/no_NAT (0.08s)
    --- PASS: TestWANW10ICEHTTP3NATMatrix/endpoint_independent (1.18s)
    --- PASS: TestWANW10ICEHTTP3NATMatrix/address_dependent_filtering (1.18s)
    --- PASS: TestWANW10ICEHTTP3NATMatrix/address_port_dependent_filtering (0.75s)
    --- PASS: TestWANW10ICEHTTP3NATMatrix/incompatible_address_port_mappings (5.00s)
    --- PASS: TestWANW10ICEHTTP3NATMatrix/blocked_peer_UDP (5.00s)
=== RUN   TestWANW10ICEGatherCancellationAndCredentials
    ice_test.go:251: simulated topology: NAT=<nil> blocked-peer-UDP=false; STUN=11.1.1.1:3478; no host network mutations
--- PASS: TestWANW10ICEGatherCancellationAndCredentials (0.00s)
=== RUN   TestWANW10ICESocketAndSessionAdmission
--- PASS: TestWANW10ICESocketAndSessionAdmission (0.00s)
=== RUN   TestWANW10IncompatibleDoubleNAT
    ice_test.go:306: simulated topology: NAT=&{Mode:0 MappingBehavior:2 FilteringBehavior:2 Hairpinning:false PortPreservation:false MappingLifeTime:0s} blocked-peer-UDP=false; STUN=11.1.1.1:3478; no host network mutations
    ice_test.go:308: two NAT layers per endpoint: inner endpoint-independent; outer address/port-dependent mapping/filtering; bounded check failure
--- PASS: TestWANW10IncompatibleDoubleNAT (5.00s)
=== RUN   TestWANW10ICESlowStreamCancellation
    ice_test.go:312: simulated topology: NAT=&{Mode:0 MappingBehavior:0 FilteringBehavior:0 Hairpinning:false PortPreservation:false MappingLifeTime:0s} blocked-peer-UDP=false; STUN=11.1.1.1:3478; no host network mutations
    ice_test.go:367: offered 32 MiB; sent before cancellation 65536 bytes; fixed 32 KiB write buffer and unchanged HTTP3 receive windows
--- PASS: TestWANW10ICESlowStreamCancellation (1.21s)
PASS
ok  	github.com/calebhabesh/file-sync/internal/network	39.843s
=== RUN   TestWANW10ICEContractBoundsAndLegacyEncoding
--- PASS: TestWANW10ICEContractBoundsAndLegacyEncoding (0.00s)
=== RUN   TestWANW10ICEDeterministicRoleAndPurpose
--- PASS: TestWANW10ICEDeterministicRoleAndPurpose (0.00s)
=== RUN   TestWANW10IndependentSignedICEGolden
--- PASS: TestWANW10IndependentSignedICEGolden (0.00s)
=== RUN   TestWANW10ICEContractBoundsAndLegacyEncoding
--- PASS: TestWANW10ICEContractBoundsAndLegacyEncoding (0.00s)
=== RUN   TestWANW10ICEDeterministicRoleAndPurpose
--- PASS: TestWANW10ICEDeterministicRoleAndPurpose (0.00s)
=== RUN   TestWANW10IndependentSignedICEGolden
--- PASS: TestWANW10IndependentSignedICEGolden (0.00s)
PASS
ok  	github.com/calebhabesh/file-sync/internal/protocol	1.011s
=== RUN   TestWANW10SignedICESessionReplayAndIsolation
--- PASS: TestWANW10SignedICESessionReplayAndIsolation (0.14s)
=== RUN   TestWANW10STUNMappingMalformedAndRateBounds
    stun_test.go:98: IPv4 binding response 32/20 bytes; 100-request burst responses 10 ; malformed silent; closure joins sole worker
--- PASS: TestWANW10STUNMappingMalformedAndRateBounds (1.05s)
=== RUN   TestWANW10SignedICESessionReplayAndIsolation
--- PASS: TestWANW10SignedICESessionReplayAndIsolation (0.14s)
=== RUN   TestWANW10STUNMappingMalformedAndRateBounds
    stun_test.go:98: IPv4 binding response 32/20 bytes; 100-request burst responses 10 ; malformed silent; closure joins sole worker
--- PASS: TestWANW10STUNMappingMalformedAndRateBounds (0.86s)
PASS
ok  	github.com/calebhabesh/file-sync/internal/rendezvous	3.194s
