c[?7l[2J[0mSeaBIOS (version Arch Linux 1.17.0-2-2)
Booting from ROM...
Probing EDD (edd=off to disable)... oc[?7l[2J[    0.167232] virt/tdx: TDX not supported by the host platform
unexpected fault address 0x7f3070a0f000
fatal error: fault
[signal SIGBUS: bus error code=0x2 addr=0x7f3070a0f000 pc=0x48b537]

goroutine 1 gp=0x3878064401e0 m=2 mp=0x38780646c808 [running]:
runtime.throw({0x81c514?, 0x3878064a80b0?})
	runtime/panic.go:1243 +0x48 fp=0x38780660e030 sp=0x38780660e000 pc=0x484468
runtime.sigpanic()
	runtime/signal_unix.go:928 +0x10a fp=0x38780660e090 sp=0x38780660e030 pc=0x48634a
runtime.memclrNoHeapPointers()
	runtime/memclr_amd64.s:68 +0xb7 fp=0x38780660e098 sp=0x38780660e090 pc=0x48b537
modernc.org/libc.Xmemset(0x746fc3?, 0x3878064a80b0?, 0x0?, 0x7f3029f30820?)
	modernc.org/libc@v1.75.7/native_musl.go:69 +0x78 fp=0x38780660e0e8 sp=0x38780660e098 pc=0x5b6d78
modernc.org/sqlite/lib._walIndexAppend(0x3878064a80b0, 0x7f3029ef0228, 0x1, 0x6a)
	modernc.org/sqlite@v1.59.0/lib/sqlite_g_000000000001fea8.go:17097 +0xf6 fp=0x38780660e158 sp=0x38780660e0e8 pc=0x710956
modernc.org/sqlite/lib._walFrames(0x3878064a80b0, 0x7f3029ef0228, 0x1000, 0x7f3029eb7060, 0x0, 0x0, 0xa)
	modernc.org/sqlite@v1.59.0/lib/sqlite_g_000000000001fea8.go:17046 +0xa45 fp=0x38780660e260 sp=0x38780660e158 pc=0x7105a5
modernc.org/sqlite/lib._sqlite3WalFrames(...)
	modernc.org/sqlite@v1.59.0/lib/sqlite.go:38413
modernc.org/sqlite/lib._pagerWalFrames(0x3878064a80b0, 0x7f3029f50428, 0x7f3029eb7060, 0x0, 0x0)
	modernc.org/sqlite@v1.59.0/lib/sqlite_g_000000000001feab.go:10660 +0x112 fp=0x38780660e2d0 sp=0x38780660e260 pc=0x72bd52
modernc.org/sqlite/lib._pagerStress(0x3878064a80b0, 0x7f3029f50428, 0x7f3029eb7060)
	modernc.org/sqlite@v1.59.0/lib/sqlite_g_000000000001feab.go:10593 +0x105 fp=0x38780660e310 sp=0x38780660e2d0 pc=0x72bb85
modernc.org/sqlite/lib._sqlite3PcacheFetchStress(0x3878064a80b0, 0x7f3029f50428?, 0x219, 0x7f3029ef3820)
	modernc.org/sqlite@v1.59.0/lib/sqlite_g_000000000001ffff.go:10551 +0x108 fp=0x38780660e348 sp=0x38780660e310 pc=0x75d0e8
modernc.org/sqlite/lib._getPageNormal(0x3878064a80b0, 0x7f3029f50428, 0x219, 0x7f3029f22020, 0x1)
	modernc.org/sqlite@v1.59.0/lib/sqlite_g_000000000001fea8.go:6400 +0xeb fp=0x38780660e3c8 sp=0x38780660e348 pc=0x6f812b
modernc.org/sqlite/lib._sqlite3PagerGet(...)
	modernc.org/sqlite@v1.59.0/lib/sqlite.go:35016
modernc.org/sqlite/lib._btreeGetPage(0x3878064a80b0, 0x7f3029f80628, 0x219, 0x7f3029f33028, 0x1)
	modernc.org/sqlite@v1.59.0/lib/sqlite.go:20161 +0xa3 fp=0x38780660e430 sp=0x38780660e3c8 pc=0x5c9683
modernc.org/sqlite/lib._btreeGetUnusedPage(0x3878064a80b0, 0xb6e708?, 0x64aaff0?, 0x7f3029f33028, 0x400000?)
	modernc.org/sqlite@v1.59.0/lib/sqlite.go:20183 +0x25 fp=0x38780660e468 sp=0x38780660e430 pc=0x5c97c5
modernc.org/sqlite/lib._allocateBtreePage(0x3878064a80b0, 0x7f3029f80628, 0x7f3029f33028, 0x7f3029f33024, 0x218, 0x0)
	modernc.org/sqlite@v1.59.0/lib/sqlite_g_000000000001fea8.go:1119 +0x46a fp=0x38780660e598 sp=0x38780660e468 pc=0x6e5bca
modernc.org/sqlite/lib._fillInCell(0x3878064a80b0, 0x7f3029eb30b0, 0x7f3029ee802c, 0x7f3029f50968, 0x7f3029f30028)
	modernc.org/sqlite@v1.59.0/lib/sqlite_g_000000000001fea8.go:2388 +0x5e6 fp=0x38780660e678 sp=0x38780660e598 pc=0x6eae26
modernc.org/sqlite/lib._sqlite3BtreeInsert(0x3878064a80b0, 0x7f3029f07138, 0x7f3029f50968, 0x8, 0x0)
	modernc.org/sqlite@v1.59.0/lib/sqlite_g_000000000001dea8.go:2203 +0x745 fp=0x38780660e7a0 sp=0x38780660e678 pc=0x6cfe25
modernc.org/sqlite/lib._sqlite3VdbeExec(0x3878064a80b0, 0x7f3029f07a08)
	modernc.org/sqlite@v1.59.0/lib/sqlite_g_0000000000000480.go:23122 +0x8d0d fp=0x38780660f0e0 sp=0x38780660e7a0 pc=0x6284ad
modernc.org/sqlite/lib._sqlite3Step(0x3878064a80b0, 0x7f3029f07a08)
	modernc.org/sqlite@v1.59.0/lib/sqlite_g_000000000001deab.go:3968 +0x6c fp=0x38780660f120 sp=0x38780660f0e0 pc=0x6dbbcc
modernc.org/sqlite/lib.Xsqlite3_step(0x3878064a80b0, 0x7f3029f07a08)
	modernc.org/sqlite@v1.59.0/lib/sqlite.go:11977 +0xab fp=0x38780660f168 sp=0x38780660f120 pc=0x5c746b
modernc.org/sqlite.(*conn).step(0x38780649c300, 0x7f3029f07a08)
	modernc.org/sqlite@v1.59.0/conn.go:435 +0x31 fp=0x38780660f1a0 sp=0x38780660f168 pc=0x79d651
modernc.org/sqlite.(*stmt).exec.func2(0x387806506018, {0x387806508000?, 0x7f3029f70e60?, 0x38780660f230?}, 0x38780660f288, 0x38780650a000, {0xbb07f0, 0xc26a80})
	modernc.org/sqlite@v1.59.0/stmt.go:145 +0x10f fp=0x38780660f228 sp=0x38780660f1a0 pc=0x7adcaf
modernc.org/sqlite.(*stmt).exec(0x387806506018, {0xbb07f0, 0xc26a80}, {0x387806508000, 0x2, 0x2})
	modernc.org/sqlite@v1.59.0/stmt.go:175 +0x1bd fp=0x38780660f310 sp=0x38780660f228 pc=0x7a721d
modernc.org/sqlite.(*conn).exec(0x0?, {0xbb07f0, 0xc26a80}, {0x830212?, 0x0?}, {0x387806508000, 0x2, 0x2})
	modernc.org/sqlite@v1.59.0/conn.go:1077 +0xf6 fp=0x38780660f3a0 sp=0x38780660f310 pc=0x7a0196
modernc.org/sqlite.(*conn).ExecContext(0x0?, {0xbb07f0?, 0xc26a80?}, {0x830212?, 0x0?}, {0x387806508000?, 0x0?, 0x38780661fa70?})
	modernc.org/sqlite@v1.59.0/conn.go:1336 +0x27 fp=0x38780660f3f0 sp=0x38780660f3a0 pc=0x7a0907
database/sql.ctxDriverExec({0xbb07f0?, 0xc26a80?}, {0x7f3070a20a00?, 0x38780649c300?}, {0x0?, 0x0?}, {0x830212?, 0x0?}, {0x387806508000, 0x2, ...})
	database/sql/ctxutil.go:31 +0xbf fp=0x38780660f450 sp=0x38780660f3f0 pc=0x51b53f
database/sql.(*DB).execDC.func2()
	database/sql/sql.go:1718 +0x15c fp=0x38780660f510 sp=0x38780660f450 pc=0x526b1c
database/sql.withLock({0xbb0540, 0x3878064d0400}, 0x38780660f6d0)
	database/sql/sql.go:3621 +0x71 fp=0x38780660f550 sp=0x38780660f510 pc=0x525df1
database/sql.(*DB).execDC(0x47c901?, {0xbb07f0, 0xc26a80}, 0x3878064d0400, 0x38780660f7e8?, {0x830212, 0x6e}, {0x38780661fa60, 0x2, 0x2})
	database/sql/sql.go:1713 +0x1f6 fp=0x38780660f770 sp=0x38780660f550 pc=0x520ef6
database/sql.(*DB).exec(0x3878064ad1e0, {0xbb07f0, 0xc26a80}, {0x830212, 0x6e}, {0x38780661fa60, 0x2, 0x2}, 0x77?)
	database/sql/sql.go:1698 +0xcf fp=0x38780660f7e0 sp=0x38780660f770 pc=0x520c8f
database/sql.(*DB).ExecContext.func1(0xe0?)
	database/sql/sql.go:1677 +0x4f fp=0x38780660f848 sp=0x38780660f7e0 pc=0x52686f
database/sql.(*DB).retry(0x487092?, 0x38780660f8c0)
	database/sql/sql.go:1581 +0x42 fp=0x38780660f890 sp=0x38780660f848 pc=0x5204a2
database/sql.(*DB).ExecContext(0x387806620000?, {0xbb07f0?, 0xc26a80?}, {0x830212?, 0x0?}, {0x38780661fa60?, 0x0?, 0x0?})
	database/sql/sql.go:1676 +0x9b fp=0x38780660f928 sp=0x38780660f890 pc=0x520b1b
github.com/calebhabesh/file-sync/internal/repository.(*DB).PutInstallationValue(...)
	github.com/calebhabesh/file-sync/internal/repository/repository.go:755
main.fullDiskExperiment(0x38780649e1c0, 0x38780648a620, {0x3878064e8047, 0xd}, {{0x1, 0x0, 0x0, 0x0, 0x0, 0x0, ...}, ...}, ...)
	./reset_guest.go:97 +0x5f9 fp=0x38780661faa0 sp=0x38780660f928 pc=0x7e1839
main.main()
	./reset_guest.go:275 +0xb9d fp=0x38780661feb8 sp=0x38780661faa0 pc=0x7e307d
runtime.main()
	runtime/proc.go:302 +0x427 fp=0x38780661ffe0 sp=0x38780661feb8 pc=0x44e907
runtime.goexit({})
	runtime/asm_amd64.s:1264 +0x1 fp=0x38780661ffe8 sp=0x38780661ffe0 pc=0x48afe1

goroutine 2 gp=0x387806440780 m=nil [force gc (idle)]:
runtime.gopark(0x0?, 0x0?, 0x0?, 0x0?, 0x0?)
	runtime/proc.go:474 +0xca fp=0x387806468fa8 sp=0x387806468f88 pc=0x48454a
runtime.goparkunlock(...)
	runtime/proc.go:480
runtime.forcegchelper()
	runtime/proc.go:387 +0xb3 fp=0x387806468fe0 sp=0x387806468fa8 pc=0x44ebd3
runtime.goexit({})
	runtime/asm_amd64.s:1264 +0x1 fp=0x387806468fe8 sp=0x387806468fe0 pc=0x48afe1
created by runtime.init.7 in goroutine 1
	runtime/proc.go:375 +0x1a

goroutine 3 gp=0x387806440d20 m=nil [GC sweep wait]:
runtime.gopark(0x0?, 0x0?, 0x0?, 0x0?, 0x0?)
	runtime/proc.go:474 +0xca fp=0x387806469788 sp=0x387806469768 pc=0x48454a
runtime.goparkunlock(...)
	runtime/proc.go:480
runtime.bgsweep(0x387806488000)
	runtime/mgcsweep.go:279 +0x94 fp=0x3878064697c8 sp=0x387806469788 pc=0x439b94
runtime.gcenable.gowrap1()
	runtime/mgc.go:214 +0x17 fp=0x3878064697e0 sp=0x3878064697c8 pc=0x47bc97
runtime.goexit({})
	runtime/asm_amd64.s:1264 +0x1 fp=0x3878064697e8 sp=0x3878064697e0 pc=0x48afe1
created by runtime.gcenable in goroutine 1
	runtime/mgc.go:214 +0x66

goroutine 4 gp=0x387806440f00 m=nil [GC scavenge wait]:
runtime.gopark(0x387806488000?, 0x8410d0?, 0x1?, 0x0?, 0x387806440f00?)
	runtime/proc.go:474 +0xca fp=0x387806469f78 sp=0x387806469f58 pc=0x48454a
runtime.goparkunlock(...)
	runtime/proc.go:480
runtime.(*scavengerState).park(0xc05980)
	runtime/mgcscavenge.go:425 +0x49 fp=0x387806469fa8 sp=0x387806469f78 pc=0x437769
runtime.bgscavenge(0x387806488000)
	runtime/mgcscavenge.go:653 +0x3c fp=0x387806469fc8 sp=0x387806469fa8 pc=0x437cbc
runtime.gcenable.gowrap2()
	runtime/mgc.go:215 +0x17 fp=0x387806469fe0 sp=0x387806469fc8 pc=0x47bc57
runtime.goexit({})
	runtime/asm_amd64.s:1264 +0x1 fp=0x387806469fe8 sp=0x387806469fe0 pc=0x48afe1
crea[t e d   b0y. 9r9u3n431] Kernel panic - not syncing: Attempted to kill init! exitcode=0x00000200
time[. g c e n0.a9b9l4e5 0i0n] CPU: 1 UID: 0 PID: 1 Comm: init Not tainted 7.2.8-arch1-2 #1 PREEMPT(full)  186163caea6eb5dc4b2a0252463c7ce1c6927294
[    0.995940] Hardware name: QEMU Standard PC (i440FX + PIIX, 1996), BIOS Arch Linux 1.17.0-2-2 04/01/2014
 go[ r o  0.997011] Call Trace:
[    0.997361]  <TASK>
u[t i  n e0 .1997
6	1r8]  dump_stack_lvl+0x5d/0x80
[    0.998187]  vpanic+0x20a/0x410
unt[  i m e0/.9m9g8c5.7g8o] : 21panic+0x6b/0x70
[    0.999075]  do_exit.cold+0x27/0x5d
5 [ + 0 x a0.5999
46
4g] o ro?u __pfx_futex_wake_mark+0x10/0x10
[    1.000073]  do_group_exit+0x2d/0xc0
ti[n e    51 .g0p0=004x736]8 7 8get_signal+0x83c/0x8f0
[    1.000992]  arch_do_signal_or_restart+0x77/0x2d0
064414[a 0   m =1n.i0l0 1[508]  exit_to_user_mode_loop+0xe5/0x740
[    1.002223]  do_syscall_64+0x21d/0x660
GOM[A X P R O1C.S0 0u26p7d7a]t  ? do_syscall_64+0xaa/0x660
[    1.003237]  ? ksys_write+0xdd/0x110
e[r    ( 1i.d0l0e3)6]8:3]
 r un? do_syscall_64+0x252/0x660
[    1.004238]  ? do_syscall_64+0xaa/0x660
tim[e .g o pa rk1(.0x000?4707]  ? do_syscall_64+0x5f/0x660
[    1.005297]  entry_SYSCALL_64_after_hwframe+0x76/0x7e
, 0[x 0 ? ,  10.x00?05,9 103x] RIP: 0033:0x48cb23
[    1.006422] Code: c3 cc cc cc cc cc cc 48 8b 7c 24 08 8b 74 24 10 8b 54 24 14 4c 8b 54 24 18 4c 8b 44 24 20 44 8b 4c 24 28 b8 ca 00 00 00 0f 05 <89> 44 24 30 c3 cc cc cc cc cc cc cc cc cc cc cc cc cc cc cc cc cc
0?, [0 x 0 ? )
	1r.u0n0t8536] RSP: 002b:00007ffc46bcd130 EFLAGS: 00000286 ORIG_RAX: 00000000000000ca
[    1.009867] RAX: fffffffffffffe00 RBX: 0000000000000000 RCX: 000000000048cb23
im[e / p r o1c..0g1o0:848704]  RDX: 0000000000000000 RSI: 0000000000000080 RDI: 0000000000c07438
[    1.011684] RBP: 00007ffc46bcd178 R08: 0000000000000000 R09: 0000000000000000
[    1.012482] R10: 0000000000000000 R11: 0000000000000286 R12: 00007ffc46bcd1b0
[    1.013280] R13: 0000000000000001 R14: 0000000000c05c80 R15: 0000000000000000
[    1.014291]  </TASK>
+0xca fp=0x387806468788 sp=0x387806468768 pc=0x48454a
runtime.goparkunlock(...)
	runtime/proc.go:480
runtime.updateMaxProcsGoroutine()
	runtime/proc.go:7146 +0xe7 fp=0x3878064687e0 sp=0x387806468788 pc=0x45bf47
runtime.goexit({})
	runtime/asm_amd64.s:1264 +0x1 fp=0x3878064687e8 sp=0x3878064687e0 pc=0x48afe1
created by runtime.defaultGOMAXPROCSUpdateEnable in goroutine 1
	runtime/proc.go:7134 +0x37

goroutine 6 gp=0x387806441680 m=nil [finalizer wait]:
runtime.gopark(0x0?, 0x0?, 0x0?, 0x0?, 0x0?)
	runtime/proc.go:474 +0xca fp=0x38780646a620 sp=0x38780646a600 pc=0x48454a
runtime.runFinalizers()
	runtime/mfinal.go:210 +0x107 fp=0x38780646a7e0 sp=0x38780646a620 pc=0x42aec7
runtime.goexit({})
	runtime/asm_amd64.s:1264 +0x1 fp=0x38780646a7e8 sp=0x38780646a7e0 pc=0x48afe1
created by runtime.createfing in goroutine 1
	runtime/mfinal.go:172 +0x3d

goroutine 7 gp=0x387806441860 m=nil [cleanup wait]:
runtime.gopark(0x0?, 0x0?, 0x0?, 0x0?, 0x0?)
	runtime/proc.go:474 +0xca fp=0x38780646af68 sp=0x38780646af48 pc=0x48454a
runtime.goparkunlock(...)
	runtime/proc.go:480
runtime.(*cleanupQueue).dequeue(0xc05b80)
	runtime/mcleanup.go:522 +0xd3 fp=0x38780646afa0 sp=0x38780646af68 pc=0x427bf3
runtime.runCleanups()
	runtime/mcleanup.go:718 +0x45 fp=0x38780646afe0 sp=0x38780646afa0 pc=0x428265
runtime.goexit({})
	runtime/asm_amd64.s:1264 +0x1 fp=0x38780646afe8 sp=0x38780646afe0 pc=0x48afe1
created by runtime.(*cleanupQueue).createGs in goroutine 1
	runtime/mcleanup.go:672 +0xa5

goroutine 8 gp=0x387806441a40 m=nil [select]:
runtime.gopark(0x38780646b788?, 0x2?, 0x0?, 0x0?, 0x38780646b784?)
	runtime/proc.go:474 +0xca fp=0x38780646b610 sp=0x38780646b5f0 pc=0x48454a
runtime.selectgo(0x38780646b788, 0x38780646b780, 0x0?, 0x0, 0x0?, 0x1)
	runtime/select.go:351 +0xa97 fp=0x38780646b750 sp=0x38780646b610 pc=0x460997
database/sql.(*DB).connectionOpener(0x3878064ad1e0, {0xbb0860, 0x3878064e00a0})
	database/sql/sql.go:1266 +0x89 fp=0x38780646b7b8 sp=0x38780646b750 pc=0x51eb49
database/sql.OpenDB.gowrap1()
	database/sql/sql.go:846 +0x1f fp=0x38780646b7e0 sp=0x38780646b7b8 pc=0x52655f
runtime.goexit({})
	runtime/asm_amd64.s:1264 +0x1 fp=0x38780646b7e8 sp=0x38780646b7e0 pc=0x48afe1
created by database/sql.OpenDB in goroutine 1
	database/sql/sql.go:846 +0x135
[    1.050407] Kernel Offset: 0xce00000 from 0xffffffff81000000 (relocation range: 0xffffffff80000000-0xffffffffbfffffff)
