=== RUN   TestWANW06BinaryReviewedRelayJourney
    wan_cli_test.go:324: Local signed service fixture; production binaries create/invite/join/relaunch/approve and transfer both directions without init/serve/manual peer addresses
--- PASS: TestWANW06BinaryReviewedRelayJourney (99.01s)
=== RUN   TestWANW06BinaryLocalCaptureAndPrivateInputs
--- PASS: TestWANW06BinaryLocalCaptureAndPrivateInputs (2.28s)
=== RUN   TestWANW06BinaryGuidedFirstDevice
--- PASS: TestWANW06BinaryGuidedFirstDevice (0.71s)
=== RUN   TestWANW08BinaryLANAndOptionalCollisionRelay
    wan_direct_test.go:226: Actual invitation/pending denial/exact approval; two production binaries discover known peers without configured IPs; two-way LAN bytes/heads/hashes; occupied optional listeners preserve relay/capture; actual service shutdown preserves capture. One host, no physical WAN claim.
--- PASS: TestWANW08BinaryLANAndOptionalCollisionRelay (78.20s)
=== RUN   TestWANW07RealPTYRelayOnboarding
    wan_tui_test.go:76: [
          {
            "scenario": "W07-keyboard-relay-onboarding",
            "result": "passed",
            "assertions": [
              "production binary real PTY; no manual address/direct listener/init/serve",
              "reviewed existing contents, Back/Edit, wrong pin, expired v3 paste, unsupported-root correction",
              "private transfer, independently selected development operator and TLS trust",
              "exact cross-device verification/approval, delayed exit and actual daemon restart",
              "exact operation/attempt/request/root/identity retained; byte/hash/version-author oracles",
              "second folder separate consent/attempt/root, relay observations separate from readiness",
              "narrow/colorless/resize, masked paste, v3 reveal, deliberate revocation",
              "termios and alt/bracketed-paste restoration; daemon capture/transfer after client exit",
              "actual marked service outage retains new-folder drafts and daemon local capture",
              "fresh Automatic/missing-profile and preannouncement Local-only review; local capture after quit"
            ]
          }
        ]
        
--- PASS: TestWANW07RealPTYRelayOnboarding (144.13s)
PASS
ok  	github.com/calebhabesh/file-sync/tests/terminal	324.337s
