Checked 1331 local Markdown file links in 190 documents.
MISSING docs/orbit-design-gates.md file://<repo>/tests/designgates
MISSING docs/orbit-design-gates.md file://<repo>/model/membership.go
MISSING docs/orbit-design-gates.md file://<repo>/internal/state/state.go
MISSING docs/orbit-design-gates.md file://<repo>/tests/designgates/orbit_g01_launch_test.go
MISSING docs/orbit-design-gates.md file://<repo>/tests/designgates/orbit_g01_launch_test.go
MISSING docs/orbit-design-gates.md file://<repo>/tests/designgates/orbit_g01_launch_test.go
MISSING docs/orbit-design-gates.md file://<repo>/tests/designgates/orbit_g02_enrollment_test.go
MISSING docs/orbit-design-gates.md file://<repo>/tests/designgates/orbit_g02_enrollment_test.go
MISSING docs/orbit-design-gates.md file://<repo>/tests/designgates/orbit_g02_enrollment_test.go
MISSING docs/orbit-design-gates.md file://<repo>/tests/designgates/orbit_g02_enrollment_test.go
MISSING docs/orbit-design-gates.md file://<repo>/tests/designgates/orbit_g02_enrollment_test.go
MISSING docs/orbit-design-gates.md file://<repo>/model/membership.go
MISSING docs/orbit-design-gates.md file://<repo>/tests/designgates/orbit_g03_fileactions_test.go
MISSING docs/orbit-design-gates.md file://<repo>/tests/designgates/orbit_g03_fileactions_test.go
MISSING docs/orbit-design-gates.md file://<repo>/tests/designgates/orbit_g03_fileactions_test.go
MISSING docs/orbit-design-gates.md file://<repo>/tests/designgates/orbit_g03_fileactions_test.go
MISSING docs/orbit-design-gates.md file://<repo>/tests/designgates/orbit_g04_recovery_test.go
MISSING docs/orbit-design-gates.md file://<repo>/tests/designgates/orbit_g04_recovery_test.go
MISSING docs/orbit-design-gates.md file://<repo>/tests/designgates/orbit_g04_recovery_test.go
MISSING docs/orbit-design-gates.md file://<repo>/tests/designgates/orbit_g04_recovery_test.go
MISSING docs/orbit-design-gates.md file://<repo>/tests/designgates/orbit_g05_compat_test.go
MISSING docs/orbit-design-gates.md file://<repo>/tests/designgates/orbit_g05_compat_test.go
MISSING docs/orbit-design-gates.md file://<repo>/tests/designgates/orbit_g05_compat_test.go
MISSING docs/evidence/orbit-o05/summary.md file://<repo>/internal/repository/product_records.go
MISSING docs/evidence/orbit-o05/summary.md file://<repo>/internal/control/orbit_control.go
MISSING docs/evidence/orbit-o05/summary.md file://<repo>/internal/control/orbit_control.go
MISSING docs/evidence/orbit-o05/summary.md file://<repo>/internal/control/server.go
MISSING docs/evidence/orbit-o05/summary.md file://<repo>/internal/repository/peers.go
MISSING docs/evidence/orbit-o05/summary.md file://<repo>/internal/control/orbit_control.go
MISSING docs/evidence/orbit-o05/summary.md file://<repo>/internal/repository/peers.go
MISSING docs/evidence/orbit-o05/summary.md file://<repo>/internal/control/orbit_control.go
MISSING docs/evidence/orbit-o05/summary.md file://<repo>/internal/replication/server.go
MISSING docs/evidence/orbit-o05/summary.md file://<repo>/internal/replication/client.go
MISSING docs/evidence/orbit-o05/summary.md file://<repo>/internal/config/peers.go
MISSING docs/evidence/orbit-o05/summary.md file://<repo>/internal/replication/transfer.go
MISSING docs/evidence/orbit-o13/summary.md file://<repo>/docs/implementation/orbit-release.md
MISSING docs/evidence/orbit-o13/summary.md file://<repo>/tests/integration/orbit_o13_campaign_test.go
MISSING docs/evidence/orbit-o13/summary.md file://<repo>/scripts/orbit_ui_test.mjs
MISSING docs/evidence/orbit-o13/summary.md file://<repo>/internal/repository/orbit_browse_test.go
MISSING docs/evidence/orbit-o13/summary.md file://<repo>/scripts/orbit_ui_test.mjs
MISSING docs/evidence/orbit-o12/summary.md file://<repo>/scripts/build_packages.go
MISSING docs/evidence/orbit-o12/summary.md file://<repo>/web/embed.go
MISSING docs/evidence/orbit-o12/summary.md file://<repo>/internal/control/server.go
MISSING docs/evidence/orbit-o12/summary.md file://<repo>/packaging/scripts/install.sh
MISSING docs/evidence/orbit-o12/summary.md file://<repo>/packaging/scripts/uninstall.sh
MISSING docs/evidence/orbit-o12/summary.md file://<repo>/tests/integration/orbit_package_test.go
MISSING docs/evidence/orbit-o12/summary.md file://<repo>/tests/integration/orbit_package_test.go
MISSING docs/evidence/orbit-o12/summary.md file://<repo>/tests/integration/orbit_package_test.go
MISSING docs/evidence/orbit-o12/summary.md file://<repo>/tests/integration/orbit_package_test.go
MISSING docs/evidence/orbit-o12/summary.md file://<repo>/README.md
MISSING docs/evidence/orbit-o12/summary.md file://<repo>/docs/runbooks/install.md
MISSING docs/evidence/orbit-o12/summary.md file://<repo>/docs/runbooks/uninstall.md
MISSING docs/evidence/orbit-o12/summary.md file://<repo>/docs/runbooks/database-recovery.md
MISSING docs/evidence/orbit-o12/summary.md file://<repo>/docs/runbooks/rollback.md
MISSING docs/evidence/orbit-o12/summary.md file://<repo>/docs/runbooks/upgrade.md
MISSING docs/evidence/orbit-o12/summary.md file://<repo>/docs/runbooks/private-network.md
MISSING docs/evidence/orbit-o12/summary.md file://<repo>/docs/runbooks/headless-pairing.md
MISSING docs/evidence/orbit-o12/summary.md file://<repo>/docs/runbooks/lost-device-replacement.md
MISSING docs/evidence/orbit-o11/summary.md file://<repo>/internal/repository/gc.go
MISSING docs/evidence/orbit-o11/summary.md file://<repo>/docs/runbooks/lost-device-replacement.md
MISSING docs/evidence/orbit-o11/summary.md file://<repo>/internal/repository/gc.go
MISSING docs/evidence/orbit-o11/summary.md file://<repo>/internal/repository/versions.go
MISSING docs/evidence/orbit-o11/summary.md file://<repo>/internal/repository/repository.go
MISSING docs/evidence/orbit-o11/summary.md file://<repo>/tests/integration/orbit_storage_test.go
MISSING docs/evidence/orbit-o11/summary.md file://<repo>/tests/integration/orbit_pruning_test.go
MISSING docs/evidence/orbit-o11/summary.md file://<repo>/tests/integration/orbit_retirement_test.go
MISSING docs/evidence/orbit-o11/summary.md file://<repo>/docs/runbooks/lost-device-replacement.md
MISSING docs/evidence/orbit-o11/summary.md file://<repo>/web/src/views/SettingsView.tsx
MISSING docs/evidence/orbit-o11/summary.md file://<repo>/web/src/components/RetentionModal.tsx
MISSING docs/evidence/orbit-o11/summary.md file://<repo>/web/src/components/UnregisterModal.tsx
MISSING docs/evidence/orbit-o11/summary.md file://<repo>/scripts/orbit_ui_test.mjs
MISSING docs/evidence/orbit-o11/summary.md file://<repo>/docs/implementation/orbit-release.md
MISSING docs/evidence/p10-20260923/summary.md file://<repo>/model/gc.go
MISSING docs/evidence/p10-20260923/summary.md file://<repo>/model/gc_test.go
MISSING docs/evidence/p10-20260923/summary.md file://<repo>/internal/repository/
MISSING docs/evidence/p10-20260923/summary.md file://<repo>/internal/repository/repository.go
MISSING docs/evidence/p10-20260923/summary.md file://<repo>/internal/repository/gc.go
MISSING docs/evidence/p10-20260923/summary.md file://<repo>/internal/repository/gc.go
MISSING docs/evidence/p10-20260923/summary.md file://<repo>/internal/repository/repository.go
MISSING docs/evidence/p10-20260923/summary.md file://<repo>/internal/workspace/
MISSING docs/evidence/p10-20260923/summary.md file://<repo>/internal/replication/
MISSING docs/evidence/p10-20260923/summary.md file://<repo>/internal/control/
MISSING docs/evidence/p10-20260923/summary.md file://<repo>/cmd/filesync/
MISSING docs/evidence/orbit-o06/summary.md file://<repo>/web/src/components/AddDeviceModal.tsx
MISSING docs/evidence/orbit-o06/summary.md file://<repo>/web/src/components/QRCodeDisplay.tsx
MISSING docs/evidence/orbit-o06/summary.md file://<repo>/web/src/views/SetupWizard.tsx
MISSING docs/evidence/orbit-o06/summary.md file://<repo>/web/src/api.ts
MISSING docs/evidence/orbit-o06/summary.md file://<repo>/web/src/views/DevicesView.tsx
MISSING docs/evidence/orbit-o06/summary.md file://<repo>/internal/control/orbit_control.go
MISSING docs/evidence/orbit-o06/summary.md file://<repo>/web/src/components/DeviceDetailModal.tsx
MISSING docs/evidence/orbit-o06/summary.md file://<repo>/web/src/components/RetireDeviceModal.tsx
MISSING docs/evidence/orbit-o06/summary.md file://<repo>/cmd/filesync/main.go
MISSING docs/evidence/orbit-o06/summary.md file://<repo>/docs/runbooks/headless-pairing.md
MISSING docs/evidence/orbit-o06/summary.md file://<repo>/docs/runbooks/headless-pairing.md
