=== RUN   TestWANW08ScopedSignedDiscoveryAdmission
=== RUN   TestWANW08ScopedSignedDiscoveryAdmission/unknown
=== RUN   TestWANW08ScopedSignedDiscoveryAdmission/pin
=== RUN   TestWANW08ScopedSignedDiscoveryAdmission/signature
=== RUN   TestWANW08ScopedSignedDiscoveryAdmission/expired
=== RUN   TestWANW08ScopedSignedDiscoveryAdmission/generation
=== RUN   TestWANW08ScopedSignedDiscoveryAdmission/public
=== RUN   TestWANW08ScopedSignedDiscoveryAdmission/multicast
=== RUN   TestWANW08ScopedSignedDiscoveryAdmission/loopback
=== RUN   TestWANW08ScopedSignedDiscoveryAdmission/wrong-prefix
=== RUN   TestWANW08ScopedSignedDiscoveryAdmission/interface
=== RUN   TestWANW08ScopedSignedDiscoveryAdmission/source
=== RUN   TestWANW08ScopedSignedDiscoveryAdmission/oversized
=== RUN   TestWANW08ScopedSignedDiscoveryAdmission/unknown-field
--- PASS: TestWANW08ScopedSignedDiscoveryAdmission (0.01s)
    --- PASS: TestWANW08ScopedSignedDiscoveryAdmission/unknown (0.00s)
    --- PASS: TestWANW08ScopedSignedDiscoveryAdmission/pin (0.00s)
    --- PASS: TestWANW08ScopedSignedDiscoveryAdmission/signature (0.00s)
    --- PASS: TestWANW08ScopedSignedDiscoveryAdmission/expired (0.00s)
    --- PASS: TestWANW08ScopedSignedDiscoveryAdmission/generation (0.00s)
    --- PASS: TestWANW08ScopedSignedDiscoveryAdmission/public (0.00s)
    --- PASS: TestWANW08ScopedSignedDiscoveryAdmission/multicast (0.00s)
    --- PASS: TestWANW08ScopedSignedDiscoveryAdmission/loopback (0.00s)
    --- PASS: TestWANW08ScopedSignedDiscoveryAdmission/wrong-prefix (0.00s)
    --- PASS: TestWANW08ScopedSignedDiscoveryAdmission/interface (0.00s)
    --- PASS: TestWANW08ScopedSignedDiscoveryAdmission/source (0.00s)
    --- PASS: TestWANW08ScopedSignedDiscoveryAdmission/oversized (0.00s)
    --- PASS: TestWANW08ScopedSignedDiscoveryAdmission/unknown-field (0.00s)
=== RUN   TestWANW08PinnedFamilyRaceAndDirectoryIndependentPool
--- PASS: TestWANW08PinnedFamilyRaceAndDirectoryIndependentPool (0.21s)
=== RUN   TestWANW08WrongPinBlockedTCPFallsBackWithoutDisclosure
=== RUN   TestWANW08WrongPinBlockedTCPFallsBackWithoutDisclosure/wrong-pin
2026/10/06 00:58:03 http: TLS handshake error from 127.0.0.1:40840: remote error: tls: bad certificate
=== RUN   TestWANW08WrongPinBlockedTCPFallsBackWithoutDisclosure/blocked
--- PASS: TestWANW08WrongPinBlockedTCPFallsBackWithoutDisclosure (0.76s)
    --- PASS: TestWANW08WrongPinBlockedTCPFallsBackWithoutDisclosure/wrong-pin (0.01s)
    --- PASS: TestWANW08WrongPinBlockedTCPFallsBackWithoutDisclosure/blocked (0.75s)
=== RUN   TestWANW08CandidateBoundsExpiryAndOptionalListener
--- PASS: TestWANW08CandidateBoundsExpiryAndOptionalListener (0.00s)
=== RUN   TestWANW08EmptyPublicLeaseDoesNotConsumeRepeatedLookupQuota
--- PASS: TestWANW08EmptyPublicLeaseDoesNotConsumeRepeatedLookupQuota (0.00s)
=== RUN   TestWANW08CancellationLimitsAndJoinedResources
    direct_test.go:359: peak blocked raw TCP dials=32; joined dials/requests/pools/sockets=0
--- PASS: TestWANW08CancellationLimitsAndJoinedResources (0.01s)
=== RUN   TestWANW08DatagramFloodFixedWorkersAndSocketCleanup
    direct_test.go:424: 1000 spoof/oversized datagrams; FD before/during/after=6/8/6, goroutines before/after=2/2, admitted identity callbacks=10, whole-process HeapAlloc before/during/after=1794888/1953776/1963040
--- PASS: TestWANW08DatagramFloodFixedWorkersAndSocketCleanup (0.10s)
=== RUN   TestWANW08OptionalIncomingSocketCeiling
    direct_test.go:488: 64 raw incoming sockets admitted; excess remains in kernel backlog; slots release on close
--- PASS: TestWANW08OptionalIncomingSocketCeiling (0.04s)
=== RUN   TestWANW08ScopedSignedDiscoveryAdmission
=== RUN   TestWANW08ScopedSignedDiscoveryAdmission/unknown
=== RUN   TestWANW08ScopedSignedDiscoveryAdmission/pin
=== RUN   TestWANW08ScopedSignedDiscoveryAdmission/signature
=== RUN   TestWANW08ScopedSignedDiscoveryAdmission/expired
=== RUN   TestWANW08ScopedSignedDiscoveryAdmission/generation
=== RUN   TestWANW08ScopedSignedDiscoveryAdmission/public
=== RUN   TestWANW08ScopedSignedDiscoveryAdmission/multicast
=== RUN   TestWANW08ScopedSignedDiscoveryAdmission/loopback
=== RUN   TestWANW08ScopedSignedDiscoveryAdmission/wrong-prefix
=== RUN   TestWANW08ScopedSignedDiscoveryAdmission/interface
=== RUN   TestWANW08ScopedSignedDiscoveryAdmission/source
=== RUN   TestWANW08ScopedSignedDiscoveryAdmission/oversized
=== RUN   TestWANW08ScopedSignedDiscoveryAdmission/unknown-field
--- PASS: TestWANW08ScopedSignedDiscoveryAdmission (0.01s)
    --- PASS: TestWANW08ScopedSignedDiscoveryAdmission/unknown (0.00s)
    --- PASS: TestWANW08ScopedSignedDiscoveryAdmission/pin (0.00s)
    --- PASS: TestWANW08ScopedSignedDiscoveryAdmission/signature (0.00s)
    --- PASS: TestWANW08ScopedSignedDiscoveryAdmission/expired (0.00s)
    --- PASS: TestWANW08ScopedSignedDiscoveryAdmission/generation (0.00s)
    --- PASS: TestWANW08ScopedSignedDiscoveryAdmission/public (0.00s)
    --- PASS: TestWANW08ScopedSignedDiscoveryAdmission/multicast (0.00s)
    --- PASS: TestWANW08ScopedSignedDiscoveryAdmission/loopback (0.00s)
    --- PASS: TestWANW08ScopedSignedDiscoveryAdmission/wrong-prefix (0.00s)
    --- PASS: TestWANW08ScopedSignedDiscoveryAdmission/interface (0.00s)
    --- PASS: TestWANW08ScopedSignedDiscoveryAdmission/source (0.00s)
    --- PASS: TestWANW08ScopedSignedDiscoveryAdmission/oversized (0.00s)
    --- PASS: TestWANW08ScopedSignedDiscoveryAdmission/unknown-field (0.00s)
=== RUN   TestWANW08PinnedFamilyRaceAndDirectoryIndependentPool
--- PASS: TestWANW08PinnedFamilyRaceAndDirectoryIndependentPool (0.21s)
=== RUN   TestWANW08WrongPinBlockedTCPFallsBackWithoutDisclosure
=== RUN   TestWANW08WrongPinBlockedTCPFallsBackWithoutDisclosure/wrong-pin
2026/10/06 00:58:04 http: TLS handshake error from 127.0.0.1:40338: remote error: tls: bad certificate
=== RUN   TestWANW08WrongPinBlockedTCPFallsBackWithoutDisclosure/blocked
--- PASS: TestWANW08WrongPinBlockedTCPFallsBackWithoutDisclosure (0.76s)
    --- PASS: TestWANW08WrongPinBlockedTCPFallsBackWithoutDisclosure/wrong-pin (0.01s)
    --- PASS: TestWANW08WrongPinBlockedTCPFallsBackWithoutDisclosure/blocked (0.75s)
=== RUN   TestWANW08CandidateBoundsExpiryAndOptionalListener
--- PASS: TestWANW08CandidateBoundsExpiryAndOptionalListener (0.00s)
=== RUN   TestWANW08EmptyPublicLeaseDoesNotConsumeRepeatedLookupQuota
--- PASS: TestWANW08EmptyPublicLeaseDoesNotConsumeRepeatedLookupQuota (0.00s)
=== RUN   TestWANW08CancellationLimitsAndJoinedResources
    direct_test.go:359: peak blocked raw TCP dials=32; joined dials/requests/pools/sockets=0
--- PASS: TestWANW08CancellationLimitsAndJoinedResources (0.01s)
=== RUN   TestWANW08DatagramFloodFixedWorkersAndSocketCleanup
    direct_test.go:424: 1000 spoof/oversized datagrams; FD before/during/after=6/8/6, goroutines before/after=2/2, admitted identity callbacks=10, whole-process HeapAlloc before/during/after=1806120/1973856/1983120
--- PASS: TestWANW08DatagramFloodFixedWorkersAndSocketCleanup (0.10s)
=== RUN   TestWANW08OptionalIncomingSocketCeiling
    direct_test.go:488: 64 raw incoming sockets admitted; excess remains in kernel backlog; slots release on close
--- PASS: TestWANW08OptionalIncomingSocketCeiling (0.03s)
=== RUN   TestWANW08ScopedSignedDiscoveryAdmission
=== RUN   TestWANW08ScopedSignedDiscoveryAdmission/unknown
=== RUN   TestWANW08ScopedSignedDiscoveryAdmission/pin
=== RUN   TestWANW08ScopedSignedDiscoveryAdmission/signature
=== RUN   TestWANW08ScopedSignedDiscoveryAdmission/expired
=== RUN   TestWANW08ScopedSignedDiscoveryAdmission/generation
=== RUN   TestWANW08ScopedSignedDiscoveryAdmission/public
=== RUN   TestWANW08ScopedSignedDiscoveryAdmission/multicast
=== RUN   TestWANW08ScopedSignedDiscoveryAdmission/loopback
=== RUN   TestWANW08ScopedSignedDiscoveryAdmission/wrong-prefix
=== RUN   TestWANW08ScopedSignedDiscoveryAdmission/interface
=== RUN   TestWANW08ScopedSignedDiscoveryAdmission/source
=== RUN   TestWANW08ScopedSignedDiscoveryAdmission/oversized
=== RUN   TestWANW08ScopedSignedDiscoveryAdmission/unknown-field
--- PASS: TestWANW08ScopedSignedDiscoveryAdmission (0.01s)
    --- PASS: TestWANW08ScopedSignedDiscoveryAdmission/unknown (0.00s)
    --- PASS: TestWANW08ScopedSignedDiscoveryAdmission/pin (0.00s)
    --- PASS: TestWANW08ScopedSignedDiscoveryAdmission/signature (0.00s)
    --- PASS: TestWANW08ScopedSignedDiscoveryAdmission/expired (0.00s)
    --- PASS: TestWANW08ScopedSignedDiscoveryAdmission/generation (0.00s)
    --- PASS: TestWANW08ScopedSignedDiscoveryAdmission/public (0.00s)
    --- PASS: TestWANW08ScopedSignedDiscoveryAdmission/multicast (0.00s)
    --- PASS: TestWANW08ScopedSignedDiscoveryAdmission/loopback (0.00s)
    --- PASS: TestWANW08ScopedSignedDiscoveryAdmission/wrong-prefix (0.00s)
    --- PASS: TestWANW08ScopedSignedDiscoveryAdmission/interface (0.00s)
    --- PASS: TestWANW08ScopedSignedDiscoveryAdmission/source (0.00s)
    --- PASS: TestWANW08ScopedSignedDiscoveryAdmission/oversized (0.00s)
    --- PASS: TestWANW08ScopedSignedDiscoveryAdmission/unknown-field (0.00s)
=== RUN   TestWANW08PinnedFamilyRaceAndDirectoryIndependentPool
--- PASS: TestWANW08PinnedFamilyRaceAndDirectoryIndependentPool (0.21s)
=== RUN   TestWANW08WrongPinBlockedTCPFallsBackWithoutDisclosure
=== RUN   TestWANW08WrongPinBlockedTCPFallsBackWithoutDisclosure/wrong-pin
2026/10/06 00:58:05 http: TLS handshake error from 127.0.0.1:53404: remote error: tls: bad certificate
=== RUN   TestWANW08WrongPinBlockedTCPFallsBackWithoutDisclosure/blocked
--- PASS: TestWANW08WrongPinBlockedTCPFallsBackWithoutDisclosure (0.76s)
    --- PASS: TestWANW08WrongPinBlockedTCPFallsBackWithoutDisclosure/wrong-pin (0.01s)
    --- PASS: TestWANW08WrongPinBlockedTCPFallsBackWithoutDisclosure/blocked (0.75s)
=== RUN   TestWANW08CandidateBoundsExpiryAndOptionalListener
--- PASS: TestWANW08CandidateBoundsExpiryAndOptionalListener (0.00s)
=== RUN   TestWANW08EmptyPublicLeaseDoesNotConsumeRepeatedLookupQuota
--- PASS: TestWANW08EmptyPublicLeaseDoesNotConsumeRepeatedLookupQuota (0.00s)
=== RUN   TestWANW08CancellationLimitsAndJoinedResources
    direct_test.go:359: peak blocked raw TCP dials=32; joined dials/requests/pools/sockets=0
--- PASS: TestWANW08CancellationLimitsAndJoinedResources (0.01s)
=== RUN   TestWANW08DatagramFloodFixedWorkersAndSocketCleanup
    direct_test.go:424: 1000 spoof/oversized datagrams; FD before/during/after=6/8/6, goroutines before/after=2/2, admitted identity callbacks=10, whole-process HeapAlloc before/during/after=1896248/2057288/2066552
--- PASS: TestWANW08DatagramFloodFixedWorkersAndSocketCleanup (0.10s)
=== RUN   TestWANW08OptionalIncomingSocketCeiling
    direct_test.go:488: 64 raw incoming sockets admitted; excess remains in kernel backlog; slots release on close
--- PASS: TestWANW08OptionalIncomingSocketCeiling (0.02s)
PASS
ok  	github.com/calebhabesh/file-sync/internal/network	4.363s
