scripts/quick_check.sh
changes since HEAD: 80 file(s)

== build (0s)
CGO_ENABLED=0 go build  -trimpath -ldflags '-X main.version=2.3.0 -X main.commit=b962168 -X main.date=2026-10-09' -o bin/orbit ./cmd/orbit

== gofmt (3s)

== vet ./cmd/orbit ./internal/control ./internal/control/terminalcontract ./internal/controlclient ./internal/replication ./internal/repository ./internal/scheduler ./internal/terminal ./internal/workspace (3s)

== test -short ./cmd/orbit ./internal/control ./internal/control/terminalcontract ./internal/controlclient ./internal/replication ./internal/repository ./internal/scheduler ./internal/terminal ./internal/workspace (4s)
ok  	github.com/calebhabesh/orbit/cmd/orbit	2.488s
ok  	github.com/calebhabesh/orbit/internal/control	44.138s
ok  	github.com/calebhabesh/orbit/internal/control/terminalcontract	0.017s
ok  	github.com/calebhabesh/orbit/internal/controlclient	0.003s
ok  	github.com/calebhabesh/orbit/internal/replication	36.571s
ok  	github.com/calebhabesh/orbit/internal/repository	15.203s
ok  	github.com/calebhabesh/orbit/internal/scheduler	23.857s
ok  	github.com/calebhabesh/orbit/internal/terminal	4.461s
ok  	github.com/calebhabesh/orbit/internal/workspace	11.776s

== PTY suites in parallel: pty onboarding everyday keys participation (49s)
  pty: ok
  onboarding: FAILED
    Traceback (most recent call last):
      File "/home/ethioking/dev/orbit/scripts/terminal_onboarding_pty_test.py", line 339, in <module>
        if __name__=="__main__":main()
                                ~~~~^^
      File "/home/ethioking/dev/orbit/scripts/terminal_onboarding_pty_test.py", line 337, in main
        args=parser.parse_args();run(Path(args.binary).resolve(strict=True),args.output)
                                 ~~~^^^^^^^^^^^^^^^^^^^^^^^^^^^^^^^^^^^^^^^^^^^^^^^^^^^^
      File "/home/ethioking/dev/orbit/scripts/terminal_onboarding_pty_test.py", line 273, in run
        ua.send(b"x");ua.wait("Leave Orbit");ua.wait("Working files are preserved");ua.back();ua.wait("[Orbits]")
                      ~~~~~~~^^^^^^^^^^^^^^^
      File "/home/ethioking/dev/orbit/scripts/terminal_onboarding_pty_test.py", line 110, in wait
        raise AssertionError(f"{self.name}: visible {text!r} absent; frame={self.screen.text()!r}; rawtail={bytes(self.raw[-3500:])!r}")
    AssertionError: create-nonempty-back-edit: visible 'Leave Orbit' absent; frame="Orbit | Unregister Folder                                                       \n╭──────────────────────────────────────────────────────────────────────────────╮\n│ Local folder action completed: resume                                        │\n│ Scope: remove this device's local root registration only.                    │\n│ Working files are preserved; remote copies and membership are unchanged.     │\n│ This does not erase a remote device or revoke its keys.                      │\n│ Use the existing conservative procedure: orbit folders remove --folder       │\n│ 482330f65a3b638aa02defac0b4f61463daec67fe61b9204a595d3caa7e8eb03             │\n│                                                                              │\n│                                                                              │\n│                                                                              │\n│                                                                              │\n│                                                                              │\n│                                                                              │\n│                                                                              │\n│                                                                              │\n│                                                                              │\n│                                                                              │\n│                                                                              │\n│                                                                              │\n│                                                                              │\n│                                                                              │\n╰──────────────────────────────────────────────────────────────────────────────╯\narrows scroll  Esc back  q quit                                                 "; rawtail=b"                \xe2\x94\x82\r\n\x1b[3GReported stored=true applied=false direct=true; observed=2026-10-\n\x1b[3G09T22:31:21Z\n\x1b[3GLast contact: 2026-10-09T22:31:21Z | available\n\x1b[3GReported stored=false applied=false direct=true; observed=2026-10-\n\x1b[3G09T22:31:21Z\r\x1b[9B\xe2\x95\xb0\xe2\x94\x80\xe2\x94\x80\xe2\x94\x80\xe2\x94\x80\xe2\x94\x80\xe2\x94\x80\xe2\x94\x80\xe2\x94\x80\xe2\x94\x80\xe2\x94\x80\xe2\x94\x80\xe2\x94\x80\xe2\x94\x80\xe2\x94\x80\xe2\x94\x80\xe2\x94\x80\xe2\x94\x80\xe2\x94\x80\xe2\x94\x80\xe2\x94\x80\xe2\x94\x80\xe2\x94\x80\xe2\x94\x80\xe2\x94\x80\xe2\x94\x80\xe2\x94\x80\xe2\x94\x80\xe2\x94\x80\xe2\x94\x80\xe2\x94\x80\xe2\x94\x80\xe2\x94\x80\xe2\x94\x80\xe2\x94\x80\xe2\x94\x80\xe2\x94\x80\xe2\x94\x80\xe2\x94\x80\xe2\x94\x80\xe2\x94\x80\xe2\x94\x80\xe2\x94\x80\xe2\x94\x80\xe2\x94\x80\xe2\x94\x80\xe2\x94\x80\xe2\x94\x80\xe2\x94\x80\xe2\x94\x80\xe2\x94\x80\xe2\x94\x80\xe2\x94\x80\xe2\x94\x80\xe2\x94\x80\xe2\x94\x80\xe2\x94\x80\xe2\x94\x80\xe2\x94\x80\xe2\x94\x80\xe2\x94\x80\xe2\x94\x80\xe2\x94\x80\xe2\x94\x80\xe2\x94\x80\xe2\x94\x80\xe2\x94\x80\xe2\x94\x80\xe2\x94\x80\xe2\x94\x80\xe2\x94\x80\xe2\x94\x80\xe2\x94\x80\xe2\x94\x80\xe2\x94\x80\xe2\x94\x80\xe2\x94\x80\xe2\x94\x80\xe2\x94\x80\xe2\x95\xaf\r\nR rename  v copy status  h history  D deleted  C conflicts  b storage  p pause\x1b[K\r\nl relocate  a add device  s share  L leave  X remove device  N connection\x1b[K\r\nr refresh  Esc back  q quit\x1b[K\x1b[5;23r\x1b[5;1H\x1b[2T\x1b[1;24r\x1b[1;9HConfirm Pause\r\n\n\x1b[K\xe2\x94\x82 This action changes local synchronization for the selected folder.           \xe2\x94\x82\r\n\x1b[3GIt does not erase remote files or change remote device membership.\r\n\xe2\x94\x82\x1b[78X\x1b[80G\xe2\x94\x82\r\n\xe2\x94\x82\x1b[78X\x1b[80G\xe2\x94\x82\r\n\x1b[3G\x1b[19X\n\x1b[15X\n\x1b[46X\n\x1b[65X\n            \n\x1b[3G\x1b[46X\n\x1b[66X\n            \r\x1b[24dEnter confirm  Esc back  q quit\r\x1b[5d\x1b[2M\x1b[1;9HOrbit Details\x1b[3;3HLocal folder action completed: pause\x1b[30X\r\n\x1b[K\xe2\x94\x82 Root: /home/ethioking/.cache/orbit-work-tmp/orbit-t10-pty-an_zlu8u/Notes\xe7\x95\x8c   \xe2\x94\x82\r\n\x1b[3GLocal pause=true; membership revision=2\n\x1b[3GShares with: Laptop\n\x1b[3GShares with: Pi\n\x1b[3GLast contact: 2026-10-09T22:31:21Z | available\n\x1b[3GReported stored=true applied=false direct=true; observed=2026-10-\n\x1b[3G09T22:31:21Z\n\x1b[3GLast contact: 2026-10-09T22:31:21Z | available\n\x1b[3GReported stored=true applied=false direct=true; observed=2026-10-\n\x1b[3G09T22:31:21Z\n\x1b[3GFOLDER_PAUSED: Press Enter to resume the folder, or run 'orbit folders\n\x1b[3Gresume 482330f65a3b638aa02defac0b4f61463daec67fe61b9204a595d3caa7e8eb03'\r\x1b[7BR rename  v copy status  h history  D deleted  C conflicts  b storage  p pause\r\nl relocate  a add device  s share  L leave  X remove device  N connection\r\nr refresh  Esc back  q quit\x1b[6;23r\x1b[6;1H\x1b[2T\x1b[1;24r\x1b[1;9HConfirm Resume\r\n\n\n\x1b[K\xe2\x94\x82 This action changes local synchronization for the selected folder.           \xe2\x94\x82\r\n\x1b[3GIt does not erase remote files or change remote device membership.\r\n\xe2\x94\x82\x1b[78X\x1b[80G\xe2\x94\x82\r\n\xe2\x94\x82\x1b[78X\x1b[80G\xe2\x94\x82\r\n\x1b[3G\x1b[19X\n\x1b[15X\n\x1b[46X\n\x1b[65X\n            \n\x1b[3G\x1b[46X\n\x1b[65X\n            \n\x1b[3G\x1b[70X\n\x1b[72X\r\x1b[7BEnter confirm  Esc back  q quit\r\x1b[4d\x1b[2M\x1b[1;9HOrbit Details\x1b[K\x1b[3;34Hresume\r\n\x1b[K\xe2\x94\x82 Root: /home/ethioking/.cache/orbit-work-tmp/orbit-t10-pty-an_zlu8u/Notes\xe7\x95\x8c   \xe2\x94\x82\r\n\x1b[3GLocal pause=false; membership revision=2\n\x1b[3GShares with: Laptop\n\x1b[3GShares with: Pi\n\x1b[3GLast contact: 2026-10-09T22:31:21Z | available\n\x1b[3GReported stored=true applied=false direct=true; observed=2026-10-\n\x1b[3G09T22:31:22Z\n\x1b[3GLast contact: 2026-10-09T22:31:21Z | available\n\x1b[3GReported stored=true applied=false direct=true; observed=2026-10-\n\x1b[3G09T22:31:22Z\r\x1b[9BR rename  v copy status  h history  D deleted  C conflicts  b storage  p pause\r\nl relocate  a add device  s share  L leave  X remove device  N connection\r\nr refresh  Esc back  q quit\x1b[9;23r\x1b[9;1H\x1b[2T\x1b[1;24r\x1b[1;9HUnregister Folder\r\n\n\n\x1b[K\xe2\x94\x82 Scope: remove this device's local root registration only.                    \xe2\x94\x82\r\n\x1b[3GWorking files are preserved; remote copies and membership are unchanged.\n\x1b[3GThis does not erase a remote device or revoke its keys.\n\x1b[3GUse the existing conservative procedure: orbit folders remove --folder\n\x1b[3G482330f65a3b638aa02defac0b4f61463daec67fe61b9204a595d3caa7e8eb03\r\n\xe2\x94\x82\x1b[78X\x1b[80G\xe2\x94\x82\r\n\xe2\x94\x82\x1b[78X\x1b[80G\xe2\x94\x82\r\n\x1b[3G\x1b[65X\n            \n\x1b[3G\x1b[46X\n\x1b[65X\n            \r\x1b[9Barrows scroll  Esc back  q quit"
  everyday: ok
  keys: ok
  participation: ok
PTY logs: /home/ethioking/.cache/orbit-work-tmp/tmp.BUfYmzC63M
make: *** [Makefile:56: quick] Error 1
