scripts/quick_check.sh
changes since HEAD: 153 file(s)

== build (0s)
CGO_ENABLED=0 go build -p=2 -trimpath -ldflags '-X main.version=2.3.0 -X main.commit=b962168 -X main.date=2026-10-09' -o bin/orbit ./cmd/orbit

== gofmt (2s)

== vet ./cmd/orbit ./internal/control ./internal/control/terminalcontract ./internal/controlclient ./internal/replication ./internal/repository ./internal/scheduler ./internal/terminal ./internal/workspace (2s)

== test -short ./cmd/orbit ./internal/control ./internal/control/terminalcontract ./internal/controlclient ./internal/replication ./internal/repository ./internal/scheduler ./internal/terminal ./internal/workspace (3s)
ok  	github.com/calebhabesh/orbit/cmd/orbit	1.356s
ok  	github.com/calebhabesh/orbit/internal/control	19.797s
ok  	github.com/calebhabesh/orbit/internal/control/terminalcontract	(cached)
ok  	github.com/calebhabesh/orbit/internal/controlclient	(cached)
ok  	github.com/calebhabesh/orbit/internal/replication	23.517s
ok  	github.com/calebhabesh/orbit/internal/repository	(cached)
ok  	github.com/calebhabesh/orbit/internal/scheduler	12.835s
ok  	github.com/calebhabesh/orbit/internal/terminal	(cached)
ok  	github.com/calebhabesh/orbit/internal/workspace	(cached)

== PTY suites in parallel: pty onboarding everyday keys participation (38s)
  pty: ok
  onboarding: ok
  everyday: ok
  keys: ok
  participation: ok
not run here (make check): tests/integration tests/terminal 
quick check passed in 125s
CGO_ENABLED=0 go build -p=2 -trimpath -ldflags '-X main.version=2.3.0 -X main.commit=b962168 -X main.date=2026-10-09' -o bin/orbit ./cmd/orbit
CGO_ENABLED=0 GOOS=linux GOARCH=arm64 go build -p=2 -trimpath -ldflags '-X main.version=2.3.0 -X main.commit=b962168 -X main.date=2026-10-09' -o bin/orbit-linux-arm64 ./cmd/orbit
go run ./scripts/build_packages.go
Building binary for linux/amd64 -> /home/ethioking/dev/orbit/bin/orbit-linux-amd64
Building binary for linux/arm64 -> /home/ethioking/dev/orbit/bin/orbit-linux-arm64
Generating orbit-v2.3.0-linux-amd64.tar.gz...
Generating orbit_2.3.0_amd64.deb...
Generating orbit-2.3.0-1.x86_64.rpm...
Generating orbit-v2.3.0-linux-arm64.tar.gz...
Generating orbit_2.3.0_arm64.deb...
Generating orbit-2.3.0-1.aarch64.rpm...
Generating SHA256SUMS...
Release packaging complete! Generated artifacts:
  - orbit-v2.3.0-linux-amd64.tar.gz (19068959 bytes)
  - orbit-v2.3.0-linux-amd64.tar.gz (19068959 bytes)
  - orbit_2.3.0_amd64.deb (19065940 bytes)
  - orbit-2.3.0-1.x86_64.rpm (19066233 bytes)
  - orbit-v2.3.0-linux-arm64.tar.gz (17873190 bytes)
  - orbit-v2.3.0-linux-arm64.tar.gz (17873190 bytes)
  - orbit_2.3.0_arm64.deb (17849358 bytes)
  - orbit-2.3.0-1.aarch64.rpm (17858865 bytes)
  - release-manifest.json (786 bytes)
  - SHA256SUMS
python3 scripts/terminal_package_test.py --dist dist
[
  {
    "scenario": "all-package-checksums",
    "result": "passed"
  },
  {
    "scenario": "amd64-tar-payload-and-entry",
    "result": "passed",
    "execution": "native amd64"
  },
  {
    "scenario": "amd64-deb-payload-and-entry",
    "result": "passed",
    "execution": "native amd64"
  },
  {
    "scenario": "amd64-rpm-payload-and-entry",
    "result": "passed",
    "execution": "native amd64"
  },
  {
    "scenario": "arm64-tar-payload-and-entry",
    "result": "passed",
    "execution": "structure only; arm64 execution separate"
  },
  {
    "scenario": "arm64-deb-payload-and-entry",
    "result": "passed",
    "execution": "structure only; arm64 execution separate"
  },
  {
    "scenario": "arm64-rpm-payload-and-entry",
    "result": "passed",
    "execution": "structure only; arm64 execution separate"
  },
  {
    "scenario": "standalone-install-repeat-upgrade-uninstall",
    "result": "passed",
    "assertions": [
      "custom unit preserved",
      "identity/state preserved",
      "ordinary bytes preserved",
      "no user service changes"
    ]
  },
  {
    "scenario": "package-extracted-bare-PTY",
    "result": "passed"
  }
]
