=== RUN   TestOrbitBrowse_CLIStoppedAndLiveParity
--- PASS: TestOrbitBrowse_CLIStoppedAndLiveParity (0.02s)
PASS
ok  	github.com/calebhabesh/file-sync/cmd/filesync	0.025s
=== RUN   TestOrbitBrowse_HierarchicalDirectoryQueries
--- PASS: TestOrbitBrowse_HierarchicalDirectoryQueries (0.02s)
=== RUN   TestOrbitSearch_BoundedWorkspaceSearch
--- PASS: TestOrbitSearch_BoundedWorkspaceSearch (0.01s)
=== RUN   TestOrbitBrowse_FileDetailsAndHistory
--- PASS: TestOrbitBrowse_FileDetailsAndHistory (0.01s)
=== RUN   TestOrbitBrowse_ScalingTenThousandFiles
    orbit_browse_test.go:458: Generating 10,000 files across 100 directories...
    orbit_browse_test.go:510: Generated 10,000 files in 428.097256ms
    orbit_browse_test.go:527: Root first-page browse (50 items) on 10,000 files took: 108.76781ms (items: 50, total: 100)
    orbit_browse_test.go:543: Deep subdir browse (50 items) took: 152.843473ms (items: 50, total: 100)
    orbit_browse_test.go:559: Workspace search for 'file_42' on 10,000 files took: 101.387889ms (matched: 50, total found: 100)
    orbit_browse_test.go:569: Root page JSON bytes: 8754
    orbit_browse_test.go:570: Memory allocated during scaling queries: 0.59 MB
--- PASS: TestOrbitBrowse_ScalingTenThousandFiles (0.80s)
=== RUN   TestOrbitBrowse_PendingStructuralAndStrictPaths
--- PASS: TestOrbitBrowse_PendingStructuralAndStrictPaths (0.01s)
=== RUN   TestOrbitBrowse_CursorValidationAndStableTies
--- PASS: TestOrbitBrowse_CursorValidationAndStableTies (0.02s)
=== RUN   TestOrbitReadLease_GCStreamingExpiryReleaseAndRestart
    orbit_content_test.go:168: 32 MiB repeated-chunk read+GC total allocations: 1194104 bytes
--- PASS: TestOrbitReadLease_GCStreamingExpiryReleaseAndRestart (0.13s)
=== RUN   TestOrbitContent_CorruptionCancellationAndIntent
--- PASS: TestOrbitContent_CorruptionCancellationAndIntent (0.01s)
=== RUN   TestOrbitBrowse_HistoryPaginationAndConditionalDeletedAvailability
--- PASS: TestOrbitBrowse_HistoryPaginationAndConditionalDeletedAvailability (0.01s)
PASS
ok  	github.com/calebhabesh/file-sync/internal/repository	1.031s
=== RUN   TestOrbitSettings_Control_ReadLeasesAndGCProtection
--- PASS: TestOrbitSettings_Control_ReadLeasesAndGCProtection (0.01s)
PASS
ok  	github.com/calebhabesh/file-sync/internal/control	0.011s
=== RUN   TestOrbitBrowse_ContentHTTPAuthorizationAndPreviews
--- PASS: TestOrbitBrowse_ContentHTTPAuthorizationAndPreviews (0.05s)
=== RUN   TestOrbitContent_HTTPStreamingCancellationConcurrentGC
    orbit_browse_content_test.go:340: 64 MiB real TLS HTTP download total allocations: 1726760 bytes
--- PASS: TestOrbitContent_HTTPStreamingCancellationConcurrentGC (0.46s)
PASS
ok  	github.com/calebhabesh/file-sync/tests/integration	0.510s
