=== RUN   TestOrbitBrowse_HierarchicalDirectoryQueries
--- PASS: TestOrbitBrowse_HierarchicalDirectoryQueries (0.02s)
=== RUN   TestOrbitSearch_BoundedWorkspaceSearch
--- PASS: TestOrbitSearch_BoundedWorkspaceSearch (0.01s)
=== RUN   TestOrbitBrowse_FileDetailsAndHistory
--- PASS: TestOrbitBrowse_FileDetailsAndHistory (0.01s)
=== RUN   TestOrbitBrowse_ScalingTenThousandFiles
    orbit_browse_test.go:458: Generating 10,000 files across 100 directories...
    orbit_browse_test.go:510: Generated 10,000 files in 494.298043ms
    orbit_browse_test.go:527: Root first-page browse (50 items) on 10,000 files took: 116.257133ms (items: 50, total: 100)
    orbit_browse_test.go:546: Deep subdir browse (50 items) took: 152.445012ms (items: 50, total: 100)
    orbit_browse_test.go:565: Workspace search for 'file_42' on 10,000 files took: 104.780353ms (matched: 50, total found: 100)
    orbit_browse_test.go:578: Root page JSON bytes: 7304
    orbit_browse_test.go:579: Memory allocated during scaling queries: 0.58 MB
--- PASS: TestOrbitBrowse_ScalingTenThousandFiles (0.88s)
=== RUN   TestOrbitBrowse_PendingStructuralAndStrictPaths
--- PASS: TestOrbitBrowse_PendingStructuralAndStrictPaths (0.01s)
=== RUN   TestOrbitBrowse_CursorValidationAndStableTies
--- PASS: TestOrbitBrowse_CursorValidationAndStableTies (0.02s)
=== RUN   TestOrbitReadLease_GCStreamingExpiryReleaseAndRestart
    orbit_content_test.go:168: 32 MiB repeated-chunk read+GC total allocations: 1200200 bytes
--- PASS: TestOrbitReadLease_GCStreamingExpiryReleaseAndRestart (0.13s)
=== RUN   TestOrbitContent_CorruptionCancellationAndIntent
--- PASS: TestOrbitContent_CorruptionCancellationAndIntent (0.01s)
PASS
ok  	github.com/calebhabesh/file-sync/internal/repository	1.106s
testing: warning: no tests to run
PASS
ok  	github.com/calebhabesh/file-sync/internal/control	0.005s [no tests to run]
=== RUN   TestOrbitBrowse_ContentHTTPAuthorizationAndPreviews
--- PASS: TestOrbitBrowse_ContentHTTPAuthorizationAndPreviews (0.02s)
=== RUN   TestOrbitContent_HTTPStreamingCancellationConcurrentGC
    orbit_browse_content_test.go:284: large HTTP download 503 189 <nil>
--- FAIL: TestOrbitContent_HTTPStreamingCancellationConcurrentGC (0.28s)
FAIL
FAIL	github.com/calebhabesh/file-sync/tests/integration	0.304s
FAIL
