=== RUN   TestTerminalT08ExactReadsLiveStoppedAndGC
--- PASS: TestTerminalT08ExactReadsLiveStoppedAndGC (0.58s)
=== RUN   TestTerminalT08ReviewedSelectReplayAndStale
--- PASS: TestTerminalT08ReviewedSelectReplayAndStale (0.45s)
=== RUN   TestTerminalT08RestoreProvenanceCopyAndCollision
--- PASS: TestTerminalT08RestoreProvenanceCopyAndCollision (0.50s)
=== RUN   TestTerminalT08SessionStreamedMergeAndStaleArrival
--- PASS: TestTerminalT08SessionStreamedMergeAndStaleArrival (1.19s)
=== RUN   TestTerminalT08AtomicReplayAfterCommitAndCopyPartial
--- PASS: TestTerminalT08AtomicReplayAfterCommitAndCopyPartial (0.61s)
=== RUN   TestTerminalT08CLIHistoryReviewRestoreExportAndTools
    content_recovery_test.go:395: CLI history peak_rss_kib=312920
    content_recovery_test.go:402: CLI restore peak_rss_kib=312920
    content_recovery_test.go:403: CLI restore peak_rss_kib=312920
    content_recovery_test.go:409: CLI export peak_rss_kib=312920
    content_recovery_test.go:416: CLI conflicts peak_rss_kib=312920
    content_recovery_test.go:421: CLI conflicts peak_rss_kib=312920
    content_recovery_test.go:426: CLI conflicts peak_rss_kib=312920
--- PASS: TestTerminalT08CLIHistoryReviewRestoreExportAndTools (0.82s)
=== RUN   TestTerminalT08UnavailableRestoreDeletedAndStructuralPages
--- PASS: TestTerminalT08UnavailableRestoreDeletedAndStructuralPages (0.52s)
=== RUN   TestTerminalT08InterruptedUploadSessionRestartAndToolLimit
--- PASS: TestTerminalT08InterruptedUploadSessionRestartAndToolLimit (0.44s)
=== RUN   TestTerminalT08RenewExpiryAndReviewedDiscard
--- PASS: TestTerminalT08RenewExpiryAndReviewedDiscard (0.39s)
PASS
ok  	github.com/calebhabesh/file-sync/tests/terminal	6.517s
