=== RUN   TestTerminalT08ExactReadsLiveStoppedAndGC
--- PASS: TestTerminalT08ExactReadsLiveStoppedAndGC (0.64s)
=== RUN   TestTerminalT08ReviewedSelectReplayAndStale
--- PASS: TestTerminalT08ReviewedSelectReplayAndStale (0.47s)
=== RUN   TestTerminalT08RestoreProvenanceCopyAndCollision
--- PASS: TestTerminalT08RestoreProvenanceCopyAndCollision (0.49s)
=== RUN   TestTerminalT08SessionStreamedMergeAndStaleArrival
--- PASS: TestTerminalT08SessionStreamedMergeAndStaleArrival (1.22s)
=== RUN   TestTerminalT08AtomicReplayAfterCommitAndCopyPartial
--- PASS: TestTerminalT08AtomicReplayAfterCommitAndCopyPartial (0.60s)
=== RUN   TestTerminalT08CLIHistoryReviewRestoreExportAndTools
    content_recovery_test.go:405: CLI history peak_rss_kib=314620
    content_recovery_test.go:412: CLI restore peak_rss_kib=314620
    content_recovery_test.go:413: CLI restore peak_rss_kib=314620
    content_recovery_test.go:419: CLI export peak_rss_kib=314620
    content_recovery_test.go:426: CLI conflicts peak_rss_kib=314620
    content_recovery_test.go:430: CLI conflicts peak_rss_kib=314620
    content_recovery_test.go:436: CLI conflicts peak_rss_kib=314620
    content_recovery_test.go:440: CLI conflicts peak_rss_kib=314620
    content_recovery_test.go:440: CLI conflicts peak_rss_kib=314620
    content_recovery_test.go:452: CLI conflicts peak_rss_kib=314620
    content_recovery_test.go:460: CLI conflicts peak_rss_kib=314620
    content_recovery_test.go:465: CLI conflicts peak_rss_kib=314620
    content_recovery_test.go:470: CLI conflicts peak_rss_kib=314620
    content_recovery_test.go:483: CLI conflicts peak_rss_kib=314620
--- PASS: TestTerminalT08CLIHistoryReviewRestoreExportAndTools (1.01s)
=== RUN   TestTerminalT08UnavailableRestoreDeletedAndStructuralPages
--- PASS: TestTerminalT08UnavailableRestoreDeletedAndStructuralPages (0.51s)
=== RUN   TestTerminalT08InterruptedUploadSessionRestartAndToolLimit
--- PASS: TestTerminalT08InterruptedUploadSessionRestartAndToolLimit (0.45s)
=== RUN   TestTerminalT08RenewExpiryAndReviewedDiscard
--- PASS: TestTerminalT08RenewExpiryAndReviewedDiscard (0.40s)
PASS
ok  	github.com/calebhabesh/file-sync/tests/terminal	6.795s
