=== RUN   TestTerminalT08ExactReadsLiveStoppedAndGC
--- PASS: TestTerminalT08ExactReadsLiveStoppedAndGC (1.74s)
=== RUN   TestTerminalT08ReviewedSelectReplayAndStale
--- PASS: TestTerminalT08ReviewedSelectReplayAndStale (1.22s)
=== RUN   TestTerminalT08RestoreProvenanceCopyAndCollision
--- PASS: TestTerminalT08RestoreProvenanceCopyAndCollision (0.71s)
=== RUN   TestTerminalT08SessionStreamedMergeAndStaleArrival
--- PASS: TestTerminalT08SessionStreamedMergeAndStaleArrival (1.29s)
=== RUN   TestTerminalT08AtomicReplayAfterCommitAndCopyPartial
--- PASS: TestTerminalT08AtomicReplayAfterCommitAndCopyPartial (0.76s)
=== RUN   TestTerminalT08CLIHistoryReviewRestoreExportAndTools
    content_recovery_test.go:434: CLI history peak_rss_kib=270704
    content_recovery_test.go:441: CLI restore peak_rss_kib=270704
    content_recovery_test.go:442: CLI restore peak_rss_kib=270704
    content_recovery_test.go:448: CLI export peak_rss_kib=270704
    content_recovery_test.go:455: CLI conflicts peak_rss_kib=270704
    content_recovery_test.go:459: CLI conflicts peak_rss_kib=270704
    content_recovery_test.go:465: CLI conflicts peak_rss_kib=270704
    content_recovery_test.go:469: CLI conflicts peak_rss_kib=270704
    content_recovery_test.go:469: CLI conflicts peak_rss_kib=270704
    content_recovery_test.go:481: CLI conflicts peak_rss_kib=270704
    content_recovery_test.go:489: CLI conflicts peak_rss_kib=270704
    content_recovery_test.go:494: CLI conflicts peak_rss_kib=270704
    content_recovery_test.go:499: CLI conflicts peak_rss_kib=270704
    content_recovery_test.go:512: CLI conflicts peak_rss_kib=270704
--- PASS: TestTerminalT08CLIHistoryReviewRestoreExportAndTools (1.59s)
=== RUN   TestTerminalT08UnavailableRestoreDeletedAndStructuralPages
--- PASS: TestTerminalT08UnavailableRestoreDeletedAndStructuralPages (0.53s)
=== RUN   TestTerminalT08InterruptedUploadSessionRestartAndToolLimit
--- PASS: TestTerminalT08InterruptedUploadSessionRestartAndToolLimit (0.46s)
=== RUN   TestTerminalT08RenewExpiryAndReviewedDiscard
--- PASS: TestTerminalT08RenewExpiryAndReviewedDiscard (0.42s)
PASS
ok  	github.com/calebhabesh/file-sync/tests/terminal	9.749s
