TestWANW04ManagerRetiresPooledRelayBeforeNewRequest
TestWANW04ManagerRelayIsolationAndPendingCancel
ok  	github.com/calebhabesh/file-sync/internal/network	0.002s
TestWANW04OutboundLegsAndBidirectionalBytes
TestWANW04WrongAttachmentsAndReplay
TestWANW04UnpairedExpiryAndAbruptLoss
TestWANW04IdleLifetimeByteQuotaAndCancel
TestWANW04BandwidthCeilingAndCancellation
TestWANW04ConcurrentDuplicateLegAdmission
TestWANW04PurposeListenerIsolation
TestWANW04ServiceCapacityResourcesAndEnrollmentIsolation
TestWANW04RestartEpochAndFreshChallenge
TestWANW04BandwidthReconnectRetention
TestWANW04BrokerSeesOnlyInnerTLSCiphertext
TestWANW04PostAuthenticationFrameBounds
ok  	github.com/calebhabesh/file-sync/internal/rendezvous	0.002s
TestWANW04ProductionRelayTwoWaySyncAndInterruptedReuse
TestWANW04ProductionRelayFolderAndPinIsolation
TestWANW04ProductionRelayLossPreservesCapture
TestWANW04ProductionRelayRestartResumesVerifiedChunks
TestWANW04ProductionRelayLostReceiptReplay
TestWANW04ProductionUnknownEnrollmentCannotReachDataOrControl
ok  	github.com/calebhabesh/file-sync/internal/replication	0.002s
