?   	github.com/calebhabesh/file-sync/internal/app	[no test files]
ok  	github.com/calebhabesh/file-sync/internal/config	0.003s
TestWANW11PreparedEnrollmentRetryRetainsOriginalExpiry
TestWANW11TimingReviewIsExactDurableAndRestartRequired
ok  	github.com/calebhabesh/file-sync/internal/control	0.009s
TestWANW11ZeroTimingPreservesLegacyPolicyBytes
ok  	github.com/calebhabesh/file-sync/internal/control/terminalcontract	0.009s
?   	github.com/calebhabesh/file-sync/internal/controlclient	[no test files]
ok  	github.com/calebhabesh/file-sync/internal/history	0.010s
?   	github.com/calebhabesh/file-sync/internal/launcher	[no test files]
TestWANW11CompetingPeersSlowDNSRelayAndCancellation
TestWANW11IsolatedAddressDefaultRouteDetection
TestWANW11RelayDirectReprobeAndGenerationDrain
TestWANW11LateLookupCannotPublishIntoNewGeneration
TestWANW11FailedICERetryIsTimedAndQuotaQuietPeriodDoesNotSlide
TestWANW11NetworkWatcherCoalescesAndJoins
TestWANW11ColdRaceRetainsQuotaAfterCanceledICEWaiter
TestWANW11ResponderQuotaRetryIsBoundedAndKeepsSession
TestWANW11DirectCooldownGrowsAndFreshNetworkClearsIt
TestWANW11RepeatedFlappingBoundsBusyGenerations
TestWANW11FreshLookupRevalidatesUnchangedRemoteLeaseAfterRoam
TestWANW11CandidateArrivalInvalidatesEarlyEmptyProbe
TestWANW11SlowLookupAndRelayShutdownJoin
TestWANW11ReviewedTimingControlsRuntimeDeadlines
ok  	github.com/calebhabesh/file-sync/internal/network	0.009s
TestWANW11RouteTimingBoundsAndLegacyDefaults
ok  	github.com/calebhabesh/file-sync/internal/protocol	0.009s
ok  	github.com/calebhabesh/file-sync/internal/rendezvous	0.009s
TestWANW11BandwidthReservationPrecedesNetworkIO
TestWANW11NativeQUICToTCPChunkAndReceiptRecovery
ok  	github.com/calebhabesh/file-sync/internal/replication	0.010s
ok  	github.com/calebhabesh/file-sync/internal/repository	0.010s
TestWANW11BandwidthFIFOAndQueuedCancellation
TestWANW11BandwidthQueueBoundIsRetryable
TestWANW11ContinuousSmallWorkCannotStarveLargeRetry
TestWANW11ServiceQuotaRetryAllowsQuietRefill
ok  	github.com/calebhabesh/file-sync/internal/scheduler	0.009s
ok  	github.com/calebhabesh/file-sync/internal/state	0.010s
ok  	github.com/calebhabesh/file-sync/internal/terminal	0.028s
ok  	github.com/calebhabesh/file-sync/internal/testkit	0.009s
ok  	github.com/calebhabesh/file-sync/internal/workspace	0.010s
TestWANW11ActualLargeSmallPeerBandwidthAcrossRoutes
TestWANW11WholeDaemonRoamingAndMixedProgress
TestWANW11BinaryReviewedTimingAndRestart
ok  	github.com/calebhabesh/file-sync/tests/terminal	0.003s
TestWANW11SetupWaitRetriesReadOnlyTimeoutWithSameOperation
TestWANW11SetupWaitDoesNotExtendDeadlineOrRetryRefusal
ok  	github.com/calebhabesh/file-sync/cmd/filesync	0.016s
