go test -timeout=30m ./tests/terminal/...
ok  	github.com/calebhabesh/file-sync/tests/terminal	1038.603s
CGO_ENABLED=0 go build  -trimpath -ldflags '-X main.version=1.0.0 -X main.commit=ee461a7 -X main.date=2026-10-01' -o bin/filesync ./cmd/filesync
ln -sf filesync bin/orbit
CGO_ENABLED=0 GOOS=linux GOARCH=arm64 go build  -trimpath -ldflags '-X main.version=1.0.0 -X main.commit=ee461a7 -X main.date=2026-10-01' -o bin/filesync-linux-arm64 ./cmd/filesync
go run ./scripts/build_packages.go
Building binary for linux/amd64 -> <repo>/bin/filesync
Building binary for linux/arm64 -> <repo>/bin/filesync-linux-arm64
Generating filesync-v1.0.0-linux-amd64.tar.gz...
Generating filesync_1.0.0_amd64.deb...
Generating filesync-1.0.0-1.x86_64.rpm...
Generating filesync-v1.0.0-linux-arm64.tar.gz...
Generating filesync_1.0.0_arm64.deb...
Generating filesync-1.0.0-1.aarch64.rpm...
Generating SHA256SUMS...
Release packaging complete! Generated artifacts:
  - filesync-v1.0.0-linux-amd64.tar.gz (18457875 bytes)
  - orbit-v1.0.0-linux-amd64.tar.gz (18457875 bytes)
  - filesync_1.0.0_amd64.deb (18451734 bytes)
  - filesync-1.0.0-1.x86_64.rpm (18457578 bytes)
  - filesync-v1.0.0-linux-arm64.tar.gz (17243718 bytes)
  - orbit-v1.0.0-linux-arm64.tar.gz (17243718 bytes)
  - filesync_1.0.0_arm64.deb (17233708 bytes)
  - filesync-1.0.0-1.aarch64.rpm (17242653 bytes)
  - release-manifest.json (504 bytes)
  - SHA256SUMS
python3 scripts/terminal_package_test.py --dist dist
[
  {
    "scenario": "all-package-checksums",
    "result": "passed"
  },
  {
    "scenario": "amd64-tar-payload-and-entry",
    "result": "passed",
    "execution": "native amd64"
  },
  {
    "scenario": "amd64-deb-payload-and-entry",
    "result": "passed",
    "execution": "native amd64"
  },
  {
    "scenario": "amd64-rpm-payload-and-entry",
    "result": "passed",
    "execution": "native amd64"
  },
  {
    "scenario": "arm64-tar-payload-and-entry",
    "result": "passed",
    "execution": "structure only; arm64 execution separate"
  },
  {
    "scenario": "arm64-deb-payload-and-entry",
    "result": "passed",
    "execution": "structure only; arm64 execution separate"
  },
  {
    "scenario": "arm64-rpm-payload-and-entry",
    "result": "passed",
    "execution": "structure only; arm64 execution separate"
  },
  {
    "scenario": "standalone-install-repeat-upgrade-uninstall",
    "result": "passed",
    "assertions": [
      "custom unit preserved",
      "legacy identity/state preserved",
      "ordinary bytes preserved",
      "no user service changes"
    ]
  },
  {
    "scenario": "package-extracted-bare-PTY",
    "result": "passed"
  }
]
go vet ./...
go test ./cmd/filesync/... ./internal/... ./model/...
ok  	github.com/calebhabesh/file-sync/cmd/filesync	0.106s
?   	github.com/calebhabesh/file-sync/internal/app	[no test files]
ok  	github.com/calebhabesh/file-sync/internal/config	0.065s
ok  	github.com/calebhabesh/file-sync/internal/control	0.852s
ok  	github.com/calebhabesh/file-sync/internal/control/terminalcontract	0.009s
?   	github.com/calebhabesh/file-sync/internal/controlclient	[no test files]
ok  	github.com/calebhabesh/file-sync/internal/history	(cached)
?   	github.com/calebhabesh/file-sync/internal/launcher	[no test files]
ok  	github.com/calebhabesh/file-sync/internal/network	92.774s
ok  	github.com/calebhabesh/file-sync/internal/protocol	0.045s
ok  	github.com/calebhabesh/file-sync/internal/rendezvous	34.537s
ok  	github.com/calebhabesh/file-sync/internal/replication	84.229s
ok  	github.com/calebhabesh/file-sync/internal/repository	2.193s
ok  	github.com/calebhabesh/file-sync/internal/scheduler	9.523s
ok  	github.com/calebhabesh/file-sync/internal/state	(cached)
ok  	github.com/calebhabesh/file-sync/internal/terminal	0.035s
ok  	github.com/calebhabesh/file-sync/internal/testkit	0.002s
ok  	github.com/calebhabesh/file-sync/internal/workspace	0.841s
ok  	github.com/calebhabesh/file-sync/model	(cached)
go test ./tests/integration/...
--- FAIL: TestOrbitPairing_CLI_RunningDaemon_Parity (42.16s)
    orbit_pairing_test.go:908: join failed: exit status 1: orbit: Post "http://127.0.0.1:40399/control/terminal/v1/query": context deadline exceeded
FAIL
FAIL	github.com/calebhabesh/file-sync/tests/integration	101.164s
FAIL
make: *** [Makefile:36: test-integration] Error 1
