CGO_ENABLED=0 go build  -trimpath -ldflags '-X main.version=1.0.0 -X main.commit=86ae552 -X main.date=2026-10-01' -o bin/filesync ./cmd/filesync
ln -sf filesync bin/orbit
python3 scripts/terminal_pty_test.py --binary bin/filesync
[
  {
    "scenario": "80x24-quit-tool",
    "assertions": [
      "keyboard/search/paste/resize",
      "no SGR",
      "exact termios restoration",
      "daemon alive",
      "direct argv tool canonical/raw handoff and actual bytes"
    ],
    "result": "passed"
  },
  {
    "scenario": "40x16-ctrl-c-tool-failure",
    "assertions": [
      "keyboard/search/paste/resize",
      "no SGR",
      "exact termios restoration",
      "daemon alive",
      "direct argv tool canonical/raw handoff and actual bytes"
    ],
    "result": "passed"
  },
  {
    "scenario": "80x24-daemon-reconnect",
    "assertions": [
      "keyboard/search/paste/resize",
      "no SGR",
      "exact termios restoration",
      "daemon alive",
      "locked unavailable daemon, retry and reconnection"
    ],
    "result": "passed"
  },
  {
    "scenario": "80x24-sigterm",
    "assertions": [
      "keyboard/search/paste/resize",
      "no SGR",
      "exact termios restoration",
      "daemon alive"
    ],
    "result": "passed"
  },
  {
    "scenario": "80x24-tool-sigterm",
    "assertions": [
      "keyboard/search/paste/resize",
      "no SGR",
      "exact termios restoration",
      "daemon alive",
      "direct argv tool canonical/raw handoff and actual bytes"
    ],
    "result": "passed"
  },
  {
    "scenario": "pipe-and-continued-capture",
    "result": "passed",
    "assertions": [
      "no terminal escapes in pipe",
      "protected working bytes intact",
      "actual new digest in captured history",
      "same device identity"
    ]
  }
]
