=== RUN   TestTerminalT09FocusedInputAndKeyboard
--- PASS: TestTerminalT09FocusedInputAndKeyboard (0.00s)
=== RUN   TestTerminalT09CorrelatedCancellationAndBoundedPolling
--- PASS: TestTerminalT09CorrelatedCancellationAndBoundedPolling (0.00s)
=== RUN   TestTerminalT09RefreshPreservesSelectionAndDraft
--- PASS: TestTerminalT09RefreshPreservesSelectionAndDraft (0.00s)
=== RUN   TestTerminalT09UnicodeEscapingAndLayout
--- PASS: TestTerminalT09UnicodeEscapingAndLayout (0.00s)
=== RUN   TestTerminalT09ToolAdapterAndNonTTY
--- PASS: TestTerminalT09ToolAdapterAndNonTTY (0.00s)
=== RUN   TestTerminalT09FocusedInputAndKeyboard
--- PASS: TestTerminalT09FocusedInputAndKeyboard (0.00s)
=== RUN   TestTerminalT09CorrelatedCancellationAndBoundedPolling
--- PASS: TestTerminalT09CorrelatedCancellationAndBoundedPolling (0.00s)
=== RUN   TestTerminalT09RefreshPreservesSelectionAndDraft
--- PASS: TestTerminalT09RefreshPreservesSelectionAndDraft (0.00s)
=== RUN   TestTerminalT09UnicodeEscapingAndLayout
--- PASS: TestTerminalT09UnicodeEscapingAndLayout (0.00s)
=== RUN   TestTerminalT09ToolAdapterAndNonTTY
--- PASS: TestTerminalT09ToolAdapterAndNonTTY (0.00s)
PASS
ok  	github.com/calebhabesh/file-sync/internal/terminal	0.017s
=== RUN   TestTerminalT09NamedPages
--- PASS: TestTerminalT09NamedPages (0.16s)
=== RUN   TestTerminalT09RealPTYLifetime
    tui_test.go:86: PTY campaign: exit status 1
        Traceback (most recent call last):
          File "<repo>/tests/terminal/../../scripts/terminal_pty_test.py", line 219, in session
            p.wait(timeout=10)
            ~~~~~~^^^^^^^^^^^^
          File "/usr/lib/python3.14/subprocess.py", line 1279, in wait
            return self._wait(timeout=timeout)
                   ~~~~~~~~~~^^^^^^^^^^^^^^^^^
          File "/usr/lib/python3.14/subprocess.py", line 2076, in _wait
            raise TimeoutExpired(self.args, timeout)
        subprocess.TimeoutExpired: Command '['/tmp/orbit-t09-pty-uvly87ms/filesync', 'orbit', 'tui', '--state', '/tmp/orbit-t09-pty-uvly87ms/state', '--no-color']' timed out after 10 seconds
        
        During handling of the above exception, another exception occurred:
        
        Traceback (most recent call last):
          File "<repo>/tests/terminal/../../scripts/terminal_pty_test.py", line 301, in main
            c.execute()
            ~~~~~~~~~^^
          File "<repo>/tests/terminal/../../scripts/terminal_pty_test.py", line 257, in execute
            self.session("80x24-sigterm", daemon, exit_key=b"SIGTERM")
            ~~~~~~~~~~~~^^^^^^^^^^^^^^^^^^^^^^^^^^^^^^^^^^^^^^^^^^^^^^
          File "<repo>/tests/terminal/../../scripts/terminal_pty_test.py", line 234, in session
            p.wait(timeout=10)
            ~~~~~~^^^^^^^^^^^^
          File "/usr/lib/python3.14/subprocess.py", line 1279, in wait
            return self._wait(timeout=timeout)
                   ~~~~~~~~~~^^^^^^^^^^^^^^^^^
          File "/usr/lib/python3.14/subprocess.py", line 2076, in _wait
            raise TimeoutExpired(self.args, timeout)
        subprocess.TimeoutExpired: Command '['/tmp/orbit-t09-pty-uvly87ms/filesync', 'orbit', 'tui', '--state', '/tmp/orbit-t09-pty-uvly87ms/state', '--no-color']' timed out after 10 seconds
        
        During handling of the above exception, another exception occurred:
        
        Traceback (most recent call last):
          File "<repo>/tests/terminal/../../scripts/terminal_pty_test.py", line 313, in <module>
            main()
            ~~~~^^
          File "<repo>/tests/terminal/../../scripts/terminal_pty_test.py", line 307, in main
            p.wait(timeout=10)
            ~~~~~~^^^^^^^^^^^^
          File "/usr/lib/python3.14/subprocess.py", line 1279, in wait
            return self._wait(timeout=timeout)
                   ~~~~~~~~~~^^^^^^^^^^^^^^^^^
          File "/usr/lib/python3.14/subprocess.py", line 2076, in _wait
            raise TimeoutExpired(self.args, timeout)
        subprocess.TimeoutExpired: Command '['/tmp/orbit-t09-pty-uvly87ms/filesync', 'orbit', 'tui', '--state', '/tmp/orbit-t09-pty-uvly87ms/state', '--no-color']' timed out after 10 seconds
--- FAIL: TestTerminalT09RealPTYLifetime (38.93s)
=== RUN   TestTerminalT09NamedPages
--- PASS: TestTerminalT09NamedPages (0.17s)
=== RUN   TestTerminalT09RealPTYLifetime
    tui_test.go:88: [
          {
            "scenario": "80x24-quit-tool",
            "assertions": [
              "keyboard/search/paste/resize",
              "no SGR",
              "exact termios restoration",
              "daemon alive",
              "direct argv tool canonical/raw handoff and actual bytes"
            ],
            "result": "passed"
          },
          {
            "scenario": "40x16-ctrl-c-tool-failure",
            "assertions": [
              "keyboard/search/paste/resize",
              "no SGR",
              "exact termios restoration",
              "daemon alive",
              "direct argv tool canonical/raw handoff and actual bytes"
            ],
            "result": "passed"
          },
          {
            "scenario": "80x24-daemon-reconnect",
            "assertions": [
              "keyboard/search/paste/resize",
              "no SGR",
              "exact termios restoration",
              "daemon alive",
              "locked unavailable daemon, retry and reconnection"
            ],
            "result": "passed"
          },
          {
            "scenario": "80x24-sigterm",
            "assertions": [
              "keyboard/search/paste/resize",
              "no SGR",
              "exact termios restoration",
              "daemon alive"
            ],
            "result": "passed"
          },
          {
            "scenario": "80x24-tool-sigterm",
            "assertions": [
              "keyboard/search/paste/resize",
              "no SGR",
              "exact termios restoration",
              "daemon alive",
              "direct argv tool canonical/raw handoff and actual bytes"
            ],
            "result": "passed"
          },
          {
            "scenario": "pipe-and-continued-capture",
            "result": "passed",
            "assertions": [
              "no terminal escapes in pipe",
              "protected working bytes intact",
              "actual new digest in captured history",
              "same device identity"
            ]
          }
        ]
        
--- PASS: TestTerminalT09RealPTYLifetime (10.57s)
FAIL
FAIL	github.com/calebhabesh/file-sync/tests/terminal	49.830s
FAIL
