=== RUN   TestTerminalT09FocusedInputAndKeyboard
--- PASS: TestTerminalT09FocusedInputAndKeyboard (0.00s)
=== RUN   TestTerminalT09CorrelatedCancellationAndBoundedPolling
--- PASS: TestTerminalT09CorrelatedCancellationAndBoundedPolling (0.00s)
=== RUN   TestTerminalT09RefreshPreservesSelectionAndDraft
--- PASS: TestTerminalT09RefreshPreservesSelectionAndDraft (0.00s)
=== RUN   TestTerminalT09UnicodeEscapingAndLayout
--- PASS: TestTerminalT09UnicodeEscapingAndLayout (0.01s)
=== RUN   TestTerminalT09ToolAdapterAndNonTTY
--- PASS: TestTerminalT09ToolAdapterAndNonTTY (0.00s)
PASS
ok  	github.com/calebhabesh/file-sync/internal/terminal	1.143s
=== RUN   TestTerminalT09NamedPages
--- PASS: TestTerminalT09NamedPages (3.16s)
=== RUN   TestTerminalT09RealPTYLifetime
    tui_test.go:86: PTY campaign: exit status 1
        Traceback (most recent call last):
          File "<repo>/tests/terminal/../../scripts/terminal_pty_test.py", line 186, in session
            p.wait(timeout=10)
            ~~~~~~^^^^^^^^^^^^
          File "/usr/lib/python3.14/subprocess.py", line 1279, in wait
            return self._wait(timeout=timeout)
                   ~~~~~~~~~~^^^^^^^^^^^^^^^^^
          File "/usr/lib/python3.14/subprocess.py", line 2076, in _wait
            raise TimeoutExpired(self.args, timeout)
        subprocess.TimeoutExpired: Command '['/tmp/orbit-t09-pty-q3h9zzpd/filesync', 'orbit', 'tui', '--state', '/tmp/orbit-t09-pty-q3h9zzpd/state', '--no-color', '--tool', "python3 '/tmp/orbit-t09-pty-q3h9zzpd/tool.py'", '--tool-file', '/tmp/orbit-t09-pty-q3h9zzpd/tool result.txt']' timed out after 10 seconds
        
        During handling of the above exception, another exception occurred:
        
        Traceback (most recent call last):
          File "<repo>/tests/terminal/../../scripts/terminal_pty_test.py", line 311, in main
            c.execute()
            ~~~~~~~~~^^
          File "<repo>/tests/terminal/../../scripts/terminal_pty_test.py", line 258, in execute
            self.session("80x24-tool-sigterm", daemon, tool_mode="cancel", exit_key=b"SIGTERM")
            ~~~~~~~~~~~~^^^^^^^^^^^^^^^^^^^^^^^^^^^^^^^^^^^^^^^^^^^^^^^^^^^^^^^^^^^^^^^^^^^^^^^
          File "<repo>/tests/terminal/../../scripts/terminal_pty_test.py", line 234, in session
            p.wait(timeout=10)
            ~~~~~~^^^^^^^^^^^^
          File "/usr/lib/python3.14/subprocess.py", line 1279, in wait
            return self._wait(timeout=timeout)
                   ~~~~~~~~~~^^^^^^^^^^^^^^^^^
          File "/usr/lib/python3.14/subprocess.py", line 2076, in _wait
            raise TimeoutExpired(self.args, timeout)
        subprocess.TimeoutExpired: Command '['/tmp/orbit-t09-pty-q3h9zzpd/filesync', 'orbit', 'tui', '--state', '/tmp/orbit-t09-pty-q3h9zzpd/state', '--no-color', '--tool', "python3 '/tmp/orbit-t09-pty-q3h9zzpd/tool.py'", '--tool-file', '/tmp/orbit-t09-pty-q3h9zzpd/tool result.txt']' timed out after 10 seconds
        
        During handling of the above exception, another exception occurred:
        
        Traceback (most recent call last):
          File "<repo>/tests/terminal/../../scripts/terminal_pty_test.py", line 323, in <module>
            main()
            ~~~~^^
          File "<repo>/tests/terminal/../../scripts/terminal_pty_test.py", line 317, in main
            p.wait(timeout=10)
            ~~~~~~^^^^^^^^^^^^
          File "/usr/lib/python3.14/subprocess.py", line 1279, in wait
            return self._wait(timeout=timeout)
                   ~~~~~~~~~~^^^^^^^^^^^^^^^^^
          File "/usr/lib/python3.14/subprocess.py", line 2076, in _wait
            raise TimeoutExpired(self.args, timeout)
        subprocess.TimeoutExpired: Command '['/tmp/orbit-t09-pty-q3h9zzpd/filesync', 'orbit', 'tui', '--state', '/tmp/orbit-t09-pty-q3h9zzpd/state', '--no-color', '--tool', "python3 '/tmp/orbit-t09-pty-q3h9zzpd/tool.py'", '--tool-file', '/tmp/orbit-t09-pty-q3h9zzpd/tool result.txt']' timed out after 10 seconds
--- FAIL: TestTerminalT09RealPTYLifetime (52.64s)
FAIL
FAIL	github.com/calebhabesh/file-sync/tests/terminal	55.803s
FAIL
