go vet ./...
go test ./internal/... ./model/...
?   	github.com/calebhabesh/file-sync/internal/app	[no test files]
ok  	github.com/calebhabesh/file-sync/internal/config	(cached)
ok  	github.com/calebhabesh/file-sync/internal/control	5.685s
ok  	github.com/calebhabesh/file-sync/internal/control/terminalcontract	0.011s
?   	github.com/calebhabesh/file-sync/internal/controlclient	[no test files]
ok  	github.com/calebhabesh/file-sync/internal/history	(cached)
?   	github.com/calebhabesh/file-sync/internal/launcher	[no test files]
ok  	github.com/calebhabesh/file-sync/internal/protocol	(cached)
ok  	github.com/calebhabesh/file-sync/internal/replication	32.559s
ok  	github.com/calebhabesh/file-sync/internal/repository	1.445s
ok  	github.com/calebhabesh/file-sync/internal/scheduler	7.470s
ok  	github.com/calebhabesh/file-sync/internal/state	(cached)
ok  	github.com/calebhabesh/file-sync/internal/testkit	(cached)
ok  	github.com/calebhabesh/file-sync/internal/workspace	0.482s
ok  	github.com/calebhabesh/file-sync/model	(cached)
CGO_ENABLED=0 go build  -trimpath -ldflags '-X main.version=1.0.0 -X main.commit=86ae552 -X main.date=2026-10-01' -o bin/filesync ./cmd/filesync
ln -sf filesync bin/orbit
go test ./tests/integration/...
--- FAIL: TestOrbitPackagingArtifacts (0.89s)
    orbit_package_test.go:57: build_packages failed: exit status 1 (Building binary for linux/amd64 -> <repo>/bin/filesync
        Building binary for linux/arm64 -> <repo>/bin/filesync-linux-arm64
        # github.com/calebhabesh/file-sync/internal/workspace
        internal/workspace/adoption.go:107:78: cannot use st.Nlink (variable of type uint32) as uint64 value in struct literal
        build_packages error: compile arm64: exit status 1
        exit status 1
        )
--- FAIL: TestP15PackagingOutputsAndChecksums (0.19s)
    p15_packaging_lifecycle_test.go:453: build_packages failed: exit status 1 (Building binary for linux/amd64 -> <repo>/bin/filesync
        Building binary for linux/arm64 -> <repo>/bin/filesync-linux-arm64
        # github.com/calebhabesh/file-sync/internal/workspace
        internal/workspace/adoption.go:107:78: cannot use st.Nlink (variable of type uint32) as uint64 value in struct literal
        build_packages error: compile arm64: exit status 1
        exit status 1
        )
FAIL
FAIL	github.com/calebhabesh/file-sync/tests/integration	74.187s
FAIL
make: *** [Makefile:36: test-integration] Error 1
