ok  	github.com/calebhabesh/file-sync/cmd/filesync	0.004s
?   	github.com/calebhabesh/file-sync/internal/app	[no test files]
ok  	github.com/calebhabesh/file-sync/internal/config	0.003s
ok  	github.com/calebhabesh/file-sync/internal/control	0.004s
ok  	github.com/calebhabesh/file-sync/internal/control/terminalcontract	0.003s
?   	github.com/calebhabesh/file-sync/internal/controlclient	[no test files]
ok  	github.com/calebhabesh/file-sync/internal/history	0.003s
?   	github.com/calebhabesh/file-sync/internal/launcher	[no test files]
ok  	github.com/calebhabesh/file-sync/internal/protocol	0.003s
ok  	github.com/calebhabesh/file-sync/internal/replication	0.004s
ok  	github.com/calebhabesh/file-sync/internal/repository	0.003s
ok  	github.com/calebhabesh/file-sync/internal/scheduler	0.004s
ok  	github.com/calebhabesh/file-sync/internal/state	0.003s
ok  	github.com/calebhabesh/file-sync/internal/testkit	0.002s
ok  	github.com/calebhabesh/file-sync/internal/workspace	0.003s
ok  	github.com/calebhabesh/file-sync/model	0.003s
?   	github.com/calebhabesh/file-sync/scripts	[no test files]
ok  	github.com/calebhabesh/file-sync/tests/designgates	0.004s
ok  	github.com/calebhabesh/file-sync/tests/faults	0.004s
ok  	github.com/calebhabesh/file-sync/tests/integration	0.002s
TestTerminalT04TwoDeviceCLIInterruptedJoinAndEdits
TestTerminalT04InteractiveReviewRetainsInputs
TestTerminalT04RecursiveReviewedAdoption
TestTerminalT04StaleRootAndPlan
TestTerminalT04UnsupportedAndOverlap
TestTerminalT04BoundedPreviewContinuation
TestTerminalT04CapacityAndExpiredReview
TestTerminalT04ResumeAtDurablePhases
TestTerminalT04InitialCaptureFailureBlocksBootstrap
TestTerminalT04FatalScanFailurePreservesCapture
TestTerminalT04NoBootstrapTombstone
TestTerminalT04DelayedJoinRestartAndTransfer
TestTerminalT04DivergentBootstrapRemainsConflict
TestTerminalT04ExpiredAttemptDoesNotRenew
TestTerminalT04UnreadablePreviewAndCaptureFault
TestTerminalT04JoinPhaseRecovery
TestTerminalT04StartupFailureAndConsumedReview
TestTerminalT04IssuePagesAndPreviewFamily
TestTerminalT04ExpiredPreparedRequestRecovery
ok  	github.com/calebhabesh/file-sync/tests/terminal	0.001s
?   	github.com/calebhabesh/file-sync/web	[no test files]
