=== RUN   TestTerminalT04TwoDeviceCLIInterruptedJoinAndEdits
=== PAUSE TestTerminalT04TwoDeviceCLIInterruptedJoinAndEdits
=== RUN   TestTerminalT04RecursiveReviewedAdoption
--- PASS: TestTerminalT04RecursiveReviewedAdoption (0.04s)
=== RUN   TestTerminalT04StaleRootAndPlan
=== RUN   TestTerminalT04StaleRootAndPlan/bytes
=== RUN   TestTerminalT04StaleRootAndPlan/swap
=== RUN   TestTerminalT04StaleRootAndPlan/symlink
=== RUN   TestTerminalT04StaleRootAndPlan/name
=== RUN   TestTerminalT04StaleRootAndPlan/settings
--- PASS: TestTerminalT04StaleRootAndPlan (0.10s)
    --- PASS: TestTerminalT04StaleRootAndPlan/bytes (0.02s)
    --- PASS: TestTerminalT04StaleRootAndPlan/swap (0.02s)
    --- PASS: TestTerminalT04StaleRootAndPlan/symlink (0.03s)
    --- PASS: TestTerminalT04StaleRootAndPlan/name (0.02s)
    --- PASS: TestTerminalT04StaleRootAndPlan/settings (0.02s)
=== RUN   TestTerminalT04UnsupportedAndOverlap
--- PASS: TestTerminalT04UnsupportedAndOverlap (0.02s)
=== RUN   TestTerminalT04BoundedPreviewContinuation
--- PASS: TestTerminalT04BoundedPreviewContinuation (0.25s)
=== RUN   TestTerminalT04CapacityAndExpiredReview
--- PASS: TestTerminalT04CapacityAndExpiredReview (0.02s)
=== RUN   TestTerminalT04ResumeAtDurablePhases
=== RUN   TestTerminalT04ResumeAtDurablePhases/reviewed
=== RUN   TestTerminalT04ResumeAtDurablePhases/bootstrap_capture
=== RUN   TestTerminalT04ResumeAtDurablePhases/content_pending
=== RUN   TestTerminalT04ResumeAtDurablePhases/ready
--- PASS: TestTerminalT04ResumeAtDurablePhases (0.08s)
    --- PASS: TestTerminalT04ResumeAtDurablePhases/reviewed (0.02s)
    --- PASS: TestTerminalT04ResumeAtDurablePhases/bootstrap_capture (0.02s)
    --- PASS: TestTerminalT04ResumeAtDurablePhases/content_pending (0.02s)
    --- PASS: TestTerminalT04ResumeAtDurablePhases/ready (0.03s)
=== RUN   TestTerminalT04InitialCaptureFailureBlocksBootstrap
--- PASS: TestTerminalT04InitialCaptureFailureBlocksBootstrap (0.01s)
=== RUN   TestTerminalT04FatalScanFailurePreservesCapture
--- PASS: TestTerminalT04FatalScanFailurePreservesCapture (0.02s)
=== RUN   TestTerminalT04NoBootstrapTombstone
--- PASS: TestTerminalT04NoBootstrapTombstone (0.01s)
=== RUN   TestTerminalT04DelayedJoinRestartAndTransfer
=== PAUSE TestTerminalT04DelayedJoinRestartAndTransfer
=== RUN   TestTerminalT04DivergentBootstrapRemainsConflict
=== PAUSE TestTerminalT04DivergentBootstrapRemainsConflict
=== RUN   TestTerminalT04ExpiredAttemptDoesNotRenew
--- PASS: TestTerminalT04ExpiredAttemptDoesNotRenew (0.03s)
=== RUN   TestTerminalT04UnreadablePreviewAndCaptureFault
--- PASS: TestTerminalT04UnreadablePreviewAndCaptureFault (0.02s)
=== RUN   TestTerminalT04JoinPhaseRecovery
=== PAUSE TestTerminalT04JoinPhaseRecovery
=== RUN   TestTerminalT04StartupFailureAndConsumedReview
--- PASS: TestTerminalT04StartupFailureAndConsumedReview (0.01s)
=== RUN   TestTerminalT04IssuePagesAndPreviewFamily
--- PASS: TestTerminalT04IssuePagesAndPreviewFamily (0.01s)
=== RUN   TestTerminalT04ExpiredPreparedRequestRecovery
=== RUN   TestTerminalT04ExpiredPreparedRequestRecovery/false
=== RUN   TestTerminalT04ExpiredPreparedRequestRecovery/true
--- PASS: TestTerminalT04ExpiredPreparedRequestRecovery (0.06s)
    --- PASS: TestTerminalT04ExpiredPreparedRequestRecovery/false (0.03s)
    --- PASS: TestTerminalT04ExpiredPreparedRequestRecovery/true (0.03s)
=== CONT  TestTerminalT04TwoDeviceCLIInterruptedJoinAndEdits
=== CONT  TestTerminalT04DivergentBootstrapRemainsConflict
=== CONT  TestTerminalT04DelayedJoinRestartAndTransfer
=== CONT  TestTerminalT04JoinPhaseRecovery
=== RUN   TestTerminalT04JoinPhaseRecovery/request_prepared
=== PAUSE TestTerminalT04JoinPhaseRecovery/request_prepared
=== RUN   TestTerminalT04JoinPhaseRecovery/membership_received
=== PAUSE TestTerminalT04JoinPhaseRecovery/membership_received
=== RUN   TestTerminalT04JoinPhaseRecovery/content_pending
=== PAUSE TestTerminalT04JoinPhaseRecovery/content_pending
=== RUN   TestTerminalT04JoinPhaseRecovery/publishing
=== PAUSE TestTerminalT04JoinPhaseRecovery/publishing
=== CONT  TestTerminalT04JoinPhaseRecovery/request_prepared
=== CONT  TestTerminalT04JoinPhaseRecovery/content_pending
=== CONT  TestTerminalT04JoinPhaseRecovery/membership_received
=== CONT  TestTerminalT04JoinPhaseRecovery/publishing
--- PASS: TestTerminalT04DivergentBootstrapRemainsConflict (25.16s)
--- PASS: TestTerminalT04DelayedJoinRestartAndTransfer (25.16s)
--- PASS: TestTerminalT04JoinPhaseRecovery (0.00s)
    --- PASS: TestTerminalT04JoinPhaseRecovery/membership_received (25.16s)
    --- PASS: TestTerminalT04JoinPhaseRecovery/content_pending (25.16s)
    --- PASS: TestTerminalT04JoinPhaseRecovery/request_prepared (25.16s)
    --- PASS: TestTerminalT04JoinPhaseRecovery/publishing (25.16s)
--- PASS: TestTerminalT04TwoDeviceCLIInterruptedJoinAndEdits (29.61s)
=== RUN   TestTerminalT04TwoDeviceCLIInterruptedJoinAndEdits
=== PAUSE TestTerminalT04TwoDeviceCLIInterruptedJoinAndEdits
=== RUN   TestTerminalT04RecursiveReviewedAdoption
--- PASS: TestTerminalT04RecursiveReviewedAdoption (0.02s)
=== RUN   TestTerminalT04StaleRootAndPlan
=== RUN   TestTerminalT04StaleRootAndPlan/bytes
=== RUN   TestTerminalT04StaleRootAndPlan/swap
=== RUN   TestTerminalT04StaleRootAndPlan/symlink
=== RUN   TestTerminalT04StaleRootAndPlan/name
=== RUN   TestTerminalT04StaleRootAndPlan/settings
--- PASS: TestTerminalT04StaleRootAndPlan (0.05s)
    --- PASS: TestTerminalT04StaleRootAndPlan/bytes (0.01s)
    --- PASS: TestTerminalT04StaleRootAndPlan/swap (0.01s)
    --- PASS: TestTerminalT04StaleRootAndPlan/symlink (0.01s)
    --- PASS: TestTerminalT04StaleRootAndPlan/name (0.01s)
    --- PASS: TestTerminalT04StaleRootAndPlan/settings (0.01s)
=== RUN   TestTerminalT04UnsupportedAndOverlap
--- PASS: TestTerminalT04UnsupportedAndOverlap (0.01s)
=== RUN   TestTerminalT04BoundedPreviewContinuation
--- PASS: TestTerminalT04BoundedPreviewContinuation (0.15s)
=== RUN   TestTerminalT04CapacityAndExpiredReview
--- PASS: TestTerminalT04CapacityAndExpiredReview (0.01s)
=== RUN   TestTerminalT04ResumeAtDurablePhases
=== RUN   TestTerminalT04ResumeAtDurablePhases/reviewed
=== RUN   TestTerminalT04ResumeAtDurablePhases/bootstrap_capture
=== RUN   TestTerminalT04ResumeAtDurablePhases/content_pending
=== RUN   TestTerminalT04ResumeAtDurablePhases/ready
--- PASS: TestTerminalT04ResumeAtDurablePhases (0.05s)
    --- PASS: TestTerminalT04ResumeAtDurablePhases/reviewed (0.01s)
    --- PASS: TestTerminalT04ResumeAtDurablePhases/bootstrap_capture (0.01s)
    --- PASS: TestTerminalT04ResumeAtDurablePhases/content_pending (0.01s)
    --- PASS: TestTerminalT04ResumeAtDurablePhases/ready (0.01s)
=== RUN   TestTerminalT04InitialCaptureFailureBlocksBootstrap
--- PASS: TestTerminalT04InitialCaptureFailureBlocksBootstrap (0.01s)
=== RUN   TestTerminalT04FatalScanFailurePreservesCapture
--- PASS: TestTerminalT04FatalScanFailurePreservesCapture (0.01s)
=== RUN   TestTerminalT04NoBootstrapTombstone
--- PASS: TestTerminalT04NoBootstrapTombstone (0.01s)
=== RUN   TestTerminalT04DelayedJoinRestartAndTransfer
=== PAUSE TestTerminalT04DelayedJoinRestartAndTransfer
=== RUN   TestTerminalT04DivergentBootstrapRemainsConflict
=== PAUSE TestTerminalT04DivergentBootstrapRemainsConflict
=== RUN   TestTerminalT04ExpiredAttemptDoesNotRenew
--- PASS: TestTerminalT04ExpiredAttemptDoesNotRenew (0.02s)
=== RUN   TestTerminalT04UnreadablePreviewAndCaptureFault
--- PASS: TestTerminalT04UnreadablePreviewAndCaptureFault (0.01s)
=== RUN   TestTerminalT04JoinPhaseRecovery
=== PAUSE TestTerminalT04JoinPhaseRecovery
=== RUN   TestTerminalT04StartupFailureAndConsumedReview
--- PASS: TestTerminalT04StartupFailureAndConsumedReview (0.01s)
=== RUN   TestTerminalT04IssuePagesAndPreviewFamily
--- PASS: TestTerminalT04IssuePagesAndPreviewFamily (0.01s)
=== RUN   TestTerminalT04ExpiredPreparedRequestRecovery
=== RUN   TestTerminalT04ExpiredPreparedRequestRecovery/false
=== RUN   TestTerminalT04ExpiredPreparedRequestRecovery/true
--- PASS: TestTerminalT04ExpiredPreparedRequestRecovery (0.04s)
    --- PASS: TestTerminalT04ExpiredPreparedRequestRecovery/false (0.02s)
    --- PASS: TestTerminalT04ExpiredPreparedRequestRecovery/true (0.02s)
=== CONT  TestTerminalT04TwoDeviceCLIInterruptedJoinAndEdits
=== CONT  TestTerminalT04DivergentBootstrapRemainsConflict
=== CONT  TestTerminalT04DelayedJoinRestartAndTransfer
=== CONT  TestTerminalT04JoinPhaseRecovery
=== RUN   TestTerminalT04JoinPhaseRecovery/request_prepared
=== PAUSE TestTerminalT04JoinPhaseRecovery/request_prepared
=== RUN   TestTerminalT04JoinPhaseRecovery/membership_received
=== PAUSE TestTerminalT04JoinPhaseRecovery/membership_received
=== RUN   TestTerminalT04JoinPhaseRecovery/content_pending
=== PAUSE TestTerminalT04JoinPhaseRecovery/content_pending
=== RUN   TestTerminalT04JoinPhaseRecovery/publishing
=== PAUSE TestTerminalT04JoinPhaseRecovery/publishing
=== CONT  TestTerminalT04JoinPhaseRecovery/request_prepared
=== CONT  TestTerminalT04JoinPhaseRecovery/content_pending
=== CONT  TestTerminalT04JoinPhaseRecovery/publishing
=== CONT  TestTerminalT04JoinPhaseRecovery/membership_received
--- PASS: TestTerminalT04DivergentBootstrapRemainsConflict (25.13s)
--- PASS: TestTerminalT04DelayedJoinRestartAndTransfer (25.13s)
--- PASS: TestTerminalT04JoinPhaseRecovery (0.00s)
    --- PASS: TestTerminalT04JoinPhaseRecovery/membership_received (25.13s)
    --- PASS: TestTerminalT04JoinPhaseRecovery/content_pending (25.13s)
    --- PASS: TestTerminalT04JoinPhaseRecovery/request_prepared (25.13s)
    --- PASS: TestTerminalT04JoinPhaseRecovery/publishing (25.14s)
--- PASS: TestTerminalT04TwoDeviceCLIInterruptedJoinAndEdits (29.41s)
PASS
ok  	github.com/calebhabesh/file-sync/tests/terminal	60.136s
