?   	github.com/calebhabesh/file-sync/internal/app	[no test files]
TestWANW02LegacyNetworkPolicyIsManualWithoutMigration
ok  	github.com/calebhabesh/file-sync/internal/config	0.001s
ok  	github.com/calebhabesh/file-sync/internal/control	0.003s
ok  	github.com/calebhabesh/file-sync/internal/control/terminalcontract	0.003s
?   	github.com/calebhabesh/file-sync/internal/controlclient	[no test files]
ok  	github.com/calebhabesh/file-sync/internal/history	0.002s
?   	github.com/calebhabesh/file-sync/internal/launcher	[no test files]
TestWANW02ManagerReuseScopeIdentityAndShutdown
TestWANW02GenerationMatchesIndependentModel
TestWANW02SlowPeerBoundsCancellationAndOtherProgress
TestWANW02PoolLRUAndManualCandidateBounds
TestWANW02ShutdownJoinsPendingDial
TestWANW02PurposePoolsAndDrainingGenerationBound
TestWANW02DialAdmissionSurvivesGenerationFlapping
TestWANW02OwnedSocketAdmissionAcrossPools
ok  	github.com/calebhabesh/file-sync/internal/network	0.004s
ok  	github.com/calebhabesh/file-sync/internal/protocol	0.003s
TestWANW02TwoWaySyncInterruptedChunkReuse
TestWANW02RoutedPeerWrongPinAndUnknownRequester
ok  	github.com/calebhabesh/file-sync/internal/replication	0.003s
ok  	github.com/calebhabesh/file-sync/internal/repository	0.004s
TestWANW02NetworkBackpressureUsesExistingRetryBudget
ok  	github.com/calebhabesh/file-sync/internal/scheduler	0.003s
ok  	github.com/calebhabesh/file-sync/internal/state	0.003s
ok  	github.com/calebhabesh/file-sync/internal/terminal	0.016s
ok  	github.com/calebhabesh/file-sync/internal/testkit	0.002s
ok  	github.com/calebhabesh/file-sync/internal/workspace	0.003s
ok  	github.com/calebhabesh/file-sync/model	0.002s
ok  	github.com/calebhabesh/file-sync/tests/designgates	0.002s
ok  	github.com/calebhabesh/file-sync/tests/faults	0.002s
ok  	github.com/calebhabesh/file-sync/tests/integration	0.002s
ok  	github.com/calebhabesh/file-sync/tests/terminal	0.002s
ok  	github.com/calebhabesh/file-sync/cmd/filesync	0.013s
