=== RUN   TestWANW02ManagerReuseScopeIdentityAndShutdown
--- PASS: TestWANW02ManagerReuseScopeIdentityAndShutdown (0.00s)
=== RUN   TestWANW02GenerationMatchesIndependentModel
--- PASS: TestWANW02GenerationMatchesIndependentModel (0.00s)
=== RUN   TestWANW02SlowPeerBoundsCancellationAndOtherProgress
--- PASS: TestWANW02SlowPeerBoundsCancellationAndOtherProgress (0.00s)
=== RUN   TestWANW02PoolLRUAndManualCandidateBounds
--- PASS: TestWANW02PoolLRUAndManualCandidateBounds (0.00s)
=== RUN   TestWANW02ShutdownJoinsPendingDial
--- PASS: TestWANW02ShutdownJoinsPendingDial (0.00s)
PASS
ok  	github.com/calebhabesh/file-sync/internal/network	0.010s
=== RUN   TestWANW02LegacyNetworkPolicyIsManualWithoutMigration
--- PASS: TestWANW02LegacyNetworkPolicyIsManualWithoutMigration (0.00s)
PASS
ok  	github.com/calebhabesh/file-sync/internal/config	0.001s
# github.com/calebhabesh/file-sync/internal/replication [github.com/calebhabesh/file-sync/internal/replication.test]
internal/replication/manager_test.go:143:86: undefined: fmtID
internal/replication/manager_test.go:143:111: unknown field FolderID in struct literal of type HelloRequest
FAIL	github.com/calebhabesh/file-sync/internal/replication [build failed]
=== RUN   TestWANW02NetworkBackpressureUsesExistingRetryBudget
--- PASS: TestWANW02NetworkBackpressureUsesExistingRetryBudget (0.00s)
PASS
ok  	github.com/calebhabesh/file-sync/internal/scheduler	0.001s
FAIL
