ok  	github.com/calebhabesh/file-sync/cmd/filesync	3.470s
?   	github.com/calebhabesh/file-sync/internal/app	[no test files]
ok  	github.com/calebhabesh/file-sync/internal/config	1.009s
ok  	github.com/calebhabesh/file-sync/internal/control	19.484s
ok  	github.com/calebhabesh/file-sync/internal/control/terminalcontract	1.038s
?   	github.com/calebhabesh/file-sync/internal/controlclient	[no test files]
ok  	github.com/calebhabesh/file-sync/internal/history	1.015s
?   	github.com/calebhabesh/file-sync/internal/launcher	[no test files]
ok  	github.com/calebhabesh/file-sync/internal/protocol	1.020s
ok  	github.com/calebhabesh/file-sync/internal/replication	69.490s
ok  	github.com/calebhabesh/file-sync/internal/repository	62.280s
ok  	github.com/calebhabesh/file-sync/internal/scheduler	13.506s
ok  	github.com/calebhabesh/file-sync/internal/state	1.021s
ok  	github.com/calebhabesh/file-sync/internal/terminal	1.309s
ok  	github.com/calebhabesh/file-sync/internal/testkit	1.016s
ok  	github.com/calebhabesh/file-sync/internal/workspace	18.872s
ok  	github.com/calebhabesh/file-sync/model	3.087s
?   	github.com/calebhabesh/file-sync/scripts	[no test files]
ok  	github.com/calebhabesh/file-sync/tests/designgates	1.689s
ok  	github.com/calebhabesh/file-sync/tests/faults	32.584s
ok  	github.com/calebhabesh/file-sync/tests/integration	113.805s
ok  	github.com/calebhabesh/file-sync/tests/terminal	339.571s
?   	github.com/calebhabesh/file-sync/web	[no test files]
