ok  	github.com/calebhabesh/file-sync/cmd/filesync	3.075s
?   	github.com/calebhabesh/file-sync/internal/app	[no test files]
ok  	github.com/calebhabesh/file-sync/internal/config	1.009s
ok  	github.com/calebhabesh/file-sync/internal/control	18.136s
ok  	github.com/calebhabesh/file-sync/internal/control/terminalcontract	1.033s
?   	github.com/calebhabesh/file-sync/internal/controlclient	[no test files]
ok  	github.com/calebhabesh/file-sync/internal/history	1.013s
?   	github.com/calebhabesh/file-sync/internal/launcher	[no test files]
ok  	github.com/calebhabesh/file-sync/internal/protocol	1.017s
ok  	github.com/calebhabesh/file-sync/internal/replication	67.442s
ok  	github.com/calebhabesh/file-sync/internal/repository	60.447s
ok  	github.com/calebhabesh/file-sync/internal/scheduler	12.807s
ok  	github.com/calebhabesh/file-sync/internal/state	1.019s
ok  	github.com/calebhabesh/file-sync/internal/terminal	1.211s
ok  	github.com/calebhabesh/file-sync/internal/testkit	1.014s
ok  	github.com/calebhabesh/file-sync/internal/workspace	17.453s
ok  	github.com/calebhabesh/file-sync/model	2.733s
?   	github.com/calebhabesh/file-sync/scripts	[no test files]
ok  	github.com/calebhabesh/file-sync/tests/designgates	1.660s
ok  	github.com/calebhabesh/file-sync/tests/faults	30.580s
ok  	github.com/calebhabesh/file-sync/tests/integration	112.000s
ok  	github.com/calebhabesh/file-sync/tests/terminal	377.018s
?   	github.com/calebhabesh/file-sync/web	[no test files]
