=== RUN   TestWANW12DoctorCancellationAndAdmission
--- PASS: TestWANW12DoctorCancellationAndAdmission (0.05s)
=== RUN   TestWANW12PassiveCandidateFreshness
--- PASS: TestWANW12PassiveCandidateFreshness (0.00s)
=== RUN   TestWANW12UDPProbeUsesActualSTUNResponse
    diagnostics_test.go:106: UDP response verified; no NAT classification inferred
--- PASS: TestWANW12UDPProbeUsesActualSTUNResponse (0.00s)
=== RUN   TestWANW12ProbeCodesDoNotLeakRawErrors
--- PASS: TestWANW12ProbeCodesDoNotLeakRawErrors (0.00s)
=== RUN   TestWANW12DoctorCancellationAndAdmission
--- PASS: TestWANW12DoctorCancellationAndAdmission (0.05s)
=== RUN   TestWANW12PassiveCandidateFreshness
--- PASS: TestWANW12PassiveCandidateFreshness (0.00s)
=== RUN   TestWANW12UDPProbeUsesActualSTUNResponse
    diagnostics_test.go:106: UDP response verified; no NAT classification inferred
--- PASS: TestWANW12UDPProbeUsesActualSTUNResponse (0.00s)
=== RUN   TestWANW12ProbeCodesDoNotLeakRawErrors
--- PASS: TestWANW12ProbeCodesDoNotLeakRawErrors (0.00s)
PASS
ok  	github.com/calebhabesh/file-sync/internal/network	1.114s
=== RUN   TestWANW12LocalOnlyDoctorIsPassiveAndTyped
--- PASS: TestWANW12LocalOnlyDoctorIsPassiveAndTyped (0.27s)
=== RUN   TestWANW12InternetDisableClosesBeforeCompletionAndRetainsIntent
    network_diagnostics_test.go:49: STALE_VIEW
--- FAIL: TestWANW12InternetDisableClosesBeforeCompletionAndRetainsIntent (0.27s)
=== RUN   TestWANW12RestartRequiredHasNextAction
--- PASS: TestWANW12RestartRequiredHasNextAction (0.26s)
=== RUN   TestWANW12LocalOnlyDoctorIsPassiveAndTyped
--- PASS: TestWANW12LocalOnlyDoctorIsPassiveAndTyped (0.27s)
=== RUN   TestWANW12InternetDisableClosesBeforeCompletionAndRetainsIntent
    network_diagnostics_test.go:49: STALE_VIEW
--- FAIL: TestWANW12InternetDisableClosesBeforeCompletionAndRetainsIntent (0.27s)
=== RUN   TestWANW12RestartRequiredHasNextAction
--- PASS: TestWANW12RestartRequiredHasNextAction (0.26s)
FAIL
FAIL	github.com/calebhabesh/file-sync/internal/control	1.609s
FAIL
