=== RUN   TestWANW12DoctorCancellationAndAdmission
--- PASS: TestWANW12DoctorCancellationAndAdmission (0.05s)
=== RUN   TestWANW12PassiveCandidateFreshness
--- PASS: TestWANW12PassiveCandidateFreshness (0.00s)
=== RUN   TestWANW12UDPProbeUsesActualSTUNResponse
    diagnostics_test.go:109: UDP response verified; no NAT classification inferred
--- PASS: TestWANW12UDPProbeUsesActualSTUNResponse (0.00s)
=== RUN   TestWANW12ProbeCodesDoNotLeakRawErrors
--- PASS: TestWANW12ProbeCodesDoNotLeakRawErrors (0.00s)
=== RUN   TestWANW12PinnedProbesNeverSendHTTPOrAlterObservedRoute
2026/10/06 13:54:44 http: TLS handshake error from 127.0.0.1:42680: remote error: tls: bad certificate
--- PASS: TestWANW12PinnedProbesNeverSendHTTPOrAlterObservedRoute (0.00s)
=== RUN   TestWANW08ScopedSignedDiscoveryAdmission
=== RUN   TestWANW08ScopedSignedDiscoveryAdmission/unknown
=== RUN   TestWANW08ScopedSignedDiscoveryAdmission/pin
=== RUN   TestWANW08ScopedSignedDiscoveryAdmission/signature
=== RUN   TestWANW08ScopedSignedDiscoveryAdmission/expired
=== RUN   TestWANW08ScopedSignedDiscoveryAdmission/generation
=== RUN   TestWANW08ScopedSignedDiscoveryAdmission/public
=== RUN   TestWANW08ScopedSignedDiscoveryAdmission/multicast
=== RUN   TestWANW08ScopedSignedDiscoveryAdmission/loopback
=== RUN   TestWANW08ScopedSignedDiscoveryAdmission/wrong-prefix
=== RUN   TestWANW08ScopedSignedDiscoveryAdmission/interface
=== RUN   TestWANW08ScopedSignedDiscoveryAdmission/source
=== RUN   TestWANW08ScopedSignedDiscoveryAdmission/oversized
=== RUN   TestWANW08ScopedSignedDiscoveryAdmission/unknown-field
--- PASS: TestWANW08ScopedSignedDiscoveryAdmission (0.00s)
    --- PASS: TestWANW08ScopedSignedDiscoveryAdmission/unknown (0.00s)
    --- PASS: TestWANW08ScopedSignedDiscoveryAdmission/pin (0.00s)
    --- PASS: TestWANW08ScopedSignedDiscoveryAdmission/signature (0.00s)
    --- PASS: TestWANW08ScopedSignedDiscoveryAdmission/expired (0.00s)
    --- PASS: TestWANW08ScopedSignedDiscoveryAdmission/generation (0.00s)
    --- PASS: TestWANW08ScopedSignedDiscoveryAdmission/public (0.00s)
    --- PASS: TestWANW08ScopedSignedDiscoveryAdmission/multicast (0.00s)
    --- PASS: TestWANW08ScopedSignedDiscoveryAdmission/loopback (0.00s)
    --- PASS: TestWANW08ScopedSignedDiscoveryAdmission/wrong-prefix (0.00s)
    --- PASS: TestWANW08ScopedSignedDiscoveryAdmission/interface (0.00s)
    --- PASS: TestWANW08ScopedSignedDiscoveryAdmission/source (0.00s)
    --- PASS: TestWANW08ScopedSignedDiscoveryAdmission/oversized (0.00s)
    --- PASS: TestWANW08ScopedSignedDiscoveryAdmission/unknown-field (0.00s)
=== RUN   TestWANW08PinnedFamilyRaceAndDirectoryIndependentPool
--- PASS: TestWANW08PinnedFamilyRaceAndDirectoryIndependentPool (0.20s)
=== RUN   TestWANW08WrongPinBlockedTCPFallsBackWithoutDisclosure
=== RUN   TestWANW08WrongPinBlockedTCPFallsBackWithoutDisclosure/wrong-pin
2026/10/06 13:54:44 http: TLS handshake error from 127.0.0.1:37342: remote error: tls: bad certificate
=== RUN   TestWANW08WrongPinBlockedTCPFallsBackWithoutDisclosure/blocked
=== RUN   TestWANW08WrongPinBlockedTCPFallsBackWithoutDisclosure/ipv6-unavailable
--- PASS: TestWANW08WrongPinBlockedTCPFallsBackWithoutDisclosure (0.76s)
    --- PASS: TestWANW08WrongPinBlockedTCPFallsBackWithoutDisclosure/wrong-pin (0.00s)
    --- PASS: TestWANW08WrongPinBlockedTCPFallsBackWithoutDisclosure/blocked (0.75s)
    --- PASS: TestWANW08WrongPinBlockedTCPFallsBackWithoutDisclosure/ipv6-unavailable (0.00s)
=== RUN   TestWANW08CandidateBoundsExpiryAndOptionalListener
--- PASS: TestWANW08CandidateBoundsExpiryAndOptionalListener (0.00s)
=== RUN   TestWANW08EmptyPublicLeaseDoesNotConsumeRepeatedLookupQuota
--- PASS: TestWANW08EmptyPublicLeaseDoesNotConsumeRepeatedLookupQuota (0.00s)
=== RUN   TestWANW08CancellationLimitsAndJoinedResources
    direct_test.go:368: peak blocked raw TCP dials=32; joined dials/requests/pools/sockets=0
--- PASS: TestWANW08CancellationLimitsAndJoinedResources (0.00s)
=== RUN   TestWANW08DatagramFloodFixedWorkersAndSocketCleanup
    direct_test.go:433: 1000 spoof/oversized datagrams; FD before/during/after=6/8/6, goroutines before/after=2/2, admitted identity callbacks=10, whole-process HeapAlloc before/during/after=1886272/2042952/2044000
--- PASS: TestWANW08DatagramFloodFixedWorkersAndSocketCleanup (0.10s)
=== RUN   TestWANW08OptionalIncomingSocketCeiling
    direct_test.go:497: 64 raw incoming sockets admitted; excess remains in kernel backlog; slots release on close
--- PASS: TestWANW08OptionalIncomingSocketCeiling (0.04s)
=== RUN   TestWANW08IndependentInterfaceLeasesAndAggregateCandidates
--- PASS: TestWANW08IndependentInterfaceLeasesAndAggregateCandidates (0.00s)
=== RUN   TestWANW10ICEHTTP3NATMatrix
=== RUN   TestWANW10ICEHTTP3NATMatrix/no_NAT
    ice_test.go:167: simulated topology: NAT=<nil> blocked-peer-UDP=false; STUN=11.1.1.1:3478; no host network mutations
2026/10/06 13:54:45 connection doesn't allow setting of receive buffer size. Not a *net.UDPConn?. See https://github.com/quic-go/quic-go/wiki/UDP-Buffer-Sizes for details.
=== RUN   TestWANW10ICEHTTP3NATMatrix/endpoint_independent
    ice_test.go:167: simulated topology: NAT=&{Mode:0 MappingBehavior:0 FilteringBehavior:0 Hairpinning:false PortPreservation:false MappingLifeTime:0s} blocked-peer-UDP=false; STUN=11.1.1.1:3478; no host network mutations
=== RUN   TestWANW10ICEHTTP3NATMatrix/address_dependent_filtering
    ice_test.go:167: simulated topology: NAT=&{Mode:0 MappingBehavior:0 FilteringBehavior:1 Hairpinning:false PortPreservation:false MappingLifeTime:0s} blocked-peer-UDP=false; STUN=11.1.1.1:3478; no host network mutations
=== RUN   TestWANW10ICEHTTP3NATMatrix/address_port_dependent_filtering
    ice_test.go:167: simulated topology: NAT=&{Mode:0 MappingBehavior:0 FilteringBehavior:2 Hairpinning:false PortPreservation:false MappingLifeTime:0s} blocked-peer-UDP=false; STUN=11.1.1.1:3478; no host network mutations
=== RUN   TestWANW10ICEHTTP3NATMatrix/incompatible_address_port_mappings
    ice_test.go:167: simulated topology: NAT=&{Mode:0 MappingBehavior:2 FilteringBehavior:2 Hairpinning:false PortPreservation:false MappingLifeTime:0s} blocked-peer-UDP=false; STUN=11.1.1.1:3478; no host network mutations
=== RUN   TestWANW10ICEHTTP3NATMatrix/blocked_peer_UDP
    ice_test.go:167: simulated topology: NAT=&{Mode:0 MappingBehavior:0 FilteringBehavior:0 Hairpinning:false PortPreservation:false MappingLifeTime:0s} blocked-peer-UDP=true; STUN=11.1.1.1:3478; no host network mutations
--- PASS: TestWANW10ICEHTTP3NATMatrix (12.75s)
    --- PASS: TestWANW10ICEHTTP3NATMatrix/no_NAT (0.02s)
    --- PASS: TestWANW10ICEHTTP3NATMatrix/endpoint_independent (1.07s)
    --- PASS: TestWANW10ICEHTTP3NATMatrix/address_dependent_filtering (1.03s)
    --- PASS: TestWANW10ICEHTTP3NATMatrix/address_port_dependent_filtering (0.63s)
    --- PASS: TestWANW10ICEHTTP3NATMatrix/incompatible_address_port_mappings (5.00s)
    --- PASS: TestWANW10ICEHTTP3NATMatrix/blocked_peer_UDP (5.00s)
=== RUN   TestWANW10ICEGatherCancellationAndCredentials
    ice_test.go:252: simulated topology: NAT=<nil> blocked-peer-UDP=false; STUN=11.1.1.1:3478; no host network mutations
--- PASS: TestWANW10ICEGatherCancellationAndCredentials (0.00s)
=== RUN   TestWANW10ICESocketAndSessionAdmission
--- PASS: TestWANW10ICESocketAndSessionAdmission (0.00s)
=== RUN   TestWANW10IncompatibleDoubleNAT
    ice_test.go:331: simulated topology: NAT=&{Mode:0 MappingBehavior:2 FilteringBehavior:2 Hairpinning:false PortPreservation:false MappingLifeTime:0s} blocked-peer-UDP=false; STUN=11.1.1.1:3478; no host network mutations
    ice_test.go:333: two NAT layers per endpoint: inner endpoint-independent; outer address/port-dependent mapping/filtering; bounded check failure
--- PASS: TestWANW10IncompatibleDoubleNAT (5.00s)
=== RUN   TestWANW10ICESlowStreamCancellation
    ice_test.go:337: simulated topology: NAT=&{Mode:0 MappingBehavior:0 FilteringBehavior:0 Hairpinning:false PortPreservation:false MappingLifeTime:0s} blocked-peer-UDP=false; STUN=11.1.1.1:3478; no host network mutations
    ice_test.go:392: offered 32 MiB; sent before cancellation 65536 bytes; fixed 32 KiB write buffer and unchanged HTTP3 receive windows
--- PASS: TestWANW10ICESlowStreamCancellation (1.21s)
=== RUN   TestWANW10SharedQUICAdmission
--- PASS: TestWANW10SharedQUICAdmission (0.06s)
=== RUN   TestWANW02ManagerReuseScopeIdentityAndShutdown
--- PASS: TestWANW02ManagerReuseScopeIdentityAndShutdown (0.00s)
=== RUN   TestWANW02GenerationMatchesIndependentModel
--- PASS: TestWANW02GenerationMatchesIndependentModel (0.00s)
=== RUN   TestWANW02SlowPeerBoundsCancellationAndOtherProgress
--- PASS: TestWANW02SlowPeerBoundsCancellationAndOtherProgress (0.01s)
=== RUN   TestWANW02PoolLRUAndManualCandidateBounds
--- PASS: TestWANW02PoolLRUAndManualCandidateBounds (0.15s)
=== RUN   TestWANW02ShutdownJoinsPendingDial
--- PASS: TestWANW02ShutdownJoinsPendingDial (0.00s)
=== RUN   TestWANW02PurposePoolsAndDrainingGenerationBound
--- PASS: TestWANW02PurposePoolsAndDrainingGenerationBound (0.00s)
=== RUN   TestWANW02DialAdmissionSurvivesGenerationFlapping
--- PASS: TestWANW02DialAdmissionSurvivesGenerationFlapping (0.00s)
=== RUN   TestWANW02OwnedSocketAdmissionAcrossPools
--- PASS: TestWANW02OwnedSocketAdmissionAcrossPools (0.00s)
=== RUN   TestWANW09PacketBoundariesMTUAddressesAndPairChange
--- PASS: TestWANW09PacketBoundariesMTUAddressesAndPairChange (0.00s)
=== RUN   TestWANW09PacketDeadlineCancelClose
--- PASS: TestWANW09PacketDeadlineCancelClose (0.02s)
=== RUN   TestWANW09HTTP3HeaderAndBodyDeadlines
    quic_test.go:92: actual header and body bounds 5s 15s
--- PASS: TestWANW09HTTP3HeaderAndBodyDeadlines (20.02s)
=== RUN   TestWANW09HTTP3StreamingMemoryCancelAndJoinedClose
    quic_test.go:149: 32-MiB offered; sent before cancel=170846; heap before/during=1451312/2454760; goroutines=5
--- PASS: TestWANW09HTTP3StreamingMemoryCancelAndJoinedClose (0.10s)
=== RUN   TestWANW09OptionalUDPDisabledAndCollision
--- PASS: TestWANW09OptionalUDPDisabledAndCollision (0.00s)
=== RUN   TestWANW09QUICAdmissionAndALPN
    quic_test.go:227: incoming cap=32; goroutines before/after=2/3
--- PASS: TestWANW09QUICAdmissionAndALPN (0.06s)
=== RUN   TestWANW09HTTP3ResponseHeaderAndWriteBounds
    quic_test.go:287: 16-KiB response header refusal; actual 15-second response-header and 30-second response-write deadlines 30.014145903s
--- PASS: TestWANW09HTTP3ResponseHeaderAndWriteBounds (45.03s)
=== RUN   TestWANW04ManagerRetiresPooledRelayBeforeNewRequest
--- PASS: TestWANW04ManagerRetiresPooledRelayBeforeNewRequest (0.00s)
=== RUN   TestWANW04ManagerRelayIsolationAndPendingCancel
--- PASS: TestWANW04ManagerRelayIsolationAndPendingCancel (0.00s)
=== RUN   TestWANW11CompetingPeersSlowDNSRelayAndCancellation
=== RUN   TestWANW11CompetingPeersSlowDNSRelayAndCancellation/dns
    roaming_competition_test.go:97: 32 competing peers phase=dns DNS peak=4 relay attempts peak=16; joined cancellation=627.439µs; active requests/pools/dials/resolvers/relay=0
=== RUN   TestWANW11CompetingPeersSlowDNSRelayAndCancellation/relay
    roaming_competition_test.go:97: 32 competing peers phase=relay DNS peak=0 relay attempts peak=26; joined cancellation=84.08µs; active requests/pools/dials/resolvers/relay=0
--- PASS: TestWANW11CompetingPeersSlowDNSRelayAndCancellation (0.00s)
    --- PASS: TestWANW11CompetingPeersSlowDNSRelayAndCancellation/dns (0.00s)
    --- PASS: TestWANW11CompetingPeersSlowDNSRelayAndCancellation/relay (0.00s)
=== RUN   TestWANW11IsolatedAddressDefaultRouteDetection
    roaming_namespace_test.go:20: requires marked disposable namespace runner
--- SKIP: TestWANW11IsolatedAddressDefaultRouteDetection (0.00s)
=== RUN   TestWANW11RelayDirectReprobeAndGenerationDrain
    roaming_test.go:97: authenticated relay/direct/relay routing used real TLS/HTTP; addresses/dial outcome and time were injected
--- PASS: TestWANW11RelayDirectReprobeAndGenerationDrain (0.00s)
=== RUN   TestWANW11LateLookupCannotPublishIntoNewGeneration
--- PASS: TestWANW11LateLookupCannotPublishIntoNewGeneration (0.00s)
=== RUN   TestWANW11FailedICERetryIsTimedAndQuotaQuietPeriodDoesNotSlide
--- PASS: TestWANW11FailedICERetryIsTimedAndQuotaQuietPeriodDoesNotSlide (0.00s)
=== RUN   TestWANW11NetworkWatcherCoalescesAndJoins
--- PASS: TestWANW11NetworkWatcherCoalescesAndJoins (0.03s)
=== RUN   TestWANW11ColdRaceRetainsQuotaAfterCanceledICEWaiter
--- PASS: TestWANW11ColdRaceRetainsQuotaAfterCanceledICEWaiter (0.75s)
=== RUN   TestWANW11ResponderQuotaRetryIsBoundedAndKeepsSession
--- PASS: TestWANW11ResponderQuotaRetryIsBoundedAndKeepsSession (5.01s)
=== RUN   TestWANW11DirectCooldownGrowsAndFreshNetworkClearsIt
--- PASS: TestWANW11DirectCooldownGrowsAndFreshNetworkClearsIt (0.00s)
=== RUN   TestWANW11RepeatedFlappingBoundsBusyGenerations
    roaming_test.go:360: 200 reordered generations across eight pinned TCP targets retained exactly two pools/requests per target; body drain pruned all old work
--- PASS: TestWANW11RepeatedFlappingBoundsBusyGenerations (0.02s)
=== RUN   TestWANW11FreshLookupRevalidatesUnchangedRemoteLeaseAfterRoam
--- PASS: TestWANW11FreshLookupRevalidatesUnchangedRemoteLeaseAfterRoam (0.00s)
=== RUN   TestWANW11CandidateArrivalInvalidatesEarlyEmptyProbe
--- PASS: TestWANW11CandidateArrivalInvalidatesEarlyEmptyProbe (0.00s)
=== RUN   TestWANW11SlowLookupAndRelayShutdownJoin
=== RUN   TestWANW11SlowLookupAndRelayShutdownJoin/lookup
=== RUN   TestWANW11SlowLookupAndRelayShutdownJoin/relay
--- PASS: TestWANW11SlowLookupAndRelayShutdownJoin (0.75s)
    --- PASS: TestWANW11SlowLookupAndRelayShutdownJoin/lookup (0.00s)
    --- PASS: TestWANW11SlowLookupAndRelayShutdownJoin/relay (0.75s)
=== RUN   TestWANW03DNSAllAnswersAndRebinding
--- PASS: TestWANW03DNSAllAnswersAndRebinding (0.00s)
=== RUN   TestWANW03CanceledResolverFloodIsBounded
    service_client_test.go:144: 1,000 canceled callers: resolver peak=4; after close active=0 sockets=0
--- PASS: TestWANW03CanceledResolverFloodIsBounded (0.05s)
=== RUN   TestWANW03PrivacyPolicyHasNoServiceTraffic
--- PASS: TestWANW03PrivacyPolicyHasNoServiceTraffic (0.00s)
=== RUN   TestWANW03LookupRejectsSubstitution
--- PASS: TestWANW03LookupRejectsSubstitution (0.00s)
=== RUN   TestWANW01StreamBoundsAndDeadlines
--- PASS: TestWANW01StreamBoundsAndDeadlines (0.00s)
=== RUN   TestWANW01StreamInvalidFrames
=== RUN   TestWANW01StreamInvalidFrames/maximum
=== RUN   TestWANW01StreamInvalidFrames/one-over
=== RUN   TestWANW01StreamInvalidFrames/text
--- PASS: TestWANW01StreamInvalidFrames (0.00s)
    --- PASS: TestWANW01StreamInvalidFrames/maximum (0.00s)
    --- PASS: TestWANW01StreamInvalidFrames/one-over (0.00s)
    --- PASS: TestWANW01StreamInvalidFrames/text (0.00s)
=== RUN   TestWANW01WSSSlowReceiverCancellation
    stream_test.go:116: slow receiver blocked after 103 bounded frames; cancellation joined writer
--- PASS: TestWANW01WSSSlowReceiverCancellation (0.10s)
=== RUN   TestWANW01ForwardBackpressureCleanup
--- PASS: TestWANW01ForwardBackpressureCleanup (0.03s)
=== RUN   TestWANW01ListenerCancel
--- PASS: TestWANW01ListenerCancel (0.00s)
=== RUN   TestWANW01BrokerBrowserOrigin
--- PASS: TestWANW01BrokerBrowserOrigin (0.00s)
=== RUN   TestWANW11ReviewedTimingControlsRuntimeDeadlines
--- PASS: TestWANW11ReviewedTimingControlsRuntimeDeadlines (0.25s)
=== RUN   TestWANW01TransportTrustAndPlaintext
--- PASS: TestWANW01TransportTrustAndPlaintext (0.00s)
PASS
ok  	github.com/calebhabesh/file-sync/internal/network	92.597s
=== RUN   TestResolveSelect
--- PASS: TestResolveSelect (0.01s)
=== RUN   TestResolveSelectResponseLossAndReplay
--- PASS: TestResolveSelectResponseLossAndReplay (0.01s)
=== RUN   TestResolveSelectReusedKeyWithChangedArguments
--- PASS: TestResolveSelectReusedKeyWithChangedArguments (0.01s)
=== RUN   TestResolveSelectStaleViewPreCommit
--- PASS: TestResolveSelectStaleViewPreCommit (0.02s)
=== RUN   TestResolveSelectUnseenVersionRemainsConcurrent
--- PASS: TestResolveSelectUnseenVersionRemainsConcurrent (0.02s)
=== RUN   TestResolveManualMerge
--- PASS: TestResolveManualMerge (0.02s)
=== RUN   TestRestoreHistoricalVersion
--- PASS: TestRestoreHistoricalVersion (0.02s)
=== RUN   TestRestoreExecutableStatusFollowsSelectedVersion
--- PASS: TestRestoreExecutableStatusFollowsSelectedVersion (0.01s)
=== RUN   TestRestoreExpiredPayloadReturnsContentExpired
--- PASS: TestRestoreExpiredPayloadReturnsContentExpired (0.01s)
=== RUN   TestKeepCopiesDestinationCollisionPreservesFiles
--- PASS: TestKeepCopiesDestinationCollisionPreservesFiles (0.01s)
=== RUN   TestKeepCopiesPartialResumptionNoDuplicateCopies
--- PASS: TestKeepCopiesPartialResumptionNoDuplicateCopies (0.01s)
=== RUN   TestExport
--- PASS: TestExport (0.01s)
=== RUN   TestHistoryAvailability
--- PASS: TestHistoryAvailability (0.01s)
=== RUN   TestMembershipExportImportPreview
--- PASS: TestMembershipExportImportPreview (0.01s)
=== RUN   TestRetireMemberPreviewAndExecute
--- PASS: TestRetireMemberPreviewAndExecute (0.01s)
=== RUN   TestEnrollPreviewAndBootstrap
--- PASS: TestEnrollPreviewAndBootstrap (0.01s)
=== RUN   TestStorageControlOperations
--- PASS: TestStorageControlOperations (0.01s)
=== RUN   TestStorageCheckAndRepairControlOperations
--- PASS: TestStorageCheckAndRepairControlOperations (0.01s)
=== RUN   TestDoctorDiagnostics
--- PASS: TestDoctorDiagnostics (0.02s)
=== RUN   TestAllFifteenStableErrorCategories
--- PASS: TestAllFifteenStableErrorCategories (0.00s)
=== RUN   TestOrbitMutationControl
--- PASS: TestOrbitMutationControl (0.02s)
=== RUN   TestRecoveryInspectionUsesOwnedDatabaseAndReportsMismatch
--- PASS: TestRecoveryInspectionUsesOwnedDatabaseAndReportsMismatch (0.01s)
=== RUN   TestFolderManagementAndUnregisterEmitsZeroDeletes
--- PASS: TestFolderManagementAndUnregisterEmitsZeroDeletes (0.01s)
=== RUN   TestMaintenanceOperations
--- PASS: TestMaintenanceOperations (0.02s)
=== RUN   TestServerSecurityAndBootstrapFlow
--- PASS: TestServerSecurityAndBootstrapFlow (0.02s)
=== RUN   TestWANW12SupportRedactsNestedErrorsAndCredentials
--- PASS: TestWANW12SupportRedactsNestedErrorsAndCredentials (0.02s)
=== RUN   TestSupportExport
--- PASS: TestSupportExport (0.02s)
=== RUN   TestWANW11PreparedEnrollmentRetryRetainsOriginalExpiry
--- PASS: TestWANW11PreparedEnrollmentRetryRetainsOriginalExpiry (0.00s)
=== RUN   TestWorkControlOperations
--- PASS: TestWorkControlOperations (0.01s)
=== RUN   TestWANW12LocalOnlyDoctorIsPassiveAndTyped
--- PASS: TestWANW12LocalOnlyDoctorIsPassiveAndTyped (0.01s)
=== RUN   TestWANW12InternetDisableClosesBeforeCompletionAndRetainsIntent
--- PASS: TestWANW12InternetDisableClosesBeforeCompletionAndRetainsIntent (0.01s)
=== RUN   TestWANW12RestartRequiredHasNextAction
--- PASS: TestWANW12RestartRequiredHasNextAction (0.01s)
=== RUN   TestWANW11TimingReviewIsExactDurableAndRestartRequired
--- PASS: TestWANW11TimingReviewIsExactDurableAndRestartRequired (0.01s)
=== RUN   TestOrbitSettings_Control_SettingsOperations
--- PASS: TestOrbitSettings_Control_SettingsOperations (0.01s)
=== RUN   TestOrbitSettings_Control_PeerEndpointsOperations
--- PASS: TestOrbitSettings_Control_PeerEndpointsOperations (0.01s)
=== RUN   TestOrbitSettings_Control_SetupOperations
--- PASS: TestOrbitSettings_Control_SetupOperations (0.01s)
=== RUN   TestOrbitSettings_Control_InvitationsAndEnrollment
--- PASS: TestOrbitSettings_Control_InvitationsAndEnrollment (0.01s)
=== RUN   TestOrbitSettings_Control_ReadLeasesAndGCProtection
--- PASS: TestOrbitSettings_Control_ReadLeasesAndGCProtection (0.01s)
=== RUN   TestOrbitSettings_Control_HTTP_EndpointsAndRecoverySafety
--- PASS: TestOrbitSettings_Control_HTTP_EndpointsAndRecoverySafety (0.01s)
=== RUN   TestOrbitShell_DeletedFiles_HTTP
--- PASS: TestOrbitShell_DeletedFiles_HTTP (0.01s)
=== RUN   TestOrbitEndpoints_ControlUnit
--- PASS: TestOrbitEndpoints_ControlUnit (0.01s)
=== RUN   TestOrbitSetup_InspectSetup
--- PASS: TestOrbitSetup_InspectSetup (0.01s)
=== RUN   TestOrbitSetup_PreviewCreateAndJoinRoot
--- PASS: TestOrbitSetup_PreviewCreateAndJoinRoot (0.01s)
=== RUN   TestOrbitSetup_StartAndResumeSetup_PreservesPreexistingFiles
--- PASS: TestOrbitSetup_StartAndResumeSetup_PreservesPreexistingFiles (0.01s)
=== RUN   TestOrbitSetup_DirectoryPicker
--- PASS: TestOrbitSetup_DirectoryPicker (0.01s)
=== RUN   TestOrbitSetup_OpenLocalFolder
--- PASS: TestOrbitSetup_OpenLocalFolder (0.01s)
=== RUN   TestOrbitSetup_InterruptedSetupResume
--- PASS: TestOrbitSetup_InterruptedSetupResume (0.01s)
=== RUN   TestTerminalContext_NoFolders
--- PASS: TestTerminalContext_NoFolders (0.01s)
=== RUN   TestTerminalContext_ExplicitFolderAndName
--- PASS: TestTerminalContext_ExplicitFolderAndName (0.01s)
=== RUN   TestTerminalContext_DuplicateNames
--- PASS: TestTerminalContext_DuplicateNames (0.01s)
=== RUN   TestTerminalContext_CwdInference
--- PASS: TestTerminalContext_CwdInference (0.01s)
=== RUN   TestTerminalContext_PathValidationAndSymlink
--- PASS: TestTerminalContext_PathValidationAndSymlink (0.01s)
=== RUN   TestTerminalFoldersAndDevices
--- PASS: TestTerminalFoldersAndDevices (0.01s)
=== RUN   TestWANW06PolicyReviewReplayAndStaleness
--- PASS: TestWANW06PolicyReviewReplayAndStaleness (0.01s)
=== RUN   TestWANW06AcceptedPolicyRecoversBeforeActivation
--- PASS: TestWANW06AcceptedPolicyRecoversBeforeActivation (0.01s)
PASS
ok  	github.com/calebhabesh/file-sync/internal/control	0.586s
=== RUN   TestTerminalT09FocusedInputAndKeyboard
--- PASS: TestTerminalT09FocusedInputAndKeyboard (0.00s)
=== RUN   TestTerminalT09CorrelatedCancellationAndBoundedPolling
--- PASS: TestTerminalT09CorrelatedCancellationAndBoundedPolling (0.00s)
=== RUN   TestTerminalT09RefreshPreservesSelectionAndDraft
--- PASS: TestTerminalT09RefreshPreservesSelectionAndDraft (0.00s)
=== RUN   TestTerminalT09UnicodeEscapingAndLayout
--- PASS: TestTerminalT09UnicodeEscapingAndLayout (0.00s)
=== RUN   TestTerminalT09ToolAdapterAndNonTTY
--- PASS: TestTerminalT09ToolAdapterAndNonTTY (0.00s)
=== RUN   TestTerminalT13PendingContentUsesTickAndExactExplicitRetry
--- PASS: TestTerminalT13PendingContentUsesTickAndExactExplicitRetry (0.00s)
=== RUN   TestTerminalT11FrozenReviewAndExactRetry
--- PASS: TestTerminalT11FrozenReviewAndExactRetry (0.00s)
=== RUN   TestTerminalT11PathDraftPollingAndSelection
--- PASS: TestTerminalT11PathDraftPollingAndSelection (0.00s)
=== RUN   TestTerminalT11UnavailableContentAndNarrowHelp
--- PASS: TestTerminalT11UnavailableContentAndNarrowHelp (0.00s)
=== RUN   TestTerminalT11QualifiedObservationsAndPartialEffects
--- PASS: TestTerminalT11QualifiedObservationsAndPartialEffects (0.00s)
=== RUN   TestTerminalT10FormKeyboardReviewAndErrors
--- PASS: TestTerminalT10FormKeyboardReviewAndErrors (0.00s)
=== RUN   TestTerminalT10ExactApprovalAndScopedSharing
--- PASS: TestTerminalT10ExactApprovalAndScopedSharing (0.00s)
=== RUN   TestTerminalT10LateRepliesAndResumeReadiness
--- PASS: TestTerminalT10LateRepliesAndResumeReadiness (0.00s)
=== RUN   TestTerminalT10WrappedInvitationPaste
--- PASS: TestTerminalT10WrappedInvitationPaste (0.00s)
=== RUN   TestTerminalT10PrivateNarrowViewsAndErrorActions
--- PASS: TestTerminalT10PrivateNarrowViewsAndErrorActions (0.00s)
=== RUN   TestWANW07ReviewedPrivacyAndAdvancedFocus
--- PASS: TestWANW07ReviewedPrivacyAndAdvancedFocus (0.00s)
=== RUN   TestWANW07ExistingPolicyAndExactJoinRetry
--- PASS: TestWANW07ExistingPolicyAndExactJoinRetry (0.00s)
=== RUN   TestWANW07PollingPreservesSelectionAndLateContexts
--- PASS: TestWANW07PollingPreservesSelectionAndLateContexts (0.00s)
=== RUN   TestWANW07ObservedRelaySeparateFromReadiness
--- PASS: TestWANW07ObservedRelaySeparateFromReadiness (0.00s)
=== RUN   TestWANW07ExpiredV3PasteRetainsInput
--- PASS: TestWANW07ExpiredV3PasteRetainsInput (0.00s)
PASS
ok  	github.com/calebhabesh/file-sync/internal/terminal	0.019s
?   	github.com/calebhabesh/file-sync/internal/controlclient	[no test files]
=== RUN   TestOrbitBrowse_CLIStoppedAndLiveParity
--- PASS: TestOrbitBrowse_CLIStoppedAndLiveParity (0.02s)
=== RUN   TestRelocationCLIStoppedAndLive
--- PASS: TestRelocationCLIStoppedAndLive (0.01s)
=== RUN   TestTerminalT02RuntimeCLIReviewedReplay
--- PASS: TestTerminalT02RuntimeCLIReviewedReplay (0.01s)
=== RUN   TestWANW11SetupWaitRetriesReadOnlyTimeoutWithSameOperation
--- PASS: TestWANW11SetupWaitRetriesReadOnlyTimeoutWithSameOperation (0.50s)
=== RUN   TestWANW11SetupWaitDoesNotExtendDeadlineOrRetryRefusal
--- PASS: TestWANW11SetupWaitDoesNotExtendDeadlineOrRetryRefusal (0.60s)
PASS
ok  	github.com/calebhabesh/file-sync/cmd/filesync	1.160s
