=== RUN   TestW16AlertDownFiresAfterConsecutiveFailuresAndRecovers
--- PASS: TestW16AlertDownFiresAfterConsecutiveFailuresAndRecovers (0.00s)
=== RUN   TestW16AlertExpiryThresholdsUseNewestEpoch
--- PASS: TestW16AlertExpiryThresholdsUseNewestEpoch (0.00s)
=== RUN   TestW16AlertReloadRejectedLatchesUntilSuccessfulReload
--- PASS: TestW16AlertReloadRejectedLatchesUntilSuccessfulReload (0.00s)
=== RUN   TestW16AlertSustainedConditionsNeedTenMinutes
--- PASS: TestW16AlertSustainedConditionsNeedTenMinutes (0.01s)
=== RUN   TestW16AlertCommandDeliversAndRetriesFailedNotifications
--- PASS: TestW16AlertCommandDeliversAndRetriesFailedNotifications (0.00s)
=== RUN   TestW13OfflineAuthorityRestoreVerification
--- PASS: TestW13OfflineAuthorityRestoreVerification (0.00s)
=== RUN   TestW13OperatorToolingRefusesUnsafeProfiles
--- PASS: TestW13OperatorToolingRefusesUnsafeProfiles (0.01s)
=== RUN   TestW13ServeCheckValidatesOperatorInputs
--- PASS: TestW13ServeCheckValidatesOperatorInputs (0.02s)
=== RUN   TestW13MetricsAreSanitized
--- PASS: TestW13MetricsAreSanitized (0.00s)
PASS
ok  	github.com/calebhabesh/file-sync/cmd/orbit-net	1.049s
exit=0
