CGO_ENABLED=0 go build  -trimpath -ldflags '-X main.version=1.0.0 -X main.commit=e13e53a -X main.date=2026-10-01' -o bin/filesync ./cmd/filesync
CGO_ENABLED=0 GOOS=linux GOARCH=arm64 go build  -trimpath -ldflags '-X main.version=1.0.0 -X main.commit=e13e53a -X main.date=2026-10-01' -o bin/filesync-linux-arm64 ./cmd/filesync
go run ./scripts/build_packages.go
Building binary for linux/amd64 -> /tmp/filesync-reproduction-rrn4odw3/checkout/bin/filesync
Building binary for linux/arm64 -> /tmp/filesync-reproduction-rrn4odw3/checkout/bin/filesync-linux-arm64
Generating filesync-v1.0.0-linux-amd64.tar.gz...
Generating filesync_1.0.0_amd64.deb...
Generating filesync-1.0.0-1.x86_64.rpm...
Generating filesync-v1.0.0-linux-arm64.tar.gz...
Generating filesync_1.0.0_arm64.deb...
Generating filesync-1.0.0-1.aarch64.rpm...
Generating SHA256SUMS...
Release packaging complete! Generated artifacts:
  - filesync-v1.0.0-linux-amd64.tar.gz (12327160 bytes)
  - filesync_1.0.0_amd64.deb (12323880 bytes)
  - filesync-1.0.0-1.x86_64.rpm (12326105 bytes)
  - filesync-v1.0.0-linux-arm64.tar.gz (11596626 bytes)
  - filesync_1.0.0_arm64.deb (11593338 bytes)
  - filesync-1.0.0-1.aarch64.rpm (11593290 bytes)
  - SHA256SUMS
