?   	github.com/calebhabesh/file-sync/internal/app	[no test files]
ok  	github.com/calebhabesh/file-sync/internal/config	0.001s
ok  	github.com/calebhabesh/file-sync/internal/control	0.004s
TestWANW01NetworkControlContracts
ok  	github.com/calebhabesh/file-sync/internal/control/terminalcontract	0.003s
?   	github.com/calebhabesh/file-sync/internal/controlclient	[no test files]
ok  	github.com/calebhabesh/file-sync/internal/history	0.002s
?   	github.com/calebhabesh/file-sync/internal/launcher	[no test files]
TestWANW01StreamBoundsAndDeadlines
TestWANW01StreamInvalidFrames
TestWANW01WSSSlowReceiverCancellation
TestWANW01ForwardBackpressureCleanup
TestWANW01ListenerCancel
TestWANW01BrokerBrowserOrigin
TestWANW01TransportTrustAndPlaintext
ok  	github.com/calebhabesh/file-sync/internal/network	0.004s
TestWANW01CanonicalGoldens
TestWANW01StrictNetworkCodec
TestWANW01MaximumMessages
TestWANW01ProofSubstitution
TestWANW01URLScope
TestWANW01RoutedBindingsAndV2Coexistence
TestWANW01ProfileAuthorityExpiryAndRotation
TestWANW01OfferMaximum
TestWANW01CertificateMaximum
TestWANW01CrossEnvelopeBindings
TestWANW01InvitationSizeBound
TestWANW01MaximumGoldenAndOneOver
ok  	github.com/calebhabesh/file-sync/internal/protocol	0.003s
TestWANW01PinnedTransport
TestWANW01WrongPinAndIsolation
TestWANW01EnrollmentHandlerThroughRelay
TestWANW01V3EnrollmentTransportAndMembership
TestWANW01TransportCancellationRedirectAndBinding
ok  	github.com/calebhabesh/file-sync/internal/replication	0.004s
ok  	github.com/calebhabesh/file-sync/internal/repository	0.003s
ok  	github.com/calebhabesh/file-sync/internal/scheduler	0.003s
ok  	github.com/calebhabesh/file-sync/internal/state	0.003s
ok  	github.com/calebhabesh/file-sync/internal/terminal	0.016s
ok  	github.com/calebhabesh/file-sync/internal/testkit	0.003s
ok  	github.com/calebhabesh/file-sync/internal/workspace	0.003s
TestWANW01AdmissionReplayIdentityAndRestart
TestWANW01AdmissionCapacity
TestWANW01EnrollmentExactApproval
TestWANW01ConnectionGenerationAndBounds
TestWANW01ReplayCapacityCannotEvictLiveProtection
ok  	github.com/calebhabesh/file-sync/model	0.003s
ok  	github.com/calebhabesh/file-sync/tests/designgates	0.003s
ok  	github.com/calebhabesh/file-sync/tests/faults	0.002s
ok  	github.com/calebhabesh/file-sync/tests/integration	0.002s
ok  	github.com/calebhabesh/file-sync/tests/terminal	0.002s
ok  	github.com/calebhabesh/file-sync/cmd/filesync	0.012s
