TestWANW01StreamBoundsAndDeadlines
TestWANW01StreamInvalidFrames
TestWANW01WSSSlowReceiverCancellation
TestWANW01ForwardBackpressureCleanup
TestWANW01ListenerCancel
TestWANW01BrokerBrowserOrigin
TestWANW01TransportTrustAndPlaintext
ok  	github.com/calebhabesh/file-sync/internal/network	0.002s
TestWANW01CanonicalGoldens
TestWANW01StrictNetworkCodec
TestWANW01MaximumMessages
TestWANW01ProofSubstitution
TestWANW01URLScope
TestWANW01RoutedBindingsAndV2Coexistence
TestWANW01ProfileAuthorityExpiryAndRotation
TestWANW01OfferMaximum
TestWANW01CertificateMaximum
TestWANW01CrossEnvelopeBindings
TestWANW01InvitationSizeBound
TestWANW01MaximumGoldenAndOneOver
TestWANW01IntentGoldenAndFreshChallenge
ok  	github.com/calebhabesh/file-sync/internal/protocol	0.001s
TestWANW01PinnedTransport
TestWANW01WrongPinAndIsolation
TestWANW01EnrollmentHandlerThroughRelay
TestWANW01V3EnrollmentTransportAndMembership
TestWANW01TransportCancellationRedirectAndBinding
ok  	github.com/calebhabesh/file-sync/internal/replication	0.002s
TestWANW01NetworkControlContracts
ok  	github.com/calebhabesh/file-sync/internal/control/terminalcontract	0.002s
TestWANW01AdmissionReplayIdentityAndRestart
TestWANW01AdmissionCapacity
TestWANW01EnrollmentExactApproval
TestWANW01ConnectionGenerationAndBounds
TestWANW01ReplayCapacityCannotEvictLiveProtection
TestWANW01AttachmentExpiryIsNotTunnelExpiry
ok  	github.com/calebhabesh/file-sync/model	0.001s
